Traceback (most recent call last):
  File "/project/lgagliardi/tuy/qchem/las-uscc-noci/working/stilbene-triplet/shreyas/tripinp.py", line 23, in <module>
    with open("../stil-90.xyz", "r") as f:
FileNotFoundError: [Errno 2] No such file or directory: '../stil-90.xyz'
Command exited with non-zero status 1
	Command being timed: "python tripinp.py"
	User time (seconds): 3.54
	System time (seconds): 0.11
	Percent of CPU this job got: 194%
	Elapsed (wall clock) time (h:mm:ss or m:ss): 0:01.87
	Average shared text size (kbytes): 0
	Average unshared data size (kbytes): 0
	Average stack size (kbytes): 0
	Average total size (kbytes): 0
	Maximum resident set size (kbytes): 107296
	Average resident set size (kbytes): 0
	Major (requiring I/O) page faults: 0
	Minor (reclaiming a frame) page faults: 26364
	Voluntary context switches: 1442
	Involuntary context switches: 37
	Swaps: 0
	File system inputs: 32
	File system outputs: 8
	Socket messages sent: 0
	Socket messages received: 0
	Signals delivered: 0
	Page size (bytes): 4096
	Exit status: 1
