Traceback (most recent call last):
  File "/project/lgagliardi/tuy/qchem/las-uscc-noci/working/stilbene-triplet/shreyas/tripinp.py", line 14, in <module>
    from mrh.my_pyscf.mcscf import fake_rdms
ImportError: cannot import name 'fake_rdms' from 'mrh.my_pyscf.mcscf' (/home/tuy/repo/mrh/my_pyscf/mcscf/__init__.py)
Command exited with non-zero status 1
	Command being timed: "python tripinp.py"
	User time (seconds): 4.33
	System time (seconds): 0.13
	Percent of CPU this job got: 5%
	Elapsed (wall clock) time (h:mm:ss or m:ss): 1:25.47
	Average shared text size (kbytes): 0
	Average unshared data size (kbytes): 0
	Average stack size (kbytes): 0
	Average total size (kbytes): 0
	Maximum resident set size (kbytes): 105996
	Average resident set size (kbytes): 0
	Major (requiring I/O) page faults: 0
	Minor (reclaiming a frame) page faults: 27592
	Voluntary context switches: 1874
	Involuntary context switches: 42
	Swaps: 0
	File system inputs: 0
	File system outputs: 8
	Socket messages sent: 0
	Socket messages received: 0
	Signals delivered: 0
	Page size (bytes): 4096
	Exit status: 1
