	Command being timed: "python stil-180.py 2"
	User time (seconds): 396134.25
	System time (seconds): 4958.20
	Percent of CPU this job got: 1992%
	Elapsed (wall clock) time (h:mm:ss or m:ss): 5:35:34
	Average shared text size (kbytes): 0
	Average unshared data size (kbytes): 0
	Average stack size (kbytes): 0
	Average total size (kbytes): 0
	Maximum resident set size (kbytes): 1630212
	Average resident set size (kbytes): 0
	Major (requiring I/O) page faults: 0
	Minor (reclaiming a frame) page faults: 1263327
	Voluntary context switches: 15851171
	Involuntary context switches: 1309146078
	Swaps: 0
	File system inputs: 64
	File system outputs: 2544
	Socket messages sent: 0
	Socket messages received: 0
	Signals delivered: 0
	Page size (bytes): 4096
	Exit status: 0
