Traceback (most recent call last):
  File "/project/lgagliardi/tuy/qchem/las-uscc-noci/working/stilbene/stil-90.py", line 597, in <module>
    mol_results, ref_energy, las_energy = batch_test(mol_conf, nosi_tests)
  File "/project/lgagliardi/tuy/qchem/las-uscc-noci/working/stilbene/stil-90.py", line 309, in batch_test
    result = test(mol_config, test_config, las, mol, mf)
  File "/project/lgagliardi/tuy/qchem/las-uscc-noci/working/stilbene/stil-90.py", line 268, in test
    result['las_uscc_noci_eng'], result['las_uscc_noci_vec'], result['min_ci_eng'] = nci_test(a_idxs_selected, i_idxs_selected, test_config, mol_config, mol,las, mc_uscc, mf)
  File "/project/lgagliardi/tuy/qchem/las-uscc-noci/working/stilbene/stil-90.py", line 134, in nci_test
    if verbose >=1:
NameError: name 'verbose' is not defined
Command exited with non-zero status 1
	Command being timed: "python stil-90.py 2"
	User time (seconds): 17287.21
	System time (seconds): 237.56
	Percent of CPU this job got: 2245%
	Elapsed (wall clock) time (h:mm:ss or m:ss): 13:00.56
	Average shared text size (kbytes): 0
	Average unshared data size (kbytes): 0
	Average stack size (kbytes): 0
	Average total size (kbytes): 0
	Maximum resident set size (kbytes): 1387516
	Average resident set size (kbytes): 0
	Major (requiring I/O) page faults: 0
	Minor (reclaiming a frame) page faults: 379844
	Voluntary context switches: 164685
	Involuntary context switches: 219968102
	Swaps: 0
	File system inputs: 0
	File system outputs: 4280
	Socket messages sent: 0
	Socket messages received: 0
	Signals delivered: 0
	Page size (bytes): 4096
	Exit status: 1
