	Command being timed: "python stil-60.py 2"
	User time (seconds): 510022.35
	System time (seconds): 6436.66
	Percent of CPU this job got: 1933%
	Elapsed (wall clock) time (h:mm:ss or m:ss): 7:25:12
	Average shared text size (kbytes): 0
	Average unshared data size (kbytes): 0
	Average stack size (kbytes): 0
	Average total size (kbytes): 0
	Maximum resident set size (kbytes): 1557660
	Average resident set size (kbytes): 0
	Major (requiring I/O) page faults: 0
	Minor (reclaiming a frame) page faults: 2950051
	Voluntary context switches: 12095811
	Involuntary context switches: 548636973
	Swaps: 0
	File system inputs: 0
	File system outputs: 1992
	Socket messages sent: 0
	Socket messages received: 0
	Signals delivered: 0
	Page size (bytes): 4096
	Exit status: 0
