	Command being timed: "python stil-120.py 2"
	User time (seconds): 239503.30
	System time (seconds): 3277.20
	Percent of CPU this job got: 1886%
	Elapsed (wall clock) time (h:mm:ss or m:ss): 3:34:28
	Average shared text size (kbytes): 0
	Average unshared data size (kbytes): 0
	Average stack size (kbytes): 0
	Average total size (kbytes): 0
	Maximum resident set size (kbytes): 1528748
	Average resident set size (kbytes): 0
	Major (requiring I/O) page faults: 0
	Minor (reclaiming a frame) page faults: 2034665
	Voluntary context switches: 10548067
	Involuntary context switches: 2917248139
	Swaps: 0
	File system inputs: 0
	File system outputs: 3768
	Socket messages sent: 0
	Socket messages received: 0
	Signals delivered: 0
	Page size (bytes): 4096
	Exit status: 0
