#INFO: **** input file is /project/lgagliardi/tuy/qchem/las-uscc-noci/working/stilbene/stil-180.py ****
# test the distribution of the nearest neighbor excitations

import numpy as np
import pyscf
from pyscf import gto, scf, lib, mcscf
from mrh.my_pyscf.mcscf.lasscf_o0 import LASSCF
from mrh.exploratory.unitary_cc import lasuccsd
from mrh.exploratory.unitary_cc.uccsd_sym0 import get_uccsd_op
from mrh.exploratory.citools import grad, lasci_ominus1
from mrh.exploratory.citools import fockspace


from typing import Iterable, Union
from typing import Dict, List, Any, TypedDict
import copy
import pickle
from enum import Enum
from scipy.linalg import eigh
from scipy import optimize
import sys

VERBOSE = 4
if len(sys.argv) > 1:
    try:
        AMPLITUDE = float(sys.argv[1])
        print(f"Using AMPLITUDE argument: {AMPLITUDE}")
    except ValueError:
        print("Invalid AMPLITUDE argument, using default value 1.")
        AMPLITUDE = 1
else:
    AMPLITUDE = 1

def flatten(seq: Iterable) -> list:
    result = []
    for item in seq:
        if isinstance(item, (list, tuple, np.ndarray)):
            result.extend(flatten(item))
        else:
            result.append(item)
    return result


def cilas2f(lasci, norb_f, nelec_f):
    ''' nelec (na, nb)'''
    ci_f = []
    for i, ci in enumerate(lasci):
        ci_f.append(fockspace.hilbert2fock(ci, norb_f[i], nelec_f[i])[0])
    return ci_f

class MolConfig(TypedDict):
    # basic
    name : str
    xyz: str
    basis: str
    ncas: List[int]
    nelecas: List[int]
    spinsub: List[int]
    frag_atom_list: Any  # Can be List or Tuple depending on usage
    frag_spin_orb: Any
    adj: List[List[int]]

class TestConfig(TypedDict):
    epsilon: float
    # nearest neighbor parameters
    nn: bool
    # non-orthogonal configuration interaction parameters
    init_method: str # 'random' or 'uscc_opt' or 'load x'
    # max_nx: int  # max number of excitations per configuration
    # min_nc: int
    # test choices
    grad_test: bool
    noci_test: bool  
    frozen: str

def get_Sij(psi_i, psi_j, h):
    """Compute the overlap Sij = <psi_i|psi_j>."""
    ucj, _ = psi_j.hc_x(psi_j.x, h)[1:3]
    uci, _ = psi_i.hc_x(psi_i.x, h)[1:3]
    ucj, uci = ucj.ravel(), uci.ravel()
    Sij = uci.conj().dot(ucj)
    return Sij


def get_Sij_Hij(psi_i, psi_j, h):
    ucj, hucj = psi_j.hc_x (psi_j.x, h)[1:3]
    uci, huci = psi_i.hc_x (psi_i.x, h)[1:3]
    ucj, hucj = ucj.ravel (), hucj.ravel ()
    uci = uci.ravel ()
    Sij = uci.conj ().dot (ucj)
    Hij = uci.conj ().dot (hucj)
    return Sij, Hij


def arr_split(arr, n):
    """Split an array into n nearly equal parts."""
    k, m = divmod(len(arr), n)
    return list(arr[i * k + min(i, m):(i + 1) * k + min(i + 1, m)] for i in range(n))

def print_matrix(mat):
    for row in mat:
        print("  ".join(f"{x:.17f}" for x in row))

def zip_excitations(a_idxs, i_idxs):
    excitations = []
    for a, i in zip(a_idxs, i_idxs):
        excitations.append((tuple(i), tuple(a[::-1])))
    return excitations

def print_excitations(a_idxs, i_idxs):
    excitations = zip_excitations(a_idxs, i_idxs)
    for excitation in excitations:
        print([[int(x) for x in flatten(excitation)]])


def nci_test(a_idxs_selected, i_idxs_selected, test_config, mol_config, mol,las, mc_uscc, mf):

    nc = len(a_idxs_selected) + 1
    # we create ci for each excitation
    if VERBOSE >= 1:
        print("Number of CIs: ", nc)

    h1eff,e_core= mc_uscc.get_h1eff(mc_uscc.mo_coeff)
    h2eff = mc_uscc.get_h2eff()

    las_ucc_trial_cis = []
    
    min_ci_eng = 99999.9
    for i in range(nc):
        if( i == nc -1):
            amplitude = 0 # the last one is the reference state
        else:
            amplitude = AMPLITUDE # we should try different amplitudes

        if VERBOSE >=1:
            print("Amplitude = ", AMPLITUDE)
        mc_uscc_ci = mcscf.CASCI(mf, sum(mol_config['ncas']), sum(mol_config['nelecas']))
        mc_uscc_ci.mo_coeff = las.mo_coeff
        mc_uscc_ci.fcisolver = lasuccsd.FCISolver_USCC(mol, a_idxs_selected, i_idxs_selected)
        mc_uscc_ci.fcisolver.norb_f = mol_config['ncas']
        fci = mc_uscc_ci.fcisolver
        las_ci0_f = cilas2f(las.ci, mol_config['ncas'], mol_config['nelecas'])

        norb = sum(mol_config['ncas']) # not sure about this
        nelec = sum(mol_config['nelecas']) # not sure about this
        norb_f = getattr (fci, 'norb_f', [norb])
        psi =  getattr (fci, 'psi', fci.build_psi (las_ci0_f, norb, norb_f, nelec, frozen=test_config['frozen']))
        
        if i < nc - 1:
            psi.x[psi.nconstr + i] = amplitude

        energy = psi.energy_tot(psi.x, [e_core, h1eff, h2eff])
        if energy < min_ci_eng:
            min_ci_eng = energy

        las_ucc_trial_cis.append(psi)
        
    
    S = np.zeros((nc, nc), dtype=np.complex128)
    H = np.zeros((nc, nc), dtype=np.complex128)
    h = [e_core, h1eff, h2eff]


    # Build S matrix incrementally, discarding linearly dependent CIs
    selected_indices = []
    S_inc = np.zeros((0, 0), dtype=np.complex128)
    threshold = 1e5  # You can adjust this threshold as needed

    for idx, psi in enumerate(las_ucc_trial_cis):
        # Build S matrix for current selection + this CI
        n_sel = len(selected_indices)
        S_new = np.zeros((n_sel + 1, n_sel + 1), dtype=np.complex128)
        # Fill previous block
        if n_sel > 0:
            S_new[:n_sel, :n_sel] = S_inc
            for j, jidx in enumerate(selected_indices):
                S_new[n_sel, j] = get_Sij(psi, las_ucc_trial_cis[jidx], h)
                S_new[j, n_sel] = get_Sij(las_ucc_trial_cis[jidx], psi, h)
        # Diagonal element
        S_new[n_sel, n_sel] = get_Sij(psi, psi, h)
        # Check condition number
        cond = np.linalg.cond(S_new)
        if cond < threshold:
            selected_indices.append(idx)
            S_inc = S_new
        else:
            if VERBOSE >= 1:
                print(f"Discarding CI {idx} due to linear dependence (cond={cond:.2e})")

    # Now, only keep selected CIs for S and H
    nc_sel = len(selected_indices)
    S = np.zeros((nc_sel, nc_sel), dtype=np.complex128)
    H = np.zeros((nc_sel, nc_sel), dtype=np.complex128)
    for i, idx_i in enumerate(selected_indices):
        for j, idx_j in enumerate(selected_indices):
            S[i, j], H[i, j] = get_Sij_Hij(las_ucc_trial_cis[idx_i], las_ucc_trial_cis[idx_j], h)

    if VERBOSE >= 0:
        print(f"Selected {nc_sel} CIs out of {nc} total CIs")
        print("Condition number of S matrix: ", np.linalg.cond(S))

    if VERBOSE >= 1:
        print("S matrix:")
        print_matrix(S)
        print("H matrix:")
        print_matrix(H)

    # print("min_ci_eng: ", min_ci_eng)
    eigvals, eigvecs = eigh(H, S)
    return eigvals[0], eigvecs[0], min_ci_eng   # Take the lowest eigenvalue as the energy



def test(mol_config, test_config,las, mol, mf):
    result = {}

    all_g, g_sel, a_idxs_selected_all, i_idxs_selected_all = grad.get_grad_exact(las, test_config['epsilon'])

    # if test_config['grad_test']:
    #     result['all_g'] = all_g
    result['all_g'] = all_g
    result['g_sel'] = g_sel

    a_idxs_selected_nn = []
    i_idxs_selected_nn = []
    
    nn_g = []
    if(test_config['nn']):
        nn_g, a_idxs_selected_nn, i_idxs_selected_nn = get_nn_excitations(a_idxs_selected_all, i_idxs_selected_all, all_g, mol_config)
        if test_config['grad_test']:
            result['nn_g'] = nn_g

    result['tot_excitation_count'] = len(a_idxs_selected_all)
    result['excitation_count_nn'] = len(a_idxs_selected_nn)

    #Computing energy through the LAS-UCC kernel using selected excitations
    #==========================================================================================
    
    a_idxs_selected = None
    i_idxs_selected = None

    if test_config['nn']:
        a_idxs_selected = a_idxs_selected_nn
        i_idxs_selected = i_idxs_selected_nn
    else:
        a_idxs_selected = a_idxs_selected_all
        i_idxs_selected = i_idxs_selected_all
    
    if VERBOSE >= 2:
        print("All selected excitations:")
        print_excitations(a_idxs_selected, i_idxs_selected)

    mc_uscc = mcscf.CASCI(mf, sum(mol_config['ncas']), sum(mol_config['nelecas']))
    mc_uscc.mo_coeff = las.mo_coeff
    mc_uscc.fcisolver = lasuccsd.FCISolver_USCC(mol, a_idxs_selected, i_idxs_selected)
    mc_uscc.fcisolver.norb_f = mol_config['ncas'] # number of orbitals in each fragment
    # easily hit the maximal memory limit
    mc_uscc.fcisolver.frozen = test_config['frozen'] if 'frozen' in test_config else None  
    mc_uscc.kernel(ci0 = cilas2f(las.ci, mol_config['ncas'], mol_config['nelecas']))
    if not mc_uscc.converged:
        print('Warning: kernel hasn\'t converged')
    
    if VERBOSE >= 1:
        print("MC-USCC amplitudes: ", mc_uscc.fcisolver.psi.x)

    result['las_uscc_eng'] =  mc_uscc.e_tot 
   
    if test_config['noci_test']:
        result['las_uscc_noci_eng'], result['las_uscc_noci_vec'], result['min_ci_eng'] = nci_test(a_idxs_selected, i_idxs_selected, test_config, mol_config, mol,las, mc_uscc, mf)
    
    return result
   



def batch_test(mol_config, test_configs):
    results = []

    # Initializing the molecule with RHF
    #===================================
    symmetry = None
    charge = None
    spin = None
    if 'symmetry' in mol_config:
        symmetry = mol_config['symmetry']
    if 'charge' in mol_config:
        charge = mol_config['charge']
    if 'spin' in mol_config:
        spin = mol_config['spin']

    mol = gto.M(atom=mol_config['xyz'], basis=mol_config['basis'], symmetry = symmetry,
        charge = charge, spin = spin, verbose=4, output=mol_config['output'])
    if 'HF' in mol_config and mol_config['HF'] == 'ROHF':
        mf = scf.ROHF(mol).run()
    else:
        mf = scf.RHF(mol).run()

    # Running LASSCF
    #===================================
    las = LASSCF(mf, mol_config['ncas'], mol_config['nelecas'], spin_sub=mol_config['spinsub'], ouput=None)
    mo_loc = las.localize_init_guess(mol_config['frag_atom_list'], mf.mo_coeff)
    las.kernel(mo_loc)
    
    ref = mcscf.CASCI(mf, sum(mol_config['ncas']), sum(mol_config['nelecas']))
    ref.mo_coeff = las.mo_coeff
    ref.kernel() 

    for test_config in test_configs:
        
        result = test(mol_config, test_config, las, mol, mf)
        results.append(result)
    
    return results, ref.e_tot, las.e_tot


def empty_adj(n):
    return [[0 for _ in range(n)] for _ in range(n)]

def circle_adj(n):
    return [[1 if abs(i - j) == 1 or abs(i - j) == n-1 else 0 for j in range(n)] for i in range(n)]


if __name__ == "__main__":


    data_dir = '../geom'

    with open(data_dir + '/h4.xyz', 'r', encoding='utf-8') as f:
        h4xyz = f.read()

    with open(data_dir + '/h6.xyz', 'r', encoding='utf-8') as f:
        h6xyz = f.read()

    with open(data_dir + '/h8.xyz', 'r', encoding='utf-8') as f:
        h8xyz = f.read()

    with open(data_dir + '/h10.xyz', 'r', encoding='utf-8') as f:
        h10xyz = f.read()


    with open(data_dir + '/c4.xyz', 'r', encoding='utf-8') as f:
        c4xyz = f.read()

    with open(data_dir + '/c6.xyz', 'r', encoding='utf-8') as f:
        c6xyz = f.read()

    with open(data_dir + '/c8.xyz', 'r', encoding='utf-8') as f:
        c8xyz = f.read()

    with open(data_dir + '/c10.xyz', 'r', encoding='utf-8') as f:
        c10xyz = f.read()

    with open(data_dir + '/stil-001.xyz', 'r', encoding='utf-8') as f:
        stil001xyz = f.read()

    with open(data_dir + '/stil-60.xyz', 'r', encoding='utf-8') as f:
        stil60xyz = f.read()

    with open(data_dir + '/stil-90.xyz', 'r', encoding='utf-8') as f:
        stil90xyz = f.read()

    with open(data_dir + '/stil-120.xyz', 'r', encoding='utf-8') as f:
        stil120xyz = f.read()

    with open(data_dir + '/stil-180.xyz', 'r', encoding='utf-8') as f:
        stil180xyz = f.read()       


    # with open(data_dir + '/kremer/kremer-geometry.xyz', 'r', encoding='utf-8') as f:
    #     kremer_xyz = f.read()

    # kremer_basis = {
    #     "Cr": "def2-tzvp",
    #     "O": "def2-svp",
    #     "N": "def2-svp",
    #     "C": "def2-svp",
    #     "H": "def2-svp",
    # }

    # kremer_def2 : MolConfig = {
    #     'name' : 'kremer_def2',
    #     'HF' : 'ROHF',
    #     'xyz' : kremer_xyz,
    #     'basis' : kremer_basis,
    #     'symmetry' : False,
    #     'charge' : 3,
    #     'spin' : 6,
    #     'ncas': [3,3],
    #     'nelecas': [[3,0],[0,3]],
    #     'spinsub': [4,4],
    #     'frag_atom_list': [[0],[1]]
    # }

    h4_sto3g : MolConfig = {
        'name': 'H4_STO3G',
        'xyz': h4xyz,
        'basis': 'sto-3g',
        'ncas': [2, 2],
        'nelecas': [2, 2],
        'spinsub': [1, 1],
        'frag_atom_list': ((0, 1), (2, 3)),
        'output': 'h4_sto3g.out',
    }


    stil_631g_001 : MolConfig = {
        'name': 'STIL_631G_001',
        'xyz': stil001xyz,
        'basis': '631g',
        'ncas': [4,2,4],
        'nelecas': [4,2,4],
        'spinsub': [1, 1, 1],
        'frag_atom_list': [ [1,2,3,4,5,6,15,16,17,18,19] , [0,7, 14,20] , [8,9,10,11,12,13, 21,22,23,24,25] ],
        'frag_spin_orb': {
            0: (0, 1, 2, 3,10,11,12,13),
            1: (4,5,14,15),
            2: (6,7,8,9,16,17,18,19)
        },
        'adj': empty_adj(3),
        'output' : 'stil_631g_001.out',
    }

    stil_631g_60 : MolConfig = {
        'name': 'STIL_631G_60',
        'xyz': stil60xyz,
        'basis': '631g',
        'ncas': [4,2,4],
        'nelecas': [4,2,4],
        'spinsub': [1, 1, 1],
        'frag_atom_list': [ [1,2,3,4,5,6,15,16,17,18,19] , [0,7, 14,20] , [8,9,10,11,12,13, 21,22,23,24,25] ],
        'frag_spin_orb': {
            0: (0, 1, 2, 3,10,11,12,13),
            1: (4,5,14,15),
            2: (6,7,8,9,16,17,18,19)
        },
        'adj': empty_adj(3),
        'output' : 'stil_631g_60.out',
    }

    stil_631g_90 : MolConfig = {
        'name': 'STIL_631G_90',
        'xyz': stil90xyz,
        'basis': '631g',
        'ncas': [4,2,4],
        'nelecas': [4,2,4],
        'spinsub': [1, 1, 1],
        'frag_atom_list': [ [1,2,3,4,5,6,15,16,17,18,19] , [0,7, 14,20] , [8,9,10,11,12,13, 21,22,23,24,25] ],
        'frag_spin_orb': {
            0: (0, 1, 2, 3,10,11,12,13),
            1: (4,5,14,15),
            2: (6,7,8,9,16,17,18,19)
        },
        'adj': empty_adj(3),
        'output' : 'stil_631g_90.out',
    }

    stil_631g_120 : MolConfig = {
        'name': 'STIL_631G_120',
        'xyz': stil120xyz,
        'basis': '631g',
        'ncas': [4,2,4],
        'nelecas': [4,2,4],
        'spinsub': [1, 1, 1],
        'frag_atom_list': [ [1,2,3,4,5,6,15,16,17,18,19] , [0,7, 14,20] , [8,9,10,11,12,13, 21,22,23,24,25] ],
        'frag_spin_orb': {
            0: (0, 1, 2, 3,10,11,12,13),
            1: (4,5,14,15),
            2: (6,7,8,9,16,17,18,19)
        },
        'adj': empty_adj(3),
        'output' : 'stil_631g_120.out',
    }


    stil_631g_180 : MolConfig = {
        'name': 'STIL_631G_180',
        'xyz': stil180xyz,
        'basis': '631g',
        'ncas': [4,2,4],
        'nelecas': [4,2,4],
        'spinsub': [1, 1, 1],
        'frag_atom_list': [ [1,2,3,4,5,6,15,16,17,18,19] , [0,7, 14,20] , [8,9,10,11,12,13, 21,22,23,24,25] ],
        'frag_spin_orb': {
            0: (0, 1, 2, 3,10,11,12,13),
            1: (4,5,14,15),
            2: (6,7,8,9,16,17,18,19)
        },
        'adj': empty_adj(3),
        'output' : 'stil_631g_180.out',
    }

    # This c4 is too small, and I observed numericall error, that H and S have all identical
    # entries however the NOCI energy is lower 
    c4_631g : MolConfig = {
        'name': 'C4_631G',
        'xyz': c4xyz,
        'basis': '631g',
        'ncas': [2,2],
        'nelecas': [2,2],
        'spinsub': [1,1],
        'frag_atom_list':  [[0,2], [3,1]],
        'frag_spin_orb': {
            0: (0,1,4,5),
            1: (2,3,6,7),
        },
        'adj': circle_adj(2), # not sure about this
        'output': 'c4_631g.out',
    }

    c6_631 : MolConfig = {
        'name': 'C6_631G',
        'xyz': c6xyz,
        'basis': '631g',
        'ncas': [2,2,2],
        'nelecas': [2,2,2],
        'spinsub': [1,1,1],
        'frag_atom_list': [[0,2], [10,11], [3,1]], # not sure about this
        'frag_spin_orb': {
            0: (0,1,6,7),
            1: (2,3,8,9),
            2: (4,5,10,11),
        },
        'adj': circle_adj(3),
        'output': 'c6_631g.out',
    }


    c8_631 : MolConfig = {
        'name': 'C8_631G',
        'xyz': c8xyz,
        'basis': '631g',
        'ncas': [2,2,2,2],
        'nelecas': [2,2,2,2],
        'spinsub': [1,1,1,1],
        'frag_atom_list': [[0,2], [10,12], [13,11], [3,1]], 
        'frag_spin_orb': {
            0: (0,1,8,9),
            1: (2,3,10,11),
            2: (4,5,12,13),
            3: (6,7,14,15),
        },
        'adj': circle_adj(3),
        'output': 'c8_631g.out',
    }


    c10_631g : MolConfig = {
        'name': 'C10_631G',
        'xyz': c10xyz,
        'basis': '631g',
        'ncas': [2,2,2,2,2],
        'nelecas': [2,2,2,2,2],
        'spinsub': [1,1,1,1,1],
        'frag_atom_list': [[0,2], [10,12], [18,19], [13,11], [3,1]],
        'frag_spin_orb': {
            0: (0,1,10,11),
            1: (2,3,12,13),
            2: (4,5,14,15),
            3: (6,7,16,17),
            4: (8,9,18,19)
        },
        'adj': circle_adj(5),
        'output': 'c10_631g.out',
    }

    mol_configs = [stil_631g_180]
    # mol_configs = [h4_sto3g]



    nosi_test_01 : TestConfig = {
        'epsilon': 0.01,
        'nn': False,
        'init_method': 'uscc_opt',
        'frozen': 'CI',
        'grad_test': False,
        'noci_test': True
    }
        
    # noci_test_001 = copy.deepcopy(noci_test_01)
    # noci_test_001['epsilon'] = 0.001

    # noci_test_0001 = copy.deepcopy(noci_test_01)
    # noci_test_0001['epsilon'] = 0.0001

    # eps = np.array([0.00792607, 0.00486175, 0.003190716, 0.00247079])
    eps =  np.array([0.00486175])

    nosi_tests = []
    for thre in eps:
        nosi_test = copy.deepcopy(nosi_test_01)
        nosi_test['epsilon'] = thre
        nosi_tests.append(nosi_test)


    for mol_conf in mol_configs:
        print(f"Molecule {mol_conf['name']}: ")
        mol_results, ref_energy, las_energy = batch_test(mol_conf, nosi_tests)
        # mol_results, ref_energy, las_energy = batch_test(mol_conf, [])
        print(f"CASCI energy: {ref_energy:.17f}")
        print(f"LASSCF energy: {las_energy:.17f}")
        for result in mol_results:
            print(f"Total excitations: {len(result['all_g'])}")
            print(f"Selected excitations: {len(result['g_sel'])}")
            
            # print(f"NN excitations: {result['excitation_count_nn']}")

            if 'las_uscc_eng' in result:
                print(f"LAS-USCCSD-VQE energy: {result['las_uscc_eng']:.17f}")
            if 'las_uscc_noci_eng' in result:
                print(f"LAS-USCCSD-NOSI energy: {result['las_uscc_noci_eng']:.17f}")
            # if 'tot_g' in result:
            #     print(f"Total gradient norm: {np.linalg.norm(result['tot_g']):.17f}")
            # if 'nn_g' in result:
            #     print(f"NN gradient norm: {np.linalg.norm(result['nn_g']):.17f}")
            if 'las_uscc_noci_vec' in result:
                print("NOSI vector: ", result['las_uscc_noci_vec'])
            if 'min_ci_eng' in result:
                print(f"Minimum State energy: {result['min_ci_eng']:.17f}")
            print("\n")
        
        print("\n\n")
#INFO: ******************** input file end ********************


System: uname_result(system='Linux', node='midway3-0562.rcc.local', release='4.18.0-305.3.1.el8.x86_64', version='#1 SMP Tue Jun 1 16:14:33 UTC 2021', machine='x86_64')  Threads 16
Python 3.9.19 | packaged by conda-forge | (main, Mar 20 2024, 12:50:21) 
[GCC 12.3.0]
numpy 2.0.2  scipy 1.13.1  h5py 3.14.0
Date: Sun Nov  9 09:00:59 2025
PySCF version 2.9.0
PySCF path  /home/tuy/repo/.venv/lib/python3.9/site-packages/pyscf
mrh path  /home/tuy/repo/mrh
GIT ORIG_HEAD b98c29c0816fd226852111a125e579215dc0ac5e
GIT HEAD (branch master) b49e04f5f5ffc1c27967a615ccab8ecdf1806538

[CONFIG] conf_file None
[INPUT] verbose = 4
[INPUT] num. atoms = 26
[INPUT] num. electrons = 96
[INPUT] charge = 0
[INPUT] spin (= nelec alpha-beta = 2S) = 0
[INPUT] symmetry False subgroup None
[INPUT] Mole.unit = angstrom
[INPUT] Symbol           X                Y                Z      unit          X                Y                Z       unit  Magmom
[INPUT]  1 C      0.495107800000  -0.452686820000  -0.000068000000 AA    0.935618144136  -0.855454110000  -0.000128501376 Bohr   0.0
[INPUT]  2 C      1.922556230000  -0.189148920000  -0.000060000000 AA    3.633104733776  -0.357439655557  -0.000113383567 Bohr   0.0
[INPUT]  3 C      2.469574020000   1.100647560000  -0.000073000000 AA    4.666818542141   2.079922448071  -0.000137950007 Bohr   0.0
[INPUT]  4 C      3.837261470000   1.292543480000  -0.000060000000 AA    7.251373246646   2.442553181292  -0.000113383567 Bohr   0.0
[INPUT]  5 C      4.702162130000   0.204993920000  -0.000040000000 AA    8.885798619001   0.387382366001  -0.000075589045 Bohr   0.0
[INPUT]  6 C      4.180931330000  -1.079174570000  -0.000038000000 AA    7.900815159314  -2.039344377895  -0.000071809593 Bohr   0.0
[INPUT]  7 C      2.810417880000  -1.270885490000  -0.000055000000 AA    5.310920088781  -2.401625511784  -0.000103934937 Bohr   0.0
[INPUT]  8 C     -0.495108800000   0.452684820000   0.000434000000 AA   -0.935620033862   0.855450330548   0.000820141138 Bohr   0.0
[INPUT]  9 C     -1.922557230000   0.189148920000   0.000229000000 AA   -3.633106623502   0.357439655557   0.000432747283 Bohr   0.0
[INPUT] 10 C     -2.469575020000  -1.100647560000   0.000169000000 AA   -4.666820431867  -2.079922448071   0.000319363715 Bohr   0.0
[INPUT] 11 C     -3.837261470000  -1.292543480000  -0.000066000000 AA   -7.251373246646  -2.442553181292  -0.000124721924 Bohr   0.0
[INPUT] 12 C     -4.702161130000  -0.204992920000  -0.000230000000 AA   -8.885796729275  -0.387380476275  -0.000434637009 Bohr   0.0
[INPUT] 13 C     -4.180931330000   1.079174570000  -0.000153000000 AA   -7.900815159314   2.039344377895  -0.000289128097 Bohr   0.0
[INPUT] 14 C     -2.810417880000   1.270886490000   0.000085000000 AA   -5.310920088781   2.401627401510   0.000160626721 Bohr   0.0
[INPUT] 15 H      0.235195910000  -1.507693400000   0.000121000000 AA    0.444455855518  -2.849127605814   0.000228656861 Bohr   0.0
[INPUT] 16 H      1.814400280000   1.962668220000  -0.000103000000 AA    3.428719609534   3.708905409188  -0.000194641791 Bohr   0.0
[INPUT] 17 H      4.236442310000   2.299259080000  -0.000066000000 AA    8.005715708420   4.344969950619  -0.000124721924 Bohr   0.0
[INPUT] 18 H      5.773326700000   0.360670860000  -0.000022000000 AA   10.910006290639   0.681569146511  -0.000041573975 Bohr   0.0
[INPUT] 19 H      4.844371070000  -1.934910230000  -0.000030000000 AA    9.154534568066  -3.656450410319  -0.000056691784 Bohr   0.0
[INPUT] 20 H      2.406135040000  -2.276877090000  -0.000063000000 AA    4.546936244319  -4.302674119397  -0.000119052746 Bohr   0.0
[INPUT] 21 H     -0.235194910000   1.507690400000   0.000065000000 AA   -0.444453965792   2.849121936636   0.000122832198 Bohr   0.0
[INPUT] 22 H     -1.814398280000  -1.962667220000   0.000310000000 AA   -3.428715830082  -3.708903519461   0.000585815099 Bohr   0.0
[INPUT] 23 H     -4.236443310000  -2.299258080000  -0.000106000000 AA   -8.005717598146  -4.344968060893  -0.000200310969 Bohr   0.0
[INPUT] 24 H     -5.773325700000  -0.360668860000  -0.000411000000 AA  -10.910004400913  -0.681565367059  -0.000776677437 Bohr   0.0
[INPUT] 25 H     -4.844371070000   1.934910230000  -0.000283000000 AA   -9.154534568066   3.656450410319  -0.000534792493 Bohr   0.0
[INPUT] 26 H     -2.406135040000   2.276877090000   0.000140000000 AA   -4.546936244319   4.302674119397   0.000264561657 Bohr   0.0

nuclear repulsion = 735.601288552494
number of shells = 94
number of NR pGTOs = 356
number of NR cGTOs = 150
basis = 631g
ecp = {}
CPU time:         1.55


******** <class 'pyscf.scf.hf.RHF'> ********
method = RHF
initial guess = minao
damping factor = 0
level_shift factor = 0
DIIS = <class 'pyscf.scf.diis.CDIIS'>
diis_start_cycle = 1
diis_space = 8
diis_damp = 0
SCF conv_tol = 1e-09
SCF conv_tol_grad = None
SCF max_cycles = 50
direct_scf = True
direct_scf_tol = 1e-13
chkfile to save SCF result = /scratch/local/jobs/39935194/tmpo056vkjb
max_memory 4000 MB (current use 94 MB)
Set gradient conv threshold to 3.16228e-05
Initial guess from minao.
init E= -541.655007459959
  HOMO = -0.178095470374164  LUMO = -0.015131256122684
cycle= 1 E= -536.823485992268  delta_E= 4.83  |g|= 0.543  |ddm|= 5.05
  HOMO = -0.286097953216307  LUMO = 0.0515707808192549
cycle= 2 E= -536.942552242896  delta_E= -0.119  |g|= 0.144  |ddm|= 1.28
  HOMO = -0.260019414081144  LUMO = 0.0858569040006504
cycle= 3 E= -536.950934840682  delta_E= -0.00838  |g|= 0.0452  |ddm|= 0.411
  HOMO = -0.271684873042078  LUMO = 0.0768155172748065
cycle= 4 E= -536.95161183347  delta_E= -0.000677  |g|= 0.0115  |ddm|= 0.0842
  HOMO = -0.2714930628043  LUMO = 0.077808922731129
cycle= 5 E= -536.951659032189  delta_E= -4.72e-05  |g|= 0.00326  |ddm|= 0.0185
  HOMO = -0.27153222603363  LUMO = 0.0782734678718978
cycle= 6 E= -536.951665004133  delta_E= -5.97e-06  |g|= 0.000687  |ddm|= 0.0069
  HOMO = -0.271621775201969  LUMO = 0.0784056444550214
cycle= 7 E= -536.951665485427  delta_E= -4.81e-07  |g|= 0.000251  |ddm|= 0.00191
  HOMO = -0.271677137563018  LUMO = 0.0784222556096549
cycle= 8 E= -536.951665543585  delta_E= -5.82e-08  |g|= 8.33e-05  |ddm|= 0.0006
  HOMO = -0.271689139219738  LUMO = 0.0784309460460761
cycle= 9 E= -536.951665551868  delta_E= -8.28e-09  |g|= 3.71e-05  |ddm|= 0.000241
  HOMO = -0.271690761479104  LUMO = 0.0784307439780989
cycle= 10 E= -536.951665553369  delta_E= -1.5e-09  |g|= 1.94e-05  |ddm|= 9.52e-05
  HOMO = -0.271692779625523  LUMO = 0.0784279404180692
cycle= 11 E= -536.951665553858  delta_E= -4.9e-10  |g|= 5.8e-06  |ddm|= 7.19e-05
  HOMO = -0.271692360925807  LUMO = 0.0784276330690631
Extra cycle  E= -536.951665553886  delta_E= -2.77e-11  |g|= 3.46e-06  |ddm|= 1.37e-05
converged SCF energy = -536.951665553886

******** LASSCF flags ********
CAS (5e+5e, 10o), ncore = 43, nvir = 97
Divided into 3 LAS spaces
LAS 0 : (2e+2e, 4o)
LAS 1 : (1e+1e, 2o)
LAS 2 : (2e+2e, 4o)
nroots = 1
max_cycle_macro = 50
max_cycle_micro = 5
conv_tol_grad = 0.0001
max_memory 4000 MB (current use 777 MB)
fragment 0 FCI solver flags:
******** <class 'mrh.my_pyscf.mcscf.addons.get_h1e_zipped_fcisolver.<locals>.FCISolver'> ********
max. cycles = 100
conv_tol = 1e-10
davidson only = False
linear dependence = 1e-14
level shift = 0.001
max iter space = 12
max_memory 4000 MB
nroots = 1
pspace_size = 200
spin = 0
State-average over 1 states with weights [1.0]
fragment 1 FCI solver flags:
******** <class 'mrh.my_pyscf.mcscf.addons.get_h1e_zipped_fcisolver.<locals>.FCISolver'> ********
max. cycles = 100
conv_tol = 1e-10
davidson only = False
linear dependence = 1e-14
level shift = 0.001
max iter space = 12
max_memory 4000 MB
nroots = 1
pspace_size = 200
spin = 0
State-average over 1 states with weights [1.0]
fragment 2 FCI solver flags:
******** <class 'mrh.my_pyscf.mcscf.addons.get_h1e_zipped_fcisolver.<locals>.FCISolver'> ********
max. cycles = 100
conv_tol = 1e-10
davidson only = False
linear dependence = 1e-14
level shift = 0.001
max iter space = 12
max_memory 4000 MB
nroots = 1
pspace_size = 200
spin = 0
State-average over 1 states with weights [1.0]
LASCI subspace 0 with no orbsym information
LASCI subspace 1 with no orbsym information
LASCI subspace 2 with no orbsym information
LASCI subspace CI energies: [np.float64(-3.070088911579444), np.float64(-1.206422430399369), np.float64(-3.0700844603465853)]
LASCI macro 0 : E = -536.955616795563 ; |g_int| = 0.304024786997805 ; |g_ci| = 0.000567499379182837 ; |g_x| = 0
LASCI micro 1 : |x_orb| = 0.269890491920048 ; |x_ci| = 0.0265295570340223
LASCI micro 2 : |x_orb| = 0.268151624787396 ; |x_ci| = 0.00442715519547649
LASCI micro 3 : |x_orb| = 0.320435181180037 ; |x_ci| = 0.0237375175450134
LASCI micro 4 : |x_orb| = 0.324470848974004 ; |x_ci| = 0.0237346086994062
LASCI micro 5 : |x_orb| = 0.327027020704402 ; |x_ci| = 0.029100819643873
LASCI subspace 0 with no orbsym information
LASCI subspace 1 with no orbsym information
LASCI subspace 2 with no orbsym information
LASCI subspace CI energies: [np.float64(-3.0807425773493824), np.float64(-1.2388581792524334), np.float64(-3.080741642229742)]
LASCI macro 1 : E = -537.019995709624 ; |g_int| = 0.151596018187686 ; |g_ci| = 0.000163482499773224 ; |g_x| = 0
LASCI micro 1 : |x_orb| = 0.232582011060449 ; |x_ci| = 0.0147078488886637
LASCI micro 2 : |x_orb| = 0.237530133381826 ; |x_ci| = 0.00207901815696135
LASCI micro 3 : |x_orb| = 0.278687545981714 ; |x_ci| = 0.0129516107741696
LASCI micro 4 : |x_orb| = 0.281215582236881 ; |x_ci| = 0.00968620740257336
LASCI micro 5 : |x_orb| = 0.280142654919214 ; |x_ci| = 0.00692856092118373
LASCI subspace 0 with no orbsym information
LASCI subspace 1 with no orbsym information
LASCI subspace 2 with no orbsym information
LASCI subspace CI energies: [np.float64(-3.081688033778567), np.float64(-1.2431399294538836), np.float64(-3.0816886038780265)]
LASCI macro 2 : E = -537.038077018014 ; |g_int| = 0.0780832312723705 ; |g_ci| = 9.35690386996413e-05 ; |g_x| = 0
LASCI micro 1 : |x_orb| = 0.392908236993014 ; |x_ci| = 0.00916885744205059
LASCI micro 2 : |x_orb| = 0.410159512846347 ; |x_ci| = 0.0129578904007573
LASCI micro 3 : |x_orb| = 0.411758927899842 ; |x_ci| = 0.0136635139895615
LASCI micro 4 : |x_orb| = 0.492625490372665 ; |x_ci| = 0.0290162199367017
LASCI micro 5 : |x_orb| = 0.492929735681165 ; |x_ci| = 0.0290520549393339
LASCI subspace 0 with no orbsym information
LASCI subspace 1 with no orbsym information
LASCI subspace 2 with no orbsym information
LASCI subspace CI energies: [np.float64(-3.0856355586002673), np.float64(-1.2367788200907723), np.float64(-3.08563607917465)]
LASCI macro 3 : E = -537.051559395872 ; |g_int| = 0.0386759043508355 ; |g_ci| = 1.29329256187537e-05 ; |g_x| = 0
LASCI micro 1 : |x_orb| = 0.170984414230519 ; |x_ci| = 0.00391808193797052
LASCI micro 2 : |x_orb| = 0.172453851585214 ; |x_ci| = 0.00448346374360435
LASCI micro 3 : |x_orb| = 0.191061925730172 ; |x_ci| = 0.00607277054142806
LASCI micro 4 : |x_orb| = 0.195736696510991 ; |x_ci| = 0.00230484898754395
LASCI micro 5 : |x_orb| = 0.210495342398153 ; |x_ci| = 0.00606494991998411
LASCI subspace 0 with no orbsym information
LASCI subspace 1 with no orbsym information
LASCI subspace 2 with no orbsym information
LASCI subspace CI energies: [np.float64(-3.0869219357490527), np.float64(-1.233903706702177), np.float64(-3.08692225106358)]
LASCI macro 4 : E = -537.05457811032 ; |g_int| = 0.0191479503971881 ; |g_ci| = 4.05361495642084e-05 ; |g_x| = 0
LASCI micro 1 : |x_orb| = 0.110200231276039 ; |x_ci| = 0.00359158981100156
LASCI micro 2 : |x_orb| = 0.123828222748363 ; |x_ci| = 0.00711491195712514
LASCI micro 3 : |x_orb| = 0.238307924832496 ; |x_ci| = 0.00866353321711637
LASCI micro 4 : |x_orb| = 0.26281203982934 ; |x_ci| = 0.0129098658688114
LASCI micro 5 : |x_orb| = 1.92066920207841 ; |x_ci| = 0.0492883407090155
Unstable microiteration aborted: ||x(n)|| > 10*||x(0)||
LASCI subspace 0 with no orbsym information
LASCI subspace 1 with no orbsym information
LASCI subspace 2 with no orbsym information
LASCI subspace CI energies: [np.float64(-3.0941775286899373), np.float64(-1.231961463310867), np.float64(-3.09417749564159)]
LASCI macro 5 : E = -537.055830097903 ; |g_int| = 0.00752063496211051 ; |g_ci| = 9.59826569098324e-06 ; |g_x| = 0
LASCI micro 1 : |x_orb| = 0.64997967580975 ; |x_ci| = 0.016727415850559
LASCI micro 2 : |x_orb| = 1.7997598749608 ; |x_ci| = 0.0812804885659937
LASCI micro 3 : |x_orb| = 1.17240104457448 ; |x_ci| = 0.0256867298219941
LASCI micro 4 : |x_orb| = 0.904931791239805 ; |x_ci| = 0.00588964206126157
LASCI micro 5 : |x_orb| = 0.600743271803271 ; |x_ci| = 0.010891828339675
LASCI subspace 0 with no orbsym information
LASCI subspace 1 with no orbsym information
LASCI subspace 2 with no orbsym information
LASCI subspace CI energies: [np.float64(-3.0830740583893395), np.float64(-1.2374463576577557), np.float64(-3.0830745185800748)]
LASCI macro 6 : E = -537.054901903779 ; |g_int| = 0.00639069370039898 ; |g_ci| = 6.95078333544496e-05 ; |g_x| = 0
LASCI micro 1 : |x_orb| = 0.0428970029037941 ; |x_ci| = 0.00136052476206109
LASCI micro 2 : |x_orb| = 0.0596007191692002 ; |x_ci| = 0.00392868400166994
LASCI micro 3 : |x_orb| = 0.122698184402339 ; |x_ci| = 0.00512378945978469
LASCI micro 4 : |x_orb| = 0.138811182095572 ; |x_ci| = 0.00743627572294591
LASCI micro 5 : |x_orb| = 0.259460131699032 ; |x_ci| = 0.00737986151451482
LASCI subspace 0 with no orbsym information
LASCI subspace 1 with no orbsym information
LASCI subspace 2 with no orbsym information
LASCI subspace CI energies: [np.float64(-3.0893185489212582), np.float64(-1.2387691412704989), np.float64(-3.0893188675379646)]
LASCI macro 7 : E = -537.05484881448 ; |g_int| = 0.00862769664373396 ; |g_ci| = 0.000100460818207723 ; |g_x| = 0
LASCI micro 1 : |x_orb| = 0.0144596901009794 ; |x_ci| = 0.00102332861902602
LASCI micro 2 : |x_orb| = 0.0145744226762991 ; |x_ci| = 0.000474259578134737
LASCI micro 3 : |x_orb| = 0.0160213841765875 ; |x_ci| = 0.000945250093124261
LASCI micro 4 : |x_orb| = 0.0169440330133688 ; |x_ci| = 0.000713828828150605
LASCI micro 5 : |x_orb| = 0.0169899772327817 ; |x_ci| = 0.000857541962404034
LASCI subspace 0 with no orbsym information
LASCI subspace 1 with no orbsym information
LASCI subspace 2 with no orbsym information
LASCI subspace CI energies: [np.float64(-3.0890527010003543), np.float64(-1.2368297454251982), np.float64(-3.0890529300618947)]
LASCI macro 8 : E = -537.054903963751 ; |g_int| = 0.00473986985004341 ; |g_ci| = 2.06635282609584e-05 ; |g_x| = 0
LASCI micro 1 : |x_orb| = 0.00774629212353284 ; |x_ci| = 0.000527551300963622
LASCI micro 2 : |x_orb| = 0.00776597268209454 ; |x_ci| = 0.00025172397189498
LASCI micro 3 : |x_orb| = 0.00888467076133935 ; |x_ci| = 0.000532841600206553
LASCI micro 4 : |x_orb| = 0.00892827233198192 ; |x_ci| = 0.000365161868968926
LASCI micro 5 : |x_orb| = 0.00917989244290901 ; |x_ci| = 0.00048639974281904
LASCI subspace 0 with no orbsym information
LASCI subspace 1 with no orbsym information
LASCI subspace 2 with no orbsym information
LASCI subspace CI energies: [np.float64(-3.0891748070668044), np.float64(-1.2367054665655919), np.float64(-3.089175080503212)]
LASCI macro 9 : E = -537.054919577215 ; |g_int| = 0.00257616786527591 ; |g_ci| = 1.25744629723516e-05 ; |g_x| = 0
LASCI micro 1 : |x_orb| = 0.00488937963646282 ; |x_ci| = 0.000336086687036929
LASCI micro 2 : |x_orb| = 0.00486799316363354 ; |x_ci| = 0.000153254543777173
LASCI micro 3 : |x_orb| = 0.00689969395267197 ; |x_ci| = 0.000403802589008751
LASCI micro 4 : |x_orb| = 0.00675036826614822 ; |x_ci| = 0.000369257411064207
LASCI micro 5 : |x_orb| = 0.0093226875272832 ; |x_ci| = 0.000609513560426037
LASCI subspace 0 with no orbsym information
LASCI subspace 1 with no orbsym information
LASCI subspace 2 with no orbsym information
LASCI subspace CI energies: [np.float64(-3.0893413707008457), np.float64(-1.236551698517963), np.float64(-3.0893416596290395)]
LASCI macro 10 : E = -537.054924730773 ; |g_int| = 0.00130810542688676 ; |g_ci| = 1.47598003609897e-05 ; |g_x| = 0
LASCI micro 1 : |x_orb| = 0.00645753423978955 ; |x_ci| = 0.000326301498479749
LASCI micro 2 : |x_orb| = 0.00650367474734728 ; |x_ci| = 0.000345105334224007
LASCI micro 3 : |x_orb| = 0.0270445602272183 ; |x_ci| = 0.00105593656483767
LASCI micro 4 : |x_orb| = 0.0546178111950391 ; |x_ci| = 0.00302530876901087
LASCI micro 5 : |x_orb| = 0.124883474331132 ; |x_ci| = 0.00537590955437968
Unstable microiteration aborted: ||x(n)|| > 10*||x(0)||
LASCI subspace 0 with no orbsym information
LASCI subspace 1 with no orbsym information
LASCI subspace 2 with no orbsym information
LASCI subspace CI energies: [np.float64(-3.0909848636138397), np.float64(-1.236457342775997), np.float64(-3.0909848858161384)]
LASCI macro 11 : E = -537.054934739751 ; |g_int| = 0.000998035616981512 ; |g_ci| = 3.51611020237454e-05 ; |g_x| = 0
LASCI micro 1 : |x_orb| = 0.174505874456797 ; |x_ci| = 0.00337800986720784
LASCI micro 2 : |x_orb| = 0.138822459052146 ; |x_ci| = 0.00412960668233761
LASCI micro 3 : |x_orb| = 0.0729597752214435 ; |x_ci| = 0.00121726524892686
LASCI micro 4 : |x_orb| = 0.072332424276646 ; |x_ci| = 0.00104208490946552
LASCI micro 5 : |x_orb| = 0.0551799384567161 ; |x_ci| = 0.000816110260464275
LASCI subspace 0 with no orbsym information
LASCI subspace 1 with no orbsym information
LASCI subspace 2 with no orbsym information
LASCI subspace CI energies: [np.float64(-3.089254645121002), np.float64(-1.2367181563470917), np.float64(-3.0892550645195183)]
LASCI macro 12 : E = -537.054925316581 ; |g_int| = 0.000952150855795921 ; |g_ci| = 9.68955283196806e-06 ; |g_x| = 0
LASCI micro 1 : |x_orb| = 0.00937669564420917 ; |x_ci| = 0.000389548675367074
LASCI micro 2 : |x_orb| = 0.0116778268397512 ; |x_ci| = 0.000766003419056759
LASCI micro 3 : |x_orb| = 0.559998152088508 ; |x_ci| = 0.0152784752710554
Unstable microiteration aborted: ||x(n)|| > 10*||x(0)||
LASCI subspace 0 with no orbsym information
LASCI subspace 1 with no orbsym information
LASCI subspace 2 with no orbsym information
LASCI subspace CI energies: [np.float64(-3.0896758904535373), np.float64(-1.2367407448342487), np.float64(-3.089676271535841)]
LASCI macro 13 : E = -537.054927005422 ; |g_int| = 0.000951257720659704 ; |g_ci| = 5.15208951981023e-06 ; |g_x| = 0
LASCI micro 1 : |x_orb| = 0.0178595184130184 ; |x_ci| = 0.00043469475393046
LASCI micro 2 : |x_orb| = 0.0641935886388344 ; |x_ci| = 0.00312242697535146
LASCI micro 3 : |x_orb| = 0.0285698899783583 ; |x_ci| = 0.000622259583941347
LASCI micro 4 : |x_orb| = 0.0284584400250784 ; |x_ci| = 0.000592208602900327
LASCI micro 5 : |x_orb| = 0.0250285529303998 ; |x_ci| = 0.000459226864331331
LASCI subspace 0 with no orbsym information
LASCI subspace 1 with no orbsym information
LASCI subspace 2 with no orbsym information
LASCI subspace CI energies: [np.float64(-3.088892615138062), np.float64(-1.2366910806701636), np.float64(-3.0888930277675253)]
LASCI macro 14 : E = -537.0549247787 ; |g_int| = 0.000502653379046899 ; |g_ci| = 5.82945253909515e-06 ; |g_x| = 0
LASCI micro 1 : |x_orb| = 0.00550258305437789 ; |x_ci| = 0.000192113046156655
LASCI micro 2 : |x_orb| = 0.0126982543930936 ; |x_ci| = 0.00090472587527299
LASCI micro 3 : |x_orb| = 0.0161180206215271 ; |x_ci| = 0.000400181169686875
LASCI micro 4 : |x_orb| = 0.0147759547344013 ; |x_ci| = 0.00046539809299428
LASCI micro 5 : |x_orb| = 0.0124456293086784 ; |x_ci| = 0.000326931889693415
LASCI subspace 0 with no orbsym information
LASCI subspace 1 with no orbsym information
LASCI subspace 2 with no orbsym information
LASCI subspace CI energies: [np.float64(-3.088508625214369), np.float64(-1.2365551190679338), np.float64(-3.088508990430843)]
LASCI macro 15 : E = -537.054924231374 ; |g_int| = 0.000391134029440554 ; |g_ci| = 4.80728733165668e-06 ; |g_x| = 0
LASCI micro 1 : |x_orb| = 0.00151358984446175 ; |x_ci| = 7.48337397438974e-05
LASCI micro 2 : |x_orb| = 0.00180560234741702 ; |x_ci| = 0.000138128034285372
LASCI micro 3 : |x_orb| = 0.00839663656194131 ; |x_ci| = 0.000323559002769812
LASCI micro 4 : |x_orb| = 0.013150555817051 ; |x_ci| = 0.000771775122049499
LASCI micro 5 : |x_orb| = 0.00921231485645117 ; |x_ci| = 0.000440936911584403
LASCI subspace 0 with no orbsym information
LASCI subspace 1 with no orbsym information
LASCI subspace 2 with no orbsym information
LASCI subspace CI energies: [np.float64(-3.0882495104737098), np.float64(-1.2364938046607523), np.float64(-3.088250085116392)]
LASCI macro 16 : E = -537.054924075005 ; |g_int| = 0.00044144929345254 ; |g_ci| = 8.38779211476505e-06 ; |g_x| = 0
LASCI micro 1 : |x_orb| = 0.000446388056927413 ; |x_ci| = 3.27476993766151e-05
LASCI micro 2 : |x_orb| = 0.000485412962994696 ; |x_ci| = 4.45290195654886e-05
LASCI micro 3 : |x_orb| = 0.000536456330701662 ; |x_ci| = 5.08412950210521e-05
LASCI subspace 0 with no orbsym information
LASCI subspace 1 with no orbsym information
LASCI subspace 2 with no orbsym information
LASCI subspace CI energies: [np.float64(-3.0882287700169404), np.float64(-1.2363941614623108), np.float64(-3.088229167890635)]
LASCI macro 17 : E = -537.054924153845 ; |g_int| = 0.000261978758017166 ; |g_ci| = 2.02280714296535e-06 ; |g_x| = 0
LASCI subspace 0 with no orbsym information
LASCI subspace 1 with no orbsym information
LASCI subspace 2 with no orbsym information
LASCI subspace CI energies: [np.float64(-3.088241545095755), np.float64(-1.2364196010866153), np.float64(-3.088241941409695)]
LASCI macro 18 : E = -537.054924177456 ; |g_int| = 0.000135702056142076 ; |g_ci| = 7.83821083290429e-07 ; |g_x| = 0
LASCI subspace 0 with no orbsym information
LASCI subspace 1 with no orbsym information
LASCI subspace 2 with no orbsym information
LASCI subspace CI energies: [np.float64(-3.088248029431292), np.float64(-1.236432704321702), np.float64(-3.0882484079070496)]
LASCI macro 19 : E = -537.054924186149 ; |g_int| = 8.18590183483666e-05 ; |g_ci| = 4.0268702959952e-07 ; |g_x| = 0
LASCI converged after 20 cycles
LASCI E = -537.054924186149 ; |g_int| = 8.18590183483666e-05 ; |g_ci| = 4.0268702959952e-07 ; |g_ext| = 0
Fragment 0 natural orbitals
Natural occ [1.94217436 1.93968084 0.06065901 0.0574858 ]
Natural orbital (expansion on AOs) in CAS space
               #1        #2        #3        #4       
0 C 1s          -0.00001  -0.00000  -0.00000  -0.00002
0 C 2s           0.00001  -0.00000  -0.00000   0.00003
0 C 3s          -0.00002   0.00006   0.00009   0.00022
0 C 2px         -0.00001  -0.00000  -0.00000  -0.00002
0 C 2py          0.00001  -0.00000   0.00000   0.00001
0 C 2pz         -0.03787  -0.00234  -0.00438  -0.08114
0 C 3px          0.00004   0.00001  -0.00002   0.00004
0 C 3py         -0.00001   0.00006   0.00006   0.00007
0 C 3pz          0.00627   0.00879  -0.00749  -0.17959
1 C 1s           0.00000   0.00000   0.00000   0.00000
1 C 2s          -0.00000   0.00000   0.00000  -0.00000
1 C 3s          -0.00001  -0.00003  -0.00001  -0.00007
1 C 2px          0.00000  -0.00000   0.00000   0.00002
1 C 2py         -0.00001   0.00000   0.00000   0.00001
1 C 2pz         -0.34073  -0.04132   0.02280   0.48738
1 C 3px          0.00002   0.00003   0.00003   0.00010
1 C 3py          0.00002  -0.00003  -0.00004   0.00001
1 C 3pz         -0.26774  -0.03513   0.02114   0.45927
2 C 1s           0.00000   0.00000   0.00000   0.00000
2 C 2s          -0.00000  -0.00000  -0.00000   0.00000
2 C 3s          -0.00002   0.00000  -0.00000  -0.00003
2 C 2px          0.00000   0.00000   0.00001   0.00000
2 C 2py         -0.00000  -0.00001  -0.00001  -0.00000
2 C 2pz         -0.13908  -0.30123  -0.39441  -0.21051
2 C 3px         -0.00000  -0.00002  -0.00002  -0.00002
2 C 3py          0.00001  -0.00002  -0.00002   0.00002
2 C 3pz         -0.11096  -0.24577  -0.34514  -0.20349
3 C 1s          -0.00000   0.00000  -0.00000   0.00000
3 C 2s           0.00000  -0.00000   0.00000  -0.00000
3 C 3s           0.00001   0.00001   0.00002   0.00002
3 C 2px         -0.00000   0.00000  -0.00001   0.00000
3 C 2py          0.00000  -0.00000   0.00000  -0.00000
3 C 2pz          0.17383  -0.25762   0.35651  -0.21166
3 C 3px         -0.00000  -0.00001  -0.00002  -0.00001
3 C 3py         -0.00000   0.00000   0.00000  -0.00001
3 C 3pz          0.14436  -0.21132   0.33420  -0.18392
4 C 1s           0.00000   0.00000  -0.00000   0.00000
4 C 2s          -0.00000  -0.00000   0.00000  -0.00000
4 C 3s          -0.00000  -0.00000  -0.00000  -0.00002
4 C 2px         -0.00000  -0.00000  -0.00000  -0.00001
4 C 2py          0.00000   0.00000  -0.00000   0.00000
4 C 2pz          0.30022   0.04288   0.02771   0.39741
4 C 3px         -0.00000   0.00000   0.00000   0.00000
4 C 3py         -0.00000   0.00000   0.00001   0.00001
4 C 3pz          0.25330   0.03624   0.02812   0.36580
5 C 1s          -0.00000  -0.00000   0.00000   0.00000
5 C 2s           0.00000   0.00000  -0.00000  -0.00000
5 C 3s           0.00000   0.00001  -0.00000   0.00000
5 C 2px         -0.00000  -0.00001   0.00001   0.00001
5 C 2py          0.00000   0.00000  -0.00000   0.00000
5 C 2pz          0.10545   0.29677  -0.38692  -0.17177
5 C 3px         -0.00000  -0.00001   0.00001   0.00001
5 C 3py         -0.00000   0.00001   0.00001   0.00001
5 C 3pz          0.09087   0.24202  -0.35788  -0.14542
6 C 1s          -0.00000   0.00000  -0.00000  -0.00000
6 C 2s           0.00000  -0.00000   0.00000   0.00001
6 C 3s           0.00001  -0.00002  -0.00002  -0.00000
6 C 2px         -0.00000   0.00000  -0.00000  -0.00000
6 C 2py          0.00000  -0.00000  -0.00000   0.00000
6 C 2pz         -0.21343   0.25573   0.36702  -0.25913
6 C 3px         -0.00001  -0.00000   0.00001  -0.00000
6 C 3py          0.00000  -0.00001  -0.00001  -0.00002
6 C 3pz         -0.17719   0.20988   0.32427  -0.24176
7 C 1s          -0.00001  -0.00000   0.00000   0.00001
7 C 2s           0.00002   0.00000   0.00000  -0.00004
7 C 3s           0.00008  -0.00000  -0.00004  -0.00002
7 C 2px          0.00003   0.00000  -0.00000  -0.00004
7 C 2py         -0.00002  -0.00000   0.00000   0.00004
7 C 2pz          0.05144   0.00687   0.00416  -0.03497
7 C 3px          0.00001  -0.00007  -0.00005  -0.00011
7 C 3py         -0.00006   0.00001   0.00004  -0.00003
7 C 3pz          0.05971  -0.00081   0.00227  -0.00675
8 C 1s           0.00000   0.00000   0.00000  -0.00000
8 C 2s          -0.00001   0.00000  -0.00000   0.00001
8 C 3s          -0.00003  -0.00003  -0.00001  -0.00004
8 C 2px         -0.00002  -0.00000  -0.00000   0.00001
8 C 2py         -0.00000   0.00000   0.00000  -0.00000
8 C 2pz          0.00584   0.00060  -0.00015   0.01321
8 C 3px         -0.00003  -0.00004  -0.00002  -0.00008
8 C 3py          0.00003  -0.00003  -0.00004   0.00002
8 C 3pz          0.00221   0.00484   0.00051   0.01093
9 C 1s           0.00000   0.00000  -0.00000  -0.00000
9 C 2s          -0.00000   0.00000   0.00000   0.00000
9 C 3s           0.00000  -0.00003  -0.00003  -0.00000
9 C 2px          0.00000  -0.00000   0.00000  -0.00000
9 C 2py          0.00000   0.00000   0.00000   0.00000
9 C 2pz         -0.01243  -0.00135   0.00026   0.01267
9 C 3px          0.00002   0.00001  -0.00000   0.00003
9 C 3py          0.00001  -0.00002  -0.00002  -0.00001
9 C 3pz         -0.01364  -0.00304  -0.00043   0.01094
10 C 1s          0.00000   0.00000   0.00000   0.00000
10 C 2s         -0.00000  -0.00000  -0.00000  -0.00000
10 C 3s          0.00001   0.00001   0.00000   0.00002
10 C 2px        -0.00000   0.00000  -0.00000   0.00000
10 C 2py         0.00000  -0.00000  -0.00000   0.00000
10 C 2pz        -0.00211  -0.00037   0.00013  -0.00291
10 C 3px         0.00001   0.00000  -0.00000   0.00001
10 C 3py        -0.00000   0.00001   0.00001   0.00000
10 C 3pz        -0.00255  -0.00002   0.00059  -0.00264
11 C 1s          0.00000   0.00000   0.00000  -0.00000
11 C 2s         -0.00000   0.00000   0.00000   0.00000
11 C 3s         -0.00000  -0.00001  -0.00000  -0.00001
11 C 2px        -0.00000  -0.00000   0.00000   0.00000
11 C 2py        -0.00000   0.00000   0.00000  -0.00000
11 C 2pz         0.00821   0.00101  -0.00074  -0.00824
11 C 3px        -0.00001  -0.00000  -0.00000  -0.00001
11 C 3py        -0.00001   0.00000   0.00000  -0.00001
11 C 3pz         0.01160   0.00110  -0.00114  -0.00902
12 C 1s          0.00000   0.00000   0.00000  -0.00000
12 C 2s         -0.00000   0.00000   0.00000   0.00000
12 C 3s          0.00001   0.00000  -0.00000   0.00002
12 C 2px        -0.00000  -0.00000   0.00000   0.00000
12 C 2py        -0.00000  -0.00000  -0.00000   0.00000
12 C 2pz        -0.00217  -0.00017   0.00033  -0.00299
12 C 3px        -0.00000  -0.00000  -0.00000   0.00001
12 C 3py        -0.00001   0.00000   0.00000  -0.00001
12 C 3pz        -0.00187   0.00026   0.00062  -0.00252
13 C 1s         -0.00000  -0.00000   0.00000   0.00000
13 C 2s          0.00000   0.00000  -0.00000  -0.00000
13 C 3s         -0.00002   0.00000   0.00002  -0.00005
13 C 2px         0.00001   0.00000   0.00000  -0.00001
13 C 2py        -0.00000  -0.00000  -0.00000   0.00000
13 C 2pz        -0.01273  -0.00146   0.00019   0.01004
13 C 3px         0.00000   0.00001   0.00000   0.00000
13 C 3py         0.00001   0.00001  -0.00000   0.00004
13 C 3pz        -0.01550  -0.00325  -0.00014   0.00898
14 H 1s          0.00000   0.00000  -0.00000  -0.00001
14 H 2s          0.00001   0.00003   0.00002  -0.00002
15 H 1s         -0.00000  -0.00000  -0.00000   0.00000
15 H 2s         -0.00001  -0.00000   0.00000  -0.00001
16 H 1s          0.00000   0.00000  -0.00000   0.00000
16 H 2s          0.00000  -0.00000   0.00000   0.00001
17 H 1s         -0.00000  -0.00000  -0.00000   0.00000
17 H 2s         -0.00000  -0.00000  -0.00000  -0.00000
18 H 1s          0.00000  -0.00000   0.00000   0.00000
18 H 2s         -0.00000   0.00000   0.00000   0.00001
19 H 1s         -0.00000  -0.00000   0.00000   0.00000
19 H 2s         -0.00000  -0.00001  -0.00000  -0.00001
20 H 1s         -0.00001   0.00000   0.00000   0.00000
20 H 2s          0.00002   0.00001  -0.00001   0.00003
21 H 1s         -0.00000   0.00000   0.00000  -0.00000
21 H 2s          0.00000  -0.00001  -0.00001  -0.00002
22 H 1s          0.00000   0.00000   0.00000  -0.00000
22 H 2s          0.00000   0.00000   0.00000   0.00000
23 H 1s         -0.00000  -0.00000   0.00000  -0.00000
23 H 2s         -0.00000  -0.00000   0.00000  -0.00000
24 H 1s          0.00000   0.00000  -0.00000  -0.00000
24 H 2s          0.00000  -0.00000  -0.00000   0.00000
25 H 1s          0.00000  -0.00000  -0.00000  -0.00000
25 H 2s         -0.00000  -0.00001  -0.00000  -0.00002
Fragment 1 natural orbitals
Natural occ [1.92570708 0.07429292]
Natural orbital (expansion on AOs) in CAS space
               #1        #2       
0 C 1s          -0.00012  -0.00011
0 C 2s           0.00027   0.00024
0 C 3s           0.00020   0.00197
0 C 2px         -0.00018  -0.00022
0 C 2py          0.00010   0.00010
0 C 2pz         -0.39418  -0.58888
0 C 3px         -0.00007  -0.00008
0 C 3py          0.00003   0.00064
0 C 3pz         -0.29750  -0.42518
1 C 1s           0.00000   0.00004
1 C 2s          -0.00001  -0.00006
1 C 3s          -0.00003  -0.00041
1 C 2px         -0.00001   0.00014
1 C 2py         -0.00001   0.00003
1 C 2pz         -0.02829   0.06451
1 C 3px         -0.00003   0.00079
1 C 3py         -0.00002  -0.00018
1 C 3pz          0.02339   0.15337
2 C 1s           0.00000  -0.00000
2 C 2s          -0.00001   0.00002
2 C 3s           0.00001  -0.00007
2 C 2px          0.00001  -0.00001
2 C 2py          0.00001  -0.00000
2 C 2pz          0.04711   0.03879
2 C 3px          0.00001  -0.00023
2 C 3py         -0.00002   0.00007
2 C 3pz          0.04118   0.01754
3 C 1s          -0.00000   0.00000
3 C 2s           0.00000  -0.00000
3 C 3s          -0.00001   0.00015
3 C 2px         -0.00001   0.00001
3 C 2py         -0.00000  -0.00000
3 C 2pz          0.01054  -0.02323
3 C 3px         -0.00001  -0.00005
3 C 3py          0.00001  -0.00002
3 C 3pz          0.01066  -0.03041
4 C 1s           0.00000   0.00000
4 C 2s          -0.00000   0.00001
4 C 3s           0.00001  -0.00009
4 C 2px          0.00000  -0.00000
4 C 2py          0.00000   0.00000
4 C 2pz         -0.02048  -0.01355
4 C 3px         -0.00001   0.00006
4 C 3py          0.00001   0.00003
4 C 3pz         -0.03134  -0.00425
5 C 1s           0.00000   0.00001
5 C 2s           0.00000  -0.00001
5 C 3s          -0.00003   0.00016
5 C 2px         -0.00000   0.00002
5 C 2py         -0.00000   0.00000
5 C 2pz          0.00898  -0.01985
5 C 3px          0.00002  -0.00004
5 C 3py         -0.00000   0.00008
5 C 3pz          0.00538  -0.03097
6 C 1s          -0.00000  -0.00001
6 C 2s           0.00000   0.00004
6 C 3s           0.00003  -0.00035
6 C 2px          0.00000  -0.00003
6 C 2py          0.00001   0.00001
6 C 2pz          0.04594   0.05073
6 C 3px          0.00003  -0.00008
6 C 3py          0.00003  -0.00027
6 C 3pz          0.04888   0.03347
7 C 1s           0.00002   0.00002
7 C 2s          -0.00006  -0.00010
7 C 3s           0.00003  -0.00068
7 C 2px          0.00004  -0.00014
7 C 2py         -0.00011   0.00023
7 C 2pz         -0.39418   0.58888
7 C 3px         -0.00008  -0.00058
7 C 3py         -0.00003   0.00031
7 C 3pz         -0.29750   0.42518
8 C 1s           0.00000   0.00001
8 C 2s          -0.00001  -0.00001
8 C 3s          -0.00006  -0.00003
8 C 2px         -0.00002  -0.00002
8 C 2py          0.00001  -0.00001
8 C 2pz         -0.02829  -0.06451
8 C 3px         -0.00012  -0.00016
8 C 3py         -0.00005  -0.00011
8 C 3pz          0.02339  -0.15337
9 C 1s           0.00000  -0.00001
9 C 2s          -0.00000   0.00002
9 C 3s          -0.00007  -0.00008
9 C 2px         -0.00002   0.00003
9 C 2py         -0.00000   0.00000
9 C 2pz          0.04711  -0.03879
9 C 3px          0.00001   0.00002
9 C 3py         -0.00005  -0.00009
9 C 3pz          0.04118  -0.01754
10 C 1s         -0.00000   0.00000
10 C 2s          0.00000  -0.00000
10 C 3s          0.00003  -0.00000
10 C 2px         0.00000  -0.00001
10 C 2py         0.00000  -0.00000
10 C 2pz         0.01054   0.02323
10 C 3px         0.00000  -0.00002
10 C 3py         0.00002   0.00001
10 C 3pz         0.01066   0.03041
11 C 1s          0.00000  -0.00000
11 C 2s          0.00000   0.00000
11 C 3s         -0.00001  -0.00003
11 C 2px         0.00000  -0.00000
11 C 2py         0.00000  -0.00000
11 C 2pz        -0.02048   0.01355
11 C 3px        -0.00000   0.00000
11 C 3py         0.00000  -0.00001
11 C 3pz        -0.03134   0.00425
12 C 1s          0.00000   0.00000
12 C 2s         -0.00000   0.00001
12 C 3s          0.00001  -0.00005
12 C 2px        -0.00001  -0.00000
12 C 2py        -0.00000   0.00000
12 C 2pz         0.00898   0.01985
12 C 3px        -0.00000  -0.00005
12 C 3py         0.00000  -0.00003
12 C 3pz         0.00538   0.03097
13 C 1s         -0.00000   0.00000
13 C 2s          0.00001   0.00000
13 C 3s          0.00001  -0.00000
13 C 2px         0.00001   0.00001
13 C 2py        -0.00000   0.00000
13 C 2pz         0.04594  -0.05073
13 C 3px         0.00002  -0.00007
13 C 3py         0.00002   0.00006
13 C 3pz         0.04888  -0.03347
14 H 1s          0.00003  -0.00014
14 H 2s         -0.00002  -0.00014
15 H 1s         -0.00000   0.00000
15 H 2s          0.00002  -0.00005
16 H 1s         -0.00000   0.00000
16 H 2s         -0.00000   0.00000
17 H 1s          0.00000  -0.00000
17 H 2s          0.00000  -0.00003
18 H 1s         -0.00000   0.00001
18 H 2s          0.00000   0.00003
19 H 1s         -0.00000   0.00001
19 H 2s          0.00001  -0.00007
20 H 1s         -0.00003  -0.00004
20 H 2s         -0.00006   0.00001
21 H 1s         -0.00000   0.00001
21 H 2s         -0.00003  -0.00003
22 H 1s         -0.00000   0.00000
22 H 2s          0.00000   0.00000
23 H 1s         -0.00000  -0.00000
23 H 2s         -0.00000  -0.00000
24 H 1s          0.00000   0.00000
24 H 2s         -0.00000  -0.00000
25 H 1s          0.00000   0.00000
25 H 2s         -0.00002  -0.00003
Fragment 2 natural orbitals
Natural occ [1.94217438 1.93968092 0.06065893 0.05748576]
Natural orbital (expansion on AOs) in CAS space
               #1        #2        #3        #4       
0 C 1s           0.00000   0.00000   0.00000  -0.00000
0 C 2s          -0.00001  -0.00000  -0.00001   0.00002
0 C 3s          -0.00007   0.00002   0.00003  -0.00027
0 C 2px          0.00002   0.00000   0.00000  -0.00002
0 C 2py         -0.00001   0.00000   0.00000   0.00002
0 C 2pz          0.05144   0.00687   0.00416  -0.03497
0 C 3px          0.00001  -0.00008  -0.00006  -0.00003
0 C 3py         -0.00005   0.00002   0.00003  -0.00012
0 C 3pz          0.05971  -0.00081   0.00227  -0.00675
1 C 1s          -0.00000  -0.00000  -0.00000  -0.00000
1 C 2s           0.00000   0.00000   0.00000   0.00000
1 C 3s           0.00003   0.00003   0.00001   0.00007
1 C 2px         -0.00001  -0.00000  -0.00000  -0.00000
1 C 2py         -0.00000   0.00000   0.00000  -0.00000
1 C 2pz          0.00584   0.00060  -0.00015   0.01321
1 C 3px         -0.00003  -0.00004  -0.00002  -0.00013
1 C 3py          0.00002  -0.00004  -0.00004   0.00003
1 C 3pz          0.00221   0.00484   0.00051   0.01093
2 C 1s          -0.00000  -0.00000   0.00000   0.00000
2 C 2s          -0.00000  -0.00000  -0.00000  -0.00000
2 C 3s           0.00000   0.00003   0.00003   0.00001
2 C 2px          0.00000  -0.00000   0.00000  -0.00000
2 C 2py          0.00000   0.00000   0.00000   0.00000
2 C 2pz         -0.01243  -0.00135   0.00026   0.01267
2 C 3px          0.00002   0.00000  -0.00000   0.00004
2 C 3py          0.00001  -0.00003  -0.00002  -0.00001
2 C 3pz         -0.01364  -0.00304  -0.00043   0.01094
3 C 1s          -0.00000  -0.00000  -0.00000  -0.00000
3 C 2s           0.00000   0.00000   0.00000   0.00000
3 C 3s          -0.00001  -0.00001  -0.00000  -0.00003
3 C 2px         -0.00000  -0.00000  -0.00000  -0.00000
3 C 2py         -0.00000  -0.00000  -0.00000   0.00000
3 C 2pz         -0.00211  -0.00037   0.00013  -0.00291
3 C 3px          0.00001  -0.00000  -0.00000   0.00001
3 C 3py         -0.00000   0.00001   0.00001   0.00001
3 C 3pz         -0.00255  -0.00002   0.00059  -0.00264
4 C 1s          -0.00000  -0.00000  -0.00000  -0.00000
4 C 2s           0.00000  -0.00000  -0.00000  -0.00000
4 C 3s           0.00000   0.00001   0.00000   0.00002
4 C 2px         -0.00000  -0.00000  -0.00000   0.00000
4 C 2py          0.00000   0.00000   0.00000   0.00000
4 C 2pz          0.00821   0.00101  -0.00074  -0.00824
4 C 3px         -0.00000  -0.00000  -0.00000  -0.00001
4 C 3py         -0.00000   0.00000   0.00000  -0.00001
4 C 3pz          0.01160   0.00110  -0.00114  -0.00902
5 C 1s          -0.00000  -0.00000  -0.00000  -0.00000
5 C 2s           0.00000  -0.00000  -0.00000   0.00000
5 C 3s          -0.00001  -0.00000   0.00000  -0.00004
5 C 2px         -0.00000  -0.00000  -0.00000   0.00000
5 C 2py         -0.00000  -0.00000  -0.00000  -0.00000
5 C 2pz         -0.00217  -0.00017   0.00034  -0.00299
5 C 3px          0.00000  -0.00000  -0.00000   0.00001
5 C 3py         -0.00000   0.00000   0.00000  -0.00001
5 C 3pz         -0.00187   0.00026   0.00062  -0.00252
6 C 1s           0.00000   0.00000   0.00000  -0.00000
6 C 2s          -0.00000  -0.00000   0.00000  -0.00000
6 C 3s           0.00001  -0.00001  -0.00002   0.00006
6 C 2px          0.00000   0.00000   0.00000  -0.00000
6 C 2py         -0.00000  -0.00000  -0.00000   0.00000
6 C 2pz         -0.01273  -0.00146   0.00019   0.01004
6 C 3px          0.00000   0.00001   0.00000   0.00002
6 C 3py          0.00001   0.00000  -0.00000   0.00005
6 C 3pz         -0.01550  -0.00325  -0.00014   0.00898
7 C 1s           0.00000   0.00000   0.00000   0.00000
7 C 2s          -0.00000   0.00001   0.00001  -0.00001
7 C 3s          -0.00001  -0.00008  -0.00006   0.00016
7 C 2px         -0.00000  -0.00000   0.00000  -0.00000
7 C 2py         -0.00001  -0.00000   0.00000  -0.00002
7 C 2pz         -0.03787  -0.00234  -0.00438  -0.08114
7 C 3px          0.00004   0.00000  -0.00002   0.00010
7 C 3py         -0.00002   0.00008   0.00007  -0.00002
7 C 3pz          0.00627   0.00879  -0.00748  -0.17960
8 C 1s          -0.00000  -0.00000   0.00000   0.00000
8 C 2s           0.00001  -0.00000  -0.00000  -0.00001
8 C 3s           0.00003   0.00004   0.00001  -0.00002
8 C 2px          0.00007   0.00001  -0.00000  -0.00009
8 C 2py         -0.00000   0.00000  -0.00000   0.00000
8 C 2pz         -0.34073  -0.04131   0.02279   0.48738
8 C 3px          0.00007   0.00004   0.00003  -0.00007
8 C 3py          0.00004  -0.00004  -0.00006  -0.00001
8 C 3pz         -0.26774  -0.03512   0.02113   0.45927
9 C 1s           0.00000   0.00000   0.00000   0.00000
9 C 2s          -0.00000  -0.00000  -0.00000  -0.00000
9 C 3s           0.00003  -0.00001  -0.00002  -0.00001
9 C 2px          0.00002   0.00005   0.00007   0.00004
9 C 2py         -0.00001  -0.00001  -0.00001  -0.00000
9 C 2pz         -0.13909  -0.30123  -0.39440  -0.21052
9 C 3px          0.00002   0.00002   0.00003   0.00002
9 C 3py          0.00002  -0.00002  -0.00003   0.00000
9 C 3pz         -0.11097  -0.24577  -0.34514  -0.20350
10 C 1s          0.00000  -0.00000   0.00000  -0.00000
10 C 2s          0.00000   0.00000  -0.00000   0.00000
10 C 3s         -0.00001  -0.00002  -0.00002  -0.00000
10 C 2px        -0.00003   0.00004  -0.00006   0.00004
10 C 2py         0.00000  -0.00001   0.00001  -0.00000
10 C 2pz         0.17383  -0.25763   0.35651  -0.21165
10 C 3px        -0.00002   0.00002  -0.00007   0.00003
10 C 3py        -0.00001  -0.00000   0.00001  -0.00001
10 C 3pz         0.14435  -0.21132   0.33421  -0.18391
11 C 1s         -0.00000  -0.00000  -0.00000  -0.00000
11 C 2s          0.00000  -0.00000   0.00000  -0.00000
11 C 3s          0.00001   0.00000   0.00001   0.00002
11 C 2px        -0.00005  -0.00001  -0.00000  -0.00007
11 C 2py         0.00000   0.00000  -0.00000   0.00001
11 C 2pz         0.30022   0.04287   0.02770   0.39741
11 C 3px        -0.00004  -0.00000   0.00000  -0.00006
11 C 3py         0.00000   0.00001   0.00001   0.00001
11 C 3pz         0.25330   0.03623   0.02812   0.36580
12 C 1s         -0.00000  -0.00000   0.00000   0.00000
12 C 2s          0.00000   0.00000  -0.00000  -0.00000
12 C 3s         -0.00000  -0.00001  -0.00002   0.00000
12 C 2px        -0.00002  -0.00005   0.00007   0.00003
12 C 2py         0.00000   0.00000  -0.00000  -0.00000
12 C 2pz         0.10546   0.29676  -0.38692  -0.17178
12 C 3px        -0.00002  -0.00005   0.00006   0.00003
12 C 3py        -0.00000   0.00001   0.00001   0.00001
12 C 3pz         0.09088   0.24202  -0.35788  -0.14543
13 C 1s          0.00000  -0.00000  -0.00000  -0.00000
13 C 2s         -0.00000   0.00000   0.00000  -0.00000
13 C 3s         -0.00002   0.00003   0.00005   0.00001
13 C 2px         0.00004  -0.00004  -0.00006   0.00005
13 C 2py         0.00000   0.00000  -0.00000  -0.00001
13 C 2pz        -0.21342   0.25573   0.36703  -0.25913
13 C 3px         0.00002  -0.00003  -0.00005   0.00006
13 C 3py         0.00000  -0.00002  -0.00003  -0.00002
13 C 3pz        -0.17718   0.20989   0.32427  -0.24175
14 H 1s         -0.00000  -0.00000  -0.00000   0.00001
14 H 2s         -0.00002   0.00000   0.00000  -0.00001
15 H 1s          0.00000  -0.00000  -0.00000   0.00000
15 H 2s         -0.00001   0.00001   0.00001   0.00002
16 H 1s         -0.00000  -0.00000  -0.00000  -0.00000
16 H 2s         -0.00000  -0.00000  -0.00000  -0.00000
17 H 1s          0.00000  -0.00000  -0.00000   0.00000
17 H 2s          0.00000   0.00000   0.00000   0.00000
18 H 1s         -0.00000  -0.00000   0.00000  -0.00000
18 H 2s         -0.00000   0.00000   0.00000  -0.00000
19 H 1s         -0.00000   0.00000  -0.00000  -0.00000
19 H 2s          0.00000   0.00000   0.00000   0.00002
20 H 1s         -0.00001  -0.00000   0.00000   0.00001
20 H 2s         -0.00000  -0.00004  -0.00003  -0.00004
21 H 1s         -0.00000   0.00000   0.00000  -0.00000
21 H 2s          0.00001  -0.00000   0.00000   0.00001
22 H 1s         -0.00000   0.00000   0.00000  -0.00000
22 H 2s         -0.00000   0.00000  -0.00000  -0.00000
23 H 1s          0.00000  -0.00000   0.00000   0.00000
23 H 2s          0.00000   0.00000   0.00000   0.00000
24 H 1s         -0.00000  -0.00000   0.00000  -0.00000
24 H 2s          0.00000  -0.00000  -0.00000  -0.00000
25 H 1s         -0.00000  -0.00000  -0.00000  -0.00000
25 H 2s          0.00000   0.00001   0.00001   0.00001
LASCI energy = -537.054924186149

******** CASCI flags ********
CAS (5e+5e, 10o), ncore = 43, nvir = 97
natorb = False
canonicalization = True
sorting_mo_energy = False
max_memory 4000 (MB)
******** <class 'pyscf.fci.direct_spin1.FCISolver'> ********
max. cycles = 200
conv_tol = 1e-08
davidson only = False
linear dependence = 1e-12
level shift = 0.001
max iter space = 12
max_memory 4000 MB
nroots = 1
pspace_size = 400
spin = None
Density matrix diagonal elements [1.93383471 1.93702541 0.06328293 0.06595273 1.90833946 0.09146897
 1.93383468 1.93702554 0.06328283 0.06595274]
CASCI converged
CASCI E = -537.062250390164  E(CI) = -11.4039428372491  S^2 = 0.0000000

******** CASCI flags ********
CAS (5e+5e, 10o), ncore = 43, nvir = 97
natorb = False
canonicalization = True
sorting_mo_energy = False
max_memory 4000 (MB)
******** <class 'mrh.exploratory.unitary_cc.lasuccsd.FCISolver_USCC'> ********
max. cycles = 100
conv_tol = 1e-10
davidson only = False
linear dependence = 1e-14
level shift = 0.001
max iter space = 12
max_memory 4000 MB
nroots = 1
pspace_size = 400
spin = None
LASCI object has 105 degrees of freedom
iteration 0, E = -537.058667, |x| = 1.276585e-01, |g| = 8.256948e-02
iteration 1, E = -537.060705, |x| = 9.462870e-02, |g| = 7.479568e-03
iteration 2, E = -537.060728, |x| = 9.629961e-02, |g| = 4.027697e-03
iteration 3, E = -537.060731, |x| = 9.770188e-02, |g| = 2.600657e-03
iteration 4, E = -537.060733, |x| = 9.776059e-02, |g| = 1.060582e-03
iteration 5, E = -537.060733, |x| = 9.754652e-02, |g| = 6.450023e-04
iteration 6, E = -537.060734, |x| = 9.748584e-02, |g| = 7.318729e-04
iteration 7, E = -537.060735, |x| = 9.753648e-02, |g| = 1.042909e-03
iteration 8, E = -537.060743, |x| = 1.011419e-01, |g| = 3.325501e-03
iteration 9, E = -537.060755, |x| = 1.212178e-01, |g| = 5.521974e-03
iteration 10, E = -537.060768, |x| = 1.646401e-01, |g| = 5.881500e-03
iteration 11, E = -537.060776, |x| = 1.932470e-01, |g| = 3.633183e-03
iteration 12, E = -537.060778, |x| = 1.949060e-01, |g| = 2.269983e-03
iteration 13, E = -537.060780, |x| = 1.871571e-01, |g| = 6.516269e-04
iteration 14, E = -537.060780, |x| = 1.880574e-01, |g| = 2.441457e-04
iteration 15, E = -537.060780, |x| = 1.884723e-01, |g| = 2.585489e-04
iteration 16, E = -537.060780, |x| = 1.889654e-01, |g| = 3.639320e-04
iteration 17, E = -537.060781, |x| = 1.925068e-01, |g| = 1.270974e-03
iteration 18, E = -537.060782, |x| = 1.989228e-01, |g| = 2.260731e-03
iteration 19, E = -537.060784, |x| = 2.056554e-01, |g| = 2.696708e-03
iteration 20, E = -537.060786, |x| = 2.099998e-01, |g| = 1.865082e-03
iteration 21, E = -537.060787, |x| = 2.079502e-01, |g| = 5.021360e-04
iteration 22, E = -537.060787, |x| = 2.075950e-01, |g| = 1.562327e-04
iteration 23, E = -537.060787, |x| = 2.078337e-01, |g| = 1.751255e-04
iteration 24, E = -537.060787, |x| = 2.082422e-01, |g| = 2.393924e-04
iteration 25, E = -537.060787, |x| = 2.087760e-01, |g| = 3.182232e-04
iteration 26, E = -537.060787, |x| = 2.096202e-01, |g| = 4.187483e-04
iteration 27, E = -537.060787, |x| = 2.111074e-01, |g| = 5.598687e-04
iteration 28, E = -537.060788, |x| = 2.138920e-01, |g| = 7.685354e-04
iteration 29, E = -537.060789, |x| = 2.194823e-01, |g| = 1.084834e-03
iteration 30, E = -537.060791, |x| = 2.315379e-01, |g| = 1.559746e-03
iteration 31, E = -537.060793, |x| = 2.592204e-01, |g| = 2.180416e-03
iteration 32, E = -537.060796, |x| = 3.039942e-01, |g| = 2.380651e-03
iteration 33, E = -537.060799, |x| = 3.510661e-01, |g| = 1.542428e-03
iteration 34, E = -537.060800, |x| = 3.644517e-01, |g| = 4.210833e-04
iteration 35, E = -537.060800, |x| = 3.603499e-01, |g| = 1.947731e-04
iteration 36, E = -537.060800, |x| = 3.533406e-01, |g| = 1.554534e-04
iteration 37, E = -537.060800, |x| = 3.514436e-01, |g| = 1.452458e-04
iteration 38, E = -537.060800, |x| = 3.497246e-01, |g| = 1.835709e-04
iteration 39, E = -537.060800, |x| = 3.484380e-01, |g| = 2.632313e-04
iteration 40, E = -537.060801, |x| = 3.474656e-01, |g| = 3.883865e-04
iteration 41, E = -537.060801, |x| = 3.470502e-01, |g| = 5.860043e-04
iteration 42, E = -537.060803, |x| = 3.532169e-01, |g| = 2.322737e-03
iteration 43, E = -537.060806, |x| = 3.766026e-01, |g| = 4.712167e-03
iteration 44, E = -537.060810, |x| = 4.114900e-01, |g| = 7.399534e-03
iteration 45, E = -537.060816, |x| = 4.160082e-01, |g| = 7.198382e-03
iteration 46, E = -537.060828, |x| = 4.304853e-01, |g| = 5.736429e-03
iteration 47, E = -537.060841, |x| = 4.412760e-01, |g| = 1.174680e-03
iteration 48, E = -537.060841, |x| = 4.572629e-01, |g| = 7.846523e-04
iteration 49, E = -537.060842, |x| = 4.657991e-01, |g| = 1.942890e-04
iteration 50, E = -537.060842, |x| = 4.679755e-01, |g| = 9.376017e-05
iteration 51, E = -537.060842, |x| = 4.680742e-01, |g| = 4.792294e-05
iteration 52, E = -537.060842, |x| = 4.681674e-01, |g| = 5.130693e-05
iteration 53, E = -537.060842, |x| = 4.683262e-01, |g| = 6.982538e-05
iteration 54, E = -537.060842, |x| = 4.685972e-01, |g| = 1.010325e-04
iteration 55, E = -537.060842, |x| = 4.690797e-01, |g| = 1.500679e-04
iteration 56, E = -537.060842, |x| = 4.699652e-01, |g| = 2.266564e-04
iteration 57, E = -537.060842, |x| = 4.716372e-01, |g| = 3.473442e-04
iteration 58, E = -537.060842, |x| = 4.748555e-01, |g| = 5.377348e-04
iteration 59, E = -537.060842, |x| = 4.811662e-01, |g| = 8.309056e-04
iteration 60, E = -537.060843, |x| = 4.934570e-01, |g| = 1.241022e-03
iteration 61, E = -537.060843, |x| = 5.119455e-01, |g| = 1.590818e-03
iteration 62, E = -537.060844, |x| = 5.399008e-01, |g| = 1.741314e-03
iteration 63, E = -537.060845, |x| = 5.805860e-01, |g| = 1.441911e-03
iteration 64, E = -537.060846, |x| = 6.051194e-01, |g| = 6.591263e-04
iteration 65, E = -537.060846, |x| = 6.030826e-01, |g| = 1.443444e-04
iteration 66, E = -537.060846, |x| = 5.981100e-01, |g| = 5.717688e-05
iteration 67, E = -537.060846, |x| = 5.957882e-01, |g| = 4.791837e-05
iteration 68, E = -537.060846, |x| = 5.943248e-01, |g| = 4.581886e-05
iteration 69, E = -537.060846, |x| = 5.932194e-01, |g| = 5.638188e-05
iteration 70, E = -537.060846, |x| = 5.921817e-01, |g| = 7.472708e-05
iteration 71, E = -537.060846, |x| = 5.911836e-01, |g| = 1.017011e-04
iteration 72, E = -537.060846, |x| = 5.904044e-01, |g| = 1.369023e-04
iteration 73, E = -537.060846, |x| = 5.906312e-01, |g| = 1.750173e-04
iteration 74, E = -537.060846, |x| = 5.938933e-01, |g| = 1.760987e-04
iteration 75, E = -537.060846, |x| = 5.977162e-01, |g| = 1.219440e-04
iteration 76, E = -537.060846, |x| = 6.027730e-01, |g| = 3.085838e-05
iteration 77, E = -537.060846, |x| = 6.038192e-01, |g| = 1.577917e-05
iteration 78, E = -537.060846, |x| = 6.039618e-01, |g| = 1.645656e-05
iteration 79, E = -537.060846, |x| = 6.040384e-01, |g| = 1.844826e-05
iteration 80, E = -537.060846, |x| = 6.041063e-01, |g| = 2.231278e-05
iteration 81, E = -537.060846, |x| = 6.042112e-01, |g| = 2.724243e-05
iteration 82, E = -537.060846, |x| = 6.043812e-01, |g| = 3.456386e-05
iteration 83, E = -537.060846, |x| = 6.046892e-01, |g| = 4.507085e-05
iteration 84, E = -537.060846, |x| = 6.052510e-01, |g| = 6.035681e-05
iteration 85, E = -537.060846, |x| = 6.063167e-01, |g| = 8.119684e-05
iteration 86, E = -537.060846, |x| = 6.083020e-01, |g| = 1.040646e-04
iteration 87, E = -537.060846, |x| = 6.095780e-01, |g| = 9.590887e-05
iteration 88, E = -537.060846, |x| = 6.106494e-01, |g| = 5.200434e-05
iteration 89, E = -537.060846, |x| = 6.105003e-01, |g| = 1.468789e-05
iteration 90, E = -537.060846, |x| = 6.101694e-01, |g| = 9.878153e-06
iteration 91, E = -537.060846, |x| = 6.100669e-01, |g| = 9.611496e-06
iteration 92, E = -537.060846, |x| = 6.099549e-01, |g| = 9.283404e-06
iteration 93, E = -537.060846, |x| = 6.098490e-01, |g| = 1.002104e-05
iteration 94, E = -537.060846, |x| = 6.097337e-01, |g| = 1.205143e-05
iteration 95, E = -537.060846, |x| = 6.096112e-01, |g| = 1.642087e-05
iteration 96, E = -537.060846, |x| = 6.094788e-01, |g| = 2.320124e-05
iteration 97, E = -537.060846, |x| = 6.093653e-01, |g| = 3.378774e-05
iteration 98, E = -537.060846, |x| = 6.093448e-01, |g| = 4.861629e-05
iteration 99, E = -537.060846, |x| = 6.096438e-01, |g| = 6.753658e-05
iteration 100, E = -537.060846, |x| = 6.106609e-01, |g| = 7.747504e-05
iteration 101, E = -537.060846, |x| = 6.122234e-01, |g| = 6.145100e-05
iteration 102, E = -537.060846, |x| = 6.142359e-01, |g| = 2.113923e-05
iteration 103, E = -537.060846, |x| = 6.148333e-01, |g| = 3.952850e-06
iteration 104, E = -537.060846, |x| = 6.148226e-01, |g| = 3.064853e-06
iteration 105, E = -537.060846, |x| = 6.147818e-01, |g| = 1.913460e-06
Fragment 0 local quantum numbers
<N>,<Sz>,<S^2> = 3.999980, 0.000000, 0.003564
Fragment 1 local quantum numbers
<N>,<Sz>,<S^2> = 1.999906, -0.000000, 0.006636
Fragment 2 local quantum numbers
<N>,<Sz>,<S^2> = 4.000113, -0.000000, 0.003328
Whole system quantum numbers
<N>,<Sz>,<S^2> = 10.000000, 0.000000, 0.000599
Density matrix diagonal elements [1.93646972 1.93831966 0.06191465 0.06327631 1.91254244 0.08736395
 1.9390855  1.93901766 0.06140409 0.06060602]
CASCI converged
CASCI E = -537.060846401495  E(CI) = -11.4025388485805  S^2 = 0.0005991
