#INFO: **** input file is /project/lgagliardi/tuy/qchem/las-uscc-noci/working/stilbene/stil-120.py ****
# test the distribution of the nearest neighbor excitations

import numpy as np
import pyscf
from pyscf import gto, scf, lib, mcscf
from mrh.my_pyscf.mcscf.lasscf_o0 import LASSCF
from mrh.exploratory.unitary_cc import lasuccsd
from mrh.exploratory.unitary_cc.uccsd_sym0 import get_uccsd_op
from mrh.exploratory.citools import grad, lasci_ominus1
from mrh.exploratory.citools import fockspace


from typing import Iterable, Union
from typing import Dict, List, Any, TypedDict
import copy
import pickle
from enum import Enum
from scipy.linalg import eigh
from scipy import optimize
import sys

VERBOSE = 4
if len(sys.argv) > 1:
    try:
        AMPLITUDE = float(sys.argv[1])
        print(f"Using AMPLITUDE argument: {AMPLITUDE}")
    except ValueError:
        print("Invalid AMPLITUDE argument, using default value 1.")
        AMPLITUDE = 1
else:
    AMPLITUDE = 1

def flatten(seq: Iterable) -> list:
    result = []
    for item in seq:
        if isinstance(item, (list, tuple, np.ndarray)):
            result.extend(flatten(item))
        else:
            result.append(item)
    return result


def cilas2f(lasci, norb_f, nelec_f):
    ''' nelec (na, nb)'''
    ci_f = []
    for i, ci in enumerate(lasci):
        ci_f.append(fockspace.hilbert2fock(ci, norb_f[i], nelec_f[i])[0])
    return ci_f

class MolConfig(TypedDict):
    # basic
    name : str
    xyz: str
    basis: str
    ncas: List[int]
    nelecas: List[int]
    spinsub: List[int]
    frag_atom_list: Any  # Can be List or Tuple depending on usage
    frag_spin_orb: Any
    adj: List[List[int]]

class TestConfig(TypedDict):
    epsilon: float
    # nearest neighbor parameters
    nn: bool
    # non-orthogonal configuration interaction parameters
    init_method: str # 'random' or 'uscc_opt' or 'load x'
    # max_nx: int  # max number of excitations per configuration
    # min_nc: int
    # test choices
    grad_test: bool
    noci_test: bool  
    frozen: str

def get_Sij(psi_i, psi_j, h):
    """Compute the overlap Sij = <psi_i|psi_j>."""
    ucj, _ = psi_j.hc_x(psi_j.x, h)[1:3]
    uci, _ = psi_i.hc_x(psi_i.x, h)[1:3]
    ucj, uci = ucj.ravel(), uci.ravel()
    Sij = uci.conj().dot(ucj)
    return Sij


def get_Sij_Hij(psi_i, psi_j, h):
    ucj, hucj = psi_j.hc_x (psi_j.x, h)[1:3]
    uci, huci = psi_i.hc_x (psi_i.x, h)[1:3]
    ucj, hucj = ucj.ravel (), hucj.ravel ()
    uci = uci.ravel ()
    Sij = uci.conj ().dot (ucj)
    Hij = uci.conj ().dot (hucj)
    return Sij, Hij


def arr_split(arr, n):
    """Split an array into n nearly equal parts."""
    k, m = divmod(len(arr), n)
    return list(arr[i * k + min(i, m):(i + 1) * k + min(i + 1, m)] for i in range(n))

def print_matrix(mat):
    for row in mat:
        print("  ".join(f"{x:.17f}" for x in row))

def zip_excitations(a_idxs, i_idxs):
    excitations = []
    for a, i in zip(a_idxs, i_idxs):
        excitations.append((tuple(i), tuple(a[::-1])))
    return excitations

def print_excitations(a_idxs, i_idxs):
    excitations = zip_excitations(a_idxs, i_idxs)
    for excitation in excitations:
        print([[int(x) for x in flatten(excitation)]])


def nci_test(a_idxs_selected, i_idxs_selected, test_config, mol_config, mol,las, mc_uscc, mf):

    nc = len(a_idxs_selected) + 1
    # we create ci for each excitation
    if VERBOSE >= 1:
        print("Number of CIs: ", nc)

    h1eff,e_core= mc_uscc.get_h1eff(mc_uscc.mo_coeff)
    h2eff = mc_uscc.get_h2eff()

    las_ucc_trial_cis = []
    
    min_ci_eng = 99999.9
    for i in range(nc):
        if( i == nc -1):
            amplitude = 0 # the last one is the reference state
        else:
            amplitude = AMPLITUDE # we should try different amplitudes

        if VERBOSE >=1:
            print("Amplitude = ", AMPLITUDE)
        mc_uscc_ci = mcscf.CASCI(mf, sum(mol_config['ncas']), sum(mol_config['nelecas']))
        mc_uscc_ci.mo_coeff = las.mo_coeff
        mc_uscc_ci.fcisolver = lasuccsd.FCISolver_USCC(mol, a_idxs_selected, i_idxs_selected)
        mc_uscc_ci.fcisolver.norb_f = mol_config['ncas']
        fci = mc_uscc_ci.fcisolver
        las_ci0_f = cilas2f(las.ci, mol_config['ncas'], mol_config['nelecas'])

        norb = sum(mol_config['ncas']) # not sure about this
        nelec = sum(mol_config['nelecas']) # not sure about this
        norb_f = getattr (fci, 'norb_f', [norb])
        psi =  getattr (fci, 'psi', fci.build_psi (las_ci0_f, norb, norb_f, nelec, frozen=test_config['frozen']))
        
        if i < nc - 1:
            psi.x[psi.nconstr + i] = amplitude

        energy = psi.energy_tot(psi.x, [e_core, h1eff, h2eff])
        if energy < min_ci_eng:
            min_ci_eng = energy

        las_ucc_trial_cis.append(psi)
        
    
    S = np.zeros((nc, nc), dtype=np.complex128)
    H = np.zeros((nc, nc), dtype=np.complex128)
    h = [e_core, h1eff, h2eff]


    # Build S matrix incrementally, discarding linearly dependent CIs
    selected_indices = []
    S_inc = np.zeros((0, 0), dtype=np.complex128)
    threshold = 1e5  # You can adjust this threshold as needed

    for idx, psi in enumerate(las_ucc_trial_cis):
        # Build S matrix for current selection + this CI
        n_sel = len(selected_indices)
        S_new = np.zeros((n_sel + 1, n_sel + 1), dtype=np.complex128)
        # Fill previous block
        if n_sel > 0:
            S_new[:n_sel, :n_sel] = S_inc
            for j, jidx in enumerate(selected_indices):
                S_new[n_sel, j] = get_Sij(psi, las_ucc_trial_cis[jidx], h)
                S_new[j, n_sel] = get_Sij(las_ucc_trial_cis[jidx], psi, h)
        # Diagonal element
        S_new[n_sel, n_sel] = get_Sij(psi, psi, h)
        # Check condition number
        cond = np.linalg.cond(S_new)
        if cond < threshold:
            selected_indices.append(idx)
            S_inc = S_new
        else:
            if VERBOSE >= 1:
                print(f"Discarding CI {idx} due to linear dependence (cond={cond:.2e})")

    # Now, only keep selected CIs for S and H
    nc_sel = len(selected_indices)
    S = np.zeros((nc_sel, nc_sel), dtype=np.complex128)
    H = np.zeros((nc_sel, nc_sel), dtype=np.complex128)
    for i, idx_i in enumerate(selected_indices):
        for j, idx_j in enumerate(selected_indices):
            S[i, j], H[i, j] = get_Sij_Hij(las_ucc_trial_cis[idx_i], las_ucc_trial_cis[idx_j], h)

    if VERBOSE >= 0:
        print(f"Selected {nc_sel} CIs out of {nc} total CIs")
        print("Condition number of S matrix: ", np.linalg.cond(S))

    if VERBOSE >= 1:
        print("S matrix:")
        print_matrix(S)
        print("H matrix:")
        print_matrix(H)

    # print("min_ci_eng: ", min_ci_eng)
    eigvals, eigvecs = eigh(H, S)
    return eigvals[0], eigvecs[0], min_ci_eng   # Take the lowest eigenvalue as the energy



def test(mol_config, test_config,las, mol, mf):
    result = {}

    all_g, g_sel, a_idxs_selected_all, i_idxs_selected_all = grad.get_grad_exact(las, test_config['epsilon'])

    # if test_config['grad_test']:
    #     result['all_g'] = all_g
    result['all_g'] = all_g
    result['g_sel'] = g_sel

    a_idxs_selected_nn = []
    i_idxs_selected_nn = []
    
    nn_g = []
    if(test_config['nn']):
        nn_g, a_idxs_selected_nn, i_idxs_selected_nn = get_nn_excitations(a_idxs_selected_all, i_idxs_selected_all, all_g, mol_config)
        if test_config['grad_test']:
            result['nn_g'] = nn_g

    result['tot_excitation_count'] = len(a_idxs_selected_all)
    result['excitation_count_nn'] = len(a_idxs_selected_nn)

    #Computing energy through the LAS-UCC kernel using selected excitations
    #==========================================================================================
    
    a_idxs_selected = None
    i_idxs_selected = None

    if test_config['nn']:
        a_idxs_selected = a_idxs_selected_nn
        i_idxs_selected = i_idxs_selected_nn
    else:
        a_idxs_selected = a_idxs_selected_all
        i_idxs_selected = i_idxs_selected_all
    
    if VERBOSE >= 2:
        print("All selected excitations:")
        print_excitations(a_idxs_selected, i_idxs_selected)

    mc_uscc = mcscf.CASCI(mf, sum(mol_config['ncas']), sum(mol_config['nelecas']))
    mc_uscc.mo_coeff = las.mo_coeff
    mc_uscc.fcisolver = lasuccsd.FCISolver_USCC(mol, a_idxs_selected, i_idxs_selected)
    mc_uscc.fcisolver.norb_f = mol_config['ncas'] # number of orbitals in each fragment
    # easily hit the maximal memory limit
    mc_uscc.fcisolver.frozen = test_config['frozen'] if 'frozen' in test_config else None  
    mc_uscc.kernel(ci0 = cilas2f(las.ci, mol_config['ncas'], mol_config['nelecas']))
    if not mc_uscc.converged:
        print('Warning: kernel hasn\'t converged')
    
    if VERBOSE >= 1:
        print("MC-USCC amplitudes: ", mc_uscc.fcisolver.psi.x)

    result['las_uscc_eng'] =  mc_uscc.e_tot 
   
    if test_config['noci_test']:
        result['las_uscc_noci_eng'], result['las_uscc_noci_vec'], result['min_ci_eng'] = nci_test(a_idxs_selected, i_idxs_selected, test_config, mol_config, mol,las, mc_uscc, mf)
    
    return result
   



def batch_test(mol_config, test_configs):
    results = []

    # Initializing the molecule with RHF
    #===================================
    symmetry = None
    charge = None
    spin = None
    if 'symmetry' in mol_config:
        symmetry = mol_config['symmetry']
    if 'charge' in mol_config:
        charge = mol_config['charge']
    if 'spin' in mol_config:
        spin = mol_config['spin']

    mol = gto.M(atom=mol_config['xyz'], basis=mol_config['basis'], symmetry = symmetry,
        charge = charge, spin = spin, verbose=4, output=mol_config['output'])
    if 'HF' in mol_config and mol_config['HF'] == 'ROHF':
        mf = scf.ROHF(mol).run()
    else:
        mf = scf.RHF(mol).run()

    # Running LASSCF
    #===================================
    las = LASSCF(mf, mol_config['ncas'], mol_config['nelecas'], spin_sub=mol_config['spinsub'], ouput=None)
    mo_loc = las.localize_init_guess(mol_config['frag_atom_list'], mf.mo_coeff)
    las.kernel(mo_loc)
    
    ref = mcscf.CASCI(mf, sum(mol_config['ncas']), sum(mol_config['nelecas']))
    ref.mo_coeff = las.mo_coeff
    ref.kernel() 

    for test_config in test_configs:
        
        result = test(mol_config, test_config, las, mol, mf)
        results.append(result)
    
    return results, ref.e_tot, las.e_tot


def empty_adj(n):
    return [[0 for _ in range(n)] for _ in range(n)]

def circle_adj(n):
    return [[1 if abs(i - j) == 1 or abs(i - j) == n-1 else 0 for j in range(n)] for i in range(n)]


if __name__ == "__main__":


    data_dir = '../geom'

    with open(data_dir + '/h4.xyz', 'r', encoding='utf-8') as f:
        h4xyz = f.read()

    with open(data_dir + '/h6.xyz', 'r', encoding='utf-8') as f:
        h6xyz = f.read()

    with open(data_dir + '/h8.xyz', 'r', encoding='utf-8') as f:
        h8xyz = f.read()

    with open(data_dir + '/h10.xyz', 'r', encoding='utf-8') as f:
        h10xyz = f.read()


    with open(data_dir + '/c4.xyz', 'r', encoding='utf-8') as f:
        c4xyz = f.read()

    with open(data_dir + '/c6.xyz', 'r', encoding='utf-8') as f:
        c6xyz = f.read()

    with open(data_dir + '/c8.xyz', 'r', encoding='utf-8') as f:
        c8xyz = f.read()

    with open(data_dir + '/c10.xyz', 'r', encoding='utf-8') as f:
        c10xyz = f.read()

    with open(data_dir + '/stil-001.xyz', 'r', encoding='utf-8') as f:
        stil001xyz = f.read()

    with open(data_dir + '/stil-60.xyz', 'r', encoding='utf-8') as f:
        stil60xyz = f.read()

    with open(data_dir + '/stil-90.xyz', 'r', encoding='utf-8') as f:
        stil90xyz = f.read()

    with open(data_dir + '/stil-120.xyz', 'r', encoding='utf-8') as f:
        stil120xyz = f.read()

    with open(data_dir + '/stil-180.xyz', 'r', encoding='utf-8') as f:
        stil180xyz = f.read()       


    # with open(data_dir + '/kremer/kremer-geometry.xyz', 'r', encoding='utf-8') as f:
    #     kremer_xyz = f.read()

    # kremer_basis = {
    #     "Cr": "def2-tzvp",
    #     "O": "def2-svp",
    #     "N": "def2-svp",
    #     "C": "def2-svp",
    #     "H": "def2-svp",
    # }

    # kremer_def2 : MolConfig = {
    #     'name' : 'kremer_def2',
    #     'HF' : 'ROHF',
    #     'xyz' : kremer_xyz,
    #     'basis' : kremer_basis,
    #     'symmetry' : False,
    #     'charge' : 3,
    #     'spin' : 6,
    #     'ncas': [3,3],
    #     'nelecas': [[3,0],[0,3]],
    #     'spinsub': [4,4],
    #     'frag_atom_list': [[0],[1]]
    # }

    h4_sto3g : MolConfig = {
        'name': 'H4_STO3G',
        'xyz': h4xyz,
        'basis': 'sto-3g',
        'ncas': [2, 2],
        'nelecas': [2, 2],
        'spinsub': [1, 1],
        'frag_atom_list': ((0, 1), (2, 3)),
        'output': 'h4_sto3g.out',
    }


    stil_631g_001 : MolConfig = {
        'name': 'STIL_631G_001',
        'xyz': stil001xyz,
        'basis': '631g',
        'ncas': [4,2,4],
        'nelecas': [4,2,4],
        'spinsub': [1, 1, 1],
        'frag_atom_list': [ [1,2,3,4,5,6,15,16,17,18,19] , [0,7, 14,20] , [8,9,10,11,12,13, 21,22,23,24,25] ],
        'frag_spin_orb': {
            0: (0, 1, 2, 3,10,11,12,13),
            1: (4,5,14,15),
            2: (6,7,8,9,16,17,18,19)
        },
        'adj': empty_adj(3),
        'output' : 'stil_631g_001.out',
    }

    stil_631g_60 : MolConfig = {
        'name': 'STIL_631G_60',
        'xyz': stil60xyz,
        'basis': '631g',
        'ncas': [4,2,4],
        'nelecas': [4,2,4],
        'spinsub': [1, 1, 1],
        'frag_atom_list': [ [1,2,3,4,5,6,15,16,17,18,19] , [0,7, 14,20] , [8,9,10,11,12,13, 21,22,23,24,25] ],
        'frag_spin_orb': {
            0: (0, 1, 2, 3,10,11,12,13),
            1: (4,5,14,15),
            2: (6,7,8,9,16,17,18,19)
        },
        'adj': empty_adj(3),
        'output' : 'stil_631g_60.out',
    }

    stil_631g_90 : MolConfig = {
        'name': 'STIL_631G_90',
        'xyz': stil90xyz,
        'basis': '631g',
        'ncas': [4,2,4],
        'nelecas': [4,2,4],
        'spinsub': [1, 1, 1],
        'frag_atom_list': [ [1,2,3,4,5,6,15,16,17,18,19] , [0,7, 14,20] , [8,9,10,11,12,13, 21,22,23,24,25] ],
        'frag_spin_orb': {
            0: (0, 1, 2, 3,10,11,12,13),
            1: (4,5,14,15),
            2: (6,7,8,9,16,17,18,19)
        },
        'adj': empty_adj(3),
        'output' : 'stil_631g_90.out',
    }

    stil_631g_120 : MolConfig = {
        'name': 'STIL_631G_120',
        'xyz': stil120xyz,
        'basis': '631g',
        'ncas': [4,2,4],
        'nelecas': [4,2,4],
        'spinsub': [1, 1, 1],
        'frag_atom_list': [ [1,2,3,4,5,6,15,16,17,18,19] , [0,7, 14,20] , [8,9,10,11,12,13, 21,22,23,24,25] ],
        'frag_spin_orb': {
            0: (0, 1, 2, 3,10,11,12,13),
            1: (4,5,14,15),
            2: (6,7,8,9,16,17,18,19)
        },
        'adj': empty_adj(3),
        'output' : 'stil_631g_120.out',
    }


    stil_631g_180 : MolConfig = {
        'name': 'STIL_631G_180',
        'xyz': stil180xyz,
        'basis': '631g',
        'ncas': [4,2,4],
        'nelecas': [4,2,4],
        'spinsub': [1, 1, 1],
        'frag_atom_list': [ [1,2,3,4,5,6,15,16,17,18,19] , [0,7, 14,20] , [8,9,10,11,12,13, 21,22,23,24,25] ],
        'frag_spin_orb': {
            0: (0, 1, 2, 3,10,11,12,13),
            1: (4,5,14,15),
            2: (6,7,8,9,16,17,18,19)
        },
        'adj': empty_adj(3),
        'output' : 'stil_631g_180.out',
    }

    # This c4 is too small, and I observed numericall error, that H and S have all identical
    # entries however the NOCI energy is lower 
    c4_631g : MolConfig = {
        'name': 'C4_631G',
        'xyz': c4xyz,
        'basis': '631g',
        'ncas': [2,2],
        'nelecas': [2,2],
        'spinsub': [1,1],
        'frag_atom_list':  [[0,2], [3,1]],
        'frag_spin_orb': {
            0: (0,1,4,5),
            1: (2,3,6,7),
        },
        'adj': circle_adj(2), # not sure about this
        'output': 'c4_631g.out',
    }

    c6_631 : MolConfig = {
        'name': 'C6_631G',
        'xyz': c6xyz,
        'basis': '631g',
        'ncas': [2,2,2],
        'nelecas': [2,2,2],
        'spinsub': [1,1,1],
        'frag_atom_list': [[0,2], [10,11], [3,1]], # not sure about this
        'frag_spin_orb': {
            0: (0,1,6,7),
            1: (2,3,8,9),
            2: (4,5,10,11),
        },
        'adj': circle_adj(3),
        'output': 'c6_631g.out',
    }


    c8_631 : MolConfig = {
        'name': 'C8_631G',
        'xyz': c8xyz,
        'basis': '631g',
        'ncas': [2,2,2,2],
        'nelecas': [2,2,2,2],
        'spinsub': [1,1,1,1],
        'frag_atom_list': [[0,2], [10,12], [13,11], [3,1]], 
        'frag_spin_orb': {
            0: (0,1,8,9),
            1: (2,3,10,11),
            2: (4,5,12,13),
            3: (6,7,14,15),
        },
        'adj': circle_adj(3),
        'output': 'c8_631g.out',
    }


    c10_631g : MolConfig = {
        'name': 'C10_631G',
        'xyz': c10xyz,
        'basis': '631g',
        'ncas': [2,2,2,2,2],
        'nelecas': [2,2,2,2,2],
        'spinsub': [1,1,1,1,1],
        'frag_atom_list': [[0,2], [10,12], [18,19], [13,11], [3,1]],
        'frag_spin_orb': {
            0: (0,1,10,11),
            1: (2,3,12,13),
            2: (4,5,14,15),
            3: (6,7,16,17),
            4: (8,9,18,19)
        },
        'adj': circle_adj(5),
        'output': 'c10_631g.out',
    }

    mol_configs = [stil_631g_120]
    # mol_configs = [h4_sto3g]



    nosi_test_01 : TestConfig = {
        'epsilon': 0.01,
        'nn': False,
        'init_method': 'uscc_opt',
        'frozen': 'CI',
        'grad_test': False,
        'noci_test': True
    }
        
    # noci_test_001 = copy.deepcopy(noci_test_01)
    # noci_test_001['epsilon'] = 0.001

    # noci_test_0001 = copy.deepcopy(noci_test_01)
    # noci_test_0001['epsilon'] = 0.0001

    # eps = np.array([0.00792607, 0.00486175, 0.003190716, 0.00247079])
    eps =  np.array([0.00486175])

    nosi_tests = []
    for thre in eps:
        nosi_test = copy.deepcopy(nosi_test_01)
        nosi_test['epsilon'] = thre
        nosi_tests.append(nosi_test)


    for mol_conf in mol_configs:
        print(f"Molecule {mol_conf['name']}: ")
        mol_results, ref_energy, las_energy = batch_test(mol_conf, nosi_tests)
        # mol_results, ref_energy, las_energy = batch_test(mol_conf, [])
        print(f"CASCI energy: {ref_energy:.17f}")
        print(f"LASSCF energy: {las_energy:.17f}")
        for result in mol_results:
            print(f"Total excitations: {len(result['all_g'])}")
            print(f"Selected excitations: {len(result['g_sel'])}")
            
            # print(f"NN excitations: {result['excitation_count_nn']}")

            if 'las_uscc_eng' in result:
                print(f"LAS-USCCSD-VQE energy: {result['las_uscc_eng']:.17f}")
            if 'las_uscc_noci_eng' in result:
                print(f"LAS-USCCSD-NOSI energy: {result['las_uscc_noci_eng']:.17f}")
            # if 'tot_g' in result:
            #     print(f"Total gradient norm: {np.linalg.norm(result['tot_g']):.17f}")
            # if 'nn_g' in result:
            #     print(f"NN gradient norm: {np.linalg.norm(result['nn_g']):.17f}")
            if 'las_uscc_noci_vec' in result:
                print("NOSI vector: ", result['las_uscc_noci_vec'])
            if 'min_ci_eng' in result:
                print(f"Minimum State energy: {result['min_ci_eng']:.17f}")
            print("\n")
        
        print("\n\n")
#INFO: ******************** input file end ********************


System: uname_result(system='Linux', node='midway3-0562.rcc.local', release='4.18.0-305.3.1.el8.x86_64', version='#1 SMP Tue Jun 1 16:14:33 UTC 2021', machine='x86_64')  Threads 16
Python 3.9.19 | packaged by conda-forge | (main, Mar 20 2024, 12:50:21) 
[GCC 12.3.0]
numpy 2.0.2  scipy 1.13.1  h5py 3.14.0
Date: Sun Nov  9 09:00:59 2025
PySCF version 2.9.0
PySCF path  /home/tuy/repo/.venv/lib/python3.9/site-packages/pyscf
mrh path  /home/tuy/repo/mrh
GIT ORIG_HEAD b98c29c0816fd226852111a125e579215dc0ac5e
GIT HEAD (branch master) b49e04f5f5ffc1c27967a615ccab8ecdf1806538

[CONFIG] conf_file None
[INPUT] verbose = 4
[INPUT] num. atoms = 26
[INPUT] num. electrons = 96
[INPUT] charge = 0
[INPUT] spin (= nelec alpha-beta = 2S) = 0
[INPUT] symmetry False subgroup None
[INPUT] Mole.unit = angstrom
[INPUT] Symbol           X                Y                Z      unit          X                Y                Z       unit  Magmom
[INPUT]  1 C      0.544837780000  -0.430333830000   1.035675590000 AA    1.029594186516  -0.813213080835   1.957143218997 Bohr   0.0
[INPUT]  2 C      1.818907280000  -0.156527940000   0.455360820000 AA    3.437236605178  -0.295794937442   0.860507237657 Bohr   0.0
[INPUT]  3 C      2.034537190000   0.981126610000  -0.347220860000 AA    3.844718079342   1.854060586423  -0.656152330136 Bohr   0.0
[INPUT]  4 C      3.262205700000   1.213395520000  -0.932289630000 AA    6.164675334995   2.292985213574  -1.761772069472 Bohr   0.0
[INPUT]  5 C      4.306272280000   0.310906880000  -0.762124700000 AA    8.137675227006   0.587528853443  -1.440206955766 Bohr   0.0
[INPUT]  6 C      4.109097360000  -0.829263670000   0.009033000000 AA    7.765068629573  -1.567081221352   0.017069896083 Bohr   0.0
[INPUT]  7 C      2.890958850000  -1.056474580000   0.614257760000 AA    5.463120463888  -1.996447613765   1.160778936289 Bohr   0.0
[INPUT]  8 C     -0.544629780000   0.427349830000   1.036584590000 AA   -1.029201123482   0.807574138079   1.958860980045 Bohr   0.0
[INPUT]  9 C     -1.818835280000   0.155253940000   0.455798820000 AA   -3.437100544897   0.293387426360   0.861334937700 Bohr   0.0
[INPUT] 10 C     -2.035210190000  -0.981138610000  -0.348369860000 AA   -3.845989865024  -1.854083263136  -0.658323625453 Bohr   0.0
[INPUT] 11 C     -3.262988700000  -1.211729520000  -0.933860630000 AA   -6.166154990551  -2.289836929851  -1.764740829214 Bohr   0.0
[INPUT] 12 C     -4.306447280000  -0.308757880000  -0.762501700000 AA   -8.138005929078  -0.583467832001  -1.440919382515 Bohr   0.0
[INPUT] 13 C     -4.108533360000   0.830178670000   0.010287000000 AA   -7.764002824039   1.568810320756   0.019439612643 Bohr   0.0
[INPUT] 14 C     -2.890280850000   1.055699580000   0.615917750000 AA   -5.461839229575   1.994983076018   1.163915862758 Bohr   0.0
[INPUT] 15 H      0.440199820000  -1.403890440000   1.515571400000 AA    0.831857099883  -2.652968440495   2.864014868224 Bohr   0.0
[INPUT] 16 H      1.207027520000   1.657908340000  -0.523185790000 AA    2.280951437613   3.132992702232  -0.988677855364 Bohr   0.0
[INPUT] 17 H      3.405228640000   2.092668170000  -1.547810380000 AA    6.434949521125   3.954569710895  -2.924937710959 Bohr   0.0
[INPUT] 18 H      5.259586900000   0.484439810000  -1.243859500000 AA    9.939178769350   0.915458564736  -2.350553792438 Bohr   0.0
[INPUT] 19 H      4.915585040000  -1.539995390000   0.138236940000 AA    9.289109467609  -2.910169520193   0.261229956898 Bohr   0.0
[INPUT] 20 H      2.741785910000  -1.942319230000   1.220759510000 AA    5.181224462091  -3.670451391176   2.306901137858 Bohr   0.0
[INPUT] 21 H     -0.439115820000   1.400454440000   1.517238400000 AA   -0.829808636764   2.646475341531   2.867165041673 Bohr   0.0
[INPUT] 22 H     -1.208158520000  -1.658257340000  -0.525200790000 AA   -2.283088717860  -3.133652216650  -0.992485653505 Bohr   0.0
[INPUT] 23 H     -3.406572640000  -2.090042170000  -1.550619380000 AA   -6.437489313037  -3.949607290092  -2.930245951643 Bohr   0.0
[INPUT] 24 H     -5.259846900000  -0.480949810000  -1.244546500000 AA   -9.939670098143  -0.908863420562  -2.351852034286 Bohr   0.0
[INPUT] 25 H     -4.914535040000   1.541286390000   0.140443940000 AA   -9.287125255178   2.912609156620   0.265400582455 Bohr   0.0
[INPUT] 26 H     -2.740544910000   1.940585230000   1.223677510000 AA   -5.178879311971   3.667174606076   2.312415358690 Bohr   0.0

nuclear repulsion = 744.973143804668
number of shells = 94
number of NR pGTOs = 356
number of NR cGTOs = 150
basis = 631g
ecp = {}
CPU time:         1.19


******** <class 'pyscf.scf.hf.RHF'> ********
method = RHF
initial guess = minao
damping factor = 0
level_shift factor = 0
DIIS = <class 'pyscf.scf.diis.CDIIS'>
diis_start_cycle = 1
diis_space = 8
diis_damp = 0
SCF conv_tol = 1e-09
SCF conv_tol_grad = None
SCF max_cycles = 50
direct_scf = True
direct_scf_tol = 1e-13
chkfile to save SCF result = /scratch/local/jobs/39935193/tmpr316uab2
max_memory 4000 MB (current use 97 MB)
Set gradient conv threshold to 3.16228e-05
Initial guess from minao.
init E= -541.571467098476
  HOMO = -0.134995176156046  LUMO = -0.0546384580553129
cycle= 1 E= -536.754623561076  delta_E= 4.82  |g|= 0.543  |ddm|= 5.08
  HOMO = -0.251190298627181  LUMO = 0.0107050885380829
cycle= 2 E= -536.875470774336  delta_E= -0.121  |g|= 0.146  |ddm|= 1.26
  HOMO = -0.223458692840838  LUMO = 0.0500544199411656
cycle= 3 E= -536.884586802359  delta_E= -0.00912  |g|= 0.0482  |ddm|= 0.403
  HOMO = -0.23735774752243  LUMO = 0.0398644518644864
cycle= 4 E= -536.885457913747  delta_E= -0.000871  |g|= 0.0141  |ddm|= 0.104
  HOMO = -0.237042827159222  LUMO = 0.0417368242648097
cycle= 5 E= -536.885556302753  delta_E= -9.84e-05  |g|= 0.00487  |ddm|= 0.025
  HOMO = -0.237522077560534  LUMO = 0.0425618105445301
cycle= 6 E= -536.885580949399  delta_E= -2.46e-05  |g|= 0.00141  |ddm|= 0.0158
  HOMO = -0.23780268984688  LUMO = 0.0428955727713758
cycle= 7 E= -536.885584190986  delta_E= -3.24e-06  |g|= 0.000484  |ddm|= 0.00633
  HOMO = -0.237917243580604  LUMO = 0.0429365707434809
cycle= 8 E= -536.885584415843  delta_E= -2.25e-07  |g|= 0.000112  |ddm|= 0.00178
  HOMO = -0.237930762497806  LUMO = 0.0429535808750832
cycle= 9 E= -536.88558442674  delta_E= -1.09e-08  |g|= 3.62e-05  |ddm|= 0.000404
  HOMO = -0.237932283317221  LUMO = 0.0429550119119494
cycle= 10 E= -536.885584427366  delta_E= -6.26e-10  |g|= 1.38e-05  |ddm|= 7.39e-05
  HOMO = -0.237933747660246  LUMO = 0.0429539264882817
Extra cycle  E= -536.885584427468  delta_E= -1.02e-10  |g|= 7.38e-06  |ddm|= 3.39e-05
converged SCF energy = -536.885584427468

******** LASSCF flags ********
CAS (5e+5e, 10o), ncore = 43, nvir = 97
Divided into 3 LAS spaces
LAS 0 : (2e+2e, 4o)
LAS 1 : (1e+1e, 2o)
LAS 2 : (2e+2e, 4o)
nroots = 1
max_cycle_macro = 50
max_cycle_micro = 5
conv_tol_grad = 0.0001
max_memory 4000 MB (current use 707 MB)
fragment 0 FCI solver flags:
******** <class 'mrh.my_pyscf.mcscf.addons.get_h1e_zipped_fcisolver.<locals>.FCISolver'> ********
max. cycles = 100
conv_tol = 1e-10
davidson only = False
linear dependence = 1e-14
level shift = 0.001
max iter space = 12
max_memory 4000 MB
nroots = 1
pspace_size = 200
spin = 0
State-average over 1 states with weights [1.0]
fragment 1 FCI solver flags:
******** <class 'mrh.my_pyscf.mcscf.addons.get_h1e_zipped_fcisolver.<locals>.FCISolver'> ********
max. cycles = 100
conv_tol = 1e-10
davidson only = False
linear dependence = 1e-14
level shift = 0.001
max iter space = 12
max_memory 4000 MB
nroots = 1
pspace_size = 200
spin = 0
State-average over 1 states with weights [1.0]
fragment 2 FCI solver flags:
******** <class 'mrh.my_pyscf.mcscf.addons.get_h1e_zipped_fcisolver.<locals>.FCISolver'> ********
max. cycles = 100
conv_tol = 1e-10
davidson only = False
linear dependence = 1e-14
level shift = 0.001
max iter space = 12
max_memory 4000 MB
nroots = 1
pspace_size = 200
spin = 0
State-average over 1 states with weights [1.0]
LASCI subspace 0 with no orbsym information
LASCI subspace 1 with no orbsym information
LASCI subspace 2 with no orbsym information
LASCI subspace CI energies: [np.float64(-3.0627097968499566), np.float64(-1.039597515496582), np.float64(-3.062698615275104)]
LASCI macro 0 : E = -536.825770047998 ; |g_int| = 0.3834761347717 ; |g_ci| = 0.00129684590261618 ; |g_x| = 0
LASCI micro 1 : |x_orb| = 0.485370836399815 ; |x_ci| = 0.0415917786691791
LASCI micro 2 : |x_orb| = 0.497188460471173 ; |x_ci| = 0.0384732811392616
LASCI micro 3 : |x_orb| = 0.515883813145562 ; |x_ci| = 0.10156444525232
LASCI micro 4 : |x_orb| = 0.51472141487327 ; |x_ci| = 0.118437214897562
LASCI micro 5 : |x_orb| = 0.515305161008777 ; |x_ci| = 0.116821128305728
LASCI subspace 0 with no orbsym information
LASCI subspace 1 with no orbsym information
LASCI subspace 2 with no orbsym information
LASCI subspace CI energies: [np.float64(-3.0701353583267643), np.float64(-1.099468623923859), np.float64(-3.070138010187006)]
LASCI macro 1 : E = -536.944258722493 ; |g_int| = 0.180652003561186 ; |g_ci| = 0.000180646811286916 ; |g_x| = 0
LASCI micro 1 : |x_orb| = 0.304507712477687 ; |x_ci| = 0.0252372761720365
LASCI micro 2 : |x_orb| = 0.435888480817544 ; |x_ci| = 0.0586314138565112
LASCI micro 3 : |x_orb| = 0.499840597449312 ; |x_ci| = 0.0784130978142531
LASCI micro 4 : |x_orb| = 0.524726923465388 ; |x_ci| = 0.0882157340412557
LASCI micro 5 : |x_orb| = 0.520148478507944 ; |x_ci| = 0.0747054906694634
LASCI subspace 0 with no orbsym information
LASCI subspace 1 with no orbsym information
LASCI subspace 2 with no orbsym information
LASCI subspace CI energies: [np.float64(-3.0736537775012573), np.float64(-1.090193015039496), np.float64(-3.0736587306381313)]
LASCI macro 2 : E = -536.973150796955 ; |g_int| = 0.0931843633389488 ; |g_ci| = 0.00025259657660041 ; |g_x| = 0
LASCI micro 1 : |x_orb| = 0.403847373153362 ; |x_ci| = 0.0110455519117014
LASCI micro 2 : |x_orb| = 0.486850266975493 ; |x_ci| = 0.028837198452635
LASCI micro 3 : |x_orb| = 0.486759221046288 ; |x_ci| = 0.0290849124333997
LASCI micro 4 : |x_orb| = 0.512076609999059 ; |x_ci| = 0.0319108129132741
LASCI micro 5 : |x_orb| = 0.509444610204994 ; |x_ci| = 0.0333272462932936
LASCI subspace 0 with no orbsym information
LASCI subspace 1 with no orbsym information
LASCI subspace 2 with no orbsym information
LASCI subspace CI energies: [np.float64(-3.0791801581775085), np.float64(-1.0891094432967374), np.float64(-3.079186071448029)]
LASCI macro 3 : E = -536.988731685672 ; |g_int| = 0.0459985411735334 ; |g_ci| = 4.94002926419139e-05 ; |g_x| = 0
LASCI micro 1 : |x_orb| = 0.273430758109116 ; |x_ci| = 0.00418034011942021
LASCI micro 2 : |x_orb| = 0.329352514520288 ; |x_ci| = 0.01569107856859
LASCI micro 3 : |x_orb| = 0.332661405097174 ; |x_ci| = 0.0120488658050717
LASCI micro 4 : |x_orb| = 0.588432006165595 ; |x_ci| = 0.0312606965404109
LASCI micro 5 : |x_orb| = 0.585041599283911 ; |x_ci| = 0.0299598882970317
LASCI subspace 0 with no orbsym information
LASCI subspace 1 with no orbsym information
LASCI subspace 2 with no orbsym information
LASCI subspace CI energies: [np.float64(-3.098979605069255), np.float64(-1.089928964439902), np.float64(-3.098997050361903)]
LASCI macro 4 : E = -536.993689795443 ; |g_int| = 0.0275795272262503 ; |g_ci| = 6.87761020065346e-05 ; |g_x| = 0
LASCI micro 1 : |x_orb| = 0.382086457878696 ; |x_ci| = 0.00821685244187272
LASCI micro 2 : |x_orb| = 0.575081551673208 ; |x_ci| = 0.0239473459350707
LASCI micro 3 : |x_orb| = 0.872923640621881 ; |x_ci| = 0.0122314766633289
LASCI micro 4 : |x_orb| = 9.36022945488541 ; |x_ci| = 0.226911132087746
Unstable microiteration aborted: |x[i]| > pi/2
LASCI subspace 0 with no orbsym information
LASCI subspace 1 with no orbsym information
LASCI subspace 2 with no orbsym information
LASCI subspace CI energies: [np.float64(-3.1659519561250207), np.float64(-1.0804864440948214), np.float64(-3.165973797929861)]
LASCI macro 5 : E = -536.998109459036 ; |g_int| = 0.0220968656530671 ; |g_ci| = 4.82684823538065e-05 ; |g_x| = 0
LASCI micro 1 : |x_orb| = 0.130455468226889 ; |x_ci| = 0.0023916726577337
LASCI micro 2 : |x_orb| = 0.169398782467015 ; |x_ci| = 0.00601316124455106
LASCI micro 3 : |x_orb| = 0.297129218269151 ; |x_ci| = 0.00965189032119814
LASCI micro 4 : |x_orb| = 0.299308166549002 ; |x_ci| = 0.0103942849891866
LASCI micro 5 : |x_orb| = 0.333179398462099 ; |x_ci| = 0.0108129666566418
LASCI subspace 0 with no orbsym information
LASCI subspace 1 with no orbsym information
LASCI subspace 2 with no orbsym information
LASCI subspace CI energies: [np.float64(-3.1991316382913904), np.float64(-1.0735935060267978), np.float64(-3.1991424205862824)]
LASCI macro 6 : E = -536.999111729986 ; |g_int| = 0.0101586832037915 ; |g_ci| = 8.97356264797407e-06 ; |g_x| = 0
LASCI micro 1 : |x_orb| = 0.0472851032293018 ; |x_ci| = 0.00105697514899044
LASCI micro 2 : |x_orb| = 0.052943846596592 ; |x_ci| = 0.00194047936500911
LASCI micro 3 : |x_orb| = 0.0940861918538254 ; |x_ci| = 0.00381341917874182
LASCI micro 4 : |x_orb| = 0.0950658972344274 ; |x_ci| = 0.003422839024654
LASCI micro 5 : |x_orb| = 0.0987977566249149 ; |x_ci| = 0.00351937677968674
LASCI subspace 0 with no orbsym information
LASCI subspace 1 with no orbsym information
LASCI subspace 2 with no orbsym information
LASCI subspace CI energies: [np.float64(-3.209547119900824), np.float64(-1.0697060364397801), np.float64(-3.209550734273)]
LASCI macro 7 : E = -536.999260722098 ; |g_int| = 0.00514853287087245 ; |g_ci| = 7.61155990579548e-06 ; |g_x| = 0
LASCI micro 1 : |x_orb| = 0.0244819296025481 ; |x_ci| = 0.00063855392665273
LASCI micro 2 : |x_orb| = 0.0259406297033566 ; |x_ci| = 0.000941566973691423
LASCI micro 3 : |x_orb| = 0.0466828505492608 ; |x_ci| = 0.00206263173189156
LASCI micro 4 : |x_orb| = 0.0476424479276958 ; |x_ci| = 0.00181452555838171
LASCI micro 5 : |x_orb| = 0.0490761930603204 ; |x_ci| = 0.00185493286178212
LASCI subspace 0 with no orbsym information
LASCI subspace 1 with no orbsym information
LASCI subspace 2 with no orbsym information
LASCI subspace CI energies: [np.float64(-3.214789810634375), np.float64(-1.0674698882460243), np.float64(-3.2147897969396593)]
LASCI macro 8 : E = -536.999300552666 ; |g_int| = 0.00270283363889495 ; |g_ci| = 4.60108590604963e-06 ; |g_x| = 0
LASCI micro 1 : |x_orb| = 0.0134163504794851 ; |x_ci| = 0.00040107092094624
LASCI micro 2 : |x_orb| = 0.0138387252589491 ; |x_ci| = 0.000508710346546932
LASCI micro 3 : |x_orb| = 0.0252452808653476 ; |x_ci| = 0.00116323507427353
LASCI micro 4 : |x_orb| = 0.0257292503009469 ; |x_ci| = 0.00102642811807438
LASCI micro 5 : |x_orb| = 0.0266920683736193 ; |x_ci| = 0.0010430802008734
LASCI subspace 0 with no orbsym information
LASCI subspace 1 with no orbsym information
LASCI subspace 2 with no orbsym information
LASCI subspace CI energies: [np.float64(-3.217624679853837), np.float64(-1.0661588157714885), np.float64(-3.2176226803201935)]
LASCI macro 9 : E = -536.999312393892 ; |g_int| = 0.00147466524823693 ; |g_ci| = 2.90367914863317e-06 ; |g_x| = 0
LASCI micro 1 : |x_orb| = 0.00777317266425911 ; |x_ci| = 0.00026070120980941
LASCI micro 2 : |x_orb| = 0.00802060869620891 ; |x_ci| = 0.000328176285508627
LASCI micro 3 : |x_orb| = 0.0149356893779745 ; |x_ci| = 0.00067042070711889
LASCI micro 4 : |x_orb| = 0.0150161628443072 ; |x_ci| = 0.000616092374806866
LASCI micro 5 : |x_orb| = 0.0159204320312737 ; |x_ci| = 0.00060595733913312
LASCI subspace 0 with no orbsym information
LASCI subspace 1 with no orbsym information
LASCI subspace 2 with no orbsym information
LASCI subspace CI energies: [np.float64(-3.2192439604853087), np.float64(-1.065377937007726), np.float64(-3.2192407759626365)]
LASCI macro 10 : E = -536.999316319082 ; |g_int| = 0.000833682509677574 ; |g_ci| = 1.97477812533635e-06 ; |g_x| = 0
LASCI micro 1 : |x_orb| = 0.00509145434477807 ; |x_ci| = 0.000184617442001047
LASCI micro 2 : |x_orb| = 0.00562295510483675 ; |x_ci| = 0.000300251317967899
LASCI micro 3 : |x_orb| = 0.010921409684025 ; |x_ci| = 0.000408319856127895
LASCI micro 4 : |x_orb| = 0.0110081580064658 ; |x_ci| = 0.000450042235680267
LASCI micro 5 : |x_orb| = 0.0120603330692744 ; |x_ci| = 0.000392442992180318
LASCI subspace 0 with no orbsym information
LASCI subspace 1 with no orbsym information
LASCI subspace 2 with no orbsym information
LASCI subspace CI energies: [np.float64(-3.220266147035363), np.float64(-1.0648793637906957), np.float64(-3.220262084018782)]
LASCI macro 11 : E = -536.999317989417 ; |g_int| = 0.000503176749174555 ; |g_ci| = 1.51553577664268e-06 ; |g_x| = 0
LASCI micro 1 : |x_orb| = 0.00435563973098182 ; |x_ci| = 0.000144372030239398
LASCI micro 2 : |x_orb| = 0.00688270461682417 ; |x_ci| = 0.00043154639970867
LASCI micro 3 : |x_orb| = 0.013954084993566 ; |x_ci| = 0.000325676084727331
LASCI micro 4 : |x_orb| = 0.0149401573503982 ; |x_ci| = 0.0004723052360787
LASCI micro 5 : |x_orb| = 0.0166792529051661 ; |x_ci| = 0.00035142577719134
LASCI subspace 0 with no orbsym information
LASCI subspace 1 with no orbsym information
LASCI subspace 2 with no orbsym information
LASCI subspace CI energies: [np.float64(-3.221043379978412), np.float64(-1.0644906344159015), np.float64(-3.2210382421882424)]
LASCI macro 12 : E = -536.999319389132 ; |g_int| = 0.00038892475547487 ; |g_ci| = 1.35133037173339e-06 ; |g_x| = 0
LASCI micro 1 : |x_orb| = 0.00451280758497091 ; |x_ci| = 7.84811646640239e-05
LASCI micro 2 : |x_orb| = 0.0168690683808765 ; |x_ci| = 0.000554179446524231
LASCI micro 3 : |x_orb| = 0.0219210461909988 ; |x_ci| = 0.00025892969251292
LASCI micro 4 : |x_orb| = 0.0236240058126732 ; |x_ci| = 0.000444248974425966
LASCI micro 5 : |x_orb| = 0.0293873174913154 ; |x_ci| = 0.000333666067323725
LASCI subspace 0 with no orbsym information
LASCI subspace 1 with no orbsym information
LASCI subspace 2 with no orbsym information
LASCI subspace CI energies: [np.float64(-3.2208079172526016), np.float64(-1.064581601304766), np.float64(-3.2208015405839934)]
LASCI macro 13 : E = -536.999321364669 ; |g_int| = 0.000344533559108644 ; |g_ci| = 3.37288873212836e-07 ; |g_x| = 0
LASCI micro 1 : |x_orb| = 0.00643987155542319 ; |x_ci| = 0.000140888120922416
LASCI micro 2 : |x_orb| = 0.00935060255590075 ; |x_ci| = 0.000324153000321572
LASCI micro 3 : |x_orb| = 0.0119138562870361 ; |x_ci| = 0.000204329826375139
LASCI micro 4 : |x_orb| = 0.0148299943209403 ; |x_ci| = 0.000393468293538396
LASCI micro 5 : |x_orb| = 0.0164622524044804 ; |x_ci| = 0.000265547475651411
LASCI subspace 0 with no orbsym information
LASCI subspace 1 with no orbsym information
LASCI subspace 2 with no orbsym information
LASCI subspace CI energies: [np.float64(-3.221313844683592), np.float64(-1.064496098684077), np.float64(-3.2213060248743024)]
LASCI macro 14 : E = -536.999322280737 ; |g_int| = 0.000322642916568941 ; |g_ci| = 5.59877431025255e-07 ; |g_x| = 0
LASCI micro 1 : |x_orb| = 0.00387225056729643 ; |x_ci| = 0.000103571523917864
LASCI micro 2 : |x_orb| = 0.00683325934436224 ; |x_ci| = 0.000291749376706873
LASCI micro 3 : |x_orb| = 0.00829452548632067 ; |x_ci| = 0.000176870670624416
LASCI micro 4 : |x_orb| = 0.0105044304503919 ; |x_ci| = 0.000340527674894079
LASCI micro 5 : |x_orb| = 0.0114461602253658 ; |x_ci| = 0.000226598777948005
LASCI subspace 0 with no orbsym information
LASCI subspace 1 with no orbsym information
LASCI subspace 2 with no orbsym information
LASCI subspace CI energies: [np.float64(-3.2210956351445263), np.float64(-1.0645999658667609), np.float64(-3.2210872578448555)]
LASCI macro 15 : E = -536.999322881938 ; |g_int| = 0.000284607252014832 ; |g_ci| = 1.80331128414879e-07 ; |g_x| = 0
LASCI micro 1 : |x_orb| = 0.00343213349875031 ; |x_ci| = 7.61994956167616e-05
LASCI micro 2 : |x_orb| = 0.00832508384015482 ; |x_ci| = 0.000303487546224537
LASCI micro 3 : |x_orb| = 0.0104717539771975 ; |x_ci| = 0.00020603557311825
LASCI micro 4 : |x_orb| = 0.0127220315496414 ; |x_ci| = 0.000359467791190928
LASCI micro 5 : |x_orb| = 0.015331891285035 ; |x_ci| = 0.000232568174156314
LASCI subspace 0 with no orbsym information
LASCI subspace 1 with no orbsym information
LASCI subspace 2 with no orbsym information
LASCI subspace CI energies: [np.float64(-3.221392148920999), np.float64(-1.0645474800046437), np.float64(-3.2213823764026954)]
LASCI macro 16 : E = -536.999323526747 ; |g_int| = 0.000305067418024708 ; |g_ci| = 5.89942707731376e-07 ; |g_x| = 0
LASCI micro 1 : |x_orb| = 0.00203961843176942 ; |x_ci| = 5.15354306615978e-05
LASCI micro 2 : |x_orb| = 0.00454903508553697 ; |x_ci| = 0.000199392926219367
LASCI micro 3 : |x_orb| = 0.00545593054941609 ; |x_ci| = 0.000122283321317385
LASCI micro 4 : |x_orb| = 0.00699157406162362 ; |x_ci| = 0.000227734945797928
LASCI micro 5 : |x_orb| = 0.00715224895625173 ; |x_ci| = 0.000171956778393781
LASCI subspace 0 with no orbsym information
LASCI subspace 1 with no orbsym information
LASCI subspace 2 with no orbsym information
LASCI subspace CI energies: [np.float64(-3.22127946084068), np.float64(-1.0646249791311126), np.float64(-3.2212694070013614)]
LASCI macro 17 : E = -536.999323830866 ; |g_int| = 0.000200791588467771 ; |g_ci| = 3.03623070127907e-07 ; |g_x| = 0
LASCI subspace 0 with no orbsym information
LASCI subspace 1 with no orbsym information
LASCI subspace 2 with no orbsym information
LASCI subspace CI energies: [np.float64(-3.221284398903008), np.float64(-1.0646103468174237), np.float64(-3.221274299472995)]
LASCI macro 18 : E = -536.999323860643 ; |g_int| = 0.000119678811012017 ; |g_ci| = 1.16418045277946e-08 ; |g_x| = 0
LASCI subspace 0 with no orbsym information
LASCI subspace 1 with no orbsym information
LASCI subspace 2 with no orbsym information
LASCI subspace CI energies: [np.float64(-3.2212905056103778), np.float64(-1.0646072898144257), np.float64(-3.221280368205821)]
LASCI macro 19 : E = -536.999323880889 ; |g_int| = 9.1908941930915e-05 ; |g_ci| = 9.17402147055851e-09 ; |g_x| = 0
LASCI converged after 20 cycles
LASCI E = -536.999323880889 ; |g_int| = 9.1908941930915e-05 ; |g_ci| = 9.17402147055851e-09 ; |g_ext| = 0
Fragment 0 natural orbitals
Natural occ [1.93976248 1.93599078 0.06461546 0.05963129]
Natural orbital (expansion on AOs) in CAS space
               #1        #2        #3        #4       
0 C 1s           0.00018  -0.00076   0.00073   0.00023
0 C 2s          -0.00034  -0.00118   0.00057   0.00168
0 C 3s          -0.00368   0.02705  -0.02591  -0.01998
0 C 2px          0.00687   0.00211  -0.00309   0.01980
0 C 2py          0.00915  -0.00004  -0.00099   0.02704
0 C 2pz          0.03335   0.00356  -0.00378   0.05699
0 C 3px          0.00322   0.00482  -0.01043   0.01180
0 C 3py         -0.00212   0.01311  -0.01605   0.05137
0 C 3pz          0.01009   0.00126  -0.01171   0.10964
1 C 1s           0.00154   0.00008   0.00027  -0.00142
1 C 2s          -0.00276   0.00086  -0.00118   0.00086
1 C 3s          -0.02293  -0.00822  -0.01077   0.04601
1 C 2px          0.05395   0.00683   0.00945  -0.05942
1 C 2py          0.08394   0.01509   0.01143  -0.09564
1 C 2pz          0.12728   0.01667   0.02408  -0.14711
1 C 3px          0.03902   0.01567  -0.00502  -0.07353
1 C 3py          0.07813   0.00818   0.01525  -0.12774
1 C 3pz          0.12203   0.00744   0.04402  -0.16424
2 C 1s           0.00004   0.00046  -0.00079  -0.00091
2 C 2s          -0.00122   0.00039  -0.00128   0.00081
2 C 3s           0.00249  -0.00535   0.01706   0.01453
2 C 2px          0.01608  -0.07232   0.09246   0.01166
2 C 2py          0.02472  -0.14054   0.17201   0.03395
2 C 2pz          0.04484  -0.21303   0.26402   0.05181
2 C 3px          0.02282  -0.06313   0.10577   0.00552
2 C 3py          0.02646  -0.11464   0.16700   0.01103
2 C 3pz          0.06364  -0.17417   0.28610   0.00882
3 C 1s           0.00086   0.00079   0.00109  -0.00101
3 C 2s          -0.00189  -0.00172  -0.00244   0.00191
3 C 3s          -0.00370   0.00336  -0.01311   0.00363
3 C 2px         -0.06626  -0.09131  -0.13051   0.10744
3 C 2py         -0.11342  -0.15332  -0.22511   0.17404
3 C 2pz         -0.18090  -0.24366  -0.35584   0.27883
3 C 3px         -0.04885  -0.07149  -0.09352   0.08919
3 C 3py         -0.07891  -0.12325  -0.15449   0.13950
3 C 3pz         -0.13108  -0.19266  -0.26071   0.23132
4 C 1s           0.00156   0.00064  -0.00098   0.00126
4 C 2s          -0.00402  -0.00137   0.00142  -0.00299
4 C 3s           0.00067  -0.00612   0.01385  -0.01776
4 C 2px         -0.11970  -0.01050   0.01328  -0.18209
4 C 2py         -0.19354  -0.02049   0.02628  -0.29323
4 C 2pz         -0.31312  -0.03095   0.04058  -0.47309
4 C 3px         -0.09208  -0.00599   0.00281  -0.12928
4 C 3py         -0.14572  -0.01686   0.01588  -0.21738
4 C 3pz         -0.23244  -0.02435   0.03205  -0.36030
5 C 1s          -0.00010   0.00014   0.00032  -0.00068
5 C 2s           0.00040  -0.00082  -0.00043   0.00029
5 C 3s          -0.00416   0.00437  -0.01400   0.00842
5 C 2px         -0.08548   0.08010   0.12034   0.12932
5 C 2py         -0.13772   0.12906   0.19272   0.20984
5 C 2pz         -0.22544   0.21116   0.31657   0.33926
5 C 3px         -0.06072   0.05963   0.08992   0.09719
5 C 3py         -0.10387   0.10292   0.13026   0.17466
5 C 3pz         -0.16327   0.16814   0.22294   0.26389
6 C 1s           0.00006   0.00054  -0.00062   0.00046
6 C 2s          -0.00067  -0.00057   0.00011  -0.00004
6 C 3s           0.00900  -0.01089   0.01748  -0.01956
6 C 2px         -0.00100   0.09098  -0.11502   0.00153
6 C 2py          0.00072   0.14417  -0.18306  -0.00246
6 C 2pz         -0.00177   0.23331  -0.29581   0.00021
6 C 3px          0.00347   0.07334  -0.11168  -0.00294
6 C 3py          0.02144   0.11946  -0.17592  -0.03504
6 C 3pz          0.01678   0.20050  -0.30314  -0.03893
7 C 1s           0.00157  -0.00039   0.00075  -0.00119
7 C 2s          -0.00170  -0.00092  -0.00026   0.00240
7 C 3s          -0.01565   0.01603  -0.01658  -0.00160
7 C 2px          0.00157   0.00097  -0.00115   0.00006
7 C 2py          0.00550   0.00586  -0.00566  -0.00588
7 C 2pz         -0.02829  -0.00056  -0.00567   0.01609
7 C 3px          0.01247  -0.02793   0.02512  -0.00844
7 C 3py          0.00390   0.00165  -0.00065  -0.00607
7 C 3pz         -0.03696  -0.01250   0.00453   0.00649
8 C 1s          -0.00135   0.00061  -0.00070  -0.00236
8 C 2s           0.00257  -0.00036   0.00107   0.00493
8 C 3s           0.00696  -0.02012   0.01718   0.01318
8 C 2px          0.00708  -0.00144   0.00289   0.00791
8 C 2py          0.00247  -0.00052   0.00137   0.00116
8 C 2pz          0.00141   0.00046  -0.00035  -0.00038
8 C 3px          0.00516  -0.02320   0.01958   0.00451
8 C 3py          0.00360  -0.00849   0.00825   0.00290
8 C 3pz          0.00640  -0.01364   0.01145   0.00099
9 C 1s           0.00026  -0.00002   0.00027  -0.00128
9 C 2s          -0.00069   0.00042  -0.00056   0.00316
9 C 3s           0.00059  -0.01181   0.00882   0.00284
9 C 2px         -0.00191  -0.00104   0.00033   0.00628
9 C 2py         -0.00793  -0.00089  -0.00042   0.00228
9 C 2pz          0.00649   0.00225  -0.00145  -0.00579
9 C 3px         -0.00111   0.01130  -0.01089   0.00517
9 C 3py         -0.00912  -0.00694   0.00439   0.00359
9 C 3pz          0.00973   0.00181  -0.00019  -0.00835
10 C 1s         -0.00023   0.00001  -0.00012   0.00042
10 C 2s          0.00029  -0.00042   0.00068  -0.00114
10 C 3s          0.00228   0.01090  -0.00908  -0.00201
10 C 2px         0.00001  -0.00021   0.00047  -0.00264
10 C 2py        -0.00024  -0.00022   0.00014  -0.00163
10 C 2pz         0.00165   0.00031   0.00038   0.00141
10 C 3px         0.00130   0.00234  -0.00202   0.00036
10 C 3py         0.00188   0.00350  -0.00292  -0.00295
10 C 3pz         0.00183   0.00389  -0.00296   0.00206
11 C 1s         -0.00015   0.00008  -0.00006  -0.00039
11 C 2s          0.00027   0.00027  -0.00025   0.00084
11 C 3s         -0.00063  -0.00465   0.00379   0.00297
11 C 2px         0.00242   0.00043   0.00008  -0.00063
11 C 2py         0.00270   0.00067   0.00004  -0.00257
11 C 2pz        -0.00482  -0.00097  -0.00023   0.00421
11 C 3px         0.00282  -0.00286   0.00302  -0.00088
11 C 3py         0.00355   0.00030   0.00077  -0.00492
11 C 3pz        -0.00695  -0.00306   0.00114   0.00418
12 C 1s         -0.00010  -0.00002   0.00003  -0.00026
12 C 2s          0.00026   0.00007  -0.00002   0.00061
12 C 3s         -0.00168   0.00729  -0.00651   0.00128
12 C 2px         0.00001   0.00020  -0.00019   0.00006
12 C 2py        -0.00094  -0.00015  -0.00007  -0.00119
12 C 2pz         0.00174   0.00017   0.00025   0.00185
12 C 3px        -0.00129   0.00251  -0.00234  -0.00038
12 C 3py        -0.00170  -0.00086   0.00048  -0.00174
12 C 3pz         0.00102   0.00034   0.00004   0.00064
13 C 1s         -0.00013   0.00017  -0.00021   0.00044
13 C 2s         -0.00007   0.00013   0.00015  -0.00077
13 C 3s          0.00195  -0.00634   0.00521  -0.00319
13 C 2px        -0.00321  -0.00090   0.00016   0.00081
13 C 2py        -0.00466  -0.00121  -0.00033   0.00651
13 C 2pz         0.00786   0.00151   0.00063  -0.00565
13 C 3px        -0.00531   0.00316  -0.00368  -0.00141
13 C 3py        -0.00583   0.00379  -0.00462   0.00814
13 C 3pz         0.00629   0.00685  -0.00375  -0.00629
14 H 1s          0.01023   0.00254   0.00008  -0.00868
14 H 2s          0.01654   0.00589  -0.00226  -0.01697
15 H 1s         -0.00082  -0.00109  -0.00138   0.00223
15 H 2s          0.00802  -0.00426   0.01049  -0.00405
16 H 1s          0.00073   0.00121   0.00084  -0.00230
16 H 2s          0.00029   0.00170  -0.00198  -0.00075
17 H 1s         -0.00022   0.00038  -0.00073   0.00141
17 H 2s          0.00081   0.00054   0.00110  -0.00150
18 H 1s          0.00047   0.00005   0.00002  -0.00033
18 H 2s          0.00006   0.00121  -0.00175   0.00267
19 H 1s          0.00023   0.00058  -0.00127  -0.00005
19 H 2s          0.00539   0.00174  -0.00082  -0.00287
20 H 1s         -0.00623   0.00394  -0.00478  -0.00791
20 H 2s          0.00820   0.00142   0.00015  -0.02257
21 H 1s          0.00128  -0.00038   0.00053   0.00073
21 H 2s         -0.00260  -0.00524   0.00444   0.00139
22 H 1s         -0.00063   0.00017  -0.00030  -0.00040
22 H 2s          0.00007   0.00146  -0.00144  -0.00095
23 H 1s         -0.00006  -0.00009   0.00012  -0.00051
23 H 2s          0.00014  -0.00117   0.00115  -0.00134
24 H 1s         -0.00014   0.00002  -0.00001  -0.00059
24 H 2s          0.00016   0.00017  -0.00007  -0.00119
25 H 1s         -0.00004  -0.00034   0.00027   0.00015
25 H 2s         -0.00035  -0.00287   0.00242  -0.00183
Fragment 1 natural orbitals
Natural occ [1.81603479 0.18396521]
Natural orbital (expansion on AOs) in CAS space
               #1        #2       
0 C 1s          -0.00062  -0.00005
0 C 2s          -0.00446  -0.00702
0 C 3s           0.06528   0.03805
0 C 2px         -0.10758  -0.12713
0 C 2py         -0.13863  -0.16091
0 C 2pz         -0.35154  -0.46575
0 C 3px         -0.04546  -0.03290
0 C 3py         -0.11939  -0.10136
0 C 3pz         -0.31260  -0.42514
1 C 1s           0.01151  -0.00928
1 C 2s          -0.02201   0.02070
1 C 3s          -0.14600  -0.04664
1 C 2px          0.03001  -0.02935
1 C 2py         -0.01270   0.01107
1 C 2pz         -0.02734   0.04867
1 C 3px          0.07099   0.05991
1 C 3py          0.04148   0.06679
1 C 3pz         -0.01336   0.07379
2 C 1s           0.00810   0.00067
2 C 2s          -0.01667  -0.00004
2 C 3s          -0.06407  -0.03323
2 C 2px          0.04525   0.01453
2 C 2py          0.03463   0.06285
2 C 2pz          0.05334   0.05486
2 C 3px          0.01208  -0.00107
2 C 3py          0.02360   0.05700
2 C 3pz          0.07986   0.05754
3 C 1s          -0.00250  -0.00035
3 C 2s           0.00444   0.00018
3 C 3s           0.03862   0.01992
3 C 2px         -0.00667  -0.00702
3 C 2py          0.00349  -0.01445
3 C 2pz          0.01164  -0.01619
3 C 3px         -0.01746  -0.02178
3 C 3py         -0.00103  -0.02289
3 C 3pz          0.00879  -0.02154
4 C 1s           0.00172  -0.00125
4 C 2s          -0.00322   0.00336
4 C 3s          -0.00552   0.00507
4 C 2px         -0.00779  -0.01619
4 C 2py         -0.01953  -0.01657
4 C 2pz         -0.03069  -0.02935
4 C 3px         -0.00910  -0.00812
4 C 3py         -0.02483  -0.01137
4 C 3pz         -0.04146  -0.02785
5 C 1s           0.00176  -0.00056
5 C 2s          -0.00304   0.00197
5 C 3s           0.00065   0.01179
5 C 2px          0.00792  -0.00963
5 C 2py          0.00523  -0.00932
5 C 2pz          0.00649  -0.01542
5 C 3px          0.00689  -0.01290
5 C 3py         -0.00351  -0.01843
5 C 3pz          0.00683  -0.02348
6 C 1s          -0.00342  -0.00056
6 C 2s           0.00605   0.00191
6 C 3s           0.02890   0.00335
6 C 2px          0.00964   0.02522
6 C 2py          0.04777   0.03795
6 C 2pz          0.05448   0.06658
6 C 3px         -0.00728   0.01253
6 C 3py          0.05032   0.03057
6 C 3pz          0.06051   0.06661
7 C 1s          -0.00052  -0.00002
7 C 2s          -0.00472   0.00715
7 C 3s           0.06531  -0.03749
7 C 2px          0.10751  -0.12718
7 C 2py          0.13903  -0.16133
7 C 2pz         -0.35140   0.46559
7 C 3px          0.04546  -0.03300
7 C 3py          0.11960  -0.10193
7 C 3pz         -0.31258   0.42499
8 C 1s           0.01150   0.00931
8 C 2s          -0.02197  -0.02076
8 C 3s          -0.14614   0.04651
8 C 2px         -0.02998  -0.02944
8 C 2py          0.01276   0.01112
8 C 2pz         -0.02732  -0.04869
8 C 3px         -0.07119   0.05975
8 C 3py         -0.04128   0.06684
8 C 3pz         -0.01341  -0.07377
9 C 1s           0.00810  -0.00068
9 C 2s          -0.01666   0.00006
9 C 3s          -0.06402   0.03316
9 C 2px         -0.04526   0.01458
9 C 2py         -0.03467   0.06292
9 C 2pz          0.05329  -0.05474
9 C 3px         -0.01203  -0.00098
9 C 3py         -0.02362   0.05708
9 C 3pz          0.07988  -0.05741
10 C 1s         -0.00250   0.00036
10 C 2s          0.00444  -0.00019
10 C 3s          0.03866  -0.01989
10 C 2px         0.00666  -0.00704
10 C 2py        -0.00351  -0.01447
10 C 2pz         0.01163   0.01615
10 C 3px         0.01751  -0.02177
10 C 3py         0.00097  -0.02291
10 C 3pz         0.00880   0.02149
11 C 1s          0.00172   0.00125
11 C 2s         -0.00322  -0.00336
11 C 3s         -0.00550  -0.00510
11 C 2px         0.00781  -0.01621
11 C 2py         0.01957  -0.01660
11 C 2pz        -0.03067   0.02932
11 C 3px         0.00912  -0.00814
11 C 3py         0.02486  -0.01143
11 C 3pz        -0.04144   0.02782
12 C 1s          0.00176   0.00056
12 C 2s         -0.00304  -0.00198
12 C 3s          0.00072  -0.01179
12 C 2px        -0.00792  -0.00965
12 C 2py        -0.00524  -0.00934
12 C 2pz         0.00648   0.01541
12 C 3px        -0.00686  -0.01293
12 C 3py         0.00349  -0.01849
12 C 3pz         0.00684   0.02344
13 C 1s         -0.00342   0.00056
13 C 2s          0.00605  -0.00190
13 C 3s          0.02875  -0.00341
13 C 2px        -0.00968   0.02526
13 C 2py        -0.04785   0.03804
13 C 2pz         0.05444  -0.06653
13 C 3px         0.00723   0.01252
13 C 3py        -0.05034   0.03073
13 C 3pz         0.06050  -0.06655
14 H 1s          0.03435  -0.03888
14 H 2s          0.08488  -0.02236
15 H 1s         -0.00997   0.00575
15 H 2s          0.01639   0.00852
16 H 1s          0.00084  -0.00428
16 H 2s          0.00034  -0.00510
17 H 1s          0.00176  -0.00139
17 H 2s          0.00232  -0.00405
18 H 1s          0.00268  -0.00146
18 H 2s          0.00285  -0.00324
19 H 1s          0.00028  -0.00080
19 H 2s          0.00303  -0.00764
20 H 1s          0.03437   0.03877
20 H 2s          0.08498   0.02227
21 H 1s         -0.00997  -0.00575
21 H 2s          0.01643  -0.00848
22 H 1s          0.00084   0.00429
22 H 2s          0.00033   0.00511
23 H 1s          0.00176   0.00139
23 H 2s          0.00231   0.00405
24 H 1s          0.00268   0.00147
24 H 2s          0.00285   0.00325
25 H 1s          0.00028   0.00081
25 H 2s          0.00301   0.00762
Fragment 2 natural orbitals
Natural occ [1.93976178 1.93599278 0.06461358 0.05963186]
Natural orbital (expansion on AOs) in CAS space
               #1        #2        #3        #4       
0 C 1s          -0.00156   0.00039  -0.00075  -0.00118
0 C 2s           0.00168   0.00093   0.00025   0.00237
0 C 3s           0.01562  -0.01616   0.01666  -0.00150
0 C 2px          0.00159   0.00097  -0.00113  -0.00003
0 C 2py          0.00548   0.00584  -0.00565   0.00584
0 C 2pz          0.02829   0.00054   0.00565   0.01610
0 C 3px          0.01246  -0.02788   0.02507   0.00849
0 C 3py          0.00391   0.00152  -0.00055   0.00614
0 C 3pz          0.03696   0.01251  -0.00455   0.00646
1 C 1s           0.00135  -0.00061   0.00070  -0.00236
1 C 2s          -0.00256   0.00037  -0.00107   0.00494
1 C 3s          -0.00696   0.02012  -0.01718   0.01311
1 C 2px          0.00707  -0.00145   0.00289  -0.00792
1 C 2py          0.00247  -0.00052   0.00137  -0.00116
1 C 2pz         -0.00140  -0.00046   0.00036  -0.00038
1 C 3px          0.00517  -0.02326   0.01962  -0.00442
1 C 3py          0.00357  -0.00848   0.00824  -0.00293
1 C 3pz         -0.00636   0.01361  -0.01142   0.00099
2 C 1s          -0.00025   0.00002  -0.00027  -0.00128
2 C 2s           0.00068  -0.00042   0.00055   0.00317
2 C 3s          -0.00058   0.01178  -0.00880   0.00282
2 C 2px         -0.00190  -0.00103   0.00033  -0.00627
2 C 2py         -0.00792  -0.00088  -0.00042  -0.00227
2 C 2pz         -0.00650  -0.00225   0.00145  -0.00579
2 C 3px         -0.00109   0.01135  -0.01092  -0.00520
2 C 3py         -0.00915  -0.00692   0.00438  -0.00361
2 C 3pz         -0.00973  -0.00182   0.00021  -0.00833
3 C 1s           0.00022  -0.00001   0.00012   0.00042
3 C 2s          -0.00029   0.00043  -0.00068  -0.00114
3 C 3s          -0.00229  -0.01093   0.00910  -0.00198
3 C 2px          0.00000  -0.00021   0.00047   0.00264
3 C 2py         -0.00024  -0.00021   0.00014   0.00163
3 C 2pz         -0.00165  -0.00031  -0.00038   0.00141
3 C 3px          0.00128   0.00235  -0.00202  -0.00039
3 C 3py          0.00191   0.00351  -0.00293   0.00296
3 C 3pz         -0.00183  -0.00389   0.00296   0.00207
4 C 1s           0.00015  -0.00008   0.00006  -0.00039
4 C 2s          -0.00027  -0.00027   0.00025   0.00084
4 C 3s           0.00064   0.00466  -0.00380   0.00297
4 C 2px          0.00242   0.00043   0.00008   0.00062
4 C 2py          0.00270   0.00067   0.00004   0.00256
4 C 2pz          0.00482   0.00096   0.00022   0.00421
4 C 3px          0.00281  -0.00288   0.00302   0.00088
4 C 3py          0.00355   0.00028   0.00077   0.00492
4 C 3pz          0.00695   0.00306  -0.00115   0.00418
5 C 1s           0.00010   0.00002  -0.00003  -0.00026
5 C 2s          -0.00026  -0.00006   0.00002   0.00061
5 C 3s           0.00168  -0.00732   0.00652   0.00130
5 C 2px          0.00001   0.00019  -0.00019  -0.00006
5 C 2py         -0.00094  -0.00015  -0.00007   0.00119
5 C 2pz         -0.00174  -0.00017  -0.00025   0.00185
5 C 3px         -0.00129   0.00252  -0.00235   0.00037
5 C 3py         -0.00169  -0.00087   0.00049   0.00175
5 C 3pz         -0.00103  -0.00034  -0.00004   0.00064
6 C 1s           0.00013  -0.00017   0.00021   0.00045
6 C 2s           0.00007  -0.00013  -0.00015  -0.00077
6 C 3s          -0.00197   0.00640  -0.00525  -0.00324
6 C 2px         -0.00320  -0.00090   0.00016  -0.00080
6 C 2py         -0.00465  -0.00121  -0.00033  -0.00650
6 C 2pz         -0.00787  -0.00150  -0.00063  -0.00566
6 C 3px         -0.00528   0.00315  -0.00367   0.00142
6 C 3py         -0.00584   0.00384  -0.00465  -0.00816
6 C 3pz         -0.00630  -0.00685   0.00375  -0.00628
7 C 1s          -0.00017   0.00076  -0.00073   0.00022
7 C 2s           0.00033   0.00117  -0.00056   0.00171
7 C 3s           0.00362  -0.02692   0.02583  -0.01997
7 C 2px          0.00687   0.00210  -0.00307  -0.01980
7 C 2py          0.00918  -0.00005  -0.00097  -0.02710
7 C 2pz         -0.03334  -0.00354   0.00375   0.05697
7 C 3px          0.00320   0.00488  -0.01047  -0.01185
7 C 3py         -0.00208   0.01302  -0.01594  -0.05151
7 C 3pz         -0.01008  -0.00127   0.01163   0.10961
8 C 1s          -0.00154  -0.00007  -0.00027  -0.00142
8 C 2s           0.00276  -0.00086   0.00118   0.00085
8 C 3s           0.02296   0.00818   0.01076   0.04606
8 C 2px          0.05403   0.00679   0.00940   0.05949
8 C 2py          0.08409   0.01502   0.01137   0.09582
8 C 2pz         -0.12717  -0.01653  -0.02392  -0.14699
8 C 3px          0.03911   0.01560  -0.00504   0.07363
8 C 3py          0.07826   0.00817   0.01512   0.12793
8 C 3pz         -0.12193  -0.00731  -0.04383  -0.16410
9 C 1s          -0.00004  -0.00046   0.00079  -0.00091
9 C 2s           0.00121  -0.00039   0.00128   0.00081
9 C 3s          -0.00248   0.00538  -0.01709   0.01451
9 C 2px          0.01607  -0.07247   0.09264  -0.01164
9 C 2py          0.02470  -0.14083   0.17239  -0.03393
9 C 2pz         -0.04470   0.21292  -0.26390   0.05163
9 C 3px          0.02280  -0.06323   0.10592  -0.00548
9 C 3py          0.02646  -0.11486   0.16734  -0.01097
9 C 3pz         -0.06352   0.17411  -0.28595   0.00866
10 C 1s         -0.00086  -0.00079  -0.00109  -0.00101
10 C 2s          0.00189   0.00172   0.00244   0.00191
10 C 3s          0.00368  -0.00334   0.01310   0.00364
10 C 2px        -0.06640  -0.09141  -0.13066  -0.10765
10 C 2py        -0.11371  -0.15355  -0.22546  -0.17448
10 C 2pz         0.18086   0.24337   0.35542   0.27876
10 C 3px        -0.04896  -0.07155  -0.09363  -0.08935
10 C 3py        -0.07912  -0.12343  -0.15473  -0.13982
10 C 3pz         0.13105   0.19242   0.26039   0.23123
11 C 1s         -0.00157  -0.00063   0.00098   0.00126
11 C 2s          0.00402   0.00136  -0.00142  -0.00299
11 C 3s         -0.00067   0.00611  -0.01384  -0.01778
11 C 2px        -0.11986  -0.01045   0.01321   0.18233
11 C 2py        -0.19391  -0.02042   0.02618   0.29378
11 C 2pz         0.31286   0.03075  -0.04030  -0.47268
11 C 3px        -0.09220  -0.00596   0.00277   0.12945
11 C 3py        -0.14599  -0.01681   0.01583   0.21780
11 C 3pz         0.23225   0.02419  -0.03186  -0.36000
12 C 1s          0.00010  -0.00014  -0.00032  -0.00068
12 C 2s         -0.00040   0.00082   0.00043   0.00029
12 C 3s          0.00414  -0.00435   0.01398   0.00841
12 C 2px        -0.08555   0.08024   0.12055  -0.12943
12 C 2py        -0.13791   0.12936   0.19317  -0.21013
12 C 2pz         0.22512  -0.21107  -0.31641   0.33878
12 C 3px        -0.06078   0.05975   0.09006  -0.09730
12 C 3py        -0.10400   0.10315   0.13060  -0.17492
12 C 3pz         0.16304  -0.16807  -0.22286   0.26353
13 C 1s         -0.00006  -0.00054   0.00062   0.00046
13 C 2s          0.00067   0.00056  -0.00010  -0.00004
13 C 3s         -0.00897   0.01085  -0.01742  -0.01956
13 C 2px        -0.00094   0.09106  -0.11512  -0.00159
13 C 2py         0.00080   0.14441  -0.18335   0.00236
13 C 2pz         0.00163  -0.23305   0.29544   0.00038
13 C 3px         0.00353   0.07341  -0.11178   0.00289
13 C 3py         0.02153   0.11968  -0.17627   0.03501
13 C 3pz        -0.01688  -0.20027   0.30284  -0.03873
14 H 1s          0.00623  -0.00394   0.00478  -0.00791
14 H 2s         -0.00817  -0.00145  -0.00010  -0.02255
15 H 1s         -0.00128   0.00038  -0.00053   0.00072
15 H 2s          0.00262   0.00526  -0.00446   0.00141
16 H 1s          0.00063  -0.00017   0.00030  -0.00040
16 H 2s         -0.00008  -0.00146   0.00144  -0.00095
17 H 1s          0.00006   0.00009  -0.00012  -0.00051
17 H 2s         -0.00014   0.00118  -0.00116  -0.00134
18 H 1s          0.00014  -0.00002   0.00001  -0.00059
18 H 2s         -0.00016  -0.00018   0.00007  -0.00119
19 H 1s          0.00004   0.00034  -0.00027   0.00015
19 H 2s          0.00035   0.00288  -0.00242  -0.00184
20 H 1s         -0.01024  -0.00253  -0.00008  -0.00871
20 H 2s         -0.01658  -0.00584   0.00224  -0.01701
21 H 1s          0.00082   0.00109   0.00138   0.00223
21 H 2s         -0.00803   0.00427  -0.01048  -0.00406
22 H 1s         -0.00073  -0.00121  -0.00084  -0.00230
22 H 2s         -0.00030  -0.00170   0.00198  -0.00074
23 H 1s          0.00022  -0.00038   0.00073   0.00141
23 H 2s         -0.00081  -0.00054  -0.00110  -0.00150
24 H 1s         -0.00047  -0.00005  -0.00002  -0.00032
24 H 2s         -0.00006  -0.00121   0.00174   0.00267
25 H 1s         -0.00023  -0.00058   0.00127  -0.00004
25 H 2s         -0.00540  -0.00174   0.00082  -0.00287
LASCI energy = -536.999323880889

******** CASCI flags ********
CAS (5e+5e, 10o), ncore = 43, nvir = 97
natorb = False
canonicalization = True
sorting_mo_energy = False
max_memory 4000 (MB)
******** <class 'pyscf.fci.direct_spin1.FCISolver'> ********
max. cycles = 200
conv_tol = 1e-08
davidson only = False
linear dependence = 1e-12
level shift = 0.001
max iter space = 12
max_memory 4000 MB
nroots = 1
pspace_size = 400
spin = None
Density matrix diagonal elements [1.93247898 1.93363249 0.06689997 0.06655666 1.79593395 0.20492982
 1.93247675 1.93363623 0.06689662 0.06655853]
CASCI converged
CASCI E = -537.005512204512  E(CI) = -11.0224011786069  S^2 = 0.0000000

******** CASCI flags ********
CAS (5e+5e, 10o), ncore = 43, nvir = 97
natorb = False
canonicalization = True
sorting_mo_energy = False
max_memory 4000 (MB)
******** <class 'mrh.exploratory.unitary_cc.lasuccsd.FCISolver_USCC'> ********
max. cycles = 100
conv_tol = 1e-10
davidson only = False
linear dependence = 1e-14
level shift = 0.001
max iter space = 12
max_memory 4000 MB
nroots = 1
pspace_size = 400
spin = None
LASCI object has 81 degrees of freedom
iteration 0, E = -537.002789, |x| = 1.071740e-01, |g| = 5.704890e-02
iteration 1, E = -537.003929, |x| = 8.803558e-02, |g| = 1.187646e-02
iteration 2, E = -537.004039, |x| = 9.360841e-02, |g| = 6.288284e-03
iteration 3, E = -537.004055, |x| = 1.013392e-01, |g| = 7.676965e-03
iteration 4, E = -537.004066, |x| = 1.020782e-01, |g| = 2.510017e-03
iteration 5, E = -537.004067, |x| = 1.006482e-01, |g| = 1.076999e-03
iteration 6, E = -537.004068, |x| = 1.006954e-01, |g| = 7.617867e-04
iteration 7, E = -537.004068, |x| = 1.009853e-01, |g| = 5.626754e-04
iteration 8, E = -537.004069, |x| = 1.012675e-01, |g| = 6.087429e-04
iteration 9, E = -537.004070, |x| = 1.017096e-01, |g| = 9.040635e-04
iteration 10, E = -537.004072, |x| = 1.027397e-01, |g| = 1.386665e-03
iteration 11, E = -537.004076, |x| = 1.057367e-01, |g| = 2.096139e-03
iteration 12, E = -537.004083, |x| = 1.154577e-01, |g| = 2.973430e-03
iteration 13, E = -537.004093, |x| = 1.461914e-01, |g| = 3.615058e-03
iteration 14, E = -537.004098, |x| = 1.767901e-01, |g| = 3.065038e-03
iteration 15, E = -537.004101, |x| = 1.829233e-01, |g| = 1.997296e-03
iteration 16, E = -537.004103, |x| = 1.814799e-01, |g| = 7.306342e-04
iteration 17, E = -537.004103, |x| = 1.762925e-01, |g| = 6.552203e-04
iteration 18, E = -537.004103, |x| = 1.757476e-01, |g| = 4.057762e-04
iteration 19, E = -537.004103, |x| = 1.762283e-01, |g| = 4.846610e-04
iteration 20, E = -537.004104, |x| = 1.769722e-01, |g| = 6.716012e-04
iteration 21, E = -537.004104, |x| = 1.784634e-01, |g| = 9.482755e-04
iteration 22, E = -537.004106, |x| = 1.815315e-01, |g| = 1.361329e-03
iteration 23, E = -537.004108, |x| = 1.880571e-01, |g| = 1.985269e-03
iteration 24, E = -537.004112, |x| = 2.027523e-01, |g| = 2.938366e-03
iteration 25, E = -537.004119, |x| = 2.374905e-01, |g| = 4.362833e-03
iteration 26, E = -537.004127, |x| = 3.153713e-01, |g| = 6.065073e-03
iteration 27, E = -537.004132, |x| = 3.466229e-01, |g| = 5.452165e-03
iteration 28, E = -537.004140, |x| = 3.859049e-01, |g| = 3.197623e-03
iteration 29, E = -537.004144, |x| = 4.092475e-01, |g| = 5.898788e-04
iteration 30, E = -537.004144, |x| = 4.091269e-01, |g| = 5.430728e-04
iteration 31, E = -537.004145, |x| = 4.061212e-01, |g| = 7.934272e-04
iteration 32, E = -537.004145, |x| = 4.079718e-01, |g| = 1.171838e-03
iteration 33, E = -537.004147, |x| = 4.145960e-01, |g| = 1.587066e-03
iteration 34, E = -537.004150, |x| = 4.312152e-01, |g| = 2.031391e-03
iteration 35, E = -537.004155, |x| = 4.658608e-01, |g| = 2.472715e-03
iteration 36, E = -537.004164, |x| = 5.358666e-01, |g| = 2.826638e-03
iteration 37, E = -537.004171, |x| = 6.254460e-01, |g| = 2.801671e-03
iteration 38, E = -537.004174, |x| = 6.173183e-01, |g| = 1.917045e-03
iteration 39, E = -537.004176, |x| = 6.196437e-01, |g| = 3.646105e-04
iteration 40, E = -537.004176, |x| = 6.199793e-01, |g| = 2.907382e-04
iteration 41, E = -537.004177, |x| = 6.253527e-01, |g| = 1.223669e-04
iteration 42, E = -537.004177, |x| = 6.265041e-01, |g| = 4.321079e-05
iteration 43, E = -537.004177, |x| = 6.261806e-01, |g| = 2.943785e-05
iteration 44, E = -537.004177, |x| = 6.260560e-01, |g| = 3.496200e-05
iteration 45, E = -537.004177, |x| = 6.259772e-01, |g| = 5.184281e-05
iteration 46, E = -537.004177, |x| = 6.258812e-01, |g| = 7.535674e-05
iteration 47, E = -537.004177, |x| = 6.257619e-01, |g| = 1.063098e-04
iteration 48, E = -537.004177, |x| = 6.255764e-01, |g| = 1.479313e-04
iteration 49, E = -537.004177, |x| = 6.252834e-01, |g| = 2.037401e-04
iteration 50, E = -537.004177, |x| = 6.247813e-01, |g| = 2.751990e-04
iteration 51, E = -537.004177, |x| = 6.238801e-01, |g| = 3.509513e-04
iteration 52, E = -537.004177, |x| = 6.224550e-01, |g| = 3.634525e-04
iteration 53, E = -537.004177, |x| = 6.209930e-01, |g| = 2.626641e-04
iteration 54, E = -537.004177, |x| = 6.202877e-01, |g| = 7.887206e-05
iteration 55, E = -537.004177, |x| = 6.209899e-01, |g| = 2.227213e-05
iteration 56, E = -537.004177, |x| = 6.213722e-01, |g| = 2.235573e-05
iteration 57, E = -537.004177, |x| = 6.217041e-01, |g| = 2.354992e-05
iteration 58, E = -537.004177, |x| = 6.220968e-01, |g| = 2.568052e-05
iteration 59, E = -537.004177, |x| = 6.226386e-01, |g| = 2.908216e-05
iteration 60, E = -537.004177, |x| = 6.234760e-01, |g| = 3.476664e-05
iteration 61, E = -537.004177, |x| = 6.248713e-01, |g| = 4.402546e-05
iteration 62, E = -537.004177, |x| = 6.272999e-01, |g| = 5.911945e-05
iteration 63, E = -537.004177, |x| = 6.316483e-01, |g| = 8.298263e-05
iteration 64, E = -537.004177, |x| = 6.395307e-01, |g| = 1.197833e-04
iteration 65, E = -537.004177, |x| = 6.537387e-01, |g| = 1.737771e-04
iteration 66, E = -537.004178, |x| = 6.786476e-01, |g| = 2.494746e-04
iteration 67, E = -537.004178, |x| = 7.214717e-01, |g| = 3.615740e-04
iteration 68, E = -537.004178, |x| = 7.969400e-01, |g| = 5.859058e-04
iteration 69, E = -537.004179, |x| = 8.395021e-01, |g| = 6.316299e-04
iteration 70, E = -537.004179, |x| = 8.586691e-01, |g| = 3.873692e-04
iteration 71, E = -537.004180, |x| = 8.470891e-01, |g| = 2.039193e-04
iteration 72, E = -537.004180, |x| = 8.400646e-01, |g| = 1.435077e-04
iteration 73, E = -537.004180, |x| = 8.068844e-01, |g| = 1.187486e-04
iteration 74, E = -537.004180, |x| = 8.124039e-01, |g| = 6.447667e-05
iteration 75, E = -537.004180, |x| = 8.130057e-01, |g| = 5.856987e-05
iteration 76, E = -537.004180, |x| = 8.121820e-01, |g| = 6.409690e-05
iteration 77, E = -537.004180, |x| = 8.111533e-01, |g| = 7.554239e-05
iteration 78, E = -537.004180, |x| = 8.103104e-01, |g| = 9.259483e-05
iteration 79, E = -537.004180, |x| = 8.101680e-01, |g| = 1.161890e-04
iteration 80, E = -537.004180, |x| = 8.115099e-01, |g| = 1.427746e-04
iteration 81, E = -537.004180, |x| = 8.165677e-01, |g| = 1.611152e-04
iteration 82, E = -537.004180, |x| = 8.264157e-01, |g| = 1.292622e-04
iteration 83, E = -537.004180, |x| = 8.321566e-01, |g| = 7.196836e-05
iteration 84, E = -537.004180, |x| = 8.346976e-01, |g| = 2.166009e-05
iteration 85, E = -537.004180, |x| = 8.342798e-01, |g| = 1.874773e-05
iteration 86, E = -537.004180, |x| = 8.339975e-01, |g| = 1.870884e-05
iteration 87, E = -537.004180, |x| = 8.337369e-01, |g| = 1.943250e-05
iteration 88, E = -537.004180, |x| = 8.335012e-01, |g| = 2.133526e-05
iteration 89, E = -537.004180, |x| = 8.332903e-01, |g| = 2.453628e-05
iteration 90, E = -537.004180, |x| = 8.331618e-01, |g| = 3.034696e-05
iteration 91, E = -537.004180, |x| = 8.332764e-01, |g| = 3.961142e-05
iteration 92, E = -537.004180, |x| = 8.340508e-01, |g| = 5.360133e-05
iteration 93, E = -537.004180, |x| = 8.365183e-01, |g| = 7.091845e-05
iteration 94, E = -537.004180, |x| = 8.410882e-01, |g| = 7.633410e-05
iteration 95, E = -537.004180, |x| = 8.466921e-01, |g| = 6.025506e-05
iteration 96, E = -537.004180, |x| = 8.521839e-01, |g| = 2.546656e-05
iteration 97, E = -537.004180, |x| = 8.533704e-01, |g| = 5.638062e-06
iteration 98, E = -537.004180, |x| = 8.530768e-01, |g| = 3.738233e-06
iteration 99, E = -537.004180, |x| = 8.529354e-01, |g| = 3.669589e-06
iteration 100, E = -537.004180, |x| = 8.527877e-01, |g| = 3.638888e-06
iteration 101, E = -537.004180, |x| = 8.526331e-01, |g| = 3.737059e-06
iteration 102, E = -537.004180, |x| = 8.524565e-01, |g| = 3.949421e-06
iteration 103, E = -537.004180, |x| = 8.522279e-01, |g| = 4.470040e-06
iteration 104, E = -537.004180, |x| = 8.519084e-01, |g| = 5.392090e-06
iteration 105, E = -537.004180, |x| = 8.514411e-01, |g| = 7.101792e-06
iteration 106, E = -537.004180, |x| = 8.507411e-01, |g| = 9.879726e-06
iteration 107, E = -537.004180, |x| = 8.496918e-01, |g| = 1.434669e-05
iteration 108, E = -537.004180, |x| = 8.481686e-01, |g| = 2.088373e-05
iteration 109, E = -537.004180, |x| = 8.461278e-01, |g| = 2.972650e-05
iteration 110, E = -537.004180, |x| = 8.437343e-01, |g| = 3.976262e-05
iteration 111, E = -537.004180, |x| = 8.413797e-01, |g| = 4.898371e-05
iteration 112, E = -537.004180, |x| = 8.399861e-01, |g| = 5.194079e-05
iteration 113, E = -537.004180, |x| = 8.414682e-01, |g| = 3.876840e-05
iteration 114, E = -537.004180, |x| = 8.457943e-01, |g| = 2.111295e-05
iteration 115, E = -537.004180, |x| = 8.472057e-01, |g| = 1.972822e-05
iteration 116, E = -537.004180, |x| = 8.478383e-01, |g| = 1.985537e-05
iteration 117, E = -537.004180, |x| = 8.484691e-01, |g| = 2.013236e-05
iteration 118, E = -537.004180, |x| = 8.491701e-01, |g| = 2.077422e-05
iteration 119, E = -537.004180, |x| = 8.500396e-01, |g| = 2.233398e-05
iteration 120, E = -537.004180, |x| = 8.511897e-01, |g| = 2.600564e-05
iteration 121, E = -537.004180, |x| = 8.527947e-01, |g| = 3.330476e-05
iteration 122, E = -537.004180, |x| = 8.551199e-01, |g| = 4.670352e-05
iteration 123, E = -537.004181, |x| = 8.586112e-01, |g| = 6.947109e-05
iteration 124, E = -537.004181, |x| = 8.639909e-01, |g| = 1.071019e-04
iteration 125, E = -537.004181, |x| = 8.720868e-01, |g| = 1.645536e-04
iteration 126, E = -537.004181, |x| = 8.793983e-01, |g| = 2.112467e-04
iteration 127, E = -537.004181, |x| = 8.785258e-01, |g| = 2.043674e-04
iteration 128, E = -537.004181, |x| = 8.693096e-01, |g| = 1.495499e-04
iteration 129, E = -537.004182, |x| = 8.580506e-01, |g| = 1.167185e-04
iteration 130, E = -537.004182, |x| = 8.349629e-01, |g| = 6.288311e-05
iteration 131, E = -537.004182, |x| = 8.361673e-01, |g| = 1.984258e-05
iteration 132, E = -537.004182, |x| = 8.351854e-01, |g| = 1.379156e-05
iteration 133, E = -537.004182, |x| = 8.347204e-01, |g| = 1.042880e-05
iteration 134, E = -537.004182, |x| = 8.342757e-01, |g| = 1.251263e-05
iteration 135, E = -537.004182, |x| = 8.338780e-01, |g| = 1.713838e-05
iteration 136, E = -537.004182, |x| = 8.334309e-01, |g| = 2.398919e-05
iteration 137, E = -537.004182, |x| = 8.328605e-01, |g| = 3.392367e-05
iteration 138, E = -537.004182, |x| = 8.321031e-01, |g| = 4.862598e-05
iteration 139, E = -537.004182, |x| = 8.310575e-01, |g| = 7.065883e-05
iteration 140, E = -537.004182, |x| = 8.296519e-01, |g| = 1.038512e-04
iteration 141, E = -537.004182, |x| = 8.278854e-01, |g| = 1.527896e-04
iteration 142, E = -537.004182, |x| = 8.261673e-01, |g| = 2.202561e-04
iteration 143, E = -537.004182, |x| = 8.258084e-01, |g| = 2.973628e-04
iteration 144, E = -537.004182, |x| = 8.289282e-01, |g| = 3.584109e-04
iteration 145, E = -537.004182, |x| = 8.372998e-01, |g| = 4.033796e-04
iteration 146, E = -537.004182, |x| = 8.533428e-01, |g| = 5.345411e-04
iteration 147, E = -537.004182, |x| = 8.786233e-01, |g| = 8.339861e-04
iteration 148, E = -537.004183, |x| = 8.894618e-01, |g| = 5.187870e-04
iteration 149, E = -537.004183, |x| = 9.043306e-01, |g| = 3.880044e-04
iteration 150, E = -537.004183, |x| = 9.158260e-01, |g| = 1.210131e-03
iteration 151, E = -537.004184, |x| = 9.263711e-01, |g| = 1.073772e-03
iteration 152, E = -537.004184, |x| = 9.076893e-01, |g| = 3.751938e-04
iteration 153, E = -537.004184, |x| = 9.066558e-01, |g| = 1.442920e-04
iteration 154, E = -537.004184, |x| = 8.881595e-01, |g| = 1.576879e-04
iteration 155, E = -537.004184, |x| = 8.941780e-01, |g| = 9.001462e-05
iteration 156, E = -537.004184, |x| = 8.941820e-01, |g| = 5.270610e-05
iteration 157, E = -537.004184, |x| = 8.929933e-01, |g| = 2.632473e-05
iteration 158, E = -537.004184, |x| = 8.934192e-01, |g| = 2.786793e-05
iteration 159, E = -537.004184, |x| = 8.940758e-01, |g| = 3.385253e-05
iteration 160, E = -537.004184, |x| = 8.950335e-01, |g| = 4.432327e-05
iteration 161, E = -537.004184, |x| = 8.964598e-01, |g| = 6.034043e-05
iteration 162, E = -537.004184, |x| = 8.983696e-01, |g| = 8.437376e-05
iteration 163, E = -537.004184, |x| = 9.010062e-01, |g| = 1.168776e-04
iteration 164, E = -537.004184, |x| = 9.042657e-01, |g| = 1.591337e-04
iteration 165, E = -537.004184, |x| = 9.078523e-01, |g| = 2.043293e-04
iteration 166, E = -537.004184, |x| = 9.095089e-01, |g| = 2.317362e-04
iteration 167, E = -537.004184, |x| = 9.064716e-01, |g| = 1.942610e-04
iteration 168, E = -537.004184, |x| = 8.985118e-01, |g| = 8.200555e-05
iteration 169, E = -537.004184, |x| = 8.941959e-01, |g| = 1.399448e-05
iteration 170, E = -537.004184, |x| = 8.931190e-01, |g| = 1.112727e-05
iteration 171, E = -537.004184, |x| = 8.931489e-01, |g| = 1.057576e-05
iteration 172, E = -537.004184, |x| = 8.930913e-01, |g| = 1.054488e-05
iteration 173, E = -537.004184, |x| = 8.930487e-01, |g| = 1.147309e-05
iteration 174, E = -537.004184, |x| = 8.929808e-01, |g| = 1.309323e-05
iteration 175, E = -537.004184, |x| = 8.928853e-01, |g| = 1.614593e-05
iteration 176, E = -537.004184, |x| = 8.927461e-01, |g| = 2.146087e-05
iteration 177, E = -537.004185, |x| = 8.925420e-01, |g| = 3.038060e-05
iteration 178, E = -537.004185, |x| = 8.922477e-01, |g| = 4.481338e-05
iteration 179, E = -537.004185, |x| = 8.918461e-01, |g| = 6.722521e-05
iteration 180, E = -537.004185, |x| = 8.913817e-01, |g| = 9.940460e-05
iteration 181, E = -537.004185, |x| = 8.910661e-01, |g| = 1.385814e-04
iteration 182, E = -537.004185, |x| = 8.913300e-01, |g| = 1.757333e-04
iteration 183, E = -537.004185, |x| = 8.928858e-01, |g| = 2.017830e-04
iteration 184, E = -537.004185, |x| = 8.973321e-01, |g| = 2.037140e-04
iteration 185, E = -537.004185, |x| = 9.055773e-01, |g| = 1.580764e-04
iteration 186, E = -537.004185, |x| = 9.051938e-01, |g| = 6.850489e-05
iteration 187, E = -537.004185, |x| = 9.061112e-01, |g| = 2.581763e-05
iteration 188, E = -537.004185, |x| = 9.054951e-01, |g| = 1.718347e-05
iteration 189, E = -537.004185, |x| = 9.059643e-01, |g| = 6.633776e-06
iteration 190, E = -537.004185, |x| = 9.061336e-01, |g| = 3.541421e-06
iteration 191, E = -537.004185, |x| = 9.062054e-01, |g| = 1.227635e-06
Fragment 0 local quantum numbers
<N>,<Sz>,<S^2> = 3.999665, -0.000024, 0.004355
Fragment 1 local quantum numbers
<N>,<Sz>,<S^2> = 2.000647, 0.000026, 0.007711
Fragment 2 local quantum numbers
<N>,<Sz>,<S^2> = 3.999688, -0.000002, 0.003405
Whole system quantum numbers
<N>,<Sz>,<S^2> = 10.000000, -0.000000, 0.000731
Density matrix diagonal elements [1.93445151 1.93354731 0.06690362 0.06476292 1.80191912 0.19872793
 1.93680794 1.93434541 0.06625558 0.06227866]
CASCI converged
CASCI E = -537.004185377594  E(CI) = -11.0210743516884  S^2 = 0.0007308
