#INFO: **** input file is /project/lgagliardi/tuy/qchem/las-uscc-noci/working/stilbene-triplet/stil-triplet-90.py ****
# test the distribution of the nearest neighbor excitations

import numpy as np
import pyscf
from pyscf import gto, scf, lib, mcscf
from mrh.my_pyscf.mcscf.lasscf_o0 import LASSCF
from mrh.exploratory.unitary_cc import lasuccsd
from mrh.exploratory.unitary_cc.uccsd_sym0 import get_uccsd_op
from mrh.exploratory.citools import grad, lasci_ominus1
from mrh.exploratory.citools import fockspace


from typing import Iterable, Union
from typing import Dict, List, Any, TypedDict
import copy
import pickle
from enum import Enum
from scipy.linalg import eigh
from scipy import optimize
import sys

result = {}
VERBOSE = 4
if len(sys.argv) > 1:
    try:
        AMPLITUDE = float(sys.argv[1])
        print(f"Using AMPLITUDE argument: {AMPLITUDE}")
    except ValueError:
        print("Invalid AMPLITUDE argument, using default value 1.")
        AMPLITUDE = 1
else:
    AMPLITUDE = 1

def flatten(seq: Iterable) -> list:
    result = []
    for item in seq:
        if isinstance(item, (list, tuple, np.ndarray)):
            result.extend(flatten(item))
        else:
            result.append(item)
    return result


def cilas2f(lasci, norb_f, nelec_f):
    ''' nelec (na, nb)'''
    ci_f = []
    for i, ci in enumerate(lasci):
        ci_f.append(fockspace.hilbert2fock(ci, norb_f[i], nelec_f[i])[0])
    return ci_f

class MolConfig(TypedDict):
    # basic
    name : str
    xyz: str
    basis: str
    ncas: List[int]
    nelecas: List[int]
    spinsub: List[int]
    frag_atom_list: Any  # Can be List or Tuple depending on usage
    frag_spin_orb: Any
    adj: List[List[int]]

class TestConfig(TypedDict):
    epsilon: float
    # nearest neighbor parameters
    nn: bool
    # non-orthogonal configuration interaction parameters
    init_method: str # 'random' or 'uscc_opt' or 'load x'
    # max_nx: int  # max number of excitations per configuration
    # min_nc: int
    # test choices
    grad_test: bool
    noci_test: bool  
    frozen: str

def get_Sij(psi_i, psi_j, h):
    """Compute the overlap Sij = <psi_i|psi_j>."""
    ucj, _ = psi_j.hc_x(psi_j.x, h)[1:3]
    uci, _ = psi_i.hc_x(psi_i.x, h)[1:3]
    ucj, uci = ucj.ravel(), uci.ravel()
    Sij = uci.conj().dot(ucj)
    return Sij


def get_Sij_Hij(psi_i, psi_j, h):
    ucj, hucj = psi_j.hc_x (psi_j.x, h)[1:3]
    uci, huci = psi_i.hc_x (psi_i.x, h)[1:3]
    ucj, hucj = ucj.ravel (), hucj.ravel ()
    uci = uci.ravel ()
    Sij = uci.conj ().dot (ucj)
    Hij = uci.conj ().dot (hucj)
    return Sij, Hij


def arr_split(arr, n):
    """Split an array into n nearly equal parts."""
    k, m = divmod(len(arr), n)
    return list(arr[i * k + min(i, m):(i + 1) * k + min(i + 1, m)] for i in range(n))

def print_matrix(mat):
    for row in mat:
        print("  ".join(f"{x:.17f}" for x in row))

def zip_excitations(a_idxs, i_idxs):
    excitations = []
    for a, i in zip(a_idxs, i_idxs):
        excitations.append((tuple(i), tuple(a[::-1])))
    return excitations

def print_excitations(a_idxs, i_idxs):
    excitations = zip_excitations(a_idxs, i_idxs)
    for excitation in excitations:
        print([[int(x) for x in flatten(excitation)]])


def nci_test(a_idxs_selected, i_idxs_selected, test_config, mol_config, mol,las, mc_uscc, mf):

    nc = len(a_idxs_selected) + 1
    # we create ci for each excitation
    if VERBOSE >= 1:
        print("Number of CIs: ", nc)

    h1eff,e_core= mc_uscc.get_h1eff(mc_uscc.mo_coeff)
    h2eff = mc_uscc.get_h2eff()

    las_ucc_trial_cis = []
    
    min_ci_eng = 99999.9
    for i in range(nc):
        if( i == nc -1):
            amplitude = 0 # the last one is the reference state
        else:
            amplitude = AMPLITUDE # we should try different amplitudes

        mc_uscc_ci = mcscf.CASCI(mf, sum(mol_config['ncas']), sum(mol_config['nelecas']))
        mc_uscc_ci.mo_coeff = las.mo_coeff
        mc_uscc_ci.fcisolver = lasuccsd.FCISolver_USCC(mol, a_idxs_selected, i_idxs_selected)
        mc_uscc_ci.fcisolver.norb_f = mol_config['ncas']
        fci = mc_uscc_ci.fcisolver
        las_ci0_f = cilas2f(las.ci, mol_config['ncas'], mol_config['nelecas'])

        norb = sum(mol_config['ncas']) # not sure about this
        nelec = sum(mol_config['nelecas']) # not sure about this
        norb_f = getattr (fci, 'norb_f', [norb])
        psi =  getattr (fci, 'psi', fci.build_psi (las_ci0_f, norb, norb_f, nelec, frozen=test_config['frozen']))
        
        if i < nc - 1:
            psi.x[psi.nconstr + i] = amplitude

        energy = psi.energy_tot(psi.x, [e_core, h1eff, h2eff])
        if energy < min_ci_eng:
            min_ci_eng = energy

        las_ucc_trial_cis.append(psi)
        
    
    S = np.zeros((nc, nc), dtype=np.complex128)
    H = np.zeros((nc, nc), dtype=np.complex128)
    h = [e_core, h1eff, h2eff]


    # Build S matrix incrementally, discarding linearly dependent CIs
    selected_indices = []
    S_inc = np.zeros((0, 0), dtype=np.complex128)
    threshold = 1e7  # You can adjust this threshold as needed

    for idx, psi in enumerate(las_ucc_trial_cis):
        # Build S matrix for current selection + this CI
        n_sel = len(selected_indices)
        S_new = np.zeros((n_sel + 1, n_sel + 1), dtype=np.complex128)
        # Fill previous block
        if n_sel > 0:
            S_new[:n_sel, :n_sel] = S_inc
            for j, jidx in enumerate(selected_indices):
                S_new[n_sel, j] = get_Sij(psi, las_ucc_trial_cis[jidx], h)
                S_new[j, n_sel] = get_Sij(las_ucc_trial_cis[jidx], psi, h)
        # Diagonal element
        S_new[n_sel, n_sel] = get_Sij(psi, psi, h)
        # Check condition number
        cond = np.linalg.cond(S_new)
        if cond < threshold:
            selected_indices.append(idx)
            S_inc = S_new
        else:
            if VERBOSE >= 1:
                print(f"Discarding CI {idx} due to linear dependence (cond={cond:.2e})")

    # Now, only keep selected CIs for S and H
    nc_sel = len(selected_indices)
    S = np.zeros((nc_sel, nc_sel), dtype=np.complex128)
    H = np.zeros((nc_sel, nc_sel), dtype=np.complex128)
    for i, idx_i in enumerate(selected_indices):
        for j, idx_j in enumerate(selected_indices):
            S[i, j], H[i, j] = get_Sij_Hij(las_ucc_trial_cis[idx_i], las_ucc_trial_cis[idx_j], h)

    if VERBOSE >= 0:
        print(f"Selected {nc_sel} CIs out of {nc} total CIs")
        print("Condition number of S matrix: ", np.linalg.cond(S))

    if VERBOSE >= 1:
        print("S matrix:")
        print_matrix(S)
        print("H matrix:")
        print_matrix(H)

    # print("min_ci_eng: ", min_ci_eng)
    eigvals, eigvecs = eigh(H, S)
    return eigvals[0], eigvecs[0], min_ci_eng   # Take the lowest eigenvalue as the energy



def test(mol_config, test_config,las, mol, mf):

    all_g, g_sel, a_idxs_selected_all, i_idxs_selected_all = grad.get_grad_exact(las, test_config['epsilon'])

    # if test_config['grad_test']:
    #     result['all_g'] = all_g
    result['all_g'] = all_g
    result['g_sel'] = g_sel

    a_idxs_selected_nn = []
    i_idxs_selected_nn = []
    
    nn_g = []
    if(test_config['nn']):
        nn_g, a_idxs_selected_nn, i_idxs_selected_nn = get_nn_excitations(a_idxs_selected_all, i_idxs_selected_all, all_g, mol_config)
        if test_config['grad_test']:
            result['nn_g'] = nn_g

    result['tot_excitation_count'] = len(a_idxs_selected_all)
    result['excitation_count_nn'] = len(a_idxs_selected_nn)

    #Computing energy through the LAS-UCC kernel using selected excitations
    #==========================================================================================
    
    a_idxs_selected = None
    i_idxs_selected = None

    if test_config['nn']:
        a_idxs_selected = a_idxs_selected_nn
        i_idxs_selected = i_idxs_selected_nn
    else:
        a_idxs_selected = a_idxs_selected_all
        i_idxs_selected = i_idxs_selected_all
    
    if VERBOSE >= 2:
        print("All selected excitations:")
        print_excitations(a_idxs_selected, i_idxs_selected)

    mc_uscc = mcscf.CASCI(mf, sum(mol_config['ncas']), sum(mol_config['nelecas']))
    mc_uscc.mo_coeff = las.mo_coeff

    
    mc_uscc.fcisolver = lasuccsd.FCISolver_USCC(mol, a_idxs_selected, i_idxs_selected)
    mc_uscc.fcisolver.norb_f = mol_config['ncas'] # number of orbitals in each fragment
    # easily hit the maximal memory limit
    mc_uscc.fcisolver.frozen = test_config['frozen'] if 'frozen' in test_config else None  
    mc_uscc.kernel(ci0 = cilas2f(las.ci, mol_config['ncas'], mol_config['nelecas']))
    if not mc_uscc.converged:
        print('Warning: kernel hasn\'t converged')
    
    if VERBOSE >= 1:
        print("MC-USCC amplitudes: ", mc_uscc.fcisolver.psi.x)

    result['las_uscc_eng'] =  mc_uscc.e_tot 
   
    if test_config['noci_test']:
        result['las_uscc_noci_eng'], result['las_uscc_noci_vec'], result['min_ci_eng'] = nci_test(a_idxs_selected, i_idxs_selected, test_config, mol_config, mol,las, mc_uscc, mf)
    
    return result
   



def batch_test(mol_config, test_configs):
    results = []

    # Initializing the molecule with RHF
    #===================================
    symmetry = None
    charge = None
    spin = None
    if 'symmetry' in mol_config:
        symmetry = mol_config['symmetry']
    if 'charge' in mol_config:
        charge = mol_config['charge']
    if 'spin' in mol_config:
        spin = mol_config['spin']

    mol = gto.M(atom=mol_config['xyz'], basis=mol_config['basis'], symmetry = symmetry,
        charge = charge, spin = spin, verbose=4, output=mol_config['output'])
    if 'HF' in mol_config and mol_config['HF'] == 'ROHF':
        mf = scf.ROHF(mol).run()
    else:
        mf = scf.RHF(mol).run()

    # Running LASSCF
    #===================================
    las = LASSCF(mf, mol_config['ncas'], mol_config['nelecas'], spin_sub=mol_config['spinsub'], ouput=None)
    mo_loc = las.localize_init_guess(mol_config['frag_atom_list'], mf.mo_coeff)
    las.kernel(mo_loc)
    
    ref = mcscf.CASCI(mf, sum(mol_config['ncas']), (6,4))
    ref.mo_coeff = las.mo_coeff
    ref.fix_spin_(ss=2) # triplet
    ref.kernel() 

    for test_config in test_configs:
        
        result = test(mol_config, test_config, las, mol, mf)
        results.append(result)
    
    return results, ref.e_tot, las.e_tot



def empty_adj(n):
    return [[0 for _ in range(n)] for _ in range(n)]

def circle_adj(n):
    return [[1 if abs(i - j) == 1 or abs(i - j) == n-1 else 0 for j in range(n)] for i in range(n)]


if __name__ == "__main__":


    data_dir = '../geom'

    with open(data_dir + '/h4.xyz', 'r', encoding='utf-8') as f:
        h4xyz = f.read()

    with open(data_dir + '/h6.xyz', 'r', encoding='utf-8') as f:
        h6xyz = f.read()

    with open(data_dir + '/h8.xyz', 'r', encoding='utf-8') as f:
        h8xyz = f.read()

    with open(data_dir + '/h10.xyz', 'r', encoding='utf-8') as f:
        h10xyz = f.read()


    with open(data_dir + '/c4.xyz', 'r', encoding='utf-8') as f:
        c4xyz = f.read()

    with open(data_dir + '/c6.xyz', 'r', encoding='utf-8') as f:
        c6xyz = f.read()

    with open(data_dir + '/c8.xyz', 'r', encoding='utf-8') as f:
        c8xyz = f.read()

    with open(data_dir + '/c10.xyz', 'r', encoding='utf-8') as f:
        c10xyz = f.read()

    with open(data_dir + '/stil-001.xyz', 'r', encoding='utf-8') as f:
        stil001xyz = f.read()

    with open(data_dir + '/stil-60.xyz', 'r', encoding='utf-8') as f:
        stil60xyz = f.read()

    with open(data_dir + '/stil-90.xyz', 'r', encoding='utf-8') as f:
        stil90xyz = f.read()

    with open(data_dir + '/stil-120.xyz', 'r', encoding='utf-8') as f:
        stil120xyz = f.read()

    with open(data_dir + '/stil-180.xyz', 'r', encoding='utf-8') as f:
        stil180xyz = f.read()       


    # with open(data_dir + '/kremer/kremer-geometry.xyz', 'r', encoding='utf-8') as f:
    #     kremer_xyz = f.read()

    # kremer_basis = {
    #     "Cr": "def2-tzvp",
    #     "O": "def2-svp",
    #     "N": "def2-svp",
    #     "C": "def2-svp",
    #     "H": "def2-svp",
    # }

    # kremer_def2 : MolConfig = {
    #     'name' : 'kremer_def2',
    #     'HF' : 'ROHF',
    #     'xyz' : kremer_xyz,
    #     'basis' : kremer_basis,
    #     'symmetry' : False,
    #     'charge' : 3,
    #     'spin' : 6,
    #     'ncas': [3,3],
    #     'nelecas': [[3,0],[0,3]],
    #     'spinsub': [4,4],
    #     'frag_atom_list': [[0],[1]]
    # }

    h4_sto3g : MolConfig = {
        'name': 'H4_STO3G',
        'xyz': h4xyz,
        'basis': 'sto-3g',
        'ncas': [2, 2],
        'nelecas': [2, 2],
        'spinsub': [1, 1],
        'frag_atom_list': ((0, 1), (2, 3)),
        'output': 'h4_sto3g.out',
    }


    stil_631g_001 : MolConfig = {
        'name': 'STIL_631G_001',
        'xyz': stil001xyz,
        'basis': '631g',
        'ncas': [4,2,4],
        'nelecas': [4,2,4],
        'spinsub': [1, 1, 1],
        'frag_atom_list': [ [1,2,3,4,5,6,15,16,17,18,19] , [0,7, 14,20] , [8,9,10,11,12,13, 21,22,23,24,25] ],
        'frag_spin_orb': {
            0: (0, 1, 2, 3,10,11,12,13),
            1: (4,5,14,15),
            2: (6,7,8,9,16,17,18,19)
        },
        'adj': empty_adj(3),
        'output' : 'stil_631g_001.out',
    }

    stil_631g_60 : MolConfig = {
        'name': 'STIL_631G_60',
        'xyz': stil60xyz,
        'basis': '631g',
        'ncas': [4,2,4],
        'nelecas': [4,2,4],
        'spinsub': [1, 1, 1],
        'frag_atom_list': [ [1,2,3,4,5,6,15,16,17,18,19] , [0,7, 14,20] , [8,9,10,11,12,13, 21,22,23,24,25] ],
        'frag_spin_orb': {
            0: (0, 1, 2, 3,10,11,12,13),
            1: (4,5,14,15),
            2: (6,7,8,9,16,17,18,19)
        },
        'adj': empty_adj(3),
        'output' : 'stil_631g_60.out',
    }

    stil_631g_90 : MolConfig = {
        'name': 'STIL_631G_90',
        'xyz': stil90xyz,
        'basis': '631g',
        'ncas': [4,2,4],
        'nelecas': [4,2,4],
        'spinsub': [1, 1, 1],
        'frag_atom_list': [ [1,2,3,4,5,6,15,16,17,18,19] , [0,7, 14,20] , [8,9,10,11,12,13, 21,22,23,24,25] ],
        'frag_spin_orb': {
            0: (0, 1, 2, 3,10,11,12,13),
            1: (4,5,14,15),
            2: (6,7,8,9,16,17,18,19)
        },
        'adj': empty_adj(3),
        'output' : 'stil_631g_90.out',
    }

    stil_631g_120 : MolConfig = {
        'name': 'STIL_631G_120',
        'xyz': stil120xyz,
        'basis': '631g',
        'ncas': [4,2,4],
        'nelecas': [4,2,4],
        'spinsub': [1, 1, 1],
        'frag_atom_list': [ [1,2,3,4,5,6,15,16,17,18,19] , [0,7, 14,20] , [8,9,10,11,12,13, 21,22,23,24,25] ],
        'frag_spin_orb': {
            0: (0, 1, 2, 3,10,11,12,13),
            1: (4,5,14,15),
            2: (6,7,8,9,16,17,18,19)
        },
        'adj': empty_adj(3),
        'output' : 'stil_631g_120.out',
    }


    stil_631g_180 : MolConfig = {
        'name': 'STIL_631G_180',
        'xyz': stil180xyz,
        'basis': '631g',
        'ncas': [4,2,4],
        'nelecas': [4,2,4],
        'spinsub': [1, 1, 1],
        'frag_atom_list': [ [1,2,3,4,5,6,15,16,17,18,19] , [0,7, 14,20] , [8,9,10,11,12,13, 21,22,23,24,25] ],
        'frag_spin_orb': {
            0: (0, 1, 2, 3,10,11,12,13),
            1: (4,5,14,15),
            2: (6,7,8,9,16,17,18,19)
        },
        'adj': empty_adj(3),
        'output' : 'stil_631g_180.out',
    }

    # triplet stil
    stil_triplet_631g_001 = copy.deepcopy(stil_631g_001)
    stil_triplet_631g_001['spinsub'] = [1,3,1]

    stil_triplet_631g_60 = copy.deepcopy(stil_631g_60)
    stil_triplet_631g_60['spinsub'] = [1,3,1]
    stil_triplet_631g_90 = copy.deepcopy(stil_631g_90)
    stil_triplet_631g_90['spinsub'] = [1,3,1]
    stil_triplet_631g_120 = copy.deepcopy(stil_631g_120)
    stil_triplet_631g_120['spinsub'] = [1,3,1]
    stil_triplet_631g_180 = copy.deepcopy(stil_631g_180)
    stil_triplet_631g_180['spinsub'] = [1,3,1]
    

    # This c4 is too small, and I observed numericall error, that H and S have all identical
    # entries however the NOCI energy is lower 
    c4_631g : MolConfig = {
        'name': 'C4_631G',
        'xyz': c4xyz,
        'basis': '631g',
        'ncas': [2,2],
        'nelecas': [2,2],
        'spinsub': [1,1],
        'frag_atom_list':  [[0,2], [3,1]],
        'frag_spin_orb': {
            0: (0,1,4,5),
            1: (2,3,6,7),
        },
        'adj': circle_adj(2), # not sure about this
        'output': 'c4_631g.out',
    }

    c6_631 : MolConfig = {
        'name': 'C6_631G',
        'xyz': c6xyz,
        'basis': '631g',
        'ncas': [2,2,2],
        'nelecas': [2,2,2],
        'spinsub': [1,1,1],
        'frag_atom_list': [[0,2], [10,11], [3,1]], # not sure about this
        'frag_spin_orb': {
            0: (0,1,6,7),
            1: (2,3,8,9),
            2: (4,5,10,11),
        },
        'adj': circle_adj(3),
        'output': 'c6_631g.out',
    }


    c8_631 : MolConfig = {
        'name': 'C8_631G',
        'xyz': c8xyz,
        'basis': '631g',
        'ncas': [2,2,2,2],
        'nelecas': [2,2,2,2],
        'spinsub': [1,1,1,1],
        'frag_atom_list': [[0,2], [10,12], [13,11], [3,1]], 
        'frag_spin_orb': {
            0: (0,1,8,9),
            1: (2,3,10,11),
            2: (4,5,12,13),
            3: (6,7,14,15),
        },
        'adj': circle_adj(3),
        'output': 'c8_631g.out',
    }


    c10_631g : MolConfig = {
        'name': 'C10_631G',
        'xyz': c10xyz,
        'basis': '631g',
        'ncas': [2,2,2,2,2],
        'nelecas': [2,2,2,2,2],
        'spinsub': [1,1,1,1,1],
        'frag_atom_list': [[0,2], [10,12], [18,19], [13,11], [3,1]],
        'frag_spin_orb': {
            0: (0,1,10,11),
            1: (2,3,12,13),
            2: (4,5,14,15),
            3: (6,7,16,17),
            4: (8,9,18,19)
        },
        'adj': circle_adj(5),
        'output': 'c10_631g.out',
    }

    mol_configs = [stil_triplet_631g_90]
    # mol_configs = [h4_sto3g]



    nosi_test_01 : TestConfig = {
        'epsilon': 0.01,
        'nn': False,
        'init_method': 'uscc_opt',
        'frozen': 'CI',
        'grad_test': False,
        'noci_test': True
    }
        
    # noci_test_001 = copy.deepcopy(noci_test_01)
    # noci_test_001['epsilon'] = 0.001

    # noci_test_0001 = copy.deepcopy(noci_test_01)
    # noci_test_0001['epsilon'] = 0.0001

    # eps = np.array([0.0076, 0.005015, 0.00297421, 0.00252])
    eps = np.array([0.0076])

    nosi_tests = []
    for thre in eps:
        nosi_test = copy.deepcopy(nosi_test_01)
        nosi_test['epsilon'] = thre
        nosi_tests.append(nosi_test)


    for mol_conf in mol_configs:
        print(f"Molecule {mol_conf['name']}: ")
        mol_results, ref_energy, las_energy = batch_test(mol_conf, nosi_tests)
        
        print(f"CASCI energy: {ref_energy:.17f}")
        print(f"LASSCF energy: {las_energy:.17f}")
        for result in mol_results:
            print(f"Total excitations: {len(result['all_g'])}")
            print(f"Selected excitations: {len(result['g_sel'])}")
            
            # print(f"NN excitations: {result['excitation_count_nn']}")

            if 'las_uscc_eng' in result:
                print(f"LAS-USCCSD-VQE energy: {result['las_uscc_eng']:.17f}")
            if 'las_uscc_noci_eng' in result:
                print(f"LAS-USCCSD-NOSI energy: {result['las_uscc_noci_eng']:.17f}")
            # if 'tot_g' in result:
            #     print(f"Total gradient norm: {np.linalg.norm(result['tot_g']):.17f}")
            # if 'nn_g' in result:
            #     print(f"NN gradient norm: {np.linalg.norm(result['nn_g']):.17f}")
            if 'las_uscc_noci_vec' in result:
                print("NOSI vector: ", result['las_uscc_noci_vec'])
            if 'min_ci_eng' in result:
                print(f"Minimum State energy: {result['min_ci_eng']:.17f}")
            print("\n")
        
        print("\n\n")
#INFO: ******************** input file end ********************


System: uname_result(system='Linux', node='midway3-0545.rcc.local', release='4.18.0-305.3.1.el8.x86_64', version='#1 SMP Tue Jun 1 16:14:33 UTC 2021', machine='x86_64')  Threads 16
Python 3.9.19 | packaged by conda-forge | (main, Mar 20 2024, 12:50:21) 
[GCC 12.3.0]
numpy 2.0.2  scipy 1.13.1  h5py 3.14.0
Date: Fri Nov  7 22:07:25 2025
PySCF version 2.9.0
PySCF path  /home/tuy/repo/.venv/lib/python3.9/site-packages/pyscf
mrh path  /home/tuy/repo/mrh
GIT ORIG_HEAD b98c29c0816fd226852111a125e579215dc0ac5e
GIT HEAD (branch master) b49e04f5f5ffc1c27967a615ccab8ecdf1806538

[CONFIG] conf_file None
[INPUT] verbose = 4
[INPUT] num. atoms = 26
[INPUT] num. electrons = 96
[INPUT] charge = 0
[INPUT] spin (= nelec alpha-beta = 2S) = 0
[INPUT] symmetry False subgroup None
[INPUT] Mole.unit = angstrom
[INPUT] Symbol           X                Y                Z      unit          X                Y                Z       unit  Magmom
[INPUT]  1 C      0.612500000000   1.476500000000   0.384800000000 AA    1.157457251296   2.790180622920   0.727166612733 Bohr   0.0
[INPUT]  2 C      1.712200000000   0.659200000000   0.107500000000 AA    3.235589070480   1.245707461313   0.203145558391 Bohr   0.0
[INPUT]  3 C      1.619300000000  -0.370000000000  -0.871600000000 AA    3.060033513508  -0.699198666089  -1.647085290171 Bohr   0.0
[INPUT]  4 C      2.686300000000  -1.210000000000  -1.112700000000 AA    5.076371288419  -2.286568610724  -2.102698258804 Bohr   0.0
[INPUT]  5 C      3.857300000000  -1.093600000000  -0.374800000000 AA    7.289240580285  -2.066604489824  -0.708269351487 Bohr   0.0
[INPUT]  6 C      3.958000000000  -0.110700000000   0.613700000000 AA    7.479536001029  -0.209192681989   1.159724922646 Bohr   0.0
[INPUT]  7 C      2.921200000000   0.752900000000   0.846800000000 AA    5.520267955079   1.422774799185   1.600220082282 Bohr   0.0
[INPUT]  8 C     -0.611900000000   1.476100000000  -0.385100000000 AA   -1.156323415621   2.789424732470  -0.727733530570 Bohr   0.0
[INPUT]  9 C     -1.711900000000   0.659300000000  -0.107800000000 AA   -3.235022152643   1.245896433926  -0.203712476228 Bohr   0.0
[INPUT] 10 C     -1.619800000000  -0.368900000000   0.874000000000 AA   -3.060978376570  -0.697119967352   1.651620632870 Bohr   0.0
[INPUT] 11 C     -2.687000000000  -1.209000000000   1.113600000000 AA   -5.077694096706  -2.284678884599   2.104399012316 Bohr   0.0
[INPUT] 12 C     -3.857500000000  -1.093000000000   0.375300000000 AA   -7.289618525510  -2.065470654150   0.709214214549 Bohr   0.0
[INPUT] 13 C     -3.957400000000  -0.111300000000  -0.615200000000 AA   -7.478402165354  -0.210326517664  -1.162559511832 Bohr   0.0
[INPUT] 14 C     -2.920500000000   0.752000000000  -0.847800000000 AA   -5.518945146792   1.421074045673  -1.602109808406 Bohr   0.0
[INPUT] 15 H      0.692700000000   2.148100000000   1.237700000000 AA    1.309013286486   4.059320688178   2.338914024374 Bohr   0.0
[INPUT] 16 H      0.683500000000  -0.500400000000  -1.399600000000 AA    1.291627806140  -0.945618952732  -2.644860683941 Bohr   0.0
[INPUT] 17 H      2.599000000000  -1.986100000000  -1.861400000000 AA    4.911398197745  -3.753185055999  -3.517536208265 Bohr   0.0
[INPUT] 18 H      4.683500000000  -1.782200000000  -0.545500000000 AA    8.850532304400  -3.367869899200  -1.030845600950 Bohr   0.0
[INPUT] 19 H      4.874300000000  -0.026900000000   1.196100000000 AA    9.211092048967  -0.050833632751   2.260301417592 Bohr   0.0
[INPUT] 20 H      3.007100000000   1.519400000000   1.608300000000 AA    5.682595429180   2.871249873664   3.039246526138 Bohr   0.0
[INPUT] 21 H     -0.692100000000   2.145700000000  -1.239700000000 AA   -1.307879450811   4.054785345479  -2.342693476623 Bohr   0.0
[INPUT] 22 H     -0.684700000000  -0.498300000000   1.399700000000 AA   -1.293895477490  -0.941650527871   2.645049656554 Bohr   0.0
[INPUT] 23 H     -2.600300000000  -1.983000000000   1.862800000000 AA   -4.913854841707  -3.747326905013   3.520181824840 Bohr   0.0
[INPUT] 24 H     -4.683900000000  -1.781100000000   0.545800000000 AA   -8.851288194850  -3.365791200463   1.031412518788 Bohr   0.0
[INPUT] 25 H     -4.873100000000  -0.028400000000  -1.196800000000 AA   -9.208824377618  -0.053668221938  -2.261624225879 Bohr   0.0
[INPUT] 26 H     -3.006000000000   1.517400000000  -1.611200000000 AA   -5.680516730443   2.867470421415  -3.044726731899 Bohr   0.0

nuclear repulsion = 757.95213509577
number of shells = 94
number of NR pGTOs = 356
number of NR cGTOs = 150
basis = 631g
ecp = {}
CPU time:         3.42


******** <class 'pyscf.scf.hf.RHF'> ********
method = RHF
initial guess = minao
damping factor = 0
level_shift factor = 0
DIIS = <class 'pyscf.scf.diis.CDIIS'>
diis_start_cycle = 1
diis_space = 8
diis_damp = 0
SCF conv_tol = 1e-09
SCF conv_tol_grad = None
SCF max_cycles = 50
direct_scf = True
direct_scf_tol = 1e-13
chkfile to save SCF result = /scratch/local/jobs/39869299/tmppl46n6lz
max_memory 4000 MB (current use 93 MB)
Set gradient conv threshold to 3.16228e-05
Initial guess from minao.
init E= -541.483833057484
  HOMO = -0.0971596053312946  LUMO = -0.08890999907878
cycle= 1 E= -536.681416870569  delta_E=  4.8  |g|= 0.543  |ddm|= 5.12
  HOMO = -0.21110257461231  LUMO = -0.0301560962135295
cycle= 2 E= -536.803839100489  delta_E= -0.122  |g|= 0.148  |ddm|= 1.26
  HOMO = -0.181312763212833  LUMO = 0.0111434214267468
cycle= 3 E= -536.813503223283  delta_E= -0.00966  |g|= 0.0535  |ddm|= 0.409
  HOMO = -0.196388793074775  LUMO = 0.000129580243776714
cycle= 4 E= -536.814681923195  delta_E= -0.00118  |g|= 0.018  |ddm|= 0.126
  HOMO = -0.196085255190435  LUMO = 0.00243215589460897
cycle= 5 E= -536.814885851455  delta_E= -0.000204  |g|= 0.00714  |ddm|= 0.0348
  HOMO = -0.197011605083041  LUMO = 0.0037908105174384
cycle= 6 E= -536.814969850865  delta_E= -8.4e-05  |g|= 0.00267  |ddm|= 0.0334
  HOMO = -0.19759999610259  LUMO = 0.00446996494490929
cycle= 7 E= -536.814986384113  delta_E= -1.65e-05  |g|= 0.000968  |ddm|= 0.0177
  HOMO = -0.197848322841669  LUMO = 0.0045594464895048
cycle= 8 E= -536.814987630334  delta_E= -1.25e-06  |g|= 0.000262  |ddm|= 0.00521
  HOMO = -0.197873117004004  LUMO = 0.00459596686855507
cycle= 9 E= -536.814987715659  delta_E= -8.53e-08  |g|= 0.000108  |ddm|= 0.00117
  HOMO = -0.197881803018695  LUMO = 0.00459667869673554
cycle= 10 E= -536.814987727251  delta_E= -1.16e-08  |g|= 5.49e-05  |ddm|= 0.000303
  HOMO = -0.19788724948815  LUMO = 0.00459517224348182
cycle= 11 E= -536.81498773172  delta_E= -4.47e-09  |g|= 1.86e-05  |ddm|= 0.00023
  HOMO = -0.197886583326328  LUMO = 0.0045957878910526
cycle= 12 E= -536.814987732501  delta_E= -7.81e-10  |g|= 9.54e-06  |ddm|= 9.68e-05
  HOMO = -0.197887327700583  LUMO = 0.00459499004535522
Extra cycle  E= -536.814987732616  delta_E= -1.15e-10  |g|= 6.17e-06  |ddm|= 2.99e-05
converged SCF energy = -536.814987732616

******** LASSCF flags ********
CAS (5e+5e, 10o), ncore = 43, nvir = 97
Divided into 3 LAS spaces
LAS 0 : (2e+2e, 4o)
LAS 1 : (1e+1e, 2o)
LAS 2 : (2e+2e, 4o)
nroots = 1
max_cycle_macro = 50
max_cycle_micro = 5
conv_tol_grad = 0.0001
max_memory 4000 MB (current use 780 MB)
fragment 0 FCI solver flags:
******** <class 'mrh.my_pyscf.mcscf.addons.get_h1e_zipped_fcisolver.<locals>.FCISolver'> ********
max. cycles = 100
conv_tol = 1e-10
davidson only = False
linear dependence = 1e-14
level shift = 0.001
max iter space = 12
max_memory 4000 MB
nroots = 1
pspace_size = 200
spin = 0
State-average over 1 states with weights [1.0]
fragment 1 FCI solver flags:
******** <class 'mrh.my_pyscf.mcscf.addons.get_h1e_zipped_fcisolver.<locals>.FCISolver'> ********
max. cycles = 100
conv_tol = 1e-10
davidson only = False
linear dependence = 1e-14
level shift = 0.001
max iter space = 12
max_memory 4000 MB
nroots = 1
pspace_size = 200
spin = 0
State-average over 1 states with weights [1.0]
fragment 2 FCI solver flags:
******** <class 'mrh.my_pyscf.mcscf.addons.get_h1e_zipped_fcisolver.<locals>.FCISolver'> ********
max. cycles = 100
conv_tol = 1e-10
davidson only = False
linear dependence = 1e-14
level shift = 0.001
max iter space = 12
max_memory 4000 MB
nroots = 1
pspace_size = 200
spin = 0
State-average over 1 states with weights [1.0]
LASCI subspace 0 with no orbsym information
LASCI subspace 1 with no orbsym information
LASCI subspace 2 with no orbsym information
LASCI subspace CI energies: [np.float64(-3.0616238233761566), np.float64(-0.9890066702012353), np.float64(-3.060988153488358)]
LASCI macro 0 : E = -536.772276168782 ; |g_int| = 0.347118368838269 ; |g_ci| = 0.00029550753210318 ; |g_x| = 0
LASCI micro 1 : |x_orb| = 0.611354119763276 ; |x_ci| = 0.0102261053700588
LASCI micro 2 : |x_orb| = 0.61270067056387 ; |x_ci| = 0.0146111944091024
LASCI micro 3 : |x_orb| = 0.625947509033941 ; |x_ci| = 0.00984102373639915
LASCI micro 4 : |x_orb| = 0.627701723274334 ; |x_ci| = 0.0175203296569316
LASCI micro 5 : |x_orb| = 0.629760409197107 ; |x_ci| = 0.0174759646784374
LASCI subspace 0 with no orbsym information
LASCI subspace 1 with no orbsym information
LASCI subspace 2 with no orbsym information
LASCI subspace CI energies: [np.float64(-3.076061242748275), np.float64(-1.0091226870009211), np.float64(-3.075520651639716)]
LASCI macro 1 : E = -536.901819906414 ; |g_int| = 0.16627981051541 ; |g_ci| = 4.00800345057062e-05 ; |g_x| = 0
LASCI micro 1 : |x_orb| = 0.258552872096282 ; |x_ci| = 0.00578893809597229
LASCI micro 2 : |x_orb| = 0.257999310045604 ; |x_ci| = 0.00276783262052734
LASCI micro 3 : |x_orb| = 0.267113151448479 ; |x_ci| = 0.00883863710203903
LASCI micro 4 : |x_orb| = 0.267910012108158 ; |x_ci| = 0.0099132177957954
LASCI micro 5 : |x_orb| = 0.269584482769095 ; |x_ci| = 0.0108997350840543
LASCI subspace 0 with no orbsym information
LASCI subspace 1 with no orbsym information
LASCI subspace 2 with no orbsym information
LASCI subspace CI energies: [np.float64(-3.078308738702042), np.float64(-0.9827987358042626), np.float64(-3.077814411255279)]
LASCI macro 2 : E = -536.928425639904 ; |g_int| = 0.0858403604566264 ; |g_ci| = 2.95802832395359e-06 ; |g_x| = 0
LASCI micro 1 : |x_orb| = 0.397354995591696 ; |x_ci| = 0.00998668660585671
LASCI micro 2 : |x_orb| = 0.468512673095141 ; |x_ci| = 0.0214830544131512
LASCI micro 3 : |x_orb| = 0.472967258135809 ; |x_ci| = 0.0244890369025432
LASCI micro 4 : |x_orb| = 0.488594301555402 ; |x_ci| = 0.0282416880147793
LASCI micro 5 : |x_orb| = 0.480899908599801 ; |x_ci| = 0.0295339563732947
LASCI subspace 0 with no orbsym information
LASCI subspace 1 with no orbsym information
LASCI subspace 2 with no orbsym information
LASCI subspace CI energies: [np.float64(-3.084370415815768), np.float64(-0.9633265758351552), np.float64(-3.0838910888079214)]
LASCI macro 3 : E = -536.943183680187 ; |g_int| = 0.0426005108974108 ; |g_ci| = 7.13111336154788e-06 ; |g_x| = 0
LASCI micro 1 : |x_orb| = 0.269544255394545 ; |x_ci| = 0.00438766221212772
LASCI micro 2 : |x_orb| = 0.478325296788074 ; |x_ci| = 0.0257242198627761
LASCI micro 3 : |x_orb| = 0.47978510813496 ; |x_ci| = 0.0219382374109949
LASCI micro 4 : |x_orb| = 4.26280590220397 ; |x_ci| = 0.140773770910478
Unstable microiteration aborted: ||x(n)|| > 10*||x(0)||
LASCI subspace 0 with no orbsym information
LASCI subspace 1 with no orbsym information
LASCI subspace 2 with no orbsym information
LASCI subspace CI energies: [np.float64(-3.0970649287600205), np.float64(-0.9365028676742077), np.float64(-3.096600528999672)]
LASCI macro 4 : E = -536.948077981745 ; |g_int| = 0.0250375670970749 ; |g_ci| = 1.74703008631488e-05 ; |g_x| = 0
LASCI micro 1 : |x_orb| = 0.835590160832671 ; |x_ci| = 0.0157047288757779
LASCI micro 2 : |x_orb| = 2.72984008492669 ; |x_ci| = 0.0959199438178202
LASCI micro 3 : |x_orb| = 129.913297769032 ; |x_ci| = 1.49273774505554
Unstable microiteration aborted: |x[i]| > pi/2
New energy (-536.9209207252908) is higher than keyframe energy (-536.9480779817451)
Attempt 1 of 3 to scale down trial step vector
LASCI subspace 0 with no orbsym information
LASCI subspace 1 with no orbsym information
LASCI subspace 2 with no orbsym information
LASCI subspace CI energies: [np.float64(-3.2085618747769784), np.float64(-0.9124270530969808), np.float64(-3.2077283335438533)]
LASCI macro 5 : E = -536.954897305028 ; |g_int| = 0.0168559324440179 ; |g_ci| = 6.8136377894583e-05 ; |g_x| = 0
LASCI micro 1 : |x_orb| = 0.121632566045445 ; |x_ci| = 0.00282518333193466
LASCI micro 2 : |x_orb| = 0.120462623714227 ; |x_ci| = 0.0023032588900016
LASCI micro 3 : |x_orb| = 0.186030602798165 ; |x_ci| = 0.00535556370688971
LASCI micro 4 : |x_orb| = 0.188669680898115 ; |x_ci| = 0.00561744219431718
LASCI micro 5 : |x_orb| = 0.201154869234467 ; |x_ci| = 0.00644649940251976
LASCI subspace 0 with no orbsym information
LASCI subspace 1 with no orbsym information
LASCI subspace 2 with no orbsym information
LASCI subspace CI energies: [np.float64(-3.2262911260334057), np.float64(-0.9117684449609048), np.float64(-3.225669731376732)]
LASCI macro 6 : E = -536.955571016589 ; |g_int| = 0.00784885727267828 ; |g_ci| = 1.17479098682646e-06 ; |g_x| = 0
LASCI micro 1 : |x_orb| = 0.0601571419852464 ; |x_ci| = 0.00139930812894616
LASCI micro 2 : |x_orb| = 0.0595485852699843 ; |x_ci| = 0.00105227172160087
LASCI micro 3 : |x_orb| = 0.0924779377214628 ; |x_ci| = 0.00264668900082195
LASCI micro 4 : |x_orb| = 0.0931087339263127 ; |x_ci| = 0.00273681980454383
LASCI micro 5 : |x_orb| = 0.0972074320507753 ; |x_ci| = 0.00301116209902893
LASCI subspace 0 with no orbsym information
LASCI subspace 1 with no orbsym information
LASCI subspace 2 with no orbsym information
LASCI subspace CI energies: [np.float64(-3.234647933404728), np.float64(-0.9106357554111466), np.float64(-3.23414559793201)]
LASCI macro 7 : E = -536.955735610689 ; |g_int| = 0.00391258446846767 ; |g_ci| = 2.88699744742573e-06 ; |g_x| = 0
LASCI micro 1 : |x_orb| = 0.0336858457087477 ; |x_ci| = 0.000819248930367659
LASCI micro 2 : |x_orb| = 0.0334222497033475 ; |x_ci| = 0.000645232461112442
LASCI micro 3 : |x_orb| = 0.0525127846732455 ; |x_ci| = 0.00144626750595612
LASCI micro 4 : |x_orb| = 0.0529296245835666 ; |x_ci| = 0.00154274706500509
LASCI micro 5 : |x_orb| = 0.0551397324016384 ; |x_ci| = 0.0016270446066432
LASCI subspace 0 with no orbsym information
LASCI subspace 1 with no orbsym information
LASCI subspace 2 with no orbsym information
LASCI subspace CI energies: [np.float64(-3.239224626270387), np.float64(-0.90941492991938), np.float64(-3.238783362757836)]
LASCI macro 8 : E = -536.955785260377 ; |g_int| = 0.00217548545733418 ; |g_ci| = 3.32516544882918e-06 ; |g_x| = 0
LASCI micro 1 : |x_orb| = 0.0212689428808573 ; |x_ci| = 0.000543180683424578
LASCI micro 2 : |x_orb| = 0.0212928785166926 ; |x_ci| = 0.000553716652803408
LASCI micro 3 : |x_orb| = 0.0337349637154158 ; |x_ci| = 0.000793530778005276
LASCI micro 4 : |x_orb| = 0.0350841633113783 ; |x_ci| = 0.00102745716817422
LASCI micro 5 : |x_orb| = 0.0371318740772155 ; |x_ci| = 0.000949781699663816
LASCI subspace 0 with no orbsym information
LASCI subspace 1 with no orbsym information
LASCI subspace 2 with no orbsym information
LASCI subspace CI energies: [np.float64(-3.24202386088332), np.float64(-0.9083441784326174), np.float64(-3.241611275188191)]
LASCI macro 9 : E = -536.955803949145 ; |g_int| = 0.00142998444069696 ; |g_ci| = 3.50593789514586e-06 ; |g_x| = 0
LASCI micro 1 : |x_orb| = 0.0164335290429102 ; |x_ci| = 0.000435091593986984
LASCI micro 2 : |x_orb| = 0.0172806164233275 ; |x_ci| = 0.000614259215704375
LASCI micro 3 : |x_orb| = 0.0270034409643813 ; |x_ci| = 0.000458280036921789
LASCI micro 4 : |x_orb| = 0.0298289739003516 ; |x_ci| = 0.000844726564182961
LASCI micro 5 : |x_orb| = 0.032769311676341 ; |x_ci| = 0.000661395963884168
LASCI subspace 0 with no orbsym information
LASCI subspace 1 with no orbsym information
LASCI subspace 2 with no orbsym information
LASCI subspace CI energies: [np.float64(-3.243863040465186), np.float64(-0.9076301109842521), np.float64(-3.243457048639015)]
LASCI macro 10 : E = -536.955814022682 ; |g_int| = 0.00114617596262808 ; |g_ci| = 1.67138003697844e-06 ; |g_x| = 0
LASCI micro 1 : |x_orb| = 0.015435018530431 ; |x_ci| = 0.000416706249866852
LASCI micro 2 : |x_orb| = 0.0182538070739958 ; |x_ci| = 0.000732835109139312
LASCI micro 3 : |x_orb| = 0.0258258700352925 ; |x_ci| = 0.00042359703900443
LASCI micro 4 : |x_orb| = 0.0280166368147891 ; |x_ci| = 0.000744821963565453
LASCI micro 5 : |x_orb| = 0.0345261016104106 ; |x_ci| = 0.000617390402997428
LASCI subspace 0 with no orbsym information
LASCI subspace 1 with no orbsym information
LASCI subspace 2 with no orbsym information
LASCI subspace CI energies: [np.float64(-3.244825221381913), np.float64(-0.9073403659873792), np.float64(-3.244397747250451)]
LASCI macro 11 : E = -536.955821859462 ; |g_int| = 0.000934923785596934 ; |g_ci| = 6.91836808562121e-07 ; |g_x| = 0
LASCI micro 1 : |x_orb| = 0.0141317891104384 ; |x_ci| = 0.000364391270672853
LASCI micro 2 : |x_orb| = 0.0170639704716772 ; |x_ci| = 0.000642846941349989
LASCI micro 3 : |x_orb| = 0.0216389718405513 ; |x_ci| = 0.000406134118920606
LASCI micro 4 : |x_orb| = 0.0227911183876462 ; |x_ci| = 0.000601696832783661
LASCI micro 5 : |x_orb| = 0.0309099961549039 ; |x_ci| = 0.000683141881246898
LASCI subspace 0 with no orbsym information
LASCI subspace 1 with no orbsym information
LASCI subspace 2 with no orbsym information
LASCI subspace CI energies: [np.float64(-3.2449437531202294), np.float64(-0.9073885951397725), np.float64(-3.2444794310792675)]
LASCI macro 12 : E = -536.955827177186 ; |g_int| = 0.000740124847749567 ; |g_ci| = 3.26362815466874e-07 ; |g_x| = 0
LASCI micro 1 : |x_orb| = 0.0101017012149446 ; |x_ci| = 0.00026892179795295
LASCI micro 2 : |x_orb| = 0.0119596073534218 ; |x_ci| = 0.000458893019020654
LASCI micro 3 : |x_orb| = 0.0157924666984236 ; |x_ci| = 0.000318664175893817
LASCI micro 4 : |x_orb| = 0.0165081324153407 ; |x_ci| = 0.000452018277941948
LASCI micro 5 : |x_orb| = 0.0229867356404603 ; |x_ci| = 0.000569239106874719
LASCI subspace 0 with no orbsym information
LASCI subspace 1 with no orbsym information
LASCI subspace 2 with no orbsym information
LASCI subspace CI energies: [np.float64(-3.2454284919284806), np.float64(-0.9073785744089835), np.float64(-3.2449417493873423)]
LASCI macro 13 : E = -536.955830111039 ; |g_int| = 0.000593182227917722 ; |g_ci| = 5.60780380256044e-07 ; |g_x| = 0
LASCI micro 1 : |x_orb| = 0.00630633056882025 ; |x_ci| = 0.000169521536974482
LASCI micro 2 : |x_orb| = 0.00865349623954962 ; |x_ci| = 0.000357209249173793
LASCI micro 3 : |x_orb| = 0.011027069695795 ; |x_ci| = 0.000240183114847431
LASCI micro 4 : |x_orb| = 0.0115977115163275 ; |x_ci| = 0.000339803322596521
LASCI micro 5 : |x_orb| = 0.0163335752243635 ; |x_ci| = 0.000433586718234778
LASCI subspace 0 with no orbsym information
LASCI subspace 1 with no orbsym information
LASCI subspace 2 with no orbsym information
LASCI subspace CI energies: [np.float64(-3.245531764134915), np.float64(-0.9073284736302755), np.float64(-3.2450260176681507)]
LASCI macro 14 : E = -536.955831702433 ; |g_int| = 0.000493651172762742 ; |g_ci| = 3.08638512865013e-07 ; |g_x| = 0
LASCI micro 1 : |x_orb| = 0.00356421746594256 ; |x_ci| = 8.55571024034402e-05
LASCI micro 2 : |x_orb| = 0.00642674700771545 ; |x_ci| = 0.000269291066509425
LASCI micro 3 : |x_orb| = 0.0085288933820335 ; |x_ci| = 0.000179432692736158
LASCI micro 4 : |x_orb| = 0.00896156543482449 ; |x_ci| = 0.000255397291656942
LASCI micro 5 : |x_orb| = 0.0116053077190598 ; |x_ci| = 0.000237713560915193
LASCI subspace 0 with no orbsym information
LASCI subspace 1 with no orbsym information
LASCI subspace 2 with no orbsym information
LASCI subspace CI energies: [np.float64(-3.2458130663070444), np.float64(-0.9073984839214865), np.float64(-3.245296197721287)]
LASCI macro 15 : E = -536.955832552837 ; |g_int| = 0.000381638615479953 ; |g_ci| = 8.10283268721017e-07 ; |g_x| = 0
LASCI micro 1 : |x_orb| = 0.00215032435972699 ; |x_ci| = 4.47204762315719e-05
LASCI micro 2 : |x_orb| = 0.00507234014409313 ; |x_ci| = 0.000202734188112792
LASCI micro 3 : |x_orb| = 0.00631548308180977 ; |x_ci| = 0.000119065708449798
LASCI micro 4 : |x_orb| = 0.00659911751932415 ; |x_ci| = 0.000168141374322279
LASCI micro 5 : |x_orb| = 0.00797057082944218 ; |x_ci| = 0.000152771628892821
LASCI subspace 0 with no orbsym information
LASCI subspace 1 with no orbsym information
LASCI subspace 2 with no orbsym information
LASCI subspace CI energies: [np.float64(-3.245863578403015), np.float64(-0.9073279877137382), np.float64(-3.245339164727186)]
LASCI macro 16 : E = -536.95583301275 ; |g_int| = 0.000270518964586259 ; |g_ci| = 1.62130466067305e-07 ; |g_x| = 0
LASCI micro 1 : |x_orb| = 0.00178312980700047 ; |x_ci| = 3.16106344901735e-05
LASCI micro 2 : |x_orb| = 0.00445017846365497 ; |x_ci| = 0.000155921032456905
LASCI micro 3 : |x_orb| = 0.00578479837141423 ; |x_ci| = 9.16076650897293e-05
LASCI micro 4 : |x_orb| = 0.00588793387364413 ; |x_ci| = 0.000118306165093158
LASCI micro 5 : |x_orb| = 0.00697823644656135 ; |x_ci| = 0.000122058010157991
LASCI subspace 0 with no orbsym information
LASCI subspace 1 with no orbsym information
LASCI subspace 2 with no orbsym information
LASCI subspace CI energies: [np.float64(-3.2460405518468454), np.float64(-0.90739850800576), np.float64(-3.2455115170047657)]
LASCI macro 17 : E = -536.955833293278 ; |g_int| = 0.000195435060003402 ; |g_ci| = 2.94571546446484e-07 ; |g_x| = 0
LASCI micro 1 : |x_orb| = 0.00126558412220014 ; |x_ci| = 2.26686433333754e-05
LASCI micro 2 : |x_orb| = 0.00318000235762727 ; |x_ci| = 0.0001114235794216
LASCI micro 3 : |x_orb| = 0.0038297269180707 ; |x_ci| = 5.76459106910959e-05
LASCI micro 4 : |x_orb| = 0.00396183852747806 ; |x_ci| = 8.26195178871533e-05
LASCI micro 5 : |x_orb| = 0.00450099536387079 ; |x_ci| = 6.94328130448198e-05
LASCI subspace 0 with no orbsym information
LASCI subspace 1 with no orbsym information
LASCI subspace 2 with no orbsym information
LASCI subspace CI energies: [np.float64(-3.246061947737707), np.float64(-0.9073505356443766), np.float64(-3.2455288952141794)]
LASCI macro 18 : E = -536.955833435671 ; |g_int| = 0.000147097464799609 ; |g_ci| = 1.37732369333812e-07 ; |g_x| = 0
LASCI subspace 0 with no orbsym information
LASCI subspace 1 with no orbsym information
LASCI subspace 2 with no orbsym information
LASCI subspace CI energies: [np.float64(-3.2460694575420854), np.float64(-0.907367677304357), np.float64(-3.245535955669814)]
LASCI macro 19 : E = -536.95583344976 ; |g_int| = 7.71788983080658e-05 ; |g_ci| = 5.2372661008571e-08 ; |g_x| = 0
LASCI converged after 20 cycles
LASCI E = -536.95583344976 ; |g_int| = 7.71788983080658e-05 ; |g_ci| = 5.2372661008571e-08 ; |g_ext| = 0
Fragment 0 natural orbitals
Natural occ [1.94664529 1.93778661 0.06286955 0.05269855]
Natural orbital (expansion on AOs) in CAS space
               #1        #2        #3        #4       
0 C 1s          -0.00015   0.00076   0.00087   0.00028
0 C 2s           0.00019  -0.00051  -0.00045   0.00119
0 C 3s           0.00786  -0.01445  -0.01864  -0.02384
0 C 2px         -0.02062  -0.00293  -0.00429   0.03181
0 C 2py         -0.04297  -0.00233  -0.00398   0.06073
0 C 2pz          0.03368   0.00152   0.00296  -0.05298
0 C 3px         -0.00736  -0.00027  -0.00976   0.04926
0 C 3py         -0.02657  -0.00407  -0.01267   0.10365
0 C 3pz          0.01519   0.01097   0.02022  -0.09152
1 C 1s           0.00084   0.00051  -0.00030   0.00100
1 C 2s          -0.00257  -0.00149   0.00081  -0.00473
1 C 3s           0.00289  -0.00260  -0.01121   0.01134
1 C 2px         -0.04747  -0.00551   0.00843  -0.05263
1 C 2py         -0.08893  -0.01175   0.01857  -0.10193
1 C 2pz          0.09727   0.01523  -0.01795   0.10893
1 C 3px         -0.03453  -0.01087  -0.00231  -0.06762
1 C 3py         -0.09158  -0.00520   0.03892  -0.11397
1 C 3pz          0.08811   0.00082  -0.03507   0.13850
2 C 1s           0.00036  -0.00015  -0.00082  -0.00032
2 C 2s           0.00034  -0.00005  -0.00007  -0.00121
2 C 3s          -0.01038  -0.00081   0.01371   0.00548
2 C 2px         -0.00508   0.08384   0.10348   0.00413
2 C 2py         -0.01212   0.16291   0.19739   0.01869
2 C 2pz          0.01133  -0.18363  -0.22383  -0.01447
2 C 3px         -0.02165   0.07365   0.12801  -0.01089
2 C 3py         -0.03079   0.13190   0.21316  -0.01885
2 C 3pz          0.02594  -0.15292  -0.23178   0.02574
3 C 1s          -0.00172  -0.00130   0.00160  -0.00184
3 C 2s           0.00339   0.00316  -0.00355   0.00360
3 C 3s           0.01194  -0.00299  -0.02393   0.01568
3 C 2px          0.08923   0.10322  -0.15131   0.14378
3 C 2py          0.15749   0.18052  -0.26989   0.24504
3 C 2pz         -0.16933  -0.19610   0.29327  -0.26504
3 C 3px          0.06439   0.08094  -0.10597   0.11156
3 C 3py          0.11652   0.14248  -0.19696   0.19291
3 C 3pz         -0.11765  -0.15734   0.19570  -0.19851
4 C 1s          -0.00183  -0.00060  -0.00159   0.00225
4 C 2s           0.00461   0.00118   0.00278  -0.00499
4 C 3s          -0.00361   0.00757   0.02143  -0.02361
4 C 2px          0.14367   0.00627   0.00844  -0.21683
4 C 2py          0.24297   0.01378   0.02179  -0.36796
4 C 2pz         -0.26098  -0.01610  -0.02430   0.39727
4 C 3px          0.11073   0.00306  -0.00440  -0.15313
4 C 3py          0.17844   0.01276   0.01896  -0.28305
4 C 3pz         -0.19545  -0.01395  -0.00950   0.29465
5 C 1s           0.00105  -0.00069   0.00093   0.00005
5 C 2s          -0.00281   0.00209  -0.00223  -0.00153
5 C 3s           0.00325  -0.00223  -0.02192   0.00427
5 C 2px          0.10110  -0.10446   0.15653   0.16032
5 C 2py          0.16923  -0.17688   0.26513   0.26878
5 C 2pz         -0.17997   0.18762  -0.28043  -0.28950
5 C 3px          0.06948  -0.07696   0.11558   0.11200
5 C 3py          0.11963  -0.13831   0.18175   0.19638
5 C 3pz         -0.13244   0.14800  -0.18432  -0.22076
6 C 1s          -0.00038  -0.00081  -0.00102  -0.00006
6 C 2s           0.00127   0.00079   0.00011   0.00125
6 C 3s          -0.00662   0.01448   0.02916  -0.01199
6 C 2px          0.00233  -0.11273  -0.14255  -0.00702
6 C 2py          0.00797  -0.18765  -0.23942  -0.01334
6 C 2pz         -0.00858   0.19945   0.25484   0.01264
6 C 3px         -0.00537  -0.09597  -0.14393  -0.01958
6 C 3py         -0.00811  -0.15924  -0.24589  -0.04660
6 C 3pz          0.01796   0.16385   0.24309   0.05025
7 C 1s          -0.00111  -0.00006   0.00035  -0.00088
7 C 2s           0.00242   0.00029  -0.00021   0.00307
7 C 3s           0.00496  -0.00714  -0.00799  -0.00471
7 C 2px          0.00503   0.00154  -0.00311   0.00419
7 C 2py          0.00791  -0.00301   0.00153  -0.00044
7 C 2pz         -0.00544   0.00174   0.00871  -0.00146
7 C 3px          0.00033   0.01990   0.01219   0.01034
7 C 3py          0.01101   0.01051   0.01442  -0.00490
7 C 3pz         -0.00643  -0.00690   0.00201   0.00724
8 C 1s           0.00244  -0.00049  -0.00047  -0.00413
8 C 2s          -0.00563   0.00069   0.00112   0.00847
8 C 3s          -0.01331   0.01760   0.01257   0.02973
8 C 2px         -0.01013   0.00165   0.00308   0.01102
8 C 2py         -0.00597  -0.00212  -0.00331   0.00889
8 C 2pz          0.00189  -0.00146  -0.00306   0.00064
8 C 3px          0.00299   0.01494   0.01066   0.00851
8 C 3py         -0.00275   0.00992   0.00582   0.01620
8 C 3pz          0.00174  -0.00364  -0.00724  -0.00876
9 C 1s           0.00149  -0.00082  -0.00127  -0.00065
9 C 2s          -0.00364   0.00323   0.00434   0.00069
9 C 3s          -0.00788   0.00656   0.00537   0.00625
9 C 2px         -0.00803   0.00463   0.00861   0.00047
9 C 2py          0.00104  -0.00127  -0.00572   0.00290
9 C 2pz         -0.00410  -0.00035  -0.00431   0.00421
9 C 3px         -0.00943  -0.00791   0.00119  -0.00291
9 C 3py          0.00380  -0.00201  -0.00509   0.00287
9 C 3pz         -0.01111   0.00222  -0.00404  -0.00184
10 C 1s         -0.00039   0.00024   0.00032   0.00019
10 C 2s          0.00087  -0.00029  -0.00073  -0.00045
10 C 3s          0.00083  -0.00891  -0.00383  -0.00423
10 C 2px         0.00159  -0.00035  -0.00160  -0.00056
10 C 2py         0.00113  -0.00161  -0.00048  -0.00079
10 C 2pz         0.00085  -0.00108   0.00026  -0.00019
10 C 3px         0.00146  -0.00061  -0.00080   0.00279
10 C 3py        -0.00028  -0.00535  -0.00057  -0.00095
10 C 3pz         0.00428  -0.00055   0.00066   0.00384
11 C 1s          0.00051  -0.00020  -0.00022  -0.00048
11 C 2s         -0.00116   0.00009   0.00032   0.00093
11 C 3s          0.00114   0.00369   0.00151   0.00521
11 C 2px        -0.00161   0.00027   0.00024   0.00096
11 C 2py        -0.00045   0.00030   0.00093   0.00019
11 C 2pz        -0.00092   0.00068   0.00147  -0.00056
11 C 3px         0.00002   0.00189   0.00084   0.00310
11 C 3py         0.00030   0.00249   0.00143  -0.00120
11 C 3pz        -0.00139   0.00064   0.00181   0.00111
12 C 1s          0.00036   0.00001  -0.00003  -0.00038
12 C 2s         -0.00068  -0.00008  -0.00012   0.00089
12 C 3s         -0.00329  -0.00433  -0.00196  -0.00059
12 C 2px        -0.00120  -0.00060  -0.00087   0.00132
12 C 2py        -0.00096   0.00044   0.00126   0.00006
12 C 2pz        -0.00034   0.00065   0.00149  -0.00055
12 C 3px        -0.00187  -0.00205  -0.00149   0.00072
12 C 3py        -0.00035   0.00059   0.00093  -0.00243
12 C 3pz        -0.00192   0.00010   0.00191   0.00081
13 C 1s         -0.00028  -0.00015  -0.00012   0.00061
13 C 2s          0.00028  -0.00010   0.00005  -0.00119
13 C 3s          0.00672   0.00531   0.00188  -0.00514
13 C 2px         0.00161   0.00079   0.00070  -0.00356
13 C 2py         0.00038  -0.00056  -0.00063   0.00160
13 C 2pz         0.00160  -0.00089  -0.00063  -0.00296
13 C 3px         0.00244   0.00058  -0.00002  -0.01052
13 C 3py        -0.00018  -0.00507  -0.00408   0.00058
13 C 3pz         0.00451   0.00231   0.00165  -0.00434
14 H 1s         -0.00321  -0.00108  -0.00138  -0.00215
14 H 2s         -0.00328  -0.00110  -0.00394   0.00149
15 H 1s          0.00055   0.00066  -0.00163   0.00218
15 H 2s         -0.00255   0.00473   0.00808   0.00258
16 H 1s          0.00008  -0.00086   0.00055  -0.00221
16 H 2s          0.00164  -0.00187  -0.00324  -0.00000
17 H 1s          0.00024  -0.00051  -0.00109   0.00248
17 H 2s         -0.00032  -0.00039   0.00144  -0.00118
18 H 1s          0.00022  -0.00000   0.00101   0.00132
18 H 2s          0.00186  -0.00164  -0.00116   0.00501
19 H 1s          0.00012  -0.00057  -0.00116   0.00016
19 H 2s         -0.00255  -0.00072   0.00073   0.00238
20 H 1s          0.01100  -0.00310  -0.00376  -0.01286
20 H 2s          0.00433  -0.00656  -0.00220  -0.02841
21 H 1s         -0.00404   0.00302   0.00369  -0.00082
21 H 2s          0.01066   0.00140   0.00110   0.00715
22 H 1s          0.00103  -0.00029  -0.00043  -0.00064
22 H 2s         -0.00022  -0.00093  -0.00029  -0.00239
23 H 1s          0.00059  -0.00018  -0.00034  -0.00039
23 H 2s          0.00111   0.00041  -0.00012  -0.00108
24 H 1s          0.00049   0.00004   0.00007  -0.00095
24 H 2s          0.00004  -0.00005   0.00044  -0.00170
25 H 1s          0.00030   0.00017   0.00011   0.00026
25 H 2s          0.00184   0.00239   0.00239  -0.00388
Fragment 1 natural orbitals
Natural occ [1. 1.]
Natural orbital (expansion on AOs) in CAS space
               #1        #2       
0 C 1s           0.00017   0.00114
0 C 2s           0.00037   0.00586
0 C 3s           0.01462  -0.06598
0 C 2px         -0.14205   0.15294
0 C 2py         -0.30307   0.27319
0 C 2pz          0.22834  -0.25668
0 C 3px         -0.18208   0.11572
0 C 3py         -0.28819   0.26156
0 C 3pz          0.18678  -0.25434
1 C 1s          -0.01520  -0.01501
1 C 2s           0.03180   0.03191
1 C 3s           0.10225   0.10083
1 C 2px         -0.04684  -0.05132
1 C 2py          0.03978   0.02918
1 C 2pz          0.00224   0.00320
1 C 3px          0.00310  -0.06066
1 C 3py          0.08682   0.01870
1 C 3pz         -0.00400   0.07389
2 C 1s          -0.00201  -0.00664
2 C 2s           0.00324   0.01156
2 C 3s           0.01540   0.05226
2 C 2px          0.01573  -0.05403
2 C 2py          0.06028  -0.05700
2 C 2pz         -0.09414   0.06363
2 C 3px          0.02494  -0.03592
2 C 3py          0.06706  -0.06844
2 C 3pz         -0.08631   0.08226
3 C 1s           0.00038   0.00194
3 C 2s          -0.00093  -0.00383
3 C 3s          -0.00506  -0.02228
3 C 2px          0.00331   0.00987
3 C 2py         -0.00114   0.00081
3 C 2pz          0.00286  -0.00597
3 C 3px         -0.01136   0.00737
3 C 3py         -0.00270   0.00545
3 C 3pz          0.00367  -0.02126
4 C 1s          -0.00219  -0.00185
4 C 2s           0.00474   0.00372
4 C 3s           0.01077   0.01162
4 C 2px         -0.03320   0.02136
4 C 2py         -0.04324   0.04437
4 C 2pz          0.04616  -0.04577
4 C 3px         -0.03774   0.02049
4 C 3py         -0.05404   0.04598
4 C 3pz          0.04566  -0.05369
5 C 1s          -0.00124  -0.00206
5 C 2s           0.00251   0.00400
5 C 3s           0.00469   0.00087
5 C 2px         -0.00618  -0.00625
5 C 2py         -0.00220   0.00445
5 C 2pz          0.00414  -0.00046
5 C 3px         -0.00892  -0.00306
5 C 3py         -0.01381   0.00058
5 C 3pz          0.00150  -0.01002
6 C 1s           0.00054   0.00377
6 C 2s           0.00018  -0.00679
6 C 3s          -0.02076  -0.02872
6 C 2px          0.04347  -0.01789
6 C 2py          0.06622  -0.05815
6 C 2pz         -0.05903   0.07560
6 C 3px          0.06594  -0.00287
6 C 3py          0.06636  -0.06559
6 C 3pz         -0.05107   0.07413
7 C 1s          -0.00021   0.00104
7 C 2s          -0.00030   0.00607
7 C 3s          -0.01425  -0.06558
7 C 2px         -0.14229  -0.15281
7 C 2py          0.30366   0.27340
7 C 2pz          0.22788   0.25598
7 C 3px         -0.18226  -0.11572
7 C 3py          0.28870   0.26182
7 C 3pz          0.18636   0.25364
8 C 1s           0.01519  -0.01502
8 C 2s          -0.03180   0.03193
8 C 3s          -0.10185   0.10102
8 C 2px         -0.04689   0.05127
8 C 2py         -0.03978   0.02915
8 C 2pz          0.00234  -0.00313
8 C 3px          0.00282   0.06073
8 C 3py         -0.08699   0.01847
8 C 3pz         -0.00391  -0.07365
9 C 1s           0.00205  -0.00659
9 C 2s          -0.00331   0.01146
9 C 3s          -0.01585   0.05195
9 C 2px          0.01580   0.05399
9 C 2py         -0.06028  -0.05695
9 C 2pz         -0.09404  -0.06341
9 C 3px          0.02537   0.03578
9 C 3py         -0.06705  -0.06858
9 C 3pz         -0.08606  -0.08199
10 C 1s         -0.00039   0.00194
10 C 2s          0.00091  -0.00381
10 C 3s          0.00553  -0.02235
10 C 2px         0.00334  -0.00983
10 C 2py         0.00114   0.00082
10 C 2pz         0.00286   0.00595
10 C 3px        -0.01135  -0.00750
10 C 3py         0.00294   0.00539
10 C 3pz         0.00332   0.02113
11 C 1s          0.00218  -0.00186
11 C 2s         -0.00468   0.00376
11 C 3s         -0.01126   0.01152
11 C 2px        -0.03325  -0.02139
11 C 2py         0.04339   0.04446
11 C 2pz         0.04616   0.04572
11 C 3px        -0.03808  -0.02062
11 C 3py         0.05394   0.04607
11 C 3pz         0.04575   0.05360
12 C 1s          0.00124  -0.00205
12 C 2s         -0.00253   0.00399
12 C 3s         -0.00422   0.00087
12 C 2px        -0.00617   0.00624
12 C 2py         0.00223   0.00445
12 C 2pz         0.00412   0.00045
12 C 3px        -0.00866   0.00309
12 C 3py         0.01384   0.00066
12 C 3pz         0.00178   0.01012
13 C 1s         -0.00051   0.00378
13 C 2s         -0.00021  -0.00682
13 C 3s          0.02020  -0.02876
13 C 2px         0.04362   0.01805
13 C 2py        -0.06652  -0.05835
13 C 2pz        -0.05913  -0.07564
13 C 3px         0.06607   0.00308
13 C 3py        -0.06647  -0.06578
13 C 3pz        -0.05145  -0.07424
14 H 1s         -0.05542  -0.05468
14 H 2s         -0.08187  -0.07770
15 H 1s          0.00578   0.00811
15 H 2s          0.00935   0.00979
16 H 1s         -0.00523  -0.00190
16 H 2s         -0.00844  -0.00409
17 H 1s         -0.00208  -0.00181
17 H 2s         -0.00489  -0.00294
18 H 1s         -0.00228  -0.00384
18 H 2s         -0.00246  -0.00450
19 H 1s         -0.00013   0.00012
19 H 2s         -0.01401  -0.00204
20 H 1s          0.05534  -0.05483
20 H 2s          0.08183  -0.07796
21 H 1s         -0.00574   0.00815
21 H 2s         -0.00943   0.00977
22 H 1s          0.00526  -0.00187
22 H 2s          0.00862  -0.00402
23 H 1s          0.00206  -0.00182
23 H 2s          0.00475  -0.00297
24 H 1s          0.00231  -0.00382
24 H 2s          0.00261  -0.00440
25 H 1s          0.00014   0.00014
25 H 2s          0.01391  -0.00204
Fragment 2 natural orbitals
Natural occ [1.94664173 1.93785733 0.06279774 0.05270319]
Natural orbital (expansion on AOs) in CAS space
               #1        #2        #3        #4       
0 C 1s          -0.00111   0.00004   0.00033  -0.00087
0 C 2s           0.00243  -0.00025  -0.00015   0.00302
0 C 3s           0.00494   0.00730  -0.00814  -0.00449
0 C 2px         -0.00503   0.00147   0.00303  -0.00417
0 C 2py          0.00790   0.00312   0.00153  -0.00045
0 C 2pz          0.00541   0.00180  -0.00870   0.00154
0 C 3px         -0.00044   0.01996  -0.01239  -0.01028
0 C 3py          0.01108  -0.01046   0.01444  -0.00507
0 C 3pz          0.00648  -0.00684  -0.00210  -0.00732
1 C 1s           0.00244   0.00051  -0.00052  -0.00413
1 C 2s          -0.00563  -0.00076   0.00123   0.00848
1 C 3s          -0.01316  -0.01769   0.01282   0.02967
1 C 2px          0.01012   0.00177  -0.00321  -0.01102
1 C 2py         -0.00598   0.00205  -0.00321   0.00893
1 C 2pz         -0.00189  -0.00150   0.00307  -0.00067
1 C 3px         -0.00298   0.01510  -0.01096  -0.00829
1 C 3py         -0.00271  -0.01006   0.00616   0.01618
1 C 3pz         -0.00172  -0.00370   0.00743   0.00875
2 C 1s           0.00149   0.00084  -0.00128  -0.00064
2 C 2s          -0.00362  -0.00327   0.00435   0.00066
2 C 3s          -0.00792  -0.00682   0.00556   0.00616
2 C 2px          0.00804   0.00475  -0.00861  -0.00040
2 C 2py          0.00104   0.00129  -0.00569   0.00295
2 C 2pz          0.00411  -0.00031   0.00428  -0.00424
2 C 3px          0.00938  -0.00798  -0.00097   0.00280
2 C 3py          0.00382   0.00206  -0.00501   0.00298
2 C 3pz          0.01109   0.00229   0.00423   0.00182
3 C 1s          -0.00039  -0.00025   0.00032   0.00019
3 C 2s           0.00087   0.00030  -0.00073  -0.00045
3 C 3s           0.00093   0.00911  -0.00402  -0.00405
3 C 2px         -0.00160  -0.00038   0.00162   0.00054
3 C 2py          0.00112   0.00163  -0.00049  -0.00079
3 C 2pz         -0.00084  -0.00109  -0.00026   0.00019
3 C 3px         -0.00148  -0.00064   0.00074  -0.00284
3 C 3py         -0.00023   0.00546  -0.00066  -0.00087
3 C 3pz         -0.00421  -0.00052  -0.00084  -0.00378
4 C 1s           0.00051   0.00021  -0.00023  -0.00048
4 C 2s          -0.00116  -0.00010   0.00032   0.00093
4 C 3s           0.00105  -0.00383   0.00173   0.00510
4 C 2px          0.00161   0.00029  -0.00025  -0.00095
4 C 2py         -0.00044  -0.00030   0.00093   0.00018
4 C 2pz          0.00092   0.00070  -0.00146   0.00057
4 C 3px          0.00003   0.00196  -0.00096  -0.00304
4 C 3py          0.00027  -0.00256   0.00146  -0.00128
4 C 3pz          0.00137   0.00064  -0.00181  -0.00113
5 C 1s           0.00036  -0.00000  -0.00004  -0.00038
5 C 2s          -0.00069   0.00007  -0.00010   0.00089
5 C 3s          -0.00324   0.00443  -0.00210  -0.00045
5 C 2px          0.00121  -0.00059   0.00085  -0.00133
5 C 2py         -0.00096  -0.00045   0.00125   0.00006
5 C 2pz          0.00034   0.00066  -0.00147   0.00056
5 C 3px          0.00185  -0.00210   0.00156  -0.00080
5 C 3py         -0.00036  -0.00061   0.00088  -0.00245
5 C 3pz          0.00187   0.00007  -0.00185  -0.00085
6 C 1s          -0.00028   0.00015  -0.00011   0.00062
6 C 2s           0.00029   0.00011   0.00003  -0.00119
6 C 3s           0.00666  -0.00539   0.00199  -0.00532
6 C 2px         -0.00161   0.00078  -0.00065   0.00358
6 C 2py          0.00037   0.00056  -0.00059   0.00160
6 C 2pz         -0.00160  -0.00091   0.00065   0.00297
6 C 3px         -0.00242   0.00057   0.00016   0.01056
6 C 3py         -0.00019   0.00514  -0.00413   0.00067
6 C 3pz         -0.00447   0.00235  -0.00171   0.00444
7 C 1s          -0.00013  -0.00076   0.00087   0.00025
7 C 2s           0.00015   0.00052  -0.00042   0.00122
7 C 3s           0.00757   0.01443  -0.01917  -0.02349
7 C 2px          0.02070  -0.00268   0.00392  -0.03190
7 C 2py         -0.04309   0.00181  -0.00329   0.06092
7 C 2pz         -0.03365   0.00113  -0.00234   0.05295
7 C 3px          0.00747  -0.00013   0.00917  -0.04962
7 C 3py         -0.02663   0.00384  -0.01129   0.10396
7 C 3pz         -0.01527   0.01089  -0.01901   0.09155
8 C 1s           0.00082  -0.00050  -0.00025   0.00098
8 C 2s          -0.00248   0.00147   0.00070  -0.00472
8 C 3s           0.00269   0.00243  -0.01129   0.01184
8 C 2px          0.04758  -0.00480  -0.00770   0.05280
8 C 2py         -0.08924   0.01044   0.01719  -0.10230
8 C 2pz         -0.09721   0.01383   0.01612  -0.10886
8 C 3px          0.03492  -0.01032   0.00375   0.06755
8 C 3py         -0.09159   0.00422   0.03715  -0.11488
8 C 3pz         -0.08803  -0.00054   0.03257  -0.13844
9 C 1s           0.00037   0.00028  -0.00092  -0.00036
9 C 2s           0.00028  -0.00031   0.00015  -0.00105
9 C 3s          -0.01020   0.00091   0.01432   0.00523
9 C 2px          0.00453   0.08433  -0.10409  -0.00359
9 C 2py         -0.01095  -0.16392   0.19908   0.01721
9 C 2pz         -0.00999  -0.18438   0.22505   0.01300
9 C 3px          0.02096   0.07385  -0.12854   0.01183
9 C 3py         -0.02983  -0.13283   0.21411  -0.02067
9 C 3pz         -0.02500  -0.15380   0.23218  -0.02710
10 C 1s         -0.00160   0.00115   0.00150  -0.00175
10 C 2s          0.00314  -0.00275  -0.00326   0.00331
10 C 3s          0.01148   0.00298  -0.02309   0.01525
10 C 2px        -0.09012   0.10299   0.15088  -0.14523
10 C 2py         0.15886  -0.17973  -0.26906   0.24713
10 C 2pz         0.17045  -0.19492  -0.29169   0.26674
10 C 3px        -0.06508   0.08065   0.10537  -0.11261
10 C 3py         0.11745  -0.14211  -0.19615   0.19437
10 C 3pz         0.11858  -0.15618  -0.19447   0.19927
11 C 1s         -0.00191   0.00059  -0.00158   0.00227
11 C 2s          0.00481  -0.00117   0.00273  -0.00506
11 C 3s         -0.00334  -0.00744   0.02158  -0.02403
11 C 2px        -0.14383   0.00523  -0.00715   0.21713
11 C 2py         0.24337  -0.01205   0.01947  -0.36847
11 C 2pz         0.26070  -0.01421   0.02145  -0.39681
11 C 3px        -0.11084   0.00226   0.00514   0.15318
11 C 3py         0.17882  -0.01125   0.01766  -0.28345
11 C 3pz         0.19529  -0.01238   0.00738  -0.29433
12 C 1s          0.00115   0.00082   0.00103   0.00012
12 C 2s         -0.00303  -0.00240  -0.00246  -0.00177
12 C 3s          0.00292   0.00191  -0.02315   0.00372
12 C 2px        -0.10043  -0.10518  -0.15748  -0.15933
12 C 2py         0.16818   0.17809   0.26694   0.26713
12 C 2pz         0.17839   0.18840   0.28155   0.28712
12 C 3px        -0.06910  -0.07742  -0.11660  -0.11133
12 C 3py         0.11888   0.13930   0.18323   0.19541
12 C 3pz         0.13132   0.14868   0.18489   0.21939
13 C 1s         -0.00040   0.00075  -0.00101  -0.00007
13 C 2s          0.00127  -0.00064   0.00008   0.00132
13 C 3s         -0.00633  -0.01451   0.02941  -0.01216
13 C 2px        -0.00150  -0.11251   0.14199   0.00583
13 C 2py         0.00663   0.18728  -0.23867  -0.01170
13 C 2pz         0.00711   0.19839  -0.25306  -0.01076
13 C 3px         0.00615  -0.09581   0.14391   0.01848
13 C 3py        -0.00946   0.15888  -0.24629  -0.04504
13 C 3pz        -0.01907   0.16280  -0.24210  -0.04868
14 H 1s          0.01098   0.00323  -0.00391  -0.01284
14 H 2s          0.00428   0.00663  -0.00260  -0.02836
15 H 1s         -0.00404  -0.00309   0.00368  -0.00086
15 H 2s          0.01057  -0.00139   0.00142   0.00712
16 H 1s          0.00103   0.00031  -0.00045  -0.00064
16 H 2s         -0.00018   0.00098  -0.00039  -0.00235
17 H 1s          0.00059   0.00019  -0.00034  -0.00039
17 H 2s          0.00110  -0.00043  -0.00011  -0.00111
18 H 1s          0.00049  -0.00003   0.00006  -0.00095
18 H 2s          0.00006   0.00007   0.00038  -0.00169
19 H 1s          0.00030  -0.00016   0.00012   0.00025
19 H 2s          0.00183  -0.00241   0.00239  -0.00394
20 H 1s         -0.00322   0.00103  -0.00143  -0.00217
20 H 2s         -0.00330   0.00107  -0.00396   0.00149
21 H 1s          0.00062  -0.00065  -0.00178   0.00221
21 H 2s         -0.00235  -0.00469   0.00809   0.00242
22 H 1s          0.00005   0.00088   0.00037  -0.00205
22 H 2s          0.00161   0.00178  -0.00346   0.00038
23 H 1s          0.00027   0.00053  -0.00106   0.00255
23 H 2s         -0.00032   0.00047   0.00148  -0.00110
24 H 1s          0.00018  -0.00002   0.00116   0.00147
24 H 2s          0.00181   0.00168  -0.00108   0.00533
25 H 1s          0.00016   0.00060  -0.00111   0.00020
25 H 2s         -0.00243   0.00075   0.00089   0.00238
LASCI energy = -536.95583344976

******** CASCI flags ********
CAS (6e+4e, 10o), ncore = 43, nvir = 97
natorb = False
canonicalization = True
sorting_mo_energy = False
max_memory 4000 (MB)
******** <class 'pyscf.fci.addons.SpinPenaltyFCISolver'> ********
max. cycles = 200
conv_tol = 1e-08
davidson only = True
linear dependence = 1e-12
level shift = 0.001
max iter space = 12
max_memory 4000 MB
nroots = 1
pspace_size = 400
spin = None
Density matrix diagonal elements [1.93064066 1.92911274 0.07145769 0.06767866 1.00073243 1.00149148
 1.93057367 1.92921549 0.07135668 0.06774049]
CASCI converged
CASCI E = -536.969082042373  E(CI) = -11.0743434752677  S^2 = 2.0000000

******** CASCI flags ********
CAS (5e+5e, 10o), ncore = 43, nvir = 97
natorb = False
canonicalization = True
sorting_mo_energy = False
max_memory 4000 (MB)
******** <class 'mrh.exploratory.unitary_cc.lasuccsd.FCISolver_USCC'> ********
max. cycles = 100
conv_tol = 1e-10
davidson only = False
linear dependence = 1e-14
level shift = 0.001
max iter space = 12
max_memory 4000 MB
nroots = 1
pspace_size = 400
spin = None
LASCI object has 69 degrees of freedom
iteration 0, E = -536.963506, |x| = 1.071339e-01, |g| = 4.062543e-02
iteration 1, E = -536.965132, |x| = 1.711815e-01, |g| = 1.882623e-02
iteration 2, E = -536.965505, |x| = 1.907264e-01, |g| = 1.331463e-02
iteration 3, E = -536.965727, |x| = 2.074761e-01, |g| = 3.997077e-03
iteration 4, E = -536.965739, |x| = 2.066246e-01, |g| = 1.219504e-03
iteration 5, E = -536.965740, |x| = 2.057103e-01, |g| = 5.563340e-04
iteration 6, E = -536.965740, |x| = 2.055665e-01, |g| = 3.906364e-04
iteration 7, E = -536.965741, |x| = 2.056711e-01, |g| = 3.065718e-04
iteration 8, E = -536.965741, |x| = 2.058178e-01, |g| = 3.266308e-04
iteration 9, E = -536.965741, |x| = 2.060162e-01, |g| = 4.243990e-04
iteration 10, E = -536.965741, |x| = 2.062828e-01, |g| = 5.869942e-04
iteration 11, E = -536.965742, |x| = 2.067200e-01, |g| = 7.892120e-04
iteration 12, E = -536.965743, |x| = 2.076453e-01, |g| = 9.948242e-04
iteration 13, E = -536.965745, |x| = 2.100450e-01, |g| = 1.082019e-03
iteration 14, E = -536.965746, |x| = 2.124782e-01, |g| = 7.969712e-04
iteration 15, E = -536.965747, |x| = 2.133301e-01, |g| = 3.370469e-04
iteration 16, E = -536.965747, |x| = 2.128663e-01, |g| = 1.608337e-04
iteration 17, E = -536.965747, |x| = 2.125123e-01, |g| = 1.689420e-04
iteration 18, E = -536.965747, |x| = 2.121536e-01, |g| = 2.016014e-04
iteration 19, E = -536.965747, |x| = 2.118913e-01, |g| = 2.513303e-04
iteration 20, E = -536.965747, |x| = 2.117963e-01, |g| = 3.191837e-04
iteration 21, E = -536.965748, |x| = 2.120575e-01, |g| = 4.112614e-04
iteration 22, E = -536.965748, |x| = 2.132301e-01, |g| = 5.333210e-04
iteration 23, E = -536.965749, |x| = 2.169693e-01, |g| = 6.771403e-04
iteration 24, E = -536.965750, |x| = 2.258316e-01, |g| = 7.544697e-04
iteration 25, E = -536.965752, |x| = 2.380594e-01, |g| = 6.620147e-04
iteration 26, E = -536.965752, |x| = 2.487413e-01, |g| = 4.251976e-04
iteration 27, E = -536.965753, |x| = 2.500094e-01, |g| = 2.830432e-04
iteration 28, E = -536.965753, |x| = 2.487001e-01, |g| = 2.676436e-04
iteration 29, E = -536.965753, |x| = 2.473417e-01, |g| = 3.112694e-04
iteration 30, E = -536.965753, |x| = 2.466012e-01, |g| = 4.019513e-04
iteration 31, E = -536.965754, |x| = 2.475704e-01, |g| = 5.064668e-04
iteration 32, E = -536.965754, |x| = 2.512532e-01, |g| = 5.677495e-04
iteration 33, E = -536.965755, |x| = 2.560050e-01, |g| = 4.827998e-04
iteration 34, E = -536.965756, |x| = 2.579157e-01, |g| = 2.632519e-04
iteration 35, E = -536.965756, |x| = 2.589872e-01, |g| = 1.038235e-04
iteration 36, E = -536.965756, |x| = 2.590773e-01, |g| = 7.448549e-05
iteration 37, E = -536.965756, |x| = 2.591374e-01, |g| = 6.962958e-05
iteration 38, E = -536.965756, |x| = 2.591220e-01, |g| = 7.214690e-05
iteration 39, E = -536.965756, |x| = 2.591611e-01, |g| = 8.926428e-05
iteration 40, E = -536.965756, |x| = 2.591941e-01, |g| = 1.221297e-04
iteration 41, E = -536.965756, |x| = 2.593344e-01, |g| = 1.614614e-04
iteration 42, E = -536.965756, |x| = 2.594926e-01, |g| = 1.595484e-04
iteration 43, E = -536.965756, |x| = 2.596457e-01, |g| = 1.042325e-04
iteration 44, E = -536.965756, |x| = 2.596709e-01, |g| = 3.951676e-05
iteration 45, E = -536.965756, |x| = 2.596723e-01, |g| = 1.863469e-05
iteration 46, E = -536.965756, |x| = 2.596547e-01, |g| = 1.615198e-05
iteration 47, E = -536.965756, |x| = 2.596557e-01, |g| = 1.695648e-05
iteration 48, E = -536.965756, |x| = 2.596468e-01, |g| = 2.024992e-05
iteration 49, E = -536.965756, |x| = 2.596491e-01, |g| = 2.488953e-05
iteration 50, E = -536.965756, |x| = 2.596418e-01, |g| = 2.917867e-05
iteration 51, E = -536.965756, |x| = 2.596399e-01, |g| = 3.035821e-05
iteration 52, E = -536.965756, |x| = 2.596254e-01, |g| = 2.187447e-05
iteration 53, E = -536.965756, |x| = 2.596252e-01, |g| = 1.061211e-05
iteration 54, E = -536.965756, |x| = 2.596183e-01, |g| = 4.646497e-06
iteration 55, E = -536.965756, |x| = 2.596214e-01, |g| = 4.431293e-06
iteration 56, E = -536.965756, |x| = 2.596199e-01, |g| = 4.432404e-06
iteration 57, E = -536.965756, |x| = 2.596209e-01, |g| = 4.517715e-06
iteration 58, E = -536.965756, |x| = 2.596192e-01, |g| = 4.696860e-06
iteration 59, E = -536.965756, |x| = 2.596179e-01, |g| = 4.916411e-06
iteration 60, E = -536.965756, |x| = 2.596117e-01, |g| = 4.918022e-06
iteration 61, E = -536.965756, |x| = 2.596078e-01, |g| = 3.779277e-06
iteration 62, E = -536.965756, |x| = 2.596042e-01, |g| = 2.117261e-06
iteration 63, E = -536.965756, |x| = 2.596045e-01, |g| = 1.094817e-06
Fragment 0 local quantum numbers
<N>,<Sz>,<S^2> = 3.998891, -0.000038, 0.009802
Fragment 1 local quantum numbers
<N>,<Sz>,<S^2> = 2.002123, 0.000034, 1.971068
Fragment 2 local quantum numbers
<N>,<Sz>,<S^2> = 3.998986, 0.000004, 0.009962
Whole system quantum numbers
<N>,<Sz>,<S^2> = 10.000000, 0.000000, 2.000071
Density matrix diagonal elements [1.93670385 1.92981309 0.07084306 0.06153092 1.00166557 1.00045743
 1.93655983 1.9297218  0.07093327 0.06177117]
CASCI converged
CASCI E = -536.965756043639  E(CI) = -11.0710174765330  S^2 = 2.0000712
