#INFO: **** input file is /project/lgagliardi/tuy/qchem/las-uscc-noci/working/stilbene-triplet/stil-triplet-120.py ****
# test the distribution of the nearest neighbor excitations

import numpy as np
import pyscf
from pyscf import gto, scf, lib, mcscf
from mrh.my_pyscf.mcscf.lasscf_o0 import LASSCF
from mrh.exploratory.unitary_cc import lasuccsd
from mrh.exploratory.unitary_cc.uccsd_sym0 import get_uccsd_op
from mrh.exploratory.citools import grad, lasci_ominus1
from mrh.exploratory.citools import fockspace


from typing import Iterable, Union
from typing import Dict, List, Any, TypedDict
import copy
import pickle
from enum import Enum
from scipy.linalg import eigh
from scipy import optimize
import sys

result = {}
VERBOSE = 4
if len(sys.argv) > 1:
    try:
        AMPLITUDE = float(sys.argv[1])
        print(f"Using AMPLITUDE argument: {AMPLITUDE}")
    except ValueError:
        print("Invalid AMPLITUDE argument, using default value 1.")
        AMPLITUDE = 1
else:
    AMPLITUDE = 1

def flatten(seq: Iterable) -> list:
    result = []
    for item in seq:
        if isinstance(item, (list, tuple, np.ndarray)):
            result.extend(flatten(item))
        else:
            result.append(item)
    return result


def cilas2f(lasci, norb_f, nelec_f):
    ''' nelec (na, nb)'''
    ci_f = []
    for i, ci in enumerate(lasci):
        ci_f.append(fockspace.hilbert2fock(ci, norb_f[i], nelec_f[i])[0])
    return ci_f

class MolConfig(TypedDict):
    # basic
    name : str
    xyz: str
    basis: str
    ncas: List[int]
    nelecas: List[int]
    spinsub: List[int]
    frag_atom_list: Any  # Can be List or Tuple depending on usage
    frag_spin_orb: Any
    adj: List[List[int]]

class TestConfig(TypedDict):
    epsilon: float
    # nearest neighbor parameters
    nn: bool
    # non-orthogonal configuration interaction parameters
    init_method: str # 'random' or 'uscc_opt' or 'load x'
    # max_nx: int  # max number of excitations per configuration
    # min_nc: int
    # test choices
    grad_test: bool
    noci_test: bool  
    frozen: str

def get_Sij(psi_i, psi_j, h):
    """Compute the overlap Sij = <psi_i|psi_j>."""
    ucj, _ = psi_j.hc_x(psi_j.x, h)[1:3]
    uci, _ = psi_i.hc_x(psi_i.x, h)[1:3]
    ucj, uci = ucj.ravel(), uci.ravel()
    Sij = uci.conj().dot(ucj)
    return Sij


def get_Sij_Hij(psi_i, psi_j, h):
    ucj, hucj = psi_j.hc_x (psi_j.x, h)[1:3]
    uci, huci = psi_i.hc_x (psi_i.x, h)[1:3]
    ucj, hucj = ucj.ravel (), hucj.ravel ()
    uci = uci.ravel ()
    Sij = uci.conj ().dot (ucj)
    Hij = uci.conj ().dot (hucj)
    return Sij, Hij


def arr_split(arr, n):
    """Split an array into n nearly equal parts."""
    k, m = divmod(len(arr), n)
    return list(arr[i * k + min(i, m):(i + 1) * k + min(i + 1, m)] for i in range(n))

def print_matrix(mat):
    for row in mat:
        print("  ".join(f"{x:.17f}" for x in row))

def zip_excitations(a_idxs, i_idxs):
    excitations = []
    for a, i in zip(a_idxs, i_idxs):
        excitations.append((tuple(i), tuple(a[::-1])))
    return excitations

def print_excitations(a_idxs, i_idxs):
    excitations = zip_excitations(a_idxs, i_idxs)
    for excitation in excitations:
        print([[int(x) for x in flatten(excitation)]])


def nci_test(a_idxs_selected, i_idxs_selected, test_config, mol_config, mol,las, mc_uscc, mf):

    nc = len(a_idxs_selected) + 1
    # we create ci for each excitation
    if VERBOSE >= 1:
        print("Number of CIs: ", nc)

    h1eff,e_core= mc_uscc.get_h1eff(mc_uscc.mo_coeff)
    h2eff = mc_uscc.get_h2eff()

    las_ucc_trial_cis = []
    
    min_ci_eng = 99999.9
    for i in range(nc):
        if( i == nc -1):
            amplitude = 0 # the last one is the reference state
        else:
            amplitude = AMPLITUDE # we should try different amplitudes

        mc_uscc_ci = mcscf.CASCI(mf, sum(mol_config['ncas']), sum(mol_config['nelecas']))
        mc_uscc_ci.mo_coeff = las.mo_coeff
        mc_uscc_ci.fcisolver = lasuccsd.FCISolver_USCC(mol, a_idxs_selected, i_idxs_selected)
        mc_uscc_ci.fcisolver.norb_f = mol_config['ncas']
        fci = mc_uscc_ci.fcisolver
        las_ci0_f = cilas2f(las.ci, mol_config['ncas'], mol_config['nelecas'])

        norb = sum(mol_config['ncas']) # not sure about this
        nelec = sum(mol_config['nelecas']) # not sure about this
        norb_f = getattr (fci, 'norb_f', [norb])
        psi =  getattr (fci, 'psi', fci.build_psi (las_ci0_f, norb, norb_f, nelec, frozen=test_config['frozen']))
        
        if i < nc - 1:
            psi.x[psi.nconstr + i] = amplitude

        energy = psi.energy_tot(psi.x, [e_core, h1eff, h2eff])
        if energy < min_ci_eng:
            min_ci_eng = energy

        las_ucc_trial_cis.append(psi)
        
    
    S = np.zeros((nc, nc), dtype=np.complex128)
    H = np.zeros((nc, nc), dtype=np.complex128)
    h = [e_core, h1eff, h2eff]


    # Build S matrix incrementally, discarding linearly dependent CIs
    selected_indices = []
    S_inc = np.zeros((0, 0), dtype=np.complex128)
    threshold = 1e7  # You can adjust this threshold as needed

    for idx, psi in enumerate(las_ucc_trial_cis):
        # Build S matrix for current selection + this CI
        n_sel = len(selected_indices)
        S_new = np.zeros((n_sel + 1, n_sel + 1), dtype=np.complex128)
        # Fill previous block
        if n_sel > 0:
            S_new[:n_sel, :n_sel] = S_inc
            for j, jidx in enumerate(selected_indices):
                S_new[n_sel, j] = get_Sij(psi, las_ucc_trial_cis[jidx], h)
                S_new[j, n_sel] = get_Sij(las_ucc_trial_cis[jidx], psi, h)
        # Diagonal element
        S_new[n_sel, n_sel] = get_Sij(psi, psi, h)
        # Check condition number
        cond = np.linalg.cond(S_new)
        if cond < threshold:
            selected_indices.append(idx)
            S_inc = S_new
        else:
            if VERBOSE >= 1:
                print(f"Discarding CI {idx} due to linear dependence (cond={cond:.2e})")

    # Now, only keep selected CIs for S and H
    nc_sel = len(selected_indices)
    S = np.zeros((nc_sel, nc_sel), dtype=np.complex128)
    H = np.zeros((nc_sel, nc_sel), dtype=np.complex128)
    for i, idx_i in enumerate(selected_indices):
        for j, idx_j in enumerate(selected_indices):
            S[i, j], H[i, j] = get_Sij_Hij(las_ucc_trial_cis[idx_i], las_ucc_trial_cis[idx_j], h)

    if VERBOSE >= 0:
        print(f"Selected {nc_sel} CIs out of {nc} total CIs")
        print("Condition number of S matrix: ", np.linalg.cond(S))

    if VERBOSE >= 1:
        print("S matrix:")
        print_matrix(S)
        print("H matrix:")
        print_matrix(H)

    # print("min_ci_eng: ", min_ci_eng)
    eigvals, eigvecs = eigh(H, S)
    return eigvals[0], eigvecs[0], min_ci_eng   # Take the lowest eigenvalue as the energy



def test(mol_config, test_config,las, mol, mf):

    all_g, g_sel, a_idxs_selected_all, i_idxs_selected_all = grad.get_grad_exact(las, test_config['epsilon'])

    # if test_config['grad_test']:
    #     result['all_g'] = all_g
    result['all_g'] = all_g
    result['g_sel'] = g_sel

    a_idxs_selected_nn = []
    i_idxs_selected_nn = []
    
    nn_g = []
    if(test_config['nn']):
        nn_g, a_idxs_selected_nn, i_idxs_selected_nn = get_nn_excitations(a_idxs_selected_all, i_idxs_selected_all, all_g, mol_config)
        if test_config['grad_test']:
            result['nn_g'] = nn_g

    result['tot_excitation_count'] = len(a_idxs_selected_all)
    result['excitation_count_nn'] = len(a_idxs_selected_nn)

    #Computing energy through the LAS-UCC kernel using selected excitations
    #==========================================================================================
    
    a_idxs_selected = None
    i_idxs_selected = None

    if test_config['nn']:
        a_idxs_selected = a_idxs_selected_nn
        i_idxs_selected = i_idxs_selected_nn
    else:
        a_idxs_selected = a_idxs_selected_all
        i_idxs_selected = i_idxs_selected_all
    
    if VERBOSE >= 2:
        print("All selected excitations:")
        print_excitations(a_idxs_selected, i_idxs_selected)

    mc_uscc = mcscf.CASCI(mf, sum(mol_config['ncas']), sum(mol_config['nelecas']))
    mc_uscc.mo_coeff = las.mo_coeff

    
    mc_uscc.fcisolver = lasuccsd.FCISolver_USCC(mol, a_idxs_selected, i_idxs_selected)
    mc_uscc.fcisolver.norb_f = mol_config['ncas'] # number of orbitals in each fragment
    # easily hit the maximal memory limit
    mc_uscc.fcisolver.frozen = test_config['frozen'] if 'frozen' in test_config else None  
    mc_uscc.kernel(ci0 = cilas2f(las.ci, mol_config['ncas'], mol_config['nelecas']))
    if not mc_uscc.converged:
        print('Warning: kernel hasn\'t converged')
    
    if VERBOSE >= 1:
        print("MC-USCC amplitudes: ", mc_uscc.fcisolver.psi.x)

    result['las_uscc_eng'] =  mc_uscc.e_tot 
   
    if test_config['noci_test']:
        result['las_uscc_noci_eng'], result['las_uscc_noci_vec'], result['min_ci_eng'] = nci_test(a_idxs_selected, i_idxs_selected, test_config, mol_config, mol,las, mc_uscc, mf)
    
    return result
   



def batch_test(mol_config, test_configs):
    results = []

    # Initializing the molecule with RHF
    #===================================
    symmetry = None
    charge = None
    spin = None
    if 'symmetry' in mol_config:
        symmetry = mol_config['symmetry']
    if 'charge' in mol_config:
        charge = mol_config['charge']
    if 'spin' in mol_config:
        spin = mol_config['spin']

    mol = gto.M(atom=mol_config['xyz'], basis=mol_config['basis'], symmetry = symmetry,
        charge = charge, spin = spin, verbose=4, output=mol_config['output'])
    if 'HF' in mol_config and mol_config['HF'] == 'ROHF':
        mf = scf.ROHF(mol).run()
    else:
        mf = scf.RHF(mol).run()

    # Running LASSCF
    #===================================
    las = LASSCF(mf, mol_config['ncas'], mol_config['nelecas'], spin_sub=mol_config['spinsub'], ouput=None)
    mo_loc = las.localize_init_guess(mol_config['frag_atom_list'], mf.mo_coeff)
    las.kernel(mo_loc)
    
    ref = mcscf.CASCI(mf, sum(mol_config['ncas']), (6,4))
    ref.mo_coeff = las.mo_coeff
    ref.fix_spin_(ss=2) # triplet
    ref.kernel() 

    for test_config in test_configs:
        
        result = test(mol_config, test_config, las, mol, mf)
        results.append(result)
    
    return results, ref.e_tot, las.e_tot



def empty_adj(n):
    return [[0 for _ in range(n)] for _ in range(n)]

def circle_adj(n):
    return [[1 if abs(i - j) == 1 or abs(i - j) == n-1 else 0 for j in range(n)] for i in range(n)]


if __name__ == "__main__":


    data_dir = '../geom'

    with open(data_dir + '/h4.xyz', 'r', encoding='utf-8') as f:
        h4xyz = f.read()

    with open(data_dir + '/h6.xyz', 'r', encoding='utf-8') as f:
        h6xyz = f.read()

    with open(data_dir + '/h8.xyz', 'r', encoding='utf-8') as f:
        h8xyz = f.read()

    with open(data_dir + '/h10.xyz', 'r', encoding='utf-8') as f:
        h10xyz = f.read()


    with open(data_dir + '/c4.xyz', 'r', encoding='utf-8') as f:
        c4xyz = f.read()

    with open(data_dir + '/c6.xyz', 'r', encoding='utf-8') as f:
        c6xyz = f.read()

    with open(data_dir + '/c8.xyz', 'r', encoding='utf-8') as f:
        c8xyz = f.read()

    with open(data_dir + '/c10.xyz', 'r', encoding='utf-8') as f:
        c10xyz = f.read()

    with open(data_dir + '/stil-001.xyz', 'r', encoding='utf-8') as f:
        stil001xyz = f.read()

    with open(data_dir + '/stil-60.xyz', 'r', encoding='utf-8') as f:
        stil60xyz = f.read()

    with open(data_dir + '/stil-90.xyz', 'r', encoding='utf-8') as f:
        stil90xyz = f.read()

    with open(data_dir + '/stil-120.xyz', 'r', encoding='utf-8') as f:
        stil120xyz = f.read()

    with open(data_dir + '/stil-180.xyz', 'r', encoding='utf-8') as f:
        stil180xyz = f.read()       


    # with open(data_dir + '/kremer/kremer-geometry.xyz', 'r', encoding='utf-8') as f:
    #     kremer_xyz = f.read()

    # kremer_basis = {
    #     "Cr": "def2-tzvp",
    #     "O": "def2-svp",
    #     "N": "def2-svp",
    #     "C": "def2-svp",
    #     "H": "def2-svp",
    # }

    # kremer_def2 : MolConfig = {
    #     'name' : 'kremer_def2',
    #     'HF' : 'ROHF',
    #     'xyz' : kremer_xyz,
    #     'basis' : kremer_basis,
    #     'symmetry' : False,
    #     'charge' : 3,
    #     'spin' : 6,
    #     'ncas': [3,3],
    #     'nelecas': [[3,0],[0,3]],
    #     'spinsub': [4,4],
    #     'frag_atom_list': [[0],[1]]
    # }

    h4_sto3g : MolConfig = {
        'name': 'H4_STO3G',
        'xyz': h4xyz,
        'basis': 'sto-3g',
        'ncas': [2, 2],
        'nelecas': [2, 2],
        'spinsub': [1, 1],
        'frag_atom_list': ((0, 1), (2, 3)),
        'output': 'h4_sto3g.out',
    }


    stil_631g_001 : MolConfig = {
        'name': 'STIL_631G_001',
        'xyz': stil001xyz,
        'basis': '631g',
        'ncas': [4,2,4],
        'nelecas': [4,2,4],
        'spinsub': [1, 1, 1],
        'frag_atom_list': [ [1,2,3,4,5,6,15,16,17,18,19] , [0,7, 14,20] , [8,9,10,11,12,13, 21,22,23,24,25] ],
        'frag_spin_orb': {
            0: (0, 1, 2, 3,10,11,12,13),
            1: (4,5,14,15),
            2: (6,7,8,9,16,17,18,19)
        },
        'adj': empty_adj(3),
        'output' : 'stil_631g_001.out',
    }

    stil_631g_60 : MolConfig = {
        'name': 'STIL_631G_60',
        'xyz': stil60xyz,
        'basis': '631g',
        'ncas': [4,2,4],
        'nelecas': [4,2,4],
        'spinsub': [1, 1, 1],
        'frag_atom_list': [ [1,2,3,4,5,6,15,16,17,18,19] , [0,7, 14,20] , [8,9,10,11,12,13, 21,22,23,24,25] ],
        'frag_spin_orb': {
            0: (0, 1, 2, 3,10,11,12,13),
            1: (4,5,14,15),
            2: (6,7,8,9,16,17,18,19)
        },
        'adj': empty_adj(3),
        'output' : 'stil_631g_60.out',
    }

    stil_631g_90 : MolConfig = {
        'name': 'STIL_631G_90',
        'xyz': stil90xyz,
        'basis': '631g',
        'ncas': [4,2,4],
        'nelecas': [4,2,4],
        'spinsub': [1, 1, 1],
        'frag_atom_list': [ [1,2,3,4,5,6,15,16,17,18,19] , [0,7, 14,20] , [8,9,10,11,12,13, 21,22,23,24,25] ],
        'frag_spin_orb': {
            0: (0, 1, 2, 3,10,11,12,13),
            1: (4,5,14,15),
            2: (6,7,8,9,16,17,18,19)
        },
        'adj': empty_adj(3),
        'output' : 'stil_631g_90.out',
    }

    stil_631g_120 : MolConfig = {
        'name': 'STIL_631G_120',
        'xyz': stil120xyz,
        'basis': '631g',
        'ncas': [4,2,4],
        'nelecas': [4,2,4],
        'spinsub': [1, 1, 1],
        'frag_atom_list': [ [1,2,3,4,5,6,15,16,17,18,19] , [0,7, 14,20] , [8,9,10,11,12,13, 21,22,23,24,25] ],
        'frag_spin_orb': {
            0: (0, 1, 2, 3,10,11,12,13),
            1: (4,5,14,15),
            2: (6,7,8,9,16,17,18,19)
        },
        'adj': empty_adj(3),
        'output' : 'stil_631g_120.out',
    }


    stil_631g_180 : MolConfig = {
        'name': 'STIL_631G_180',
        'xyz': stil180xyz,
        'basis': '631g',
        'ncas': [4,2,4],
        'nelecas': [4,2,4],
        'spinsub': [1, 1, 1],
        'frag_atom_list': [ [1,2,3,4,5,6,15,16,17,18,19] , [0,7, 14,20] , [8,9,10,11,12,13, 21,22,23,24,25] ],
        'frag_spin_orb': {
            0: (0, 1, 2, 3,10,11,12,13),
            1: (4,5,14,15),
            2: (6,7,8,9,16,17,18,19)
        },
        'adj': empty_adj(3),
        'output' : 'stil_631g_180.out',
    }

    # triplet stil
    stil_triplet_631g_001 = copy.deepcopy(stil_631g_001)
    stil_triplet_631g_001['spinsub'] = [1,3,1]

    stil_triplet_631g_60 = copy.deepcopy(stil_631g_60)
    stil_triplet_631g_60['spinsub'] = [1,3,1]
    stil_triplet_631g_90 = copy.deepcopy(stil_631g_90)
    stil_triplet_631g_90['spinsub'] = [1,3,1]
    stil_triplet_631g_120 = copy.deepcopy(stil_631g_120)
    stil_triplet_631g_120['spinsub'] = [1,3,1]
    stil_triplet_631g_180 = copy.deepcopy(stil_631g_180)
    stil_triplet_631g_180['spinsub'] = [1,3,1]
    

    # This c4 is too small, and I observed numericall error, that H and S have all identical
    # entries however the NOCI energy is lower 
    c4_631g : MolConfig = {
        'name': 'C4_631G',
        'xyz': c4xyz,
        'basis': '631g',
        'ncas': [2,2],
        'nelecas': [2,2],
        'spinsub': [1,1],
        'frag_atom_list':  [[0,2], [3,1]],
        'frag_spin_orb': {
            0: (0,1,4,5),
            1: (2,3,6,7),
        },
        'adj': circle_adj(2), # not sure about this
        'output': 'c4_631g.out',
    }

    c6_631 : MolConfig = {
        'name': 'C6_631G',
        'xyz': c6xyz,
        'basis': '631g',
        'ncas': [2,2,2],
        'nelecas': [2,2,2],
        'spinsub': [1,1,1],
        'frag_atom_list': [[0,2], [10,11], [3,1]], # not sure about this
        'frag_spin_orb': {
            0: (0,1,6,7),
            1: (2,3,8,9),
            2: (4,5,10,11),
        },
        'adj': circle_adj(3),
        'output': 'c6_631g.out',
    }


    c8_631 : MolConfig = {
        'name': 'C8_631G',
        'xyz': c8xyz,
        'basis': '631g',
        'ncas': [2,2,2,2],
        'nelecas': [2,2,2,2],
        'spinsub': [1,1,1,1],
        'frag_atom_list': [[0,2], [10,12], [13,11], [3,1]], 
        'frag_spin_orb': {
            0: (0,1,8,9),
            1: (2,3,10,11),
            2: (4,5,12,13),
            3: (6,7,14,15),
        },
        'adj': circle_adj(3),
        'output': 'c8_631g.out',
    }


    c10_631g : MolConfig = {
        'name': 'C10_631G',
        'xyz': c10xyz,
        'basis': '631g',
        'ncas': [2,2,2,2,2],
        'nelecas': [2,2,2,2,2],
        'spinsub': [1,1,1,1,1],
        'frag_atom_list': [[0,2], [10,12], [18,19], [13,11], [3,1]],
        'frag_spin_orb': {
            0: (0,1,10,11),
            1: (2,3,12,13),
            2: (4,5,14,15),
            3: (6,7,16,17),
            4: (8,9,18,19)
        },
        'adj': circle_adj(5),
        'output': 'c10_631g.out',
    }

    mol_configs = [stil_triplet_631g_120]
    # mol_configs = [h4_sto3g]



    nosi_test_01 : TestConfig = {
        'epsilon': 0.01,
        'nn': False,
        'init_method': 'uscc_opt',
        'frozen': 'CI',
        'grad_test': False,
        'noci_test': True
    }
        
    # noci_test_001 = copy.deepcopy(noci_test_01)
    # noci_test_001['epsilon'] = 0.001

    # noci_test_0001 = copy.deepcopy(noci_test_01)
    # noci_test_0001['epsilon'] = 0.0001

    # eps = np.array([0.0076, 0.005015, 0.00297421, 0.00252])
    eps = np.array([0.0076])

    nosi_tests = []
    for thre in eps:
        nosi_test = copy.deepcopy(nosi_test_01)
        nosi_test['epsilon'] = thre
        nosi_tests.append(nosi_test)


    for mol_conf in mol_configs:
        print(f"Molecule {mol_conf['name']}: ")
        mol_results, ref_energy, las_energy = batch_test(mol_conf, nosi_tests)
        
        print(f"CASCI energy: {ref_energy:.17f}")
        print(f"LASSCF energy: {las_energy:.17f}")
        for result in mol_results:
            print(f"Total excitations: {len(result['all_g'])}")
            print(f"Selected excitations: {len(result['g_sel'])}")
            
            # print(f"NN excitations: {result['excitation_count_nn']}")

            if 'las_uscc_eng' in result:
                print(f"LAS-USCCSD-VQE energy: {result['las_uscc_eng']:.17f}")
            if 'las_uscc_noci_eng' in result:
                print(f"LAS-USCCSD-NOSI energy: {result['las_uscc_noci_eng']:.17f}")
            # if 'tot_g' in result:
            #     print(f"Total gradient norm: {np.linalg.norm(result['tot_g']):.17f}")
            # if 'nn_g' in result:
            #     print(f"NN gradient norm: {np.linalg.norm(result['nn_g']):.17f}")
            if 'las_uscc_noci_vec' in result:
                print("NOSI vector: ", result['las_uscc_noci_vec'])
            if 'min_ci_eng' in result:
                print(f"Minimum State energy: {result['min_ci_eng']:.17f}")
            print("\n")
        
        print("\n\n")
#INFO: ******************** input file end ********************


System: uname_result(system='Linux', node='midway3-0545.rcc.local', release='4.18.0-305.3.1.el8.x86_64', version='#1 SMP Tue Jun 1 16:14:33 UTC 2021', machine='x86_64')  Threads 16
Python 3.9.19 | packaged by conda-forge | (main, Mar 20 2024, 12:50:21) 
[GCC 12.3.0]
numpy 2.0.2  scipy 1.13.1  h5py 3.14.0
Date: Fri Nov  7 22:07:42 2025
PySCF version 2.9.0
PySCF path  /home/tuy/repo/.venv/lib/python3.9/site-packages/pyscf
mrh path  /home/tuy/repo/mrh
GIT ORIG_HEAD b98c29c0816fd226852111a125e579215dc0ac5e
GIT HEAD (branch master) b49e04f5f5ffc1c27967a615ccab8ecdf1806538

[CONFIG] conf_file None
[INPUT] verbose = 4
[INPUT] num. atoms = 26
[INPUT] num. electrons = 96
[INPUT] charge = 0
[INPUT] spin (= nelec alpha-beta = 2S) = 0
[INPUT] symmetry False subgroup None
[INPUT] Mole.unit = angstrom
[INPUT] Symbol           X                Y                Z      unit          X                Y                Z       unit  Magmom
[INPUT]  1 C      0.544837780000  -0.430333830000   1.035675590000 AA    1.029594186516  -0.813213080835   1.957143218997 Bohr   0.0
[INPUT]  2 C      1.818907280000  -0.156527940000   0.455360820000 AA    3.437236605178  -0.295794937442   0.860507237657 Bohr   0.0
[INPUT]  3 C      2.034537190000   0.981126610000  -0.347220860000 AA    3.844718079342   1.854060586423  -0.656152330136 Bohr   0.0
[INPUT]  4 C      3.262205700000   1.213395520000  -0.932289630000 AA    6.164675334995   2.292985213574  -1.761772069472 Bohr   0.0
[INPUT]  5 C      4.306272280000   0.310906880000  -0.762124700000 AA    8.137675227006   0.587528853443  -1.440206955766 Bohr   0.0
[INPUT]  6 C      4.109097360000  -0.829263670000   0.009033000000 AA    7.765068629573  -1.567081221352   0.017069896083 Bohr   0.0
[INPUT]  7 C      2.890958850000  -1.056474580000   0.614257760000 AA    5.463120463888  -1.996447613765   1.160778936289 Bohr   0.0
[INPUT]  8 C     -0.544629780000   0.427349830000   1.036584590000 AA   -1.029201123482   0.807574138079   1.958860980045 Bohr   0.0
[INPUT]  9 C     -1.818835280000   0.155253940000   0.455798820000 AA   -3.437100544897   0.293387426360   0.861334937700 Bohr   0.0
[INPUT] 10 C     -2.035210190000  -0.981138610000  -0.348369860000 AA   -3.845989865024  -1.854083263136  -0.658323625453 Bohr   0.0
[INPUT] 11 C     -3.262988700000  -1.211729520000  -0.933860630000 AA   -6.166154990551  -2.289836929851  -1.764740829214 Bohr   0.0
[INPUT] 12 C     -4.306447280000  -0.308757880000  -0.762501700000 AA   -8.138005929078  -0.583467832001  -1.440919382515 Bohr   0.0
[INPUT] 13 C     -4.108533360000   0.830178670000   0.010287000000 AA   -7.764002824039   1.568810320756   0.019439612643 Bohr   0.0
[INPUT] 14 C     -2.890280850000   1.055699580000   0.615917750000 AA   -5.461839229575   1.994983076018   1.163915862758 Bohr   0.0
[INPUT] 15 H      0.440199820000  -1.403890440000   1.515571400000 AA    0.831857099883  -2.652968440495   2.864014868224 Bohr   0.0
[INPUT] 16 H      1.207027520000   1.657908340000  -0.523185790000 AA    2.280951437613   3.132992702232  -0.988677855364 Bohr   0.0
[INPUT] 17 H      3.405228640000   2.092668170000  -1.547810380000 AA    6.434949521125   3.954569710895  -2.924937710959 Bohr   0.0
[INPUT] 18 H      5.259586900000   0.484439810000  -1.243859500000 AA    9.939178769350   0.915458564736  -2.350553792438 Bohr   0.0
[INPUT] 19 H      4.915585040000  -1.539995390000   0.138236940000 AA    9.289109467609  -2.910169520193   0.261229956898 Bohr   0.0
[INPUT] 20 H      2.741785910000  -1.942319230000   1.220759510000 AA    5.181224462091  -3.670451391176   2.306901137858 Bohr   0.0
[INPUT] 21 H     -0.439115820000   1.400454440000   1.517238400000 AA   -0.829808636764   2.646475341531   2.867165041673 Bohr   0.0
[INPUT] 22 H     -1.208158520000  -1.658257340000  -0.525200790000 AA   -2.283088717860  -3.133652216650  -0.992485653505 Bohr   0.0
[INPUT] 23 H     -3.406572640000  -2.090042170000  -1.550619380000 AA   -6.437489313037  -3.949607290092  -2.930245951643 Bohr   0.0
[INPUT] 24 H     -5.259846900000  -0.480949810000  -1.244546500000 AA   -9.939670098143  -0.908863420562  -2.351852034286 Bohr   0.0
[INPUT] 25 H     -4.914535040000   1.541286390000   0.140443940000 AA   -9.287125255178   2.912609156620   0.265400582455 Bohr   0.0
[INPUT] 26 H     -2.740544910000   1.940585230000   1.223677510000 AA   -5.178879311971   3.667174606076   2.312415358690 Bohr   0.0

nuclear repulsion = 744.973143804668
number of shells = 94
number of NR pGTOs = 356
number of NR cGTOs = 150
basis = 631g
ecp = {}
CPU time:         2.63


******** <class 'pyscf.scf.hf.RHF'> ********
method = RHF
initial guess = minao
damping factor = 0
level_shift factor = 0
DIIS = <class 'pyscf.scf.diis.CDIIS'>
diis_start_cycle = 1
diis_space = 8
diis_damp = 0
SCF conv_tol = 1e-09
SCF conv_tol_grad = None
SCF max_cycles = 50
direct_scf = True
direct_scf_tol = 1e-13
chkfile to save SCF result = /scratch/local/jobs/39869300/tmp31_v61m3
max_memory 4000 MB (current use 95 MB)
Set gradient conv threshold to 3.16228e-05
Initial guess from minao.
init E= -541.571467098477
  HOMO = -0.134995176156044  LUMO = -0.0546384580553092
cycle= 1 E= -536.754623561076  delta_E= 4.82  |g|= 0.543  |ddm|= 5.08
  HOMO = -0.251190298627179  LUMO = 0.0107050885380861
cycle= 2 E= -536.875470774338  delta_E= -0.121  |g|= 0.146  |ddm|= 1.26
  HOMO = -0.223458692840825  LUMO = 0.0500544199411751
cycle= 3 E= -536.884586802359  delta_E= -0.00912  |g|= 0.0482  |ddm|= 0.403
  HOMO = -0.237357747522423  LUMO = 0.0398644518644807
cycle= 4 E= -536.885457913747  delta_E= -0.000871  |g|= 0.0141  |ddm|= 0.104
  HOMO = -0.237042827159217  LUMO = 0.041736824264813
cycle= 5 E= -536.885556302754  delta_E= -9.84e-05  |g|= 0.00487  |ddm|= 0.025
  HOMO = -0.23752207756054  LUMO = 0.0425618105445216
cycle= 6 E= -536.885580949399  delta_E= -2.46e-05  |g|= 0.00141  |ddm|= 0.0158
  HOMO = -0.237802689846875  LUMO = 0.0428955727713839
cycle= 7 E= -536.885584190986  delta_E= -3.24e-06  |g|= 0.000484  |ddm|= 0.00633
  HOMO = -0.237917243580599  LUMO = 0.0429365707434801
cycle= 8 E= -536.885584415845  delta_E= -2.25e-07  |g|= 0.000112  |ddm|= 0.00178
  HOMO = -0.237930762497797  LUMO = 0.0429535808751156
cycle= 9 E= -536.885584426744  delta_E= -1.09e-08  |g|= 3.62e-05  |ddm|= 0.000404
  HOMO = -0.237932283317209  LUMO = 0.0429550119119703
cycle= 10 E= -536.885584427366  delta_E= -6.23e-10  |g|= 1.38e-05  |ddm|= 7.39e-05
  HOMO = -0.237933747660241  LUMO = 0.0429539264882905
Extra cycle  E= -536.885584427468  delta_E= -1.02e-10  |g|= 7.38e-06  |ddm|= 3.39e-05
converged SCF energy = -536.885584427468

******** LASSCF flags ********
CAS (5e+5e, 10o), ncore = 43, nvir = 97
Divided into 3 LAS spaces
LAS 0 : (2e+2e, 4o)
LAS 1 : (1e+1e, 2o)
LAS 2 : (2e+2e, 4o)
nroots = 1
max_cycle_macro = 50
max_cycle_micro = 5
conv_tol_grad = 0.0001
max_memory 4000 MB (current use 717 MB)
fragment 0 FCI solver flags:
******** <class 'mrh.my_pyscf.mcscf.addons.get_h1e_zipped_fcisolver.<locals>.FCISolver'> ********
max. cycles = 100
conv_tol = 1e-10
davidson only = False
linear dependence = 1e-14
level shift = 0.001
max iter space = 12
max_memory 4000 MB
nroots = 1
pspace_size = 200
spin = 0
State-average over 1 states with weights [1.0]
fragment 1 FCI solver flags:
******** <class 'mrh.my_pyscf.mcscf.addons.get_h1e_zipped_fcisolver.<locals>.FCISolver'> ********
max. cycles = 100
conv_tol = 1e-10
davidson only = False
linear dependence = 1e-14
level shift = 0.001
max iter space = 12
max_memory 4000 MB
nroots = 1
pspace_size = 200
spin = 0
State-average over 1 states with weights [1.0]
fragment 2 FCI solver flags:
******** <class 'mrh.my_pyscf.mcscf.addons.get_h1e_zipped_fcisolver.<locals>.FCISolver'> ********
max. cycles = 100
conv_tol = 1e-10
davidson only = False
linear dependence = 1e-14
level shift = 0.001
max iter space = 12
max_memory 4000 MB
nroots = 1
pspace_size = 200
spin = 0
State-average over 1 states with weights [1.0]
LASCI subspace 0 with no orbsym information
LASCI subspace 1 with no orbsym information
LASCI subspace 2 with no orbsym information
LASCI subspace CI energies: [np.float64(-3.0714321893902197), np.float64(-0.988169244482382), np.float64(-3.0714340864228147)]
LASCI macro 0 : E = -536.774376242004 ; |g_int| = 0.334715671315645 ; |g_ci| = 0.000264588126261836 ; |g_x| = 0
LASCI micro 1 : |x_orb| = 0.626945235160568 ; |x_ci| = 0.00947473470742367
LASCI micro 2 : |x_orb| = 0.636421341134584 ; |x_ci| = 0.0194751388268408
LASCI micro 3 : |x_orb| = 0.645701417090855 ; |x_ci| = 0.00315230742993335
LASCI micro 4 : |x_orb| = 0.654895622146574 ; |x_ci| = 0.015950919646809
LASCI micro 5 : |x_orb| = 0.655525890885039 ; |x_ci| = 0.0145159576588233
LASCI subspace 0 with no orbsym information
LASCI subspace 1 with no orbsym information
LASCI subspace 2 with no orbsym information
LASCI subspace CI energies: [np.float64(-3.080888398580586), np.float64(-1.0177662307056903), np.float64(-3.0808874514428073)]
LASCI macro 1 : E = -536.901461195847 ; |g_int| = 0.159535228194194 ; |g_ci| = 5.98709301398757e-05 ; |g_x| = 0
LASCI micro 1 : |x_orb| = 0.247998245554045 ; |x_ci| = 0.00503696993580396
LASCI micro 2 : |x_orb| = 0.248123804895964 ; |x_ci| = 0.00525929339261641
LASCI micro 3 : |x_orb| = 0.256856998096434 ; |x_ci| = 0.00709334150735756
LASCI micro 4 : |x_orb| = 0.258361606737571 ; |x_ci| = 0.00886501608321626
LASCI micro 5 : |x_orb| = 0.259666118039625 ; |x_ci| = 0.00936068154424284
LASCI subspace 0 with no orbsym information
LASCI subspace 1 with no orbsym information
LASCI subspace 2 with no orbsym information
LASCI subspace CI energies: [np.float64(-3.0823949855204367), np.float64(-0.9920389179890222), np.float64(-3.082392232512542)]
LASCI macro 2 : E = -536.926033306024 ; |g_int| = 0.0825166198515739 ; |g_ci| = 2.3759369956303e-06 ; |g_x| = 0
LASCI micro 1 : |x_orb| = 0.393175029894951 ; |x_ci| = 0.00947621055667814
LASCI micro 2 : |x_orb| = 0.45982674898849 ; |x_ci| = 0.020702916387961
LASCI micro 3 : |x_orb| = 0.471751713325597 ; |x_ci| = 0.0251764087857326
LASCI micro 4 : |x_orb| = 0.489265851037714 ; |x_ci| = 0.0290330592231652
LASCI micro 5 : |x_orb| = 0.482875342457245 ; |x_ci| = 0.0302839053019615
LASCI subspace 0 with no orbsym information
LASCI subspace 1 with no orbsym information
LASCI subspace 2 with no orbsym information
LASCI subspace CI energies: [np.float64(-3.0881455875129094), np.float64(-0.9740208904540816), np.float64(-3.088141606527242)]
LASCI macro 3 : E = -536.940235764888 ; |g_int| = 0.0408513861939243 ; |g_ci| = 5.613747667058e-06 ; |g_x| = 0
LASCI micro 1 : |x_orb| = 0.29663267759137 ; |x_ci| = 0.00455120511492082
LASCI micro 2 : |x_orb| = 0.600765015075284 ; |x_ci| = 0.031007214468967
LASCI micro 3 : |x_orb| = 0.60210265648133 ; |x_ci| = 0.0313244382564056
LASCI micro 4 : |x_orb| = 3.9895968149645 ; |x_ci| = 0.145978888111912
Unstable microiteration aborted: ||x(n)|| > 10*||x(0)||
LASCI subspace 0 with no orbsym information
LASCI subspace 1 with no orbsym information
LASCI subspace 2 with no orbsym information
LASCI subspace CI energies: [np.float64(-3.1065190829467486), np.float64(-0.9480535043835749), np.float64(-3.1065269812152243)]
LASCI macro 4 : E = -536.945716447615 ; |g_int| = 0.0233849975402834 ; |g_ci| = 1.4594641113334e-05 ; |g_x| = 0
LASCI micro 1 : |x_orb| = 0.871951616853222 ; |x_ci| = 0.0171580476408315
LASCI micro 2 : |x_orb| = 1.3959293887541 ; |x_ci| = 0.046717224435678
LASCI micro 3 : |x_orb| = 16.8285098172479 ; |x_ci| = 0.089994453365502
Unstable microiteration aborted: |x[i]| > pi/2
New energy (-536.9452760150938) is higher than keyframe energy (-536.9457164476149)
Attempt 1 of 3 to scale down trial step vector
LASCI subspace 0 with no orbsym information
LASCI subspace 1 with no orbsym information
LASCI subspace 2 with no orbsym information
LASCI subspace CI energies: [np.float64(-3.157084637552975), np.float64(-0.937189145008363), np.float64(-3.1571115948208806)]
LASCI macro 5 : E = -536.94970556493 ; |g_int| = 0.0196909779455359 ; |g_ci| = 8.49180731456741e-06 ; |g_x| = 0
LASCI micro 1 : |x_orb| = 0.340587949031111 ; |x_ci| = 0.00714049571148032
LASCI micro 2 : |x_orb| = 0.351836888308869 ; |x_ci| = 0.00930012170607323
LASCI micro 3 : |x_orb| = 0.803180960744897 ; |x_ci| = 0.0233580715395204
LASCI micro 4 : |x_orb| = 0.80340391556871 ; |x_ci| = 0.0233244770705398
LASCI micro 5 : |x_orb| = 0.896322196190272 ; |x_ci| = 0.0291796850273855
LASCI subspace 0 with no orbsym information
LASCI subspace 1 with no orbsym information
LASCI subspace 2 with no orbsym information
LASCI subspace CI energies: [np.float64(-3.2466715556397627), np.float64(-0.9286037570859176), np.float64(-3.2466931671998402)]
LASCI macro 6 : E = -536.952581970481 ; |g_int| = 0.00901603165984847 ; |g_ci| = 8.56302251099324e-06 ; |g_x| = 0
LASCI micro 1 : |x_orb| = 0.0247651437803483 ; |x_ci| = 0.000402312908009987
LASCI micro 2 : |x_orb| = 0.0282536898564296 ; |x_ci| = 0.00109617907838947
LASCI micro 3 : |x_orb| = 0.0320425090649713 ; |x_ci| = 0.000476689339190558
LASCI micro 4 : |x_orb| = 0.0316441074789255 ; |x_ci| = 0.00086405194759835
LASCI micro 5 : |x_orb| = 0.0319591026872547 ; |x_ci| = 0.000687151346851264
LASCI subspace 0 with no orbsym information
LASCI subspace 1 with no orbsym information
LASCI subspace 2 with no orbsym information
LASCI subspace CI energies: [np.float64(-3.2446781897023884), np.float64(-0.9260310069023328), np.float64(-3.244690377537016)]
LASCI macro 7 : E = -536.952652516132 ; |g_int| = 0.0045531870861767 ; |g_ci| = 7.00264258080426e-06 ; |g_x| = 0
LASCI micro 1 : |x_orb| = 0.013522327465754 ; |x_ci| = 0.000269549153555934
LASCI micro 2 : |x_orb| = 0.0170793823719126 ; |x_ci| = 0.00080483669153765
LASCI micro 3 : |x_orb| = 0.0191514414359134 ; |x_ci| = 0.000327910841771682
LASCI micro 4 : |x_orb| = 0.0203252154526027 ; |x_ci| = 0.000749016747458653
LASCI micro 5 : |x_orb| = 0.0206140552328678 ; |x_ci| = 0.000544726510267497
LASCI subspace 0 with no orbsym information
LASCI subspace 1 with no orbsym information
LASCI subspace 2 with no orbsym information
LASCI subspace CI energies: [np.float64(-3.243945902584943), np.float64(-0.9243374597739172), np.float64(-3.243951582589202)]
LASCI macro 8 : E = -536.952673734762 ; |g_int| = 0.00236056939975499 ; |g_ci| = 5.4620731736762e-06 ; |g_x| = 0
LASCI micro 1 : |x_orb| = 0.00909800523229833 ; |x_ci| = 0.000202193143938079
LASCI micro 2 : |x_orb| = 0.0145030139230238 ; |x_ci| = 0.000709756307632938
LASCI micro 3 : |x_orb| = 0.0165353029841912 ; |x_ci| = 0.000342940856546366
LASCI micro 4 : |x_orb| = 0.0203003106730237 ; |x_ci| = 0.000761917102057711
LASCI micro 5 : |x_orb| = 0.0213531546318532 ; |x_ci| = 0.000540033285622877
LASCI subspace 0 with no orbsym information
LASCI subspace 1 with no orbsym information
LASCI subspace 2 with no orbsym information
LASCI subspace CI energies: [np.float64(-3.243870913023105), np.float64(-0.9232350587028507), np.float64(-3.24387187836228)]
LASCI macro 9 : E = -536.952682290768 ; |g_int| = 0.00131475302089507 ; |g_ci| = 4.39908042572355e-06 ; |g_x| = 0
LASCI micro 1 : |x_orb| = 0.00819173592263512 ; |x_ci| = 0.000177501688765306
LASCI micro 2 : |x_orb| = 0.0163245890010701 ; |x_ci| = 0.000694338301649172
LASCI micro 3 : |x_orb| = 0.0204846363335606 ; |x_ci| = 0.00036294131992757
LASCI micro 4 : |x_orb| = 0.0238852742490213 ; |x_ci| = 0.000685574255938886
LASCI micro 5 : |x_orb| = 0.0275121111067285 ; |x_ci| = 0.000454648309729366
LASCI subspace 0 with no orbsym information
LASCI subspace 1 with no orbsym information
LASCI subspace 2 with no orbsym information
LASCI subspace CI energies: [np.float64(-3.244064135471212), np.float64(-0.9227600666545424), np.float64(-3.2440622801725314)]
LASCI macro 10 : E = -536.95268784284 ; |g_int| = 0.00087412217909513 ; |g_ci| = 2.78275927235777e-06 ; |g_x| = 0
LASCI micro 1 : |x_orb| = 0.00754818153177453 ; |x_ci| = 0.000150636504969683
LASCI micro 2 : |x_orb| = 0.0152354182404005 ; |x_ci| = 0.000547896664934922
LASCI micro 3 : |x_orb| = 0.0185339787541055 ; |x_ci| = 0.0002938859737037
LASCI micro 4 : |x_orb| = 0.0200620516140662 ; |x_ci| = 0.000482887232189771
LASCI micro 5 : |x_orb| = 0.0247400421479098 ; |x_ci| = 0.000437403182659616
LASCI subspace 0 with no orbsym information
LASCI subspace 1 with no orbsym information
LASCI subspace 2 with no orbsym information
LASCI subspace CI energies: [np.float64(-3.2442193417653864), np.float64(-0.9229840732681428), np.float64(-3.244217861838824)]
LASCI macro 11 : E = -536.952691324802 ; |g_int| = 0.00063336941929119 ; |g_ci| = 7.50365486773978e-07 ; |g_x| = 0
LASCI micro 1 : |x_orb| = 0.0055583381929609 ; |x_ci| = 0.000107382551889427
LASCI micro 2 : |x_orb| = 0.0113138447824945 ; |x_ci| = 0.000397092323185293
LASCI micro 3 : |x_orb| = 0.0139208550431728 ; |x_ci| = 0.000229471664264151
LASCI micro 4 : |x_orb| = 0.0146835946426947 ; |x_ci| = 0.000349432802117183
LASCI micro 5 : |x_orb| = 0.0188786030927707 ; |x_ci| = 0.0004015088375255
LASCI subspace 0 with no orbsym information
LASCI subspace 1 with no orbsym information
LASCI subspace 2 with no orbsym information
LASCI subspace CI energies: [np.float64(-3.244267355489286), np.float64(-0.9228060380990736), np.float64(-3.244264826294569)]
LASCI macro 12 : E = -536.952693190864 ; |g_int| = 0.000499938595065682 ; |g_ci| = 2.89887978314135e-07 ; |g_x| = 0
LASCI micro 1 : |x_orb| = 0.00329555789843321 ; |x_ci| = 6.64642130639611e-05
LASCI micro 2 : |x_orb| = 0.00741849725881175 ; |x_ci| = 0.000282530221416173
LASCI micro 3 : |x_orb| = 0.00900845052193545 ; |x_ci| = 0.000166354927162105
LASCI micro 4 : |x_orb| = 0.00965126647971851 ; |x_ci| = 0.000258322582841554
LASCI micro 5 : |x_orb| = 0.0114375623752707 ; |x_ci| = 0.000182241484022737
LASCI subspace 0 with no orbsym information
LASCI subspace 1 with no orbsym information
LASCI subspace 2 with no orbsym information
LASCI subspace CI energies: [np.float64(-3.2444271202118453), np.float64(-0.9230085567707423), np.float64(-3.2444249151259568)]
LASCI macro 13 : E = -536.952694066399 ; |g_int| = 0.000396758761221898 ; |g_ci| = 8.55945908796642e-08 ; |g_x| = 0
LASCI micro 1 : |x_orb| = 0.00232347481958567 ; |x_ci| = 4.13610468052173e-05
LASCI micro 2 : |x_orb| = 0.00610528255100406 ; |x_ci| = 0.000217604831178012
LASCI micro 3 : |x_orb| = 0.00741510763759639 ; |x_ci| = 0.000125657494037762
LASCI micro 4 : |x_orb| = 0.00780243473405557 ; |x_ci| = 0.000187668959185385
LASCI micro 5 : |x_orb| = 0.00900705824425476 ; |x_ci| = 0.000122382022429091
LASCI subspace 0 with no orbsym information
LASCI subspace 1 with no orbsym information
LASCI subspace 2 with no orbsym information
LASCI subspace CI energies: [np.float64(-3.244419262645666), np.float64(-0.9228700363178309), np.float64(-3.2444164124757204)]
LASCI macro 14 : E = -536.952694577557 ; |g_int| = 0.000284851684524832 ; |g_ci| = 6.45938054605931e-08 ; |g_x| = 0
LASCI micro 1 : |x_orb| = 0.00169345135128381 ; |x_ci| = 2.92210833084669e-05
LASCI micro 2 : |x_orb| = 0.0045686400976524 ; |x_ci| = 0.000158999229933688
LASCI micro 3 : |x_orb| = 0.00548295086527834 ; |x_ci| = 8.55993007415711e-05
LASCI micro 4 : |x_orb| = 0.00574347508299479 ; |x_ci| = 0.000129554645616914
LASCI micro 5 : |x_orb| = 0.00636146788040378 ; |x_ci| = 7.89336739244519e-05
LASCI subspace 0 with no orbsym information
LASCI subspace 1 with no orbsym information
LASCI subspace 2 with no orbsym information
LASCI subspace CI energies: [np.float64(-3.2445393777104825), np.float64(-0.9229946885044518), np.float64(-3.2445366649035687)]
LASCI macro 15 : E = -536.952694854308 ; |g_int| = 0.000206735872501702 ; |g_ci| = 9.62306437769958e-08 ; |g_x| = 0
LASCI micro 1 : |x_orb| = 0.00141642899111343 ; |x_ci| = 2.35959975344681e-05
LASCI micro 2 : |x_orb| = 0.00377932383618617 ; |x_ci| = 0.000124075647831511
LASCI micro 3 : |x_orb| = 0.00459107009265934 ; |x_ci| = 6.68436825124112e-05
LASCI micro 4 : |x_orb| = 0.00471608483052881 ; |x_ci| = 9.37089221788513e-05
LASCI micro 5 : |x_orb| = 0.00544535390452432 ; |x_ci| = 8.19749706969796e-05
LASCI subspace 0 with no orbsym information
LASCI subspace 1 with no orbsym information
LASCI subspace 2 with no orbsym information
LASCI subspace CI energies: [np.float64(-3.244526829294708), np.float64(-0.9229199842288337), np.float64(-3.2445237700794367)]
LASCI macro 16 : E = -536.952695025682 ; |g_int| = 0.000161759454469731 ; |g_ci| = 5.79624068764035e-08 ; |g_x| = 0
LASCI subspace 0 with no orbsym information
LASCI subspace 1 with no orbsym information
LASCI subspace 2 with no orbsym information
LASCI subspace CI energies: [np.float64(-3.244531762669234), np.float64(-0.9229399529692963), np.float64(-3.244528709664337)]
LASCI macro 17 : E = -536.952695041408 ; |g_int| = 8.25198671744783e-05 ; |g_ci| = 1.20386279835634e-08 ; |g_x| = 0
LASCI converged after 18 cycles
LASCI E = -536.952695041408 ; |g_int| = 8.25198671744783e-05 ; |g_ci| = 1.20386279835634e-08 ; |g_ext| = 0
Fragment 0 natural orbitals
Natural occ [1.94583712 1.93659532 0.06411708 0.05345049]
Natural orbital (expansion on AOs) in CAS space
               #1        #2        #3        #4       
0 C 1s          -0.00005  -0.00072   0.00068   0.00013
0 C 2s           0.00070  -0.00120   0.00084   0.00050
0 C 3s          -0.00707   0.02375  -0.02419  -0.01006
0 C 2px          0.01656   0.00295  -0.00288   0.02704
0 C 2py          0.02247  -0.00011   0.00079   0.03650
0 C 2pz          0.04698   0.00427  -0.00265   0.07227
0 C 3px          0.00442   0.00194  -0.00657   0.04709
0 C 3py          0.01048   0.01393  -0.01641   0.06956
0 C 3pz          0.02771   0.00378  -0.00907   0.11971
1 C 1s          -0.00109  -0.00029   0.00010   0.00179
1 C 2s           0.00209   0.00140  -0.00073  -0.00396
1 C 3s           0.00514  -0.00451  -0.00660  -0.01468
1 C 2px          0.03724   0.00430   0.00541  -0.04094
1 C 2py          0.07267   0.00962   0.00941  -0.08116
1 C 2pz          0.11598   0.01201   0.01713  -0.13251
1 C 3px          0.02847   0.01205  -0.00920  -0.04995
1 C 3py          0.06532  -0.00246   0.02308  -0.10396
1 C 3pz          0.11097   0.00599   0.03126  -0.15304
2 C 1s          -0.00043   0.00031  -0.00085  -0.00005
2 C 2s           0.00005   0.00022  -0.00032  -0.00093
2 C 3s           0.00777  -0.00146   0.01381   0.00250
2 C 2px          0.00414  -0.07285   0.09052   0.00454
2 C 2py          0.01086  -0.14145   0.17331   0.00996
2 C 2pz          0.01631  -0.21451   0.26190   0.02251
2 C 3px          0.01542  -0.06580   0.10944  -0.00985
2 C 3py          0.02201  -0.11976   0.17667  -0.02348
2 C 3pz          0.03702  -0.17477   0.27716  -0.01915
3 C 1s           0.00130   0.00094   0.00123  -0.00136
3 C 2s          -0.00246  -0.00215  -0.00243   0.00239
3 C 3s          -0.00835   0.00367  -0.02057   0.01449
3 C 2px         -0.07351  -0.08698  -0.12719   0.11816
3 C 2py         -0.12460  -0.14719  -0.21989   0.19474
3 C 2pz         -0.19881  -0.23296  -0.34752   0.31088
3 C 3px         -0.05194  -0.06992  -0.08556   0.08883
3 C 3py         -0.08708  -0.11719  -0.14573   0.14647
3 C 3pz         -0.14396  -0.18400  -0.24855   0.24277
4 C 1s           0.00127   0.00044  -0.00112   0.00189
4 C 2s          -0.00288  -0.00085   0.00183  -0.00386
4 C 3s           0.00148  -0.00493   0.01524  -0.01841
4 C 2px         -0.11951  -0.00434   0.00568  -0.17981
4 C 2py         -0.19298  -0.01002   0.01605  -0.29382
4 C 2pz         -0.31165  -0.01451   0.02268  -0.47213
4 C 3px         -0.09090  -0.00184  -0.00408  -0.12627
4 C 3py         -0.14422  -0.00829   0.00718  -0.21795
4 C 3pz         -0.23112  -0.01284   0.01856  -0.35832
5 C 1s          -0.00081   0.00045   0.00064  -0.00002
5 C 2s           0.00214  -0.00147  -0.00178  -0.00122
5 C 3s          -0.00055   0.00254  -0.01682   0.00628
5 C 2px         -0.08465   0.08556   0.12770   0.13281
5 C 2py         -0.13310   0.13630   0.20323   0.21263
5 C 2pz         -0.21675   0.22292   0.33267   0.34302
5 C 3px         -0.05991   0.06408   0.09348   0.09411
5 C 3py         -0.09775   0.10878   0.13426   0.16439
5 C 3pz         -0.15446   0.17528   0.22964   0.25537
6 C 1s           0.00041   0.00075  -0.00093   0.00004
6 C 2s          -0.00104  -0.00113   0.00057   0.00084
6 C 3s           0.00174  -0.01222   0.02546  -0.01087
6 C 2px          0.00106   0.09048  -0.11433  -0.00372
6 C 2py         -0.00386   0.14365  -0.18208  -0.00437
6 C 2pz         -0.00452   0.23493  -0.29782  -0.01094
6 C 3px          0.00758   0.07683  -0.11496  -0.01797
6 C 3py          0.01399   0.11780  -0.17305  -0.03170
6 C 3pz          0.01761   0.19951  -0.30452  -0.05223
7 C 1s           0.00154  -0.00036   0.00076  -0.00129
7 C 2s          -0.00073  -0.00209   0.00143   0.00190
7 C 3s          -0.02284   0.01845  -0.01968   0.00868
7 C 2px         -0.00887  -0.00010  -0.00112   0.00935
7 C 2py         -0.00981   0.00411  -0.00571   0.00776
7 C 2pz         -0.00078   0.00264  -0.00531  -0.01038
7 C 3px          0.00252  -0.02906   0.02504   0.00996
7 C 3py         -0.01109   0.00044  -0.00217   0.00761
7 C 3pz         -0.00316  -0.00936   0.00682  -0.03108
8 C 1s          -0.00242   0.00058  -0.00078  -0.00381
8 C 2s           0.00490  -0.00033   0.00135   0.00728
8 C 3s           0.01578  -0.01933   0.01665   0.02900
8 C 2px          0.01177  -0.00146   0.00334   0.01292
8 C 2py          0.00308  -0.00057   0.00142   0.00221
8 C 2pz          0.00199   0.00030  -0.00021   0.00195
8 C 3px          0.01124  -0.02468   0.02214   0.00481
8 C 3py          0.00646  -0.00816   0.00798   0.00758
8 C 3pz          0.00684  -0.01391   0.01225   0.00362
9 C 1s          -0.00030  -0.00008   0.00022  -0.00140
9 C 2s           0.00040   0.00071  -0.00074   0.00316
9 C 3s           0.00576  -0.01170   0.00984   0.00452
9 C 2px          0.00378  -0.00037   0.00067   0.00306
9 C 2py         -0.00108   0.00004   0.00015  -0.00774
9 C 2pz         -0.00465   0.00091  -0.00227   0.00566
9 C 3px          0.00216   0.01204  -0.01100   0.00301
9 C 3py         -0.00222  -0.00620   0.00575  -0.01117
9 C 3pz         -0.00417  -0.00018  -0.00086   0.00663
10 C 1s         -0.00005   0.00004  -0.00011   0.00039
10 C 2s         -0.00000  -0.00043   0.00059  -0.00113
10 C 3s         -0.00074   0.01068  -0.00935  -0.00116
10 C 2px         0.00013  -0.00018   0.00030  -0.00109
10 C 2py         0.00091  -0.00013   0.00002   0.00124
10 C 2pz        -0.00048   0.00014   0.00050  -0.00279
10 C 3px         0.00012   0.00213  -0.00203   0.00335
10 C 3py         0.00246   0.00349  -0.00312   0.00094
10 C 3pz         0.00008   0.00380  -0.00301  -0.00217
11 C 1s         -0.00028   0.00007  -0.00006  -0.00065
11 C 2s          0.00057   0.00027  -0.00021   0.00141
11 C 3s         -0.00014  -0.00483   0.00414   0.00322
11 C 2px         0.00032   0.00011  -0.00012   0.00193
11 C 2py        -0.00117   0.00014  -0.00029   0.00041
11 C 2pz         0.00149  -0.00010   0.00032  -0.00082
11 C 3px        -0.00024  -0.00336   0.00279   0.00206
11 C 3py        -0.00158  -0.00044   0.00037  -0.00183
11 C 3pz         0.00192  -0.00196   0.00202  -0.00327
12 C 1s         -0.00029  -0.00003   0.00001  -0.00036
12 C 2s          0.00063   0.00007  -0.00002   0.00081
12 C 3s         -0.00134   0.00767  -0.00674   0.00223
12 C 2px         0.00139   0.00031  -0.00022   0.00168
12 C 2py         0.00007  -0.00002  -0.00018   0.00098
12 C 2pz         0.00030  -0.00001   0.00037  -0.00155
12 C 3px         0.00002   0.00281  -0.00246   0.00137
12 C 3py        -0.00090  -0.00099   0.00085  -0.00133
12 C 3pz        -0.00026   0.00006   0.00028  -0.00369
13 C 1s          0.00021   0.00019  -0.00020   0.00041
13 C 2s         -0.00071   0.00031  -0.00020  -0.00060
13 C 3s         -0.00022  -0.00791   0.00695  -0.00654
13 C 2px        -0.00054  -0.00045   0.00030  -0.00401
13 C 2py         0.00326  -0.00028   0.00017   0.00029
13 C 2pz        -0.00277   0.00023  -0.00012   0.00674
13 C 3px        -0.00276   0.00327  -0.00273  -0.01074
13 C 3py         0.00161   0.00553  -0.00519   0.00416
13 C 3pz        -0.00517   0.00580  -0.00512   0.01003
14 H 1s          0.00072   0.00147  -0.00059   0.00105
14 H 2s          0.00017   0.00269  -0.00308   0.01444
15 H 1s         -0.00002  -0.00021  -0.00188   0.00146
15 H 2s         -0.00067  -0.00126   0.00278   0.00650
16 H 1s         -0.00035   0.00060   0.00036  -0.00144
16 H 2s         -0.00130   0.00107  -0.00265   0.00028
17 H 1s         -0.00013   0.00037  -0.00076   0.00205
17 H 2s         -0.00014   0.00020   0.00138  -0.00061
18 H 1s         -0.00045   0.00017   0.00073   0.00108
18 H 2s         -0.00159   0.00131  -0.00056   0.00408
19 H 1s         -0.00026   0.00032  -0.00088   0.00008
19 H 2s          0.00070  -0.00016   0.00181   0.00436
20 H 1s         -0.01066   0.00307  -0.00421  -0.01267
20 H 2s          0.00050  -0.00049   0.00134  -0.03575
21 H 1s          0.00203  -0.00029   0.00048   0.00064
21 H 2s         -0.00384  -0.00547   0.00495  -0.00335
22 H 1s         -0.00072   0.00018  -0.00030  -0.00094
22 H 2s          0.00008   0.00145  -0.00144  -0.00165
23 H 1s         -0.00019  -0.00011   0.00013  -0.00073
23 H 2s         -0.00002  -0.00124   0.00119  -0.00210
24 H 1s         -0.00053   0.00000  -0.00005  -0.00082
24 H 2s         -0.00037   0.00021  -0.00021  -0.00127
25 H 1s         -0.00011  -0.00028   0.00019   0.00010
25 H 2s         -0.00000  -0.00301   0.00282  -0.00589
Fragment 1 natural orbitals
Natural occ [1. 1.]
Natural orbital (expansion on AOs) in CAS space
               #1        #2       
0 C 1s           0.00001  -0.00004
0 C 2s          -0.00076  -0.00385
0 C 3s           0.02235   0.03239
0 C 2px         -0.12267  -0.13126
0 C 2py         -0.16060  -0.18409
0 C 2pz         -0.36128  -0.33400
0 C 3px         -0.16087  -0.10069
0 C 3py         -0.14658  -0.17001
0 C 3pz         -0.38430  -0.27114
1 C 1s          -0.01559   0.01386
1 C 2s           0.02939  -0.02877
1 C 3s           0.13466  -0.08069
1 C 2px         -0.06030   0.06257
1 C 2py         -0.01590   0.01455
1 C 2pz          0.00969   0.00196
1 C 3px         -0.01775   0.05738
1 C 3py         -0.01405   0.06160
1 C 3pz          0.05415   0.03363
2 C 1s          -0.00232   0.00580
2 C 2s           0.00407  -0.01192
2 C 3s           0.01560  -0.04012
2 C 2px          0.01176   0.04718
2 C 2py          0.07399   0.03895
2 C 2pz          0.07383   0.07438
2 C 3px          0.01617   0.03035
2 C 3py          0.09548   0.03670
2 C 3pz          0.07690   0.08200
3 C 1s           0.00023  -0.00151
3 C 2s          -0.00074   0.00275
3 C 3s          -0.00380   0.01680
3 C 2px          0.00189  -0.00835
3 C 2py         -0.00341  -0.00347
3 C 2pz         -0.00298  -0.00421
3 C 3px         -0.00572  -0.00988
3 C 3py         -0.01237  -0.00974
3 C 3pz         -0.00604  -0.01048
4 C 1s          -0.00228   0.00176
4 C 2s           0.00506  -0.00368
4 C 3s           0.00311  -0.00620
4 C 2px         -0.02710  -0.01514
4 C 2py         -0.03195  -0.03246
4 C 2pz         -0.05395  -0.05181
4 C 3px         -0.02748  -0.01726
4 C 3py         -0.03203  -0.03632
4 C 3pz         -0.06663  -0.05338
5 C 1s          -0.00106   0.00205
5 C 2s           0.00208  -0.00397
5 C 3s           0.00497  -0.00630
5 C 2px         -0.00273   0.00585
5 C 2py          0.00110  -0.00329
5 C 2pz          0.00190  -0.00788
5 C 3px         -0.00426   0.00335
5 C 3py          0.00894  -0.01113
5 C 3pz         -0.00799  -0.00847
6 C 1s          -0.00001  -0.00352
6 C 2s           0.00122   0.00606
6 C 3s          -0.02004   0.02964
6 C 2px          0.03401   0.01310
6 C 2py          0.03944   0.05806
6 C 2pz          0.08511   0.07162
6 C 3px          0.05903   0.00362
6 C 3py          0.02445   0.05665
6 C 3pz          0.09278   0.06873
7 C 1s          -0.00006   0.00005
7 C 2s           0.00086  -0.00406
7 C 3s          -0.02208   0.03226
7 C 2px         -0.12272   0.13119
7 C 2py         -0.16093   0.18449
7 C 2pz          0.36112  -0.33381
7 C 3px         -0.16082   0.10072
7 C 3py         -0.14695   0.17021
7 C 3pz          0.38419  -0.27104
8 C 1s           0.01561   0.01384
8 C 2s          -0.02945  -0.02872
8 C 3s          -0.13465  -0.08079
8 C 2px         -0.06039  -0.06251
8 C 2py         -0.01587  -0.01451
8 C 2pz         -0.00974   0.00197
8 C 3px         -0.01771  -0.05748
8 C 3py         -0.01393  -0.06153
8 C 3pz         -0.05413   0.03361
9 C 1s           0.00232   0.00579
9 C 2s          -0.00407  -0.01191
9 C 3s          -0.01557  -0.04007
9 C 2px          0.01181  -0.04721
9 C 2py          0.07410  -0.03903
9 C 2pz         -0.07371   0.07434
9 C 3px          0.01621  -0.03035
9 C 3py          0.09565  -0.03672
9 C 3pz         -0.07672   0.08202
10 C 1s         -0.00023  -0.00151
10 C 2s          0.00073   0.00275
10 C 3s          0.00377   0.01683
10 C 2px         0.00188   0.00835
10 C 2py        -0.00342   0.00346
10 C 2pz         0.00297  -0.00420
10 C 3px        -0.00572   0.00993
10 C 3py        -0.01240   0.00971
10 C 3pz         0.00601  -0.01046
11 C 1s          0.00228   0.00175
11 C 2s         -0.00507  -0.00367
11 C 3s         -0.00310  -0.00617
11 C 2px        -0.02713   0.01518
11 C 2py        -0.03201   0.03253
11 C 2pz         0.05390  -0.05177
11 C 3px        -0.02749   0.01730
11 C 3py        -0.03211   0.03637
11 C 3pz         0.06658  -0.05335
12 C 1s          0.00106   0.00205
12 C 2s         -0.00208  -0.00396
12 C 3s         -0.00501  -0.00625
12 C 2px        -0.00273  -0.00583
12 C 2py         0.00110   0.00331
12 C 2pz        -0.00190  -0.00788
12 C 3px        -0.00428  -0.00332
12 C 3py         0.00893   0.01115
12 C 3pz         0.00799  -0.00846
13 C 1s          0.00001  -0.00351
13 C 2s         -0.00123   0.00605
13 C 3s          0.02006   0.02955
13 C 2px         0.03404  -0.01317
13 C 2py         0.03954  -0.05815
13 C 2pz        -0.08505   0.07156
13 C 3px         0.05902  -0.00368
13 C 3py         0.02452  -0.05672
13 C 3pz        -0.09277   0.06868
14 H 1s         -0.05686   0.05582
14 H 2s         -0.11334   0.07468
15 H 1s          0.00474  -0.00946
15 H 2s         -0.02357   0.00674
16 H 1s         -0.00476   0.00229
16 H 2s         -0.00531   0.00266
17 H 1s         -0.00211   0.00160
17 H 2s         -0.00562   0.00278
18 H 1s         -0.00222   0.00369
18 H 2s         -0.00171   0.00397
19 H 1s          0.00012   0.00075
19 H 2s         -0.02041   0.00272
20 H 1s          0.05678   0.05588
20 H 2s          0.11332   0.07482
21 H 1s         -0.00474  -0.00946
21 H 2s          0.02367   0.00679
22 H 1s          0.00476   0.00229
22 H 2s          0.00531   0.00264
23 H 1s          0.00211   0.00160
23 H 2s          0.00562   0.00278
24 H 1s          0.00222   0.00368
24 H 2s          0.00171   0.00396
25 H 1s         -0.00012   0.00075
25 H 2s          0.02044   0.00270
Fragment 2 natural orbitals
Natural occ [1.94583892 1.93659614 0.06411615 0.05344879]
Natural orbital (expansion on AOs) in CAS space
               #1        #2        #3        #4       
0 C 1s          -0.00154   0.00035  -0.00075  -0.00128
0 C 2s           0.00073   0.00210  -0.00144   0.00188
0 C 3s           0.02279  -0.01858   0.01976   0.00874
0 C 2px         -0.00886  -0.00010  -0.00110  -0.00932
0 C 2py         -0.00982   0.00410  -0.00570  -0.00777
0 C 2pz          0.00076  -0.00263   0.00530  -0.01039
0 C 3px          0.00253  -0.02900   0.02499  -0.00996
0 C 3py         -0.01109   0.00032  -0.00206  -0.00751
0 C 3pz          0.00314   0.00941  -0.00684  -0.03110
1 C 1s           0.00242  -0.00058   0.00078  -0.00382
1 C 2s          -0.00489   0.00033  -0.00135   0.00728
1 C 3s          -0.01578   0.01933  -0.01666   0.02897
1 C 2px          0.01176  -0.00146   0.00333  -0.01292
1 C 2py          0.00309  -0.00057   0.00142  -0.00221
1 C 2pz         -0.00198  -0.00030   0.00022   0.00195
1 C 3px          0.01122  -0.02474   0.02218  -0.00479
1 C 3py          0.00646  -0.00814   0.00796  -0.00763
1 C 3pz         -0.00681   0.01388  -0.01222   0.00363
2 C 1s           0.00030   0.00008  -0.00022  -0.00140
2 C 2s          -0.00040  -0.00071   0.00073   0.00315
2 C 3s          -0.00577   0.01167  -0.00981   0.00453
2 C 2px          0.00379  -0.00037   0.00067  -0.00306
2 C 2py         -0.00109   0.00004   0.00015   0.00772
2 C 2pz          0.00465  -0.00091   0.00226   0.00568
2 C 3px          0.00217   0.01209  -0.01103  -0.00302
2 C 3py         -0.00225  -0.00619   0.00574   0.01111
2 C 3pz          0.00418   0.00016   0.00087   0.00668
3 C 1s           0.00005  -0.00004   0.00011   0.00039
3 C 2s           0.00001   0.00043  -0.00059  -0.00113
3 C 3s           0.00073  -0.01071   0.00937  -0.00114
3 C 2px          0.00013  -0.00018   0.00030   0.00109
3 C 2py          0.00091  -0.00013   0.00002  -0.00124
3 C 2pz          0.00048  -0.00014  -0.00050  -0.00279
3 C 3px          0.00011   0.00214  -0.00204  -0.00338
3 C 3py          0.00247   0.00350  -0.00313  -0.00092
3 C 3pz         -0.00008  -0.00380   0.00301  -0.00217
4 C 1s           0.00028  -0.00007   0.00006  -0.00065
4 C 2s          -0.00057  -0.00028   0.00021   0.00141
4 C 3s           0.00015   0.00484  -0.00415   0.00323
4 C 2px          0.00033   0.00011  -0.00012  -0.00193
4 C 2py         -0.00117   0.00014  -0.00029  -0.00041
4 C 2pz         -0.00150   0.00010  -0.00032  -0.00082
4 C 3px         -0.00024  -0.00337   0.00280  -0.00206
4 C 3py         -0.00158  -0.00045   0.00038   0.00185
4 C 3pz         -0.00192   0.00197  -0.00202  -0.00327
5 C 1s           0.00030   0.00003  -0.00001  -0.00036
5 C 2s          -0.00063  -0.00007   0.00002   0.00081
5 C 3s           0.00133  -0.00770   0.00676   0.00224
5 C 2px          0.00139   0.00031  -0.00022  -0.00168
5 C 2py          0.00007  -0.00002  -0.00018  -0.00098
5 C 2pz         -0.00030   0.00001  -0.00037  -0.00155
5 C 3px          0.00002   0.00283  -0.00247  -0.00137
5 C 3py         -0.00090  -0.00101   0.00086   0.00134
5 C 3pz          0.00026  -0.00006  -0.00028  -0.00370
6 C 1s          -0.00022  -0.00019   0.00020   0.00041
6 C 2s           0.00071  -0.00031   0.00021  -0.00061
6 C 3s           0.00022   0.00798  -0.00700  -0.00657
6 C 2px         -0.00054  -0.00045   0.00030   0.00401
6 C 2py          0.00326  -0.00028   0.00017  -0.00030
6 C 2pz          0.00277  -0.00023   0.00012   0.00674
6 C 3px         -0.00275   0.00326  -0.00273   0.01076
6 C 3py          0.00160   0.00557  -0.00522  -0.00418
6 C 3pz          0.00516  -0.00580   0.00511   0.01002
7 C 1s           0.00006   0.00072  -0.00068   0.00012
7 C 2s          -0.00072   0.00119  -0.00083   0.00053
7 C 3s           0.00706  -0.02361   0.02408  -0.01005
7 C 2px          0.01655   0.00294  -0.00288  -0.02704
7 C 2py          0.02252  -0.00012   0.00080  -0.03658
7 C 2pz         -0.04696  -0.00426   0.00265   0.07223
7 C 3px          0.00442   0.00200  -0.00661  -0.04713
7 C 3py          0.01052   0.01384  -0.01634  -0.06968
7 C 3pz         -0.02770  -0.00378   0.00906   0.11965
8 C 1s           0.00109   0.00029  -0.00010   0.00179
8 C 2s          -0.00208  -0.00140   0.00073  -0.00397
8 C 3s          -0.00513   0.00448   0.00663  -0.01463
8 C 2px          0.03731   0.00430   0.00541   0.04099
8 C 2py          0.07280   0.00961   0.00942   0.08131
8 C 2pz         -0.11586  -0.01198  -0.01709  -0.13239
8 C 3px          0.02853   0.01200  -0.00914   0.05005
8 C 3py          0.06546  -0.00241   0.02306   0.10414
8 C 3pz         -0.11087  -0.00597  -0.03121  -0.15289
9 C 1s           0.00043  -0.00031   0.00085  -0.00005
9 C 2s          -0.00005  -0.00022   0.00032  -0.00093
9 C 3s          -0.00776   0.00149  -0.01382   0.00249
9 C 2px          0.00414  -0.07297   0.09068  -0.00455
9 C 2py          0.01086  -0.14170   0.17362  -0.00997
9 C 2pz         -0.01627   0.21433  -0.26168   0.02247
9 C 3px          0.01543  -0.06588   0.10957   0.00987
9 C 3py          0.02204  -0.11994   0.17697   0.02351
9 C 3pz         -0.03698   0.17463  -0.27694  -0.01915
10 C 1s         -0.00130  -0.00094  -0.00123  -0.00136
10 C 2s          0.00246   0.00215   0.00242   0.00239
10 C 3s          0.00834  -0.00365   0.02054   0.01448
10 C 2px        -0.07362  -0.08710  -0.12737  -0.11833
10 C 2py        -0.12483  -0.14745  -0.22029  -0.19511
10 C 2pz         0.19864   0.23274   0.34720   0.31062
10 C 3px        -0.05202  -0.06999  -0.08569  -0.08896
10 C 3py        -0.08725  -0.11740  -0.14601  -0.14675
10 C 3pz         0.14383   0.18383   0.24832   0.24257
11 C 1s         -0.00127  -0.00044   0.00112   0.00189
11 C 2s          0.00288   0.00085  -0.00182  -0.00386
11 C 3s         -0.00147   0.00492  -0.01523  -0.01842
11 C 2px        -0.11967  -0.00434   0.00569   0.18005
11 C 2py        -0.19334  -0.01003   0.01605   0.29437
11 C 2pz         0.31137   0.01448  -0.02262  -0.47170
11 C 3px        -0.09101  -0.00185  -0.00407   0.12645
11 C 3py        -0.14448  -0.00831   0.00720   0.21836
11 C 3pz         0.23092   0.01281  -0.01852  -0.35800
12 C 1s          0.00081  -0.00045  -0.00064  -0.00002
12 C 2s         -0.00214   0.00147   0.00178  -0.00122
12 C 3s          0.00054  -0.00252   0.01680   0.00626
12 C 2px        -0.08475   0.08567   0.12787  -0.13298
12 C 2py        -0.13334   0.13656   0.20362  -0.21301
12 C 2pz         0.21654  -0.22272  -0.33238   0.34269
12 C 3px        -0.05999   0.06418   0.09359  -0.09424
12 C 3py        -0.09792   0.10898   0.13454  -0.16468
12 C 3pz         0.15431  -0.17513  -0.22944   0.25511
13 C 1s         -0.00041  -0.00075   0.00093   0.00004
13 C 2s          0.00104   0.00113  -0.00056   0.00083
13 C 3s         -0.00174   0.01216  -0.02541  -0.01086
13 C 2px         0.00106   0.09059  -0.11446   0.00372
13 C 2py        -0.00386   0.14392  -0.18241   0.00437
13 C 2pz         0.00450  -0.23471   0.29753  -0.01092
13 C 3px         0.00759   0.07690  -0.11508   0.01797
13 C 3py         0.01401   0.11805  -0.17342   0.03176
13 C 3pz        -0.01760  -0.19932   0.30425  -0.05218
14 H 1s          0.01066  -0.00307   0.00420  -0.01268
14 H 2s         -0.00049   0.00044  -0.00130  -0.03571
15 H 1s         -0.00203   0.00029  -0.00048   0.00064
15 H 2s          0.00387   0.00550  -0.00497  -0.00331
16 H 1s          0.00072  -0.00018   0.00030  -0.00094
16 H 2s         -0.00008  -0.00145   0.00144  -0.00166
17 H 1s          0.00019   0.00011  -0.00013  -0.00073
17 H 2s          0.00002   0.00124  -0.00119  -0.00210
18 H 1s          0.00053  -0.00001   0.00005  -0.00083
18 H 2s          0.00037  -0.00022   0.00022  -0.00127
19 H 1s          0.00011   0.00028  -0.00019   0.00010
19 H 2s          0.00000   0.00302  -0.00283  -0.00589
20 H 1s         -0.00073  -0.00147   0.00058   0.00102
20 H 2s         -0.00019  -0.00265   0.00304   0.01441
21 H 1s          0.00002   0.00021   0.00188   0.00146
21 H 2s          0.00067   0.00126  -0.00277   0.00652
22 H 1s          0.00035  -0.00060  -0.00036  -0.00143
22 H 2s          0.00130  -0.00107   0.00265   0.00028
23 H 1s          0.00013  -0.00037   0.00076   0.00205
23 H 2s          0.00014  -0.00020  -0.00138  -0.00061
24 H 1s          0.00045  -0.00017  -0.00073   0.00108
24 H 2s          0.00158  -0.00131   0.00056   0.00408
25 H 1s          0.00026  -0.00032   0.00088   0.00009
25 H 2s         -0.00070   0.00016  -0.00180   0.00436
LASCI energy = -536.952695041408

******** CASCI flags ********
CAS (6e+4e, 10o), ncore = 43, nvir = 97
natorb = False
canonicalization = True
sorting_mo_energy = False
max_memory 4000 (MB)
******** <class 'pyscf.fci.addons.SpinPenaltyFCISolver'> ********
max. cycles = 200
conv_tol = 1e-08
davidson only = True
linear dependence = 1e-12
level shift = 0.001
max iter space = 12
max_memory 4000 MB
nroots = 1
pspace_size = 400
spin = None
Density matrix diagonal elements [1.93080454 1.92839852 0.07224357 0.06753876 0.99582868 1.00620083
 1.93080338 1.92839762 0.07224433 0.06753977]
CASCI converged
CASCI E = -536.964785044341  E(CI) = -10.9441505548534  S^2 = 2.0000000

******** CASCI flags ********
CAS (5e+5e, 10o), ncore = 43, nvir = 97
natorb = False
canonicalization = True
sorting_mo_energy = False
max_memory 4000 (MB)
******** <class 'mrh.exploratory.unitary_cc.lasuccsd.FCISolver_USCC'> ********
max. cycles = 100
conv_tol = 1e-10
davidson only = False
linear dependence = 1e-14
level shift = 0.001
max iter space = 12
max_memory 4000 MB
nroots = 1
pspace_size = 400
spin = None
LASCI object has 69 degrees of freedom
iteration 0, E = -536.959703, |x| = 1.034204e-01, |g| = 3.771785e-02
iteration 1, E = -536.961107, |x| = 1.604285e-01, |g| = 1.861576e-02
iteration 2, E = -536.961489, |x| = 1.814497e-01, |g| = 1.331503e-02
iteration 3, E = -536.961709, |x| = 1.989956e-01, |g| = 4.741552e-03
iteration 4, E = -536.961727, |x| = 1.987543e-01, |g| = 1.507324e-03
iteration 5, E = -536.961729, |x| = 1.977259e-01, |g| = 6.212840e-04
iteration 6, E = -536.961729, |x| = 1.975543e-01, |g| = 3.771178e-04
iteration 7, E = -536.961729, |x| = 1.976618e-01, |g| = 2.015280e-04
iteration 8, E = -536.961729, |x| = 1.977694e-01, |g| = 1.617786e-04
iteration 9, E = -536.961729, |x| = 1.978673e-01, |g| = 1.884767e-04
iteration 10, E = -536.961729, |x| = 1.979636e-01, |g| = 2.710131e-04
iteration 11, E = -536.961730, |x| = 1.980710e-01, |g| = 3.746352e-04
iteration 12, E = -536.961730, |x| = 1.982319e-01, |g| = 4.809264e-04
iteration 13, E = -536.961730, |x| = 1.985682e-01, |g| = 5.560625e-04
iteration 14, E = -536.961731, |x| = 1.992828e-01, |g| = 4.844990e-04
iteration 15, E = -536.961731, |x| = 1.995411e-01, |g| = 2.893202e-04
iteration 16, E = -536.961731, |x| = 1.994952e-01, |g| = 1.010234e-04
iteration 17, E = -536.961731, |x| = 1.993990e-01, |g| = 7.964298e-05
iteration 18, E = -536.961731, |x| = 1.993527e-01, |g| = 7.039004e-05
iteration 19, E = -536.961731, |x| = 1.993573e-01, |g| = 7.019735e-05
iteration 20, E = -536.961731, |x| = 1.994181e-01, |g| = 9.165775e-05
iteration 21, E = -536.961731, |x| = 1.995380e-01, |g| = 1.289325e-04
iteration 22, E = -536.961731, |x| = 1.997140e-01, |g| = 1.654988e-04
iteration 23, E = -536.961731, |x| = 1.999525e-01, |g| = 1.850388e-04
iteration 24, E = -536.961731, |x| = 2.002209e-01, |g| = 1.589336e-04
iteration 25, E = -536.961731, |x| = 2.002521e-01, |g| = 9.696396e-05
iteration 26, E = -536.961731, |x| = 2.001464e-01, |g| = 5.020696e-05
iteration 27, E = -536.961731, |x| = 2.000859e-01, |g| = 3.570127e-05
iteration 28, E = -536.961731, |x| = 2.000714e-01, |g| = 2.821080e-05
iteration 29, E = -536.961731, |x| = 2.000893e-01, |g| = 3.062614e-05
iteration 30, E = -536.961731, |x| = 2.001325e-01, |g| = 4.271550e-05
iteration 31, E = -536.961731, |x| = 2.001956e-01, |g| = 5.883120e-05
iteration 32, E = -536.961731, |x| = 2.002765e-01, |g| = 7.517107e-05
iteration 33, E = -536.961731, |x| = 2.003804e-01, |g| = 8.853974e-05
iteration 34, E = -536.961731, |x| = 2.005111e-01, |g| = 8.938813e-05
iteration 35, E = -536.961731, |x| = 2.005602e-01, |g| = 6.175799e-05
iteration 36, E = -536.961731, |x| = 2.004944e-01, |g| = 3.078227e-05
iteration 37, E = -536.961731, |x| = 2.004163e-01, |g| = 2.128286e-05
iteration 38, E = -536.961731, |x| = 2.003845e-01, |g| = 2.266045e-05
iteration 39, E = -536.961731, |x| = 2.003548e-01, |g| = 2.572497e-05
iteration 40, E = -536.961731, |x| = 2.003268e-01, |g| = 3.052517e-05
iteration 41, E = -536.961731, |x| = 2.003026e-01, |g| = 3.736918e-05
iteration 42, E = -536.961731, |x| = 2.002921e-01, |g| = 4.623663e-05
iteration 43, E = -536.961731, |x| = 2.003296e-01, |g| = 5.504769e-05
iteration 44, E = -536.961731, |x| = 2.004677e-01, |g| = 5.218276e-05
iteration 45, E = -536.961731, |x| = 2.006176e-01, |g| = 3.539384e-05
iteration 46, E = -536.961731, |x| = 2.007455e-01, |g| = 1.580235e-05
iteration 47, E = -536.961731, |x| = 2.007608e-01, |g| = 1.234394e-05
iteration 48, E = -536.961731, |x| = 2.007571e-01, |g| = 1.190882e-05
iteration 49, E = -536.961731, |x| = 2.007495e-01, |g| = 1.322192e-05
iteration 50, E = -536.961731, |x| = 2.007404e-01, |g| = 1.728151e-05
iteration 51, E = -536.961731, |x| = 2.007323e-01, |g| = 2.392152e-05
iteration 52, E = -536.961731, |x| = 2.007310e-01, |g| = 3.147902e-05
iteration 53, E = -536.961731, |x| = 2.007504e-01, |g| = 3.314802e-05
iteration 54, E = -536.961731, |x| = 2.007861e-01, |g| = 2.352008e-05
iteration 55, E = -536.961731, |x| = 2.008228e-01, |g| = 8.673304e-06
iteration 56, E = -536.961731, |x| = 2.008333e-01, |g| = 4.109657e-06
iteration 57, E = -536.961731, |x| = 2.008345e-01, |g| = 3.975046e-06
iteration 58, E = -536.961731, |x| = 2.008347e-01, |g| = 4.084773e-06
iteration 59, E = -536.961731, |x| = 2.008349e-01, |g| = 4.297426e-06
iteration 60, E = -536.961731, |x| = 2.008355e-01, |g| = 4.640277e-06
iteration 61, E = -536.961731, |x| = 2.008368e-01, |g| = 5.092910e-06
iteration 62, E = -536.961731, |x| = 2.008397e-01, |g| = 5.356919e-06
iteration 63, E = -536.961731, |x| = 2.008429e-01, |g| = 4.314403e-06
iteration 64, E = -536.961731, |x| = 2.008445e-01, |g| = 2.352740e-06
iteration 65, E = -536.961731, |x| = 2.008447e-01, |g| = 8.746588e-07
Fragment 0 local quantum numbers
<N>,<Sz>,<S^2> = 3.999505, 0.000003, 0.009373
Fragment 1 local quantum numbers
<N>,<Sz>,<S^2> = 2.000968, -0.000003, 1.972573
Fragment 2 local quantum numbers
<N>,<Sz>,<S^2> = 3.999527, 0.000000, 0.009507
Whole system quantum numbers
<N>,<Sz>,<S^2> = 10.000000, 0.000000, 2.000077
Density matrix diagonal elements [1.93701825 1.92953674 0.07117565 0.06177452 0.99958286 1.00138491
 1.93687677 1.92939855 0.07131374 0.06193801]
CASCI converged
CASCI E = -536.961731366494  E(CI) = -10.9410968770059  S^2 = 2.0000769
