python: can't open file '/project/lgagliardi/tuy/qchem/las-uscc-noci/working/c2h4-lassis/c4_631g.py': [Errno 2] No such file or directory
Command exited with non-zero status 2
	Command being timed: "python c4_631g.py"
	User time (seconds): 0.05
	System time (seconds): 0.01
	Percent of CPU this job got: 31%
	Elapsed (wall clock) time (h:mm:ss or m:ss): 0:00.19
	Average shared text size (kbytes): 0
	Average unshared data size (kbytes): 0
	Average stack size (kbytes): 0
	Average total size (kbytes): 0
	Maximum resident set size (kbytes): 10932
	Average resident set size (kbytes): 0
	Major (requiring I/O) page faults: 0
	Minor (reclaiming a frame) page faults: 1740
	Voluntary context switches: 227
	Involuntary context switches: 1
	Swaps: 0
	File system inputs: 0
	File system outputs: 0
	Socket messages sent: 0
	Socket messages received: 0
	Signals delivered: 0
	Page size (bytes): 4096
	Exit status: 2
