	Command being timed: "python stil-triplet-180.py 2"
	User time (seconds): 861288.02
	System time (seconds): 11771.94
	Percent of CPU this job got: 1832%
	Elapsed (wall clock) time (h:mm:ss or m:ss): 13:13:50
	Average shared text size (kbytes): 0
	Average unshared data size (kbytes): 0
	Average stack size (kbytes): 0
	Average total size (kbytes): 0
	Maximum resident set size (kbytes): 1572012
	Average resident set size (kbytes): 0
	Major (requiring I/O) page faults: 0
	Minor (reclaiming a frame) page faults: 1824895
	Voluntary context switches: 22295517
	Involuntary context switches: 1000298611
	Swaps: 0
	File system inputs: 0
	File system outputs: 5384
	Socket messages sent: 0
	Socket messages received: 0
	Signals delivered: 0
	Page size (bytes): 4096
	Exit status: 0
