	Command being timed: "python stil-triplet-60.py 2"
	User time (seconds): 613221.10
	System time (seconds): 8918.40
	Percent of CPU this job got: 1864%
	Elapsed (wall clock) time (h:mm:ss or m:ss): 9:16:16
	Average shared text size (kbytes): 0
	Average unshared data size (kbytes): 0
	Average stack size (kbytes): 0
	Average total size (kbytes): 0
	Maximum resident set size (kbytes): 1567588
	Average resident set size (kbytes): 0
	Major (requiring I/O) page faults: 0
	Minor (reclaiming a frame) page faults: 1627542
	Voluntary context switches: 13376220
	Involuntary context switches: 766880780
	Swaps: 0
	File system inputs: 0
	File system outputs: 2008
	Socket messages sent: 0
	Socket messages received: 0
	Signals delivered: 0
	Page size (bytes): 4096
	Exit status: 0
