	Command being timed: "python stil-triplet-90.py 2"
	User time (seconds): 843750.28
	System time (seconds): 11372.42
	Percent of CPU this job got: 1816%
	Elapsed (wall clock) time (h:mm:ss or m:ss): 13:04:46
	Average shared text size (kbytes): 0
	Average unshared data size (kbytes): 0
	Average stack size (kbytes): 0
	Average total size (kbytes): 0
	Maximum resident set size (kbytes): 1611456
	Average resident set size (kbytes): 0
	Major (requiring I/O) page faults: 0
	Minor (reclaiming a frame) page faults: 1524131
	Voluntary context switches: 23859900
	Involuntary context switches: 1023720755
	Swaps: 0
	File system inputs: 0
	File system outputs: 2552
	Socket messages sent: 0
	Socket messages received: 0
	Signals delivered: 0
	Page size (bytes): 4096
	Exit status: 0
