	Command being timed: "python stil-triplet-001.py 2"
	User time (seconds): 566695.69
	System time (seconds): 6182.65
	Percent of CPU this job got: 1738%
	Elapsed (wall clock) time (h:mm:ss or m:ss): 9:09:21
	Average shared text size (kbytes): 0
	Average unshared data size (kbytes): 0
	Average stack size (kbytes): 0
	Average total size (kbytes): 0
	Maximum resident set size (kbytes): 1641780
	Average resident set size (kbytes): 0
	Major (requiring I/O) page faults: 0
	Minor (reclaiming a frame) page faults: 2444427
	Voluntary context switches: 15702756
	Involuntary context switches: 876932303
	Swaps: 0
	File system inputs: 0
	File system outputs: 10472
	Socket messages sent: 0
	Socket messages received: 0
	Signals delivered: 0
	Page size (bytes): 4096
	Exit status: 0
