#INFO: **** input file is /project/lgagliardi/tuy/qchem/las-uscc-noci/working/stilbene-triplet/stil-triplet-60.py ****
# test the distribution of the nearest neighbor excitations

import numpy as np
import pyscf
from pyscf import gto, scf, lib, mcscf
from mrh.my_pyscf.mcscf.lasscf_o0 import LASSCF
from mrh.exploratory.unitary_cc import lasuccsd
from mrh.exploratory.unitary_cc.uccsd_sym0 import get_uccsd_op
from mrh.exploratory.citools import grad, lasci_ominus1
from mrh.exploratory.citools import fockspace


from typing import Iterable, Union
from typing import Dict, List, Any, TypedDict
import copy
import pickle
from enum import Enum
from scipy.linalg import eigh
from scipy import optimize
import sys
result = {}
VERBOSE = 4
if len(sys.argv) > 1:
    try:
        AMPLITUDE = float(sys.argv[1])
        print(f"Using AMPLITUDE argument: {AMPLITUDE}")
    except ValueError:
        print("Invalid AMPLITUDE argument, using default value 1.")
        AMPLITUDE = 1
else:
    AMPLITUDE = 1

def flatten(seq: Iterable) -> list:
    result = []
    for item in seq:
        if isinstance(item, (list, tuple, np.ndarray)):
            result.extend(flatten(item))
        else:
            result.append(item)
    return result


def cilas2f(lasci, norb_f, nelec_f):
    ''' nelec (na, nb)'''
    ci_f = []
    for i, ci in enumerate(lasci):
        ci_f.append(fockspace.hilbert2fock(ci, norb_f[i], nelec_f[i])[0])
    return ci_f

class MolConfig(TypedDict):
    # basic
    name : str
    xyz: str
    basis: str
    ncas: List[int]
    nelecas: List[int]
    spinsub: List[int]
    frag_atom_list: Any  # Can be List or Tuple depending on usage
    frag_spin_orb: Any
    adj: List[List[int]]

class TestConfig(TypedDict):
    epsilon: float
    # nearest neighbor parameters
    nn: bool
    # non-orthogonal configuration interaction parameters
    init_method: str # 'random' or 'uscc_opt' or 'load x'
    # max_nx: int  # max number of excitations per configuration
    # min_nc: int
    # test choices
    grad_test: bool
    noci_test: bool  
    frozen: str

def get_Sij(psi_i, psi_j, h):
    """Compute the overlap Sij = <psi_i|psi_j>."""
    ucj, _ = psi_j.hc_x(psi_j.x, h)[1:3]
    uci, _ = psi_i.hc_x(psi_i.x, h)[1:3]
    ucj, uci = ucj.ravel(), uci.ravel()
    Sij = uci.conj().dot(ucj)
    return Sij


def get_Sij_Hij(psi_i, psi_j, h):
    ucj, hucj = psi_j.hc_x (psi_j.x, h)[1:3]
    uci, huci = psi_i.hc_x (psi_i.x, h)[1:3]
    ucj, hucj = ucj.ravel (), hucj.ravel ()
    uci = uci.ravel ()
    Sij = uci.conj ().dot (ucj)
    Hij = uci.conj ().dot (hucj)
    return Sij, Hij


def arr_split(arr, n):
    """Split an array into n nearly equal parts."""
    k, m = divmod(len(arr), n)
    return list(arr[i * k + min(i, m):(i + 1) * k + min(i + 1, m)] for i in range(n))

def print_matrix(mat):
    for row in mat:
        print("  ".join(f"{x:.17f}" for x in row))

def zip_excitations(a_idxs, i_idxs):
    excitations = []
    for a, i in zip(a_idxs, i_idxs):
        excitations.append((tuple(i), tuple(a[::-1])))
    return excitations

def print_excitations(a_idxs, i_idxs):
    excitations = zip_excitations(a_idxs, i_idxs)
    for excitation in excitations:
        print([[int(x) for x in flatten(excitation)]])


def nci_test(a_idxs_selected, i_idxs_selected, test_config, mol_config, mol,las, mc_uscc, mf):

    nc = len(a_idxs_selected) + 1
    # we create ci for each excitation
    if VERBOSE >= 1:
        print("Number of CIs: ", nc)

    h1eff,e_core= mc_uscc.get_h1eff(mc_uscc.mo_coeff)
    h2eff = mc_uscc.get_h2eff()

    las_ucc_trial_cis = []
    
    min_ci_eng = 99999.9
    for i in range(nc):
        if( i == nc -1):
            amplitude = 0 # the last one is the reference state
        else:
            amplitude = AMPLITUDE # we should try different amplitudes

        mc_uscc_ci = mcscf.CASCI(mf, sum(mol_config['ncas']), sum(mol_config['nelecas']))
        mc_uscc_ci.mo_coeff = las.mo_coeff
        mc_uscc_ci.fcisolver = lasuccsd.FCISolver_USCC(mol, a_idxs_selected, i_idxs_selected)
        mc_uscc_ci.fcisolver.norb_f = mol_config['ncas']
        fci = mc_uscc_ci.fcisolver
        las_ci0_f = cilas2f(las.ci, mol_config['ncas'], mol_config['nelecas'])

        norb = sum(mol_config['ncas']) # not sure about this
        nelec = sum(mol_config['nelecas']) # not sure about this
        norb_f = getattr (fci, 'norb_f', [norb])
        psi =  getattr (fci, 'psi', fci.build_psi (las_ci0_f, norb, norb_f, nelec, frozen=test_config['frozen']))
        
        if i < nc - 1:
            psi.x[psi.nconstr + i] = amplitude

        energy = psi.energy_tot(psi.x, [e_core, h1eff, h2eff])
        if energy < min_ci_eng:
            min_ci_eng = energy

        las_ucc_trial_cis.append(psi)
        
    
    S = np.zeros((nc, nc), dtype=np.complex128)
    H = np.zeros((nc, nc), dtype=np.complex128)
    h = [e_core, h1eff, h2eff]


    # Build S matrix incrementally, discarding linearly dependent CIs
    selected_indices = []
    S_inc = np.zeros((0, 0), dtype=np.complex128)
    threshold = 8e5  # You can adjust this threshold as needed

    for idx, psi in enumerate(las_ucc_trial_cis):
        # Build S matrix for current selection + this CI
        n_sel = len(selected_indices)
        S_new = np.zeros((n_sel + 1, n_sel + 1), dtype=np.complex128)
        # Fill previous block
        if n_sel > 0:
            S_new[:n_sel, :n_sel] = S_inc
            for j, jidx in enumerate(selected_indices):
                S_new[n_sel, j] = get_Sij(psi, las_ucc_trial_cis[jidx], h)
                S_new[j, n_sel] = get_Sij(las_ucc_trial_cis[jidx], psi, h)
        # Diagonal element
        S_new[n_sel, n_sel] = get_Sij(psi, psi, h)
        # Check condition number
        cond = np.linalg.cond(S_new)
        if cond < threshold:
            selected_indices.append(idx)
            S_inc = S_new
        else:
            if VERBOSE >= 1:
                print(f"Discarding CI {idx} due to linear dependence (cond={cond:.2e})")

    # Now, only keep selected CIs for S and H
    nc_sel = len(selected_indices)
    S = np.zeros((nc_sel, nc_sel), dtype=np.complex128)
    H = np.zeros((nc_sel, nc_sel), dtype=np.complex128)
    for i, idx_i in enumerate(selected_indices):
        for j, idx_j in enumerate(selected_indices):
            S[i, j], H[i, j] = get_Sij_Hij(las_ucc_trial_cis[idx_i], las_ucc_trial_cis[idx_j], h)

    if VERBOSE >= 0:
        print(f"Selected {nc_sel} CIs out of {nc} total CIs")
        print("Condition number of S matrix: ", np.linalg.cond(S))

    if VERBOSE >= 1:
        print("S matrix:")
        print_matrix(S)
        print("H matrix:")
        print_matrix(H)

    # print("min_ci_eng: ", min_ci_eng)
    eigvals, eigvecs = eigh(H, S)
    return eigvals[0], eigvecs[0], min_ci_eng   # Take the lowest eigenvalue as the energy



def test(mol_config, test_config,las, mol, mf):
    

    all_g, g_sel, a_idxs_selected_all, i_idxs_selected_all = grad.get_grad_exact(las, test_config['epsilon'])

    # if test_config['grad_test']:
    #     result['all_g'] = all_g
    result['all_g'] = all_g
    result['g_sel'] = g_sel

    a_idxs_selected_nn = []
    i_idxs_selected_nn = []
    
    nn_g = []
    if(test_config['nn']):
        nn_g, a_idxs_selected_nn, i_idxs_selected_nn = get_nn_excitations(a_idxs_selected_all, i_idxs_selected_all, all_g, mol_config)
        if test_config['grad_test']:
            result['nn_g'] = nn_g

    result['tot_excitation_count'] = len(a_idxs_selected_all)
    result['excitation_count_nn'] = len(a_idxs_selected_nn)

    #Computing energy through the LAS-UCC kernel using selected excitations
    #==========================================================================================
    
    a_idxs_selected = None
    i_idxs_selected = None

    if test_config['nn']:
        a_idxs_selected = a_idxs_selected_nn
        i_idxs_selected = i_idxs_selected_nn
    else:
        a_idxs_selected = a_idxs_selected_all
        i_idxs_selected = i_idxs_selected_all
    
    if VERBOSE >= 2:
        print("All selected excitations:")
        print_excitations(a_idxs_selected, i_idxs_selected)

    mc_uscc = mcscf.CASCI(mf, sum(mol_config['ncas']), sum(mol_config['nelecas']))
    mc_uscc.mo_coeff = las.mo_coeff

    
    mc_uscc.fcisolver = lasuccsd.FCISolver_USCC(mol, a_idxs_selected, i_idxs_selected)
    mc_uscc.fcisolver.norb_f = mol_config['ncas'] # number of orbitals in each fragment
    # easily hit the maximal memory limit
    mc_uscc.fcisolver.frozen = test_config['frozen'] if 'frozen' in test_config else None  
    mc_uscc.kernel(ci0 = cilas2f(las.ci, mol_config['ncas'], mol_config['nelecas']))
    if not mc_uscc.converged:
        print('Warning: kernel hasn\'t converged')
    
    if VERBOSE >= 1:
        print("MC-USCC amplitudes: ", mc_uscc.fcisolver.psi.x)

    result['las_uscc_eng'] =  mc_uscc.e_tot 
   
    if test_config['noci_test']:
        result['las_uscc_noci_eng'], result['las_uscc_noci_vec'], result['min_ci_eng'] = nci_test(a_idxs_selected, i_idxs_selected, test_config, mol_config, mol,las, mc_uscc, mf)
    
    return result
   



def batch_test(mol_config, test_configs):
    results = []

    # Initializing the molecule with RHF
    #===================================
    symmetry = None
    charge = None
    spin = None
    if 'symmetry' in mol_config:
        symmetry = mol_config['symmetry']
    if 'charge' in mol_config:
        charge = mol_config['charge']
    if 'spin' in mol_config:
        spin = mol_config['spin']

    mol = gto.M(atom=mol_config['xyz'], basis=mol_config['basis'], symmetry = symmetry,
        charge = charge, spin = spin, verbose=4, output=mol_config['output'])
    if 'HF' in mol_config and mol_config['HF'] == 'ROHF':
        mf = scf.ROHF(mol).run()
    else:
        mf = scf.RHF(mol).run()

    # Running LASSCF
    #===================================
    las = LASSCF(mf, mol_config['ncas'], mol_config['nelecas'], spin_sub=mol_config['spinsub'], ouput=None)
    mo_loc = las.localize_init_guess(mol_config['frag_atom_list'], mf.mo_coeff)
    las.kernel(mo_loc)
    
    ref = mcscf.CASCI(mf, sum(mol_config['ncas']), (6,4))
    ref.mo_coeff = las.mo_coeff
    ref.fix_spin_(ss=2) # triplet
    ref.kernel() 

    for test_config in test_configs:
        
        result = test(mol_config, test_config, las, mol, mf)
        results.append(result)
    
    return results, ref.e_tot, las.e_tot



def empty_adj(n):
    return [[0 for _ in range(n)] for _ in range(n)]

def circle_adj(n):
    return [[1 if abs(i - j) == 1 or abs(i - j) == n-1 else 0 for j in range(n)] for i in range(n)]


if __name__ == "__main__":


    data_dir = '../geom'

    with open(data_dir + '/h4.xyz', 'r', encoding='utf-8') as f:
        h4xyz = f.read()

    with open(data_dir + '/h6.xyz', 'r', encoding='utf-8') as f:
        h6xyz = f.read()

    with open(data_dir + '/h8.xyz', 'r', encoding='utf-8') as f:
        h8xyz = f.read()

    with open(data_dir + '/h10.xyz', 'r', encoding='utf-8') as f:
        h10xyz = f.read()


    with open(data_dir + '/c4.xyz', 'r', encoding='utf-8') as f:
        c4xyz = f.read()

    with open(data_dir + '/c6.xyz', 'r', encoding='utf-8') as f:
        c6xyz = f.read()

    with open(data_dir + '/c8.xyz', 'r', encoding='utf-8') as f:
        c8xyz = f.read()

    with open(data_dir + '/c10.xyz', 'r', encoding='utf-8') as f:
        c10xyz = f.read()

    with open(data_dir + '/stil-001.xyz', 'r', encoding='utf-8') as f:
        stil001xyz = f.read()

    with open(data_dir + '/stil-60.xyz', 'r', encoding='utf-8') as f:
        stil60xyz = f.read()

    with open(data_dir + '/stil-90.xyz', 'r', encoding='utf-8') as f:
        stil90xyz = f.read()

    with open(data_dir + '/stil-120.xyz', 'r', encoding='utf-8') as f:
        stil120xyz = f.read()

    with open(data_dir + '/stil-180.xyz', 'r', encoding='utf-8') as f:
        stil180xyz = f.read()       


    # with open(data_dir + '/kremer/kremer-geometry.xyz', 'r', encoding='utf-8') as f:
    #     kremer_xyz = f.read()

    # kremer_basis = {
    #     "Cr": "def2-tzvp",
    #     "O": "def2-svp",
    #     "N": "def2-svp",
    #     "C": "def2-svp",
    #     "H": "def2-svp",
    # }

    # kremer_def2 : MolConfig = {
    #     'name' : 'kremer_def2',
    #     'HF' : 'ROHF',
    #     'xyz' : kremer_xyz,
    #     'basis' : kremer_basis,
    #     'symmetry' : False,
    #     'charge' : 3,
    #     'spin' : 6,
    #     'ncas': [3,3],
    #     'nelecas': [[3,0],[0,3]],
    #     'spinsub': [4,4],
    #     'frag_atom_list': [[0],[1]]
    # }

    h4_sto3g : MolConfig = {
        'name': 'H4_STO3G',
        'xyz': h4xyz,
        'basis': 'sto-3g',
        'ncas': [2, 2],
        'nelecas': [2, 2],
        'spinsub': [1, 1],
        'frag_atom_list': ((0, 1), (2, 3)),
        'output': 'h4_sto3g.out',
    }


    stil_631g_001 : MolConfig = {
        'name': 'STIL_631G_001',
        'xyz': stil001xyz,
        'basis': '631g',
        'ncas': [4,2,4],
        'nelecas': [4,2,4],
        'spinsub': [1, 1, 1],
        'frag_atom_list': [ [1,2,3,4,5,6,15,16,17,18,19] , [0,7, 14,20] , [8,9,10,11,12,13, 21,22,23,24,25] ],
        'frag_spin_orb': {
            0: (0, 1, 2, 3,10,11,12,13),
            1: (4,5,14,15),
            2: (6,7,8,9,16,17,18,19)
        },
        'adj': empty_adj(3),
        'output' : 'stil_631g_001.out',
    }

    stil_631g_60 : MolConfig = {
        'name': 'STIL_631G_60',
        'xyz': stil60xyz,
        'basis': '631g',
        'ncas': [4,2,4],
        'nelecas': [4,2,4],
        'spinsub': [1, 1, 1],
        'frag_atom_list': [ [1,2,3,4,5,6,15,16,17,18,19] , [0,7, 14,20] , [8,9,10,11,12,13, 21,22,23,24,25] ],
        'frag_spin_orb': {
            0: (0, 1, 2, 3,10,11,12,13),
            1: (4,5,14,15),
            2: (6,7,8,9,16,17,18,19)
        },
        'adj': empty_adj(3),
        'output' : 'stil_631g_60.out',
    }

    stil_631g_90 : MolConfig = {
        'name': 'STIL_631G_90',
        'xyz': stil90xyz,
        'basis': '631g',
        'ncas': [4,2,4],
        'nelecas': [4,2,4],
        'spinsub': [1, 1, 1],
        'frag_atom_list': [ [1,2,3,4,5,6,15,16,17,18,19] , [0,7, 14,20] , [8,9,10,11,12,13, 21,22,23,24,25] ],
        'frag_spin_orb': {
            0: (0, 1, 2, 3,10,11,12,13),
            1: (4,5,14,15),
            2: (6,7,8,9,16,17,18,19)
        },
        'adj': empty_adj(3),
        'output' : 'stil_631g_90.out',
    }

    stil_631g_120 : MolConfig = {
        'name': 'STIL_631G_120',
        'xyz': stil120xyz,
        'basis': '631g',
        'ncas': [4,2,4],
        'nelecas': [4,2,4],
        'spinsub': [1, 1, 1],
        'frag_atom_list': [ [1,2,3,4,5,6,15,16,17,18,19] , [0,7, 14,20] , [8,9,10,11,12,13, 21,22,23,24,25] ],
        'frag_spin_orb': {
            0: (0, 1, 2, 3,10,11,12,13),
            1: (4,5,14,15),
            2: (6,7,8,9,16,17,18,19)
        },
        'adj': empty_adj(3),
        'output' : 'stil_631g_120.out',
    }


    stil_631g_180 : MolConfig = {
        'name': 'STIL_631G_180',
        'xyz': stil180xyz,
        'basis': '631g',
        'ncas': [4,2,4],
        'nelecas': [4,2,4],
        'spinsub': [1, 1, 1],
        'frag_atom_list': [ [1,2,3,4,5,6,15,16,17,18,19] , [0,7, 14,20] , [8,9,10,11,12,13, 21,22,23,24,25] ],
        'frag_spin_orb': {
            0: (0, 1, 2, 3,10,11,12,13),
            1: (4,5,14,15),
            2: (6,7,8,9,16,17,18,19)
        },
        'adj': empty_adj(3),
        'output' : 'stil_631g_180.out',
    }

    # triplet stil
    stil_triplet_631g_001 = copy.deepcopy(stil_631g_001)
    stil_triplet_631g_001['spinsub'] = [1,3,1]

    stil_triplet_631g_60 = copy.deepcopy(stil_631g_60)
    stil_triplet_631g_60['spinsub'] = [1,3,1]
    stil_triplet_631g_90 = copy.deepcopy(stil_631g_90)
    stil_triplet_631g_90['spinsub'] = [1,3,1]
    stil_triplet_631g_120 = copy.deepcopy(stil_631g_120)
    stil_triplet_631g_120['spinsub'] = [1,3,1]
    stil_triplet_631g_180 = copy.deepcopy(stil_631g_180)
    stil_triplet_631g_180['spinsub'] = [1,3,1]
    

    # This c4 is too small, and I observed numericall error, that H and S have all identical
    # entries however the NOCI energy is lower 
    c4_631g : MolConfig = {
        'name': 'C4_631G',
        'xyz': c4xyz,
        'basis': '631g',
        'ncas': [2,2],
        'nelecas': [2,2],
        'spinsub': [1,1],
        'frag_atom_list':  [[0,2], [3,1]],
        'frag_spin_orb': {
            0: (0,1,4,5),
            1: (2,3,6,7),
        },
        'adj': circle_adj(2), # not sure about this
        'output': 'c4_631g.out',
    }

    c6_631 : MolConfig = {
        'name': 'C6_631G',
        'xyz': c6xyz,
        'basis': '631g',
        'ncas': [2,2,2],
        'nelecas': [2,2,2],
        'spinsub': [1,1,1],
        'frag_atom_list': [[0,2], [10,11], [3,1]], # not sure about this
        'frag_spin_orb': {
            0: (0,1,6,7),
            1: (2,3,8,9),
            2: (4,5,10,11),
        },
        'adj': circle_adj(3),
        'output': 'c6_631g.out',
    }


    c8_631 : MolConfig = {
        'name': 'C8_631G',
        'xyz': c8xyz,
        'basis': '631g',
        'ncas': [2,2,2,2],
        'nelecas': [2,2,2,2],
        'spinsub': [1,1,1,1],
        'frag_atom_list': [[0,2], [10,12], [13,11], [3,1]], 
        'frag_spin_orb': {
            0: (0,1,8,9),
            1: (2,3,10,11),
            2: (4,5,12,13),
            3: (6,7,14,15),
        },
        'adj': circle_adj(3),
        'output': 'c8_631g.out',
    }


    c10_631g : MolConfig = {
        'name': 'C10_631G',
        'xyz': c10xyz,
        'basis': '631g',
        'ncas': [2,2,2,2,2],
        'nelecas': [2,2,2,2,2],
        'spinsub': [1,1,1,1,1],
        'frag_atom_list': [[0,2], [10,12], [18,19], [13,11], [3,1]],
        'frag_spin_orb': {
            0: (0,1,10,11),
            1: (2,3,12,13),
            2: (4,5,14,15),
            3: (6,7,16,17),
            4: (8,9,18,19)
        },
        'adj': circle_adj(5),
        'output': 'c10_631g.out',
    }

    mol_configs = [stil_triplet_631g_60]
    # mol_configs = [h4_sto3g]



    nosi_test_01 : TestConfig = {
        'epsilon': 0.01,
        'nn': False,
        'init_method': 'uscc_opt',
        'frozen': 'CI',
        'grad_test': False,
        'noci_test': True
    }
        
    # noci_test_001 = copy.deepcopy(noci_test_01)
    # noci_test_001['epsilon'] = 0.001

    # noci_test_0001 = copy.deepcopy(noci_test_01)
    # noci_test_0001['epsilon'] = 0.0001

    # eps = np.array([0.0076, 0.005015, 0.00297421, 0.00252])
    eps = np.array([0.005015])

    nosi_tests = []
    for thre in eps:
        nosi_test = copy.deepcopy(nosi_test_01)
        nosi_test['epsilon'] = thre
        nosi_tests.append(nosi_test)


    for mol_conf in mol_configs:
        print(f"Molecule {mol_conf['name']}: ")
        mol_results, ref_energy, las_energy = batch_test(mol_conf, nosi_tests)
        
        print(f"CASCI energy: {ref_energy:.17f}")
        print(f"LASSCF energy: {las_energy:.17f}")
        for result in mol_results:
            print(f"Total excitations: {len(result['all_g'])}")
            print(f"Selected excitations: {len(result['g_sel'])}")
            
            # print(f"NN excitations: {result['excitation_count_nn']}")

            if 'las_uscc_eng' in result:
                print(f"LAS-USCCSD-VQE energy: {result['las_uscc_eng']:.17f}")
            if 'las_uscc_noci_eng' in result:
                print(f"LAS-USCCSD-NOSI energy: {result['las_uscc_noci_eng']:.17f}")
            # if 'tot_g' in result:
            #     print(f"Total gradient norm: {np.linalg.norm(result['tot_g']):.17f}")
            # if 'nn_g' in result:
            #     print(f"NN gradient norm: {np.linalg.norm(result['nn_g']):.17f}")
            if 'las_uscc_noci_vec' in result:
                print("NOSI vector: ", result['las_uscc_noci_vec'])
            if 'min_ci_eng' in result:
                print(f"Minimum State energy: {result['min_ci_eng']:.17f}")
            print("\n")
        
        print("\n\n")
#INFO: ******************** input file end ********************


System: uname_result(system='Linux', node='midway3-0554.rcc.local', release='4.18.0-305.3.1.el8.x86_64', version='#1 SMP Tue Jun 1 16:14:33 UTC 2021', machine='x86_64')  Threads 16
Python 3.9.19 | packaged by conda-forge | (main, Mar 20 2024, 12:50:21) 
[GCC 12.3.0]
numpy 2.0.2  scipy 1.13.1  h5py 3.14.0
Date: Sat Nov  8 08:15:50 2025
PySCF version 2.9.0
PySCF path  /home/tuy/repo/.venv/lib/python3.9/site-packages/pyscf
mrh path  /home/tuy/repo/mrh
GIT ORIG_HEAD b98c29c0816fd226852111a125e579215dc0ac5e
GIT HEAD (branch master) b49e04f5f5ffc1c27967a615ccab8ecdf1806538

[CONFIG] conf_file None
[INPUT] verbose = 4
[INPUT] num. atoms = 26
[INPUT] num. electrons = 96
[INPUT] charge = 0
[INPUT] spin (= nelec alpha-beta = 2S) = 0
[INPUT] symmetry False subgroup None
[INPUT] Mole.unit = angstrom
[INPUT] Symbol           X                Y                Z      unit          X                Y                Z       unit  Magmom
[INPUT]  1 C      0.637297000000   1.609894000000   0.271644000000 AA    1.204316790007   3.042258749581   0.513332763381 Bohr   0.0
[INPUT]  2 C      1.671915000000   0.637125000000   0.095037000000 AA    3.159461453552   1.203991757114   0.179593901700 Bohr   0.0
[INPUT]  3 C      1.555787000000  -0.429383000000  -0.818561000000 AA    2.940011338159  -0.811416272544  -1.546856106250 Bohr   0.0
[INPUT]  4 C      2.601892000000  -1.301075000000  -1.027366000000 AA    4.916863285697  -2.458675417518  -1.941440369690 Bohr   0.0
[INPUT]  5 C      3.804515000000  -1.141541000000  -0.343657000000 AA    7.189491386800  -2.157199849962  -0.649417610790 Bohr   0.0
[INPUT]  6 C      3.944438000000  -0.092275000000   0.554759000000 AA    7.453907535327  -0.174374478144   1.048342575138 Bohr   0.0
[INPUT]  7 C      2.896357000000   0.779603000000   0.774827000000 AA    5.473321488967   1.473236155889   1.464210823918 Bohr   0.0
[INPUT]  8 C     -0.637289000000   1.610117000000  -0.271666000000 AA   -1.204301672198   3.042680158506  -0.513374337356 Bohr   0.0
[INPUT]  9 C     -1.671947000000   0.637404000000  -0.094976000000 AA   -3.159521924788   1.204518990702  -0.179478628407 Bohr   0.0
[INPUT] 10 C     -1.556248000000  -0.428352000000   0.819552000000 AA   -2.940882501902  -0.809467964910   1.548728824840 Bohr   0.0
[INPUT] 11 C     -2.602303000000  -1.300124000000   1.028279000000 AA   -4.917639963134  -2.456878287974   1.943165689642 Bohr   0.0
[INPUT] 12 C     -3.804491000000  -1.141341000000   0.343632000000 AA   -7.189446033373  -2.156821904737   0.649370367637 Bohr   0.0
[INPUT] 13 C     -3.944028000000  -0.092767000000  -0.555655000000 AA   -7.453132747616  -0.175304223398  -1.050035769745 Bohr   0.0
[INPUT] 14 C     -2.895976000000   0.779160000000  -0.775661000000 AA   -5.472601503313   1.472399007216  -1.465786855506 Bohr   0.0
[INPUT] 15 H      0.902253000000   2.448365000000   0.916227000000 AA    1.705011065067   4.626739302971   1.731418097932 Bohr   0.0
[INPUT] 16 H      0.632452000000  -0.544940000000  -1.373252000000 AA    1.195161066933  -1.029787354320  -2.595070180011 Bohr   0.0
[INPUT] 17 H      2.490883000000  -2.108975000000  -1.739710000000 AA    4.707086678335  -3.985385153555  -3.287575436167 Bohr   0.0
[INPUT] 18 H      4.627795000000  -1.820335000000  -0.523243000000 AA    8.745265110632  -3.439934604960  -0.988785966596 Bohr   0.0
[INPUT] 19 H      4.877985000000   0.045000000000   1.085730000000 AA    9.218055689737   0.085037675605   2.051732345224 Bohr   0.0
[INPUT] 20 H      3.011386000000   1.601166000000   1.472498000000 AA    5.690694795349   3.025765219965   2.782617938970 Bohr   0.0
[INPUT] 21 H     -0.901646000000   2.447808000000  -0.917488000000 AA   -1.703864001310   4.625686725519  -1.733801042575 Bohr   0.0
[INPUT] 22 H     -0.633279000000  -0.543245000000   1.374995000000 AA   -1.196723870438  -1.026584268539   2.598363972646 Bohr   0.0
[INPUT] 23 H     -2.491625000000  -2.107457000000   1.741317000000 AA   -4.708488855119  -3.982516549298   3.290612226049 Bohr   0.0
[INPUT] 24 H     -4.627761000000  -1.820157000000   0.523180000000 AA   -8.745200859943  -3.439598233710   0.988666913850 Bohr   0.0
[INPUT] 25 H     -4.877252000000   0.043926000000  -1.087344000000 AA   -9.216670520487   0.083008109748  -2.054782363189 Bohr   0.0
[INPUT] 26 H     -3.010699000000   1.600174000000  -1.474031000000 AA   -5.689396553502   3.023890611650  -2.785514889119 Bohr   0.0

nuclear repulsion = 760.096509404157
number of shells = 94
number of NR pGTOs = 356
number of NR cGTOs = 150
basis = 631g
ecp = {}
CPU time:         4.49


******** <class 'pyscf.scf.hf.RHF'> ********
method = RHF
initial guess = minao
damping factor = 0
level_shift factor = 0
DIIS = <class 'pyscf.scf.diis.CDIIS'>
diis_start_cycle = 1
diis_space = 8
diis_damp = 0
SCF conv_tol = 1e-09
SCF conv_tol_grad = None
SCF max_cycles = 50
direct_scf = True
direct_scf_tol = 1e-13
chkfile to save SCF result = /scratch/local/jobs/39884865/tmpdmy1u_ti
max_memory 4000 MB (current use 90 MB)
Set gradient conv threshold to 3.16228e-05
Initial guess from minao.
init E= -541.5640390434
  HOMO = -0.130870425664539  LUMO = -0.0557161726430378
cycle= 1 E= -536.749661698998  delta_E= 4.81  |g|= 0.544  |ddm|= 5.09
  HOMO = -0.249681591595678  LUMO = 0.00867847095059463
cycle= 2 E= -536.871032312222  delta_E= -0.121  |g|= 0.149  |ddm|= 1.26
  HOMO = -0.219532311525192  LUMO = 0.0503110185448739
cycle= 3 E= -536.880198276692  delta_E= -0.00917  |g|= 0.0557  |ddm|= 0.412
  HOMO = -0.234297597673185  LUMO = 0.0392226365193315
cycle= 4 E= -536.881314925584  delta_E= -0.00112  |g|= 0.0161  |ddm|= 0.115
  HOMO = -0.234266957419312  LUMO = 0.0409603511116647
cycle= 5 E= -536.881438668635  delta_E= -0.000124  |g|= 0.00498  |ddm|= 0.0283
  HOMO = -0.23465018879197  LUMO = 0.0419728646829496
cycle= 6 E= -536.881467812338  delta_E= -2.91e-05  |g|= 0.00157  |ddm|= 0.0179
  HOMO = -0.234946836681676  LUMO = 0.0423090621104454
cycle= 7 E= -536.881471680529  delta_E= -3.87e-06  |g|= 0.000588  |ddm|= 0.00714
  HOMO = -0.235068819709823  LUMO = 0.0423683566055341
cycle= 8 E= -536.881472008735  delta_E= -3.28e-07  |g|= 0.000144  |ddm|= 0.00221
  HOMO = -0.235083046125871  LUMO = 0.0423855642734341
cycle= 9 E= -536.881472025516  delta_E= -1.68e-08  |g|= 5.23e-05  |ddm|= 0.000484
  HOMO = -0.235084565648793  LUMO = 0.0423875123905765
cycle= 10 E= -536.881472027117  delta_E= -1.6e-09  |g|= 2.2e-05  |ddm|= 0.0001
  HOMO = -0.235085881683534  LUMO = 0.0423864265002428
cycle= 11 E= -536.881472027554  delta_E= -4.37e-10  |g|= 6.51e-06  |ddm|= 6.45e-05
  HOMO = -0.235085664860212  LUMO = 0.0423861956531766
Extra cycle  E= -536.88147202759  delta_E= -3.59e-11  |g|= 3.54e-06  |ddm|= 1.61e-05
converged SCF energy = -536.88147202759

******** LASSCF flags ********
CAS (5e+5e, 10o), ncore = 43, nvir = 97
Divided into 3 LAS spaces
LAS 0 : (2e+2e, 4o)
LAS 1 : (1e+1e, 2o)
LAS 2 : (2e+2e, 4o)
nroots = 1
max_cycle_macro = 50
max_cycle_micro = 5
conv_tol_grad = 0.0001
max_memory 4000 MB (current use 733 MB)
fragment 0 FCI solver flags:
******** <class 'mrh.my_pyscf.mcscf.addons.get_h1e_zipped_fcisolver.<locals>.FCISolver'> ********
max. cycles = 100
conv_tol = 1e-10
davidson only = False
linear dependence = 1e-14
level shift = 0.001
max iter space = 12
max_memory 4000 MB
nroots = 1
pspace_size = 200
spin = 0
State-average over 1 states with weights [1.0]
fragment 1 FCI solver flags:
******** <class 'mrh.my_pyscf.mcscf.addons.get_h1e_zipped_fcisolver.<locals>.FCISolver'> ********
max. cycles = 100
conv_tol = 1e-10
davidson only = False
linear dependence = 1e-14
level shift = 0.001
max iter space = 12
max_memory 4000 MB
nroots = 1
pspace_size = 200
spin = 0
State-average over 1 states with weights [1.0]
fragment 2 FCI solver flags:
******** <class 'mrh.my_pyscf.mcscf.addons.get_h1e_zipped_fcisolver.<locals>.FCISolver'> ********
max. cycles = 100
conv_tol = 1e-10
davidson only = False
linear dependence = 1e-14
level shift = 0.001
max iter space = 12
max_memory 4000 MB
nroots = 1
pspace_size = 200
spin = 0
State-average over 1 states with weights [1.0]
LASCI subspace 0 with no orbsym information
LASCI subspace 1 with no orbsym information
LASCI subspace 2 with no orbsym information
LASCI subspace CI energies: [np.float64(-3.073940178123081), np.float64(-0.9899452600178121), np.float64(-3.0738975455511905)]
LASCI macro 0 : E = -536.773340041115 ; |g_int| = 0.338880411823784 ; |g_ci| = 0.000426754002455557 ; |g_x| = 0
LASCI micro 1 : |x_orb| = 0.6210546541524 ; |x_ci| = 0.00943258046482892
LASCI micro 2 : |x_orb| = 0.628056574651023 ; |x_ci| = 0.0184984490703709
LASCI micro 3 : |x_orb| = 0.637874613722799 ; |x_ci| = 0.00341389696305242
LASCI micro 4 : |x_orb| = 0.645064580983961 ; |x_ci| = 0.0158311906763856
LASCI micro 5 : |x_orb| = 0.646045674859403 ; |x_ci| = 0.0144594773603198
LASCI subspace 0 with no orbsym information
LASCI subspace 1 with no orbsym information
LASCI subspace 2 with no orbsym information
LASCI subspace CI energies: [np.float64(-3.0806140604831995), np.float64(-1.0159889791110204), np.float64(-3.0805994556510914)]
LASCI macro 1 : E = -536.899868188275 ; |g_int| = 0.162337610552491 ; |g_ci| = 9.14526096728306e-05 ; |g_x| = 0
LASCI micro 1 : |x_orb| = 0.249922213321147 ; |x_ci| = 0.00514817675492368
LASCI micro 2 : |x_orb| = 0.249807324294626 ; |x_ci| = 0.00489408081687819
LASCI micro 3 : |x_orb| = 0.258360812368776 ; |x_ci| = 0.00712465666368112
LASCI micro 4 : |x_orb| = 0.259839060882819 ; |x_ci| = 0.00894932628634262
LASCI micro 5 : |x_orb| = 0.261266779254034 ; |x_ci| = 0.00950931001477909
LASCI subspace 0 with no orbsym information
LASCI subspace 1 with no orbsym information
LASCI subspace 2 with no orbsym information
LASCI subspace CI energies: [np.float64(-3.0810203986242577), np.float64(-0.9903425800964255), np.float64(-3.08101419279235)]
LASCI macro 2 : E = -536.924876285767 ; |g_int| = 0.0841321984179229 ; |g_ci| = 3.48015493220514e-06 ; |g_x| = 0
LASCI micro 1 : |x_orb| = 0.394227898695442 ; |x_ci| = 0.00967788347714842
LASCI micro 2 : |x_orb| = 0.465663437789138 ; |x_ci| = 0.0217505630340893
LASCI micro 3 : |x_orb| = 0.474636623473131 ; |x_ci| = 0.02548284606005
LASCI micro 4 : |x_orb| = 0.492232678523929 ; |x_ci| = 0.0294425887932869
LASCI micro 5 : |x_orb| = 0.485729823624212 ; |x_ci| = 0.0306188766829725
LASCI subspace 0 with no orbsym information
LASCI subspace 1 with no orbsym information
LASCI subspace 2 with no orbsym information
LASCI subspace CI energies: [np.float64(-3.086361854096033), np.float64(-0.9723543878626987), np.float64(-3.0863586263876135)]
LASCI macro 3 : E = -536.939260615793 ; |g_int| = 0.0417210309146568 ; |g_ci| = 6.33859552281033e-06 ; |g_x| = 0
LASCI micro 1 : |x_orb| = 0.304405556485999 ; |x_ci| = 0.00466181469570319
LASCI micro 2 : |x_orb| = 0.596249551603589 ; |x_ci| = 0.031215842797346
LASCI micro 3 : |x_orb| = 0.593778485166826 ; |x_ci| = 0.0304990521949703
LASCI micro 4 : |x_orb| = 8.11444044185317 ; |x_ci| = 0.315102390156011
Unstable microiteration aborted: |x[i]| > pi/2
LASCI subspace 0 with no orbsym information
LASCI subspace 1 with no orbsym information
LASCI subspace 2 with no orbsym information
LASCI subspace CI energies: [np.float64(-3.1036376152281417), np.float64(-0.9464878760212225), np.float64(-3.103637372705415)]
LASCI macro 4 : E = -536.944804497723 ; |g_int| = 0.024137687403481 ; |g_ci| = 6.02669204748545e-06 ; |g_x| = 0
LASCI micro 1 : |x_orb| = 0.772901883345611 ; |x_ci| = 0.0151966369441975
LASCI micro 2 : |x_orb| = 1.31669598988479 ; |x_ci| = 0.0451848333923362
LASCI micro 3 : |x_orb| = 7.51074793623189 ; |x_ci| = 0.0350289468536767
Unstable microiteration aborted: |x[i]| > pi/2
LASCI subspace 0 with no orbsym information
LASCI subspace 1 with no orbsym information
LASCI subspace 2 with no orbsym information
LASCI subspace CI energies: [np.float64(-3.2124890044543077), np.float64(-0.9249998220081996), np.float64(-3.212491623043399)]
LASCI macro 5 : E = -536.951258302723 ; |g_int| = 0.0200092199128876 ; |g_ci| = 6.20326994298274e-06 ; |g_x| = 0
LASCI micro 1 : |x_orb| = 0.0706154045921281 ; |x_ci| = 0.00127951867051257
LASCI micro 2 : |x_orb| = 0.0798092308737972 ; |x_ci| = 0.00248518001895498
LASCI micro 3 : |x_orb| = 0.121258734156562 ; |x_ci| = 0.00347312869339152
LASCI micro 4 : |x_orb| = 0.123904823061356 ; |x_ci| = 0.0037598099676946
LASCI micro 5 : |x_orb| = 0.130563651274009 ; |x_ci| = 0.00419752723311329
LASCI subspace 0 with no orbsym information
LASCI subspace 1 with no orbsym information
LASCI subspace 2 with no orbsym information
LASCI subspace CI energies: [np.float64(-3.22578801141188), np.float64(-0.9241865741522702), np.float64(-3.2257881089883)]
LASCI macro 6 : E = -536.951657612371 ; |g_int| = 0.00981182101929508 ; |g_ci| = 2.15094285412609e-05 ; |g_x| = 0
LASCI micro 1 : |x_orb| = 0.0387306984507588 ; |x_ci| = 0.000722985631436573
LASCI micro 2 : |x_orb| = 0.042730720540832 ; |x_ci| = 0.00128661375850183
LASCI micro 3 : |x_orb| = 0.0671315778981053 ; |x_ci| = 0.00195620087653218
LASCI micro 4 : |x_orb| = 0.0679020484655114 ; |x_ci| = 0.00206102579054915
LASCI micro 5 : |x_orb| = 0.0706310150206634 ; |x_ci| = 0.00224603382200795
LASCI subspace 0 with no orbsym information
LASCI subspace 1 with no orbsym information
LASCI subspace 2 with no orbsym information
LASCI subspace CI energies: [np.float64(-3.233057389484391), np.float64(-0.9232328640315789), np.float64(-3.233056591721664)]
LASCI macro 7 : E = -536.951765119393 ; |g_int| = 0.00496451443730329 ; |g_ci| = 1.16477081341382e-05 ; |g_x| = 0
LASCI micro 1 : |x_orb| = 0.0216137997035599 ; |x_ci| = 0.000432585165750782
LASCI micro 2 : |x_orb| = 0.0236377748121635 ; |x_ci| = 0.000734393715192441
LASCI micro 3 : |x_orb| = 0.0379330374655319 ; |x_ci| = 0.00111101712771042
LASCI micro 4 : |x_orb| = 0.0382317150733673 ; |x_ci| = 0.00116824451293415
LASCI micro 5 : |x_orb| = 0.0395911894615357 ; |x_ci| = 0.00124812148987033
LASCI subspace 0 with no orbsym information
LASCI subspace 1 with no orbsym information
LASCI subspace 2 with no orbsym information
LASCI subspace CI energies: [np.float64(-3.2370474148958053), np.float64(-0.9223259421310772), np.float64(-3.2370462338475146)]
LASCI macro 8 : E = -536.9517966002 ; |g_int| = 0.00259779376040514 ; |g_ci| = 6.96352305954558e-06 ; |g_x| = 0
LASCI micro 1 : |x_orb| = 0.0123522484994074 ; |x_ci| = 0.000268289867643329
LASCI micro 2 : |x_orb| = 0.0137194859943166 ; |x_ci| = 0.000470136181883763
LASCI micro 3 : |x_orb| = 0.0221293136876745 ; |x_ci| = 0.00062296160705403
LASCI micro 4 : |x_orb| = 0.0223998001656784 ; |x_ci| = 0.000679491067086146
LASCI micro 5 : |x_orb| = 0.0230772901407967 ; |x_ci| = 0.000690646222629456
LASCI subspace 0 with no orbsym information
LASCI subspace 1 with no orbsym information
LASCI subspace 2 with no orbsym information
LASCI subspace CI energies: [np.float64(-3.2392676388579185), np.float64(-0.9216074481233627), np.float64(-3.239266245981578)]
LASCI macro 9 : E = -536.951806564677 ; |g_int| = 0.00140233393946618 ; |g_ci| = 4.36614383495173e-06 ; |g_x| = 0
LASCI micro 1 : |x_orb| = 0.00752372137086055 ; |x_ci| = 0.000175564665896459
LASCI micro 2 : |x_orb| = 0.00895972099691538 ; |x_ci| = 0.000355959173003327
LASCI micro 3 : |x_orb| = 0.0141727707933211 ; |x_ci| = 0.00034545248961828
LASCI micro 4 : |x_orb| = 0.0147387813187302 ; |x_ci| = 0.000433032003127134
LASCI micro 5 : |x_orb| = 0.0150428782108845 ; |x_ci| = 0.000396990168950519
LASCI subspace 0 with no orbsym information
LASCI subspace 1 with no orbsym information
LASCI subspace 2 with no orbsym information
LASCI subspace CI energies: [np.float64(-3.2405325332686443), np.float64(-0.9210779603747435), np.float64(-3.240530971139137)]
LASCI macro 10 : E = -536.951810170635 ; |g_int| = 0.000778725288162185 ; |g_ci| = 2.91886115643199e-06 ; |g_x| = 0
LASCI micro 1 : |x_orb| = 0.00540948421880569 ; |x_ci| = 0.000126301213245142
LASCI micro 2 : |x_orb| = 0.00788420385768316 ; |x_ci| = 0.000335876844308162
LASCI micro 3 : |x_orb| = 0.0116994632235271 ; |x_ci| = 0.000215592304961161
LASCI micro 4 : |x_orb| = 0.0127304762973553 ; |x_ci| = 0.000340105628901444
LASCI micro 5 : |x_orb| = 0.0130385695989945 ; |x_ci| = 0.000275674775898603
LASCI subspace 0 with no orbsym information
LASCI subspace 1 with no orbsym information
LASCI subspace 2 with no orbsym information
LASCI subspace CI energies: [np.float64(-3.241287745125457), np.float64(-0.9207051549968345), np.float64(-3.241286012111535)]
LASCI macro 11 : E = -536.951811938764 ; |g_int| = 0.00046358216879995 ; |g_ci| = 1.94455757235604e-06 ; |g_x| = 0
LASCI micro 1 : |x_orb| = 0.00492992383141686 ; |x_ci| = 9.70115041319281e-05
LASCI micro 2 : |x_orb| = 0.0100814454146432 ; |x_ci| = 0.000351537286689216
LASCI micro 3 : |x_orb| = 0.0134133536160965 ; |x_ci| = 0.000194803526989328
LASCI micro 4 : |x_orb| = 0.0137746562429502 ; |x_ci| = 0.000261000856395188
LASCI micro 5 : |x_orb| = 0.0153366918461726 ; |x_ci| = 0.000223025572115975
LASCI subspace 0 with no orbsym information
LASCI subspace 1 with no orbsym information
LASCI subspace 2 with no orbsym information
LASCI subspace CI energies: [np.float64(-3.2416564076494163), np.float64(-0.9205116236331229), np.float64(-3.2416544505246874)]
LASCI macro 12 : E = -536.951813283227 ; |g_int| = 0.000324668403900755 ; |g_ci| = 9.67456762913318e-07 ; |g_x| = 0
LASCI micro 1 : |x_orb| = 0.00418964689417707 ; |x_ci| = 6.87295791788376e-05
LASCI micro 2 : |x_orb| = 0.00891520976280619 ; |x_ci| = 0.000263581896376171
LASCI micro 3 : |x_orb| = 0.0110796805358972 ; |x_ci| = 0.000140573969347727
LASCI micro 4 : |x_orb| = 0.0111414868349522 ; |x_ci| = 0.000162893915464355
LASCI micro 5 : |x_orb| = 0.0135442622881389 ; |x_ci| = 0.00029429544202726
LASCI subspace 0 with no orbsym information
LASCI subspace 1 with no orbsym information
LASCI subspace 2 with no orbsym information
LASCI subspace CI energies: [np.float64(-3.241506010486562), np.float64(-0.9206200814129584), np.float64(-3.2415037461226035)]
LASCI macro 13 : E = -536.951814127788 ; |g_int| = 0.000288329083175129 ; |g_ci| = 2.17528655909924e-07 ; |g_x| = 0
LASCI micro 1 : |x_orb| = 0.00237117438455465 ; |x_ci| = 4.31891302342308e-05
LASCI micro 2 : |x_orb| = 0.00547722790100645 ; |x_ci| = 0.000191079133530786
LASCI micro 3 : |x_orb| = 0.00701026110349828 ; |x_ci| = 0.000110610994530824
LASCI micro 4 : |x_orb| = 0.00723954634872807 ; |x_ci| = 0.000157324564317723
LASCI micro 5 : |x_orb| = 0.0090620960458083 ; |x_ci| = 0.000185988745077296
LASCI subspace 0 with no orbsym information
LASCI subspace 1 with no orbsym information
LASCI subspace 2 with no orbsym information
LASCI subspace CI energies: [np.float64(-3.2416800802181474), np.float64(-0.9205493111333211), np.float64(-3.2416776380726855)]
LASCI macro 14 : E = -536.951814544808 ; |g_int| = 0.000243238381677702 ; |g_ci| = 6.65205943755834e-08 ; |g_x| = 0
LASCI micro 1 : |x_orb| = 0.00148794266166417 ; |x_ci| = 2.93457690124615e-05
LASCI micro 2 : |x_orb| = 0.00369370469188227 ; |x_ci| = 0.000143084830742647
LASCI micro 3 : |x_orb| = 0.00467221392468848 ; |x_ci| = 8.43014882140284e-05
LASCI micro 4 : |x_orb| = 0.00492354407683335 ; |x_ci| = 0.000126713888443186
LASCI micro 5 : |x_orb| = 0.00598554649316587 ; |x_ci| = 0.000103177102843507
LASCI subspace 0 with no orbsym information
LASCI subspace 1 with no orbsym information
LASCI subspace 2 with no orbsym information
LASCI subspace CI energies: [np.float64(-3.2415880954965255), np.float64(-0.9206004208551894), np.float64(-3.2415854882208777)]
LASCI macro 15 : E = -536.951814759532 ; |g_int| = 0.000195772629966143 ; |g_ci| = 3.07091050192257e-07 ; |g_x| = 0
LASCI subspace 0 with no orbsym information
LASCI subspace 1 with no orbsym information
LASCI subspace 2 with no orbsym information
LASCI subspace CI energies: [np.float64(-3.24159492680071), np.float64(-0.9206090976998222), np.float64(-3.2415922974125584)]
LASCI macro 16 : E = -536.95181478214 ; |g_int| = 9.99664110270209e-05 ; |g_ci| = 3.04428189730963e-08 ; |g_x| = 0
LASCI converged after 17 cycles
LASCI E = -536.95181478214 ; |g_int| = 9.99664110270209e-05 ; |g_ci| = 3.04428189730963e-08 ; |g_ext| = 0
Fragment 0 natural orbitals
Natural occ [1.94594409 1.93686316 0.06377054 0.05342221]
Natural orbital (expansion on AOs) in CAS space
               #1        #2        #3        #4       
0 C 1s          -0.00062  -0.00041   0.00036   0.00044
0 C 2s           0.00125  -0.00134   0.00050  -0.00178
0 C 3s          -0.00430   0.01303  -0.00889  -0.00599
0 C 2px          0.01792   0.00076  -0.00191  -0.02766
0 C 2py          0.02816   0.00058  -0.00192  -0.04541
0 C 2pz         -0.04384   0.00335  -0.00102   0.06657
0 C 3px          0.01679  -0.01019   0.00970  -0.05636
0 C 3py          0.01690  -0.00843   0.00744  -0.07777
0 C 3pz         -0.02132   0.00214  -0.00240   0.10915
1 C 1s           0.00144  -0.00001   0.00030   0.00192
1 C 2s          -0.00250   0.00013  -0.00060  -0.00414
1 C 3s          -0.00413  -0.00235  -0.00715  -0.01403
1 C 2px          0.05543  -0.00253  -0.00383   0.06298
1 C 2py          0.07912  -0.00522  -0.00713   0.08816
1 C 2pz         -0.10463   0.00451   0.00999  -0.11926
1 C 3px          0.05185   0.00857  -0.01820   0.06920
1 C 3py          0.06892   0.00443  -0.01765   0.11666
1 C 3pz         -0.09878   0.00861   0.00785  -0.13646
2 C 1s           0.00018   0.00013  -0.00034  -0.00039
2 C 2s           0.00027  -0.00013   0.00001   0.00052
2 C 3s          -0.00651   0.00328  -0.00017   0.00584
2 C 2px          0.00615   0.09918  -0.12193  -0.00761
2 C 2py          0.01007   0.16284  -0.20227  -0.00880
2 C 2pz         -0.01089  -0.19822   0.24514   0.01761
2 C 3px          0.01290   0.07958  -0.12094   0.01617
2 C 3py          0.02369   0.14024  -0.21228   0.02596
2 C 3pz         -0.03146  -0.15959   0.25416  -0.01808
3 C 1s          -0.00041   0.00028   0.00049  -0.00050
3 C 2s           0.00049  -0.00060  -0.00056   0.00044
3 C 3s           0.00383   0.00286  -0.00728   0.00509
3 C 2px         -0.08320   0.09834   0.14776  -0.12979
3 C 2py         -0.14675   0.17267   0.25641  -0.23205
3 C 2pz          0.18036  -0.21141  -0.31504   0.28478
3 C 3px         -0.05856   0.07648   0.10290  -0.09974
3 C 3py         -0.10303   0.13644   0.17381  -0.17508
3 C 3pz          0.13057  -0.16834  -0.22035   0.21986
4 C 1s          -0.00094   0.00019  -0.00048   0.00141
4 C 2s           0.00202  -0.00030   0.00077  -0.00304
4 C 3s          -0.00198  -0.00205   0.00685  -0.01204
4 C 2px         -0.12839   0.00508  -0.00800   0.19586
4 C 2py         -0.22793   0.00775  -0.01137   0.34568
4 C 2pz          0.28304  -0.00883   0.01265  -0.42884
4 C 3px         -0.09476   0.00499  -0.00825   0.15104
4 C 3py         -0.17069   0.00528  -0.00469   0.25584
4 C 3pz          0.21058  -0.00736   0.01091  -0.32285
5 C 1s           0.00078   0.00046   0.00051   0.00016
5 C 2s          -0.00210  -0.00161  -0.00168  -0.00165
5 C 3s          -0.00136   0.00167  -0.01063   0.00122
5 C 2px         -0.08686  -0.09031  -0.13533  -0.13826
5 C 2py         -0.15818  -0.16178  -0.24080  -0.24937
5 C 2pz          0.19662   0.20267   0.30238   0.30891
5 C 3px         -0.06327  -0.07433  -0.08964  -0.10824
5 C 3py         -0.11560  -0.12754  -0.16526  -0.18785
5 C 3pz          0.13973   0.15872   0.21047   0.22999
6 C 1s          -0.00047   0.00034  -0.00052  -0.00022
6 C 2s           0.00140  -0.00063   0.00070   0.00123
6 C 3s           0.00097  -0.01033   0.01795  -0.00469
6 C 2px         -0.00385  -0.09401   0.11811   0.00033
6 C 2py          0.00001  -0.16403   0.20649   0.00218
6 C 2pz         -0.00014   0.20941  -0.26430  -0.00556
6 C 3px          0.01001  -0.07649   0.11777   0.01936
6 C 3py          0.01684  -0.13787   0.20834   0.03062
6 C 3pz         -0.01968   0.17923  -0.27444  -0.04570
7 C 1s          -0.00039   0.00060  -0.00058  -0.00069
7 C 2s          -0.00154  -0.00108   0.00096  -0.00096
7 C 3s           0.02215  -0.01608   0.01333   0.01530
7 C 2px          0.00285  -0.00162   0.00499   0.00564
7 C 2py         -0.01212  -0.00220  -0.00179  -0.00878
7 C 2pz          0.00002  -0.00099  -0.00759  -0.00825
7 C 3px          0.00293  -0.00048   0.00358  -0.00151
7 C 3py         -0.01992   0.01293  -0.01698  -0.01547
7 C 3pz          0.00803  -0.01309   0.00220  -0.03238
8 C 1s          -0.00201  -0.00064   0.00097   0.00432
8 C 2s           0.00496   0.00132  -0.00182  -0.00799
8 C 3s           0.00895   0.01472  -0.01514  -0.03487
8 C 2px          0.00794   0.00296  -0.00464  -0.01017
8 C 2py          0.00686  -0.00254   0.00310  -0.01312
8 C 2pz          0.00070  -0.00254   0.00387  -0.00361
8 C 3px         -0.01666   0.01142  -0.00920  -0.01528
8 C 3py         -0.00551   0.00086   0.00041  -0.02441
8 C 3pz         -0.00150   0.00093   0.00373   0.00579
9 C 1s          -0.00150  -0.00148   0.00197  -0.00048
9 C 2s           0.00396   0.00571  -0.00614   0.00226
9 C 3s           0.00547   0.00014   0.00048  -0.00794
9 C 2px          0.00659   0.00713  -0.01121   0.00061
9 C 2py          0.00121  -0.00122   0.00577   0.00220
9 C 2pz          0.00696  -0.00015   0.00425   0.00233
9 C 3px          0.01237  -0.00285  -0.00772   0.00672
9 C 3py         -0.00218  -0.00277   0.00646   0.00772
9 C 3pz          0.01644   0.00628   0.00263   0.01133
10 C 1s          0.00044   0.00040  -0.00050   0.00032
10 C 2s         -0.00084  -0.00071   0.00121  -0.00118
10 C 3s          0.00136  -0.00600   0.00079   0.00744
10 C 2px        -0.00172  -0.00057   0.00185  -0.00048
10 C 2py        -0.00080  -0.00244   0.00142  -0.00208
10 C 2pz        -0.00053  -0.00176   0.00020  -0.00156
10 C 3px        -0.00154   0.00021   0.00044   0.00113
10 C 3py         0.00120  -0.00445  -0.00118   0.00068
10 C 3pz        -0.00478  -0.00299   0.00039  -0.00706
11 C 1s         -0.00047  -0.00027   0.00038   0.00030
11 C 2s          0.00124   0.00040  -0.00079  -0.00041
11 C 3s         -0.00322   0.00268  -0.00094  -0.00499
11 C 2px         0.00219   0.00060  -0.00081   0.00035
11 C 2py        -0.00066   0.00042  -0.00092  -0.00111
11 C 2pz        -0.00030   0.00095  -0.00167  -0.00015
11 C 3px        -0.00043   0.00141  -0.00093  -0.00214
11 C 3py        -0.00290   0.00164  -0.00024  -0.00245
11 C 3pz         0.00026   0.00155  -0.00224  -0.00046
12 C 1s         -0.00031  -0.00009   0.00013   0.00033
12 C 2s          0.00036   0.00028  -0.00026  -0.00093
12 C 3s          0.00840  -0.00231   0.00081   0.00484
12 C 2px         0.00093  -0.00031   0.00057  -0.00053
12 C 2py         0.00114   0.00089  -0.00156  -0.00157
12 C 2pz         0.00076   0.00111  -0.00196  -0.00094
12 C 3px         0.00441  -0.00192   0.00146   0.00131
12 C 3py         0.00044   0.00081  -0.00054   0.00013
12 C 3pz         0.00301   0.00106  -0.00275  -0.00172
13 C 1s          0.00023   0.00006  -0.00007  -0.00049
13 C 2s          0.00052  -0.00014   0.00003   0.00135
13 C 3s         -0.01533   0.00429  -0.00147  -0.00013
13 C 2px        -0.00245   0.00050   0.00013   0.00139
13 C 2py         0.00165  -0.00100   0.00002   0.00201
13 C 2pz         0.00108  -0.00169   0.00069   0.00793
13 C 3px        -0.00408   0.00066   0.00173   0.00730
13 C 3py         0.00780  -0.00401   0.00230   0.00677
13 C 3pz        -0.00580  -0.00000  -0.00060   0.00966
14 H 1s          0.00002   0.00211  -0.00036   0.00129
14 H 2s         -0.00119   0.00331  -0.00090   0.01179
15 H 1s          0.00042  -0.00083  -0.00051   0.00131
15 H 2s          0.00186   0.00197  -0.00215   0.00720
16 H 1s          0.00050   0.00008  -0.00006  -0.00008
16 H 2s          0.00180  -0.00021  -0.00156   0.00173
17 H 1s         -0.00000   0.00018  -0.00025   0.00157
17 H 2s          0.00002  -0.00012   0.00095   0.00037
18 H 1s          0.00057   0.00011   0.00082   0.00108
18 H 2s          0.00191   0.00111   0.00061   0.00368
19 H 1s          0.00091   0.00012   0.00016   0.00093
19 H 2s          0.00059   0.00024   0.00145   0.00640
20 H 1s         -0.01061  -0.00186   0.00311   0.01256
20 H 2s         -0.00582  -0.00907   0.00929   0.02655
21 H 1s          0.00371   0.00460  -0.00461   0.00237
21 H 2s         -0.01362  -0.00021  -0.00185  -0.00519
22 H 1s         -0.00103  -0.00036   0.00056   0.00042
22 H 2s          0.00031  -0.00058   0.00014   0.00287
23 H 1s         -0.00061  -0.00034   0.00056  -0.00008
23 H 2s         -0.00177  -0.00021   0.00090  -0.00050
24 H 1s         -0.00034  -0.00007   0.00007   0.00104
24 H 2s          0.00075  -0.00039   0.00002   0.00207
25 H 1s         -0.00030  -0.00002  -0.00003  -0.00013
25 H 2s         -0.00372   0.00127  -0.00086   0.00427
Fragment 1 natural orbitals
Natural occ [1. 1.]
Natural orbital (expansion on AOs) in CAS space
               #1        #2       
0 C 1s           0.00143  -0.00513
0 C 2s          -0.01535   0.00806
0 C 3s           0.05445   0.04614
0 C 2px         -0.13582   0.12836
0 C 2py         -0.19801   0.22798
0 C 2pz          0.33617  -0.30616
0 C 3px         -0.11615   0.16088
0 C 3py         -0.22106   0.18557
0 C 3pz          0.36590  -0.23049
1 C 1s           0.01558   0.01464
1 C 2s          -0.02952  -0.02925
1 C 3s          -0.13701  -0.08608
1 C 2px          0.04096   0.03769
1 C 2py         -0.05049  -0.05377
1 C 2pz          0.00903   0.02153
1 C 3px          0.05409   0.02228
1 C 3py         -0.04359  -0.11841
1 C 3pz         -0.04734   0.02439
2 C 1s           0.00036   0.00285
2 C 2s           0.00140  -0.00393
2 C 3s          -0.01542  -0.04456
2 C 2px          0.04714  -0.02260
2 C 2py          0.06484  -0.05808
2 C 2pz         -0.05476   0.07493
2 C 3px          0.04111  -0.05076
2 C 3py          0.08650  -0.05367
2 C 3pz         -0.07262   0.05271
3 C 1s           0.00040  -0.00041
3 C 2s          -0.00106   0.00001
3 C 3s           0.01249   0.02306
3 C 2px         -0.00294  -0.00014
3 C 2py         -0.00486   0.00302
3 C 2pz          0.00330  -0.00406
3 C 3px         -0.00501   0.00422
3 C 3py         -0.01097   0.01465
3 C 3pz          0.01477   0.00088
4 C 1s           0.00201   0.00130
4 C 2s          -0.00408  -0.00227
4 C 3s          -0.00984  -0.01277
4 C 2px         -0.01756   0.02418
4 C 2py         -0.04128   0.03682
4 C 2pz          0.04915  -0.04735
4 C 3px         -0.01737   0.03041
4 C 3py         -0.04485   0.03877
4 C 3pz          0.05873  -0.04968
5 C 1s           0.00093   0.00179
5 C 2s          -0.00238  -0.00358
5 C 3s           0.01000   0.00589
5 C 2px          0.00404   0.00943
5 C 2py          0.00077   0.00138
5 C 2pz         -0.00246  -0.00715
5 C 3px         -0.00108   0.00767
5 C 3py          0.00692   0.01055
5 C 3pz          0.00631  -0.00886
6 C 1s          -0.00018  -0.00275
6 C 2s           0.00078   0.00530
6 C 3s           0.00100   0.01530
6 C 2px          0.02569  -0.04656
6 C 2py          0.05091  -0.05750
6 C 2pz         -0.08220   0.06115
6 C 3px          0.00098  -0.05568
6 C 3py          0.06392  -0.04155
6 C 3pz         -0.09090   0.06425
7 C 1s           0.00154   0.00519
7 C 2s          -0.01559  -0.00818
7 C 3s           0.05408  -0.04635
7 C 2px          0.13577   0.12844
7 C 2py         -0.19835  -0.22829
7 C 2pz         -0.33598  -0.30590
7 C 3px          0.11633   0.16086
7 C 3py         -0.22152  -0.18585
7 C 3pz         -0.36558  -0.23023
8 C 1s           0.01556  -0.01465
8 C 2s          -0.02944   0.02929
8 C 3s          -0.13710   0.08606
8 C 2px         -0.04086   0.03772
8 C 2py         -0.05041   0.05382
8 C 2pz         -0.00902   0.02150
8 C 3px         -0.05410   0.02221
8 C 3py         -0.04341   0.11836
8 C 3pz          0.04724   0.02432
9 C 1s           0.00037  -0.00286
9 C 2s           0.00139   0.00395
9 C 3s          -0.01538   0.04460
9 C 2px         -0.04723  -0.02262
9 C 2py          0.06488   0.05812
9 C 2pz          0.05467   0.07487
9 C 3px         -0.04123  -0.05075
9 C 3py          0.08666   0.05365
9 C 3pz          0.07240   0.05267
10 C 1s          0.00039   0.00041
10 C 2s         -0.00104  -0.00001
10 C 3s          0.01253  -0.02306
10 C 2px         0.00296  -0.00014
10 C 2py        -0.00484  -0.00303
10 C 2pz        -0.00329  -0.00406
10 C 3px         0.00509   0.00421
10 C 3py        -0.01098  -0.01465
10 C 3pz        -0.01470   0.00089
11 C 1s          0.00201  -0.00130
11 C 2s         -0.00408   0.00227
11 C 3s         -0.00979   0.01278
11 C 2px         0.01760   0.02422
11 C 2py        -0.04131  -0.03684
11 C 2pz        -0.04912  -0.04730
11 C 3px         0.01743   0.03044
11 C 3py        -0.04490  -0.03879
11 C 3pz        -0.05868  -0.04962
12 C 1s          0.00092  -0.00180
12 C 2s         -0.00237   0.00359
12 C 3s          0.01005  -0.00585
12 C 2px        -0.00402   0.00944
12 C 2py         0.00078  -0.00137
12 C 2pz         0.00245  -0.00714
12 C 3px         0.00110   0.00770
12 C 3py         0.00694  -0.01054
12 C 3pz        -0.00634  -0.00885
13 C 1s         -0.00017   0.00275
13 C 2s          0.00075  -0.00531
13 C 3s          0.00092  -0.01535
13 C 2px        -0.02580  -0.04663
13 C 2py         0.05097   0.05753
13 C 2pz         0.08213   0.06106
13 C 3px        -0.00108  -0.05572
13 C 3py         0.06401   0.04161
13 C 3pz         0.09086   0.06416
14 H 1s          0.05824   0.05660
14 H 2s          0.10396   0.06440
15 H 1s         -0.00180  -0.00362
15 H 2s          0.00373  -0.01588
16 H 1s          0.00418   0.00226
16 H 2s          0.00763   0.00599
17 H 1s          0.00145   0.00063
17 H 2s          0.00268  -0.00032
18 H 1s          0.00268   0.00348
18 H 2s          0.00391   0.00427
19 H 1s         -0.00057   0.00011
19 H 2s          0.01630  -0.00130
20 H 1s          0.05834  -0.05655
20 H 2s          0.10419  -0.06436
21 H 1s         -0.00182   0.00363
21 H 2s          0.00380   0.01582
22 H 1s          0.00418  -0.00226
22 H 2s          0.00760  -0.00599
23 H 1s          0.00145  -0.00063
23 H 2s          0.00269   0.00031
24 H 1s          0.00267  -0.00348
24 H 2s          0.00389  -0.00427
25 H 1s         -0.00058  -0.00012
25 H 2s          0.01629   0.00127
Fragment 2 natural orbitals
Natural occ [1.94594305 1.936863   0.06377077 0.05342319]
Natural orbital (expansion on AOs) in CAS space
               #1        #2        #3        #4       
0 C 1s           0.00039   0.00060  -0.00058  -0.00071
0 C 2s           0.00153  -0.00106   0.00095  -0.00092
0 C 3s          -0.02217  -0.01619   0.01343   0.01530
0 C 2px          0.00286   0.00162  -0.00499  -0.00568
0 C 2py          0.01212  -0.00221  -0.00177  -0.00877
0 C 2pz          0.00002   0.00099   0.00758   0.00825
0 C 3px          0.00296   0.00054  -0.00362   0.00156
0 C 3py          0.01988   0.01298  -0.01700  -0.01544
0 C 3pz          0.00801   0.01311  -0.00221   0.03242
1 C 1s           0.00201  -0.00065   0.00097   0.00433
1 C 2s          -0.00496   0.00132  -0.00182  -0.00800
1 C 3s          -0.00898   0.01473  -0.01515  -0.03484
1 C 2px          0.00794  -0.00297   0.00465   0.01019
1 C 2py         -0.00686  -0.00254   0.00310  -0.01313
1 C 2pz          0.00070   0.00255  -0.00388   0.00362
1 C 3px         -0.01663  -0.01148   0.00924   0.01529
1 C 3py          0.00549   0.00087   0.00040  -0.02446
1 C 3pz         -0.00149  -0.00093  -0.00373  -0.00581
2 C 1s           0.00150  -0.00148   0.00197  -0.00049
2 C 2s          -0.00396   0.00572  -0.00615   0.00226
2 C 3s          -0.00550   0.00015   0.00049  -0.00794
2 C 2px          0.00660  -0.00714   0.01121  -0.00063
2 C 2py         -0.00121  -0.00122   0.00576   0.00219
2 C 2pz          0.00696   0.00016  -0.00426  -0.00235
2 C 3px          0.01236   0.00286   0.00770  -0.00676
2 C 3py          0.00222  -0.00278   0.00646   0.00767
2 C 3pz          0.01642  -0.00628  -0.00265  -0.01137
3 C 1s          -0.00044   0.00040  -0.00051   0.00033
3 C 2s           0.00084  -0.00071   0.00122  -0.00119
3 C 3s          -0.00133  -0.00602   0.00080   0.00744
3 C 2px         -0.00172   0.00058  -0.00185   0.00049
3 C 2py          0.00080  -0.00245   0.00142  -0.00208
3 C 2pz         -0.00052   0.00176  -0.00020   0.00156
3 C 3px         -0.00155  -0.00020  -0.00044  -0.00111
3 C 3py         -0.00119  -0.00446  -0.00118   0.00069
3 C 3pz         -0.00477   0.00299  -0.00038   0.00707
4 C 1s           0.00047  -0.00028   0.00038   0.00030
4 C 2s          -0.00124   0.00040  -0.00079  -0.00041
4 C 3s           0.00320   0.00270  -0.00095  -0.00501
4 C 2px          0.00219  -0.00060   0.00082  -0.00035
4 C 2py          0.00066   0.00042  -0.00092  -0.00111
4 C 2pz         -0.00030  -0.00095   0.00167   0.00015
4 C 3px         -0.00043  -0.00142   0.00093   0.00214
4 C 3py          0.00290   0.00165  -0.00025  -0.00245
4 C 3pz          0.00025  -0.00156   0.00225   0.00046
5 C 1s           0.00031  -0.00009   0.00013   0.00033
5 C 2s          -0.00036   0.00028  -0.00026  -0.00093
5 C 3s          -0.00839  -0.00233   0.00083   0.00483
5 C 2px          0.00093   0.00031  -0.00056   0.00054
5 C 2py         -0.00113   0.00089  -0.00155  -0.00157
5 C 2pz          0.00076  -0.00111   0.00196   0.00094
5 C 3px          0.00441   0.00193  -0.00146  -0.00131
5 C 3py         -0.00044   0.00081  -0.00053   0.00012
5 C 3pz          0.00300  -0.00106   0.00275   0.00172
6 C 1s          -0.00023   0.00006  -0.00007  -0.00049
6 C 2s          -0.00052  -0.00015   0.00004   0.00135
6 C 3s           0.01532   0.00433  -0.00150  -0.00012
6 C 2px         -0.00244  -0.00050  -0.00013  -0.00140
6 C 2py         -0.00165  -0.00100   0.00002   0.00201
6 C 2pz          0.00109   0.00169  -0.00070  -0.00793
6 C 3px         -0.00408  -0.00066  -0.00173  -0.00731
6 C 3py         -0.00780  -0.00403   0.00231   0.00677
6 C 3pz         -0.00579  -0.00001   0.00061  -0.00966
7 C 1s           0.00063  -0.00041   0.00036   0.00045
7 C 2s          -0.00128  -0.00135   0.00050  -0.00182
7 C 3s           0.00429   0.01314  -0.00899  -0.00599
7 C 2px          0.01792  -0.00076   0.00190   0.02766
7 C 2py         -0.02820   0.00058  -0.00191  -0.04548
7 C 2pz         -0.04381  -0.00334   0.00101  -0.06652
7 C 3px          0.01681   0.01023  -0.00972   0.05642
7 C 3py         -0.01690  -0.00848   0.00749  -0.07791
7 C 3pz         -0.02129  -0.00208   0.00233  -0.10902
8 C 1s          -0.00145  -0.00001   0.00030   0.00192
8 C 2s           0.00251   0.00013  -0.00061  -0.00412
8 C 3s           0.00413  -0.00238  -0.00714  -0.01410
8 C 2px          0.05552   0.00252   0.00382  -0.06306
8 C 2py         -0.07920  -0.00521  -0.00711   0.08826
8 C 2pz         -0.10453  -0.00447  -0.00995   0.11915
8 C 3px          0.05195  -0.00863   0.01825  -0.06935
8 C 3py         -0.06898   0.00444  -0.01760   0.11677
8 C 3pz         -0.09870  -0.00862  -0.00776   0.13630
9 C 1s          -0.00018   0.00013  -0.00034  -0.00039
9 C 2s          -0.00027  -0.00012   0.00001   0.00052
9 C 3s           0.00653   0.00328  -0.00014   0.00585
9 C 2px          0.00615  -0.09937   0.12216   0.00761
9 C 2py         -0.01007   0.16300  -0.20247  -0.00879
9 C 2pz         -0.01086   0.19804  -0.24493  -0.01757
9 C 3px          0.01291  -0.07971   0.12113  -0.01619
9 C 3py         -0.02370   0.14038  -0.21249   0.02602
9 C 3pz         -0.03142   0.15943  -0.25393   0.01805
10 C 1s          0.00041   0.00029   0.00049  -0.00051
10 C 2s         -0.00050  -0.00061  -0.00057   0.00045
10 C 3s         -0.00386   0.00287  -0.00735   0.00515
10 C 2px        -0.08337  -0.09852  -0.14802   0.13005
10 C 2py         0.14688   0.17280   0.25660  -0.23226
10 C 2pz         0.18021   0.21120   0.31473  -0.28455
10 C 3px        -0.05868  -0.07661  -0.10309   0.09996
10 C 3py         0.10312   0.13655   0.17392  -0.17523
10 C 3pz         0.13047   0.16817   0.22015  -0.21968
11 C 1s          0.00094   0.00019  -0.00049   0.00141
11 C 2s         -0.00202  -0.00030   0.00078  -0.00304
11 C 3s          0.00198  -0.00206   0.00688  -0.01206
11 C 2px        -0.12863  -0.00507   0.00799  -0.19622
11 C 2py         0.22812   0.00774  -0.01134   0.34597
11 C 2pz         0.28279   0.00879  -0.01258   0.42845
11 C 3px        -0.09493  -0.00499   0.00825  -0.15132
11 C 3py         0.17083   0.00526  -0.00466   0.25604
11 C 3pz         0.21039   0.00733  -0.01087   0.32256
12 C 1s         -0.00078   0.00046   0.00051   0.00016
12 C 2s          0.00210  -0.00160  -0.00168  -0.00164
12 C 3s          0.00134   0.00168  -0.01062   0.00129
12 C 2px        -0.08701   0.09048   0.13559   0.13851
12 C 2py         0.15829  -0.16192  -0.24100  -0.24954
12 C 2pz         0.19643  -0.20250  -0.30213  -0.30860
12 C 3px        -0.06339   0.07447   0.08982   0.10845
12 C 3py         0.11568  -0.12766  -0.16540  -0.18797
12 C 3pz         0.13959  -0.15858  -0.21032  -0.22977
13 C 1s          0.00047   0.00034  -0.00052  -0.00022
13 C 2s         -0.00140  -0.00063   0.00071   0.00122
13 C 3s         -0.00096  -0.01036   0.01799  -0.00475
13 C 2px        -0.00384   0.09416  -0.11830  -0.00033
13 C 2py        -0.00003  -0.16415   0.20664   0.00216
13 C 2pz        -0.00017  -0.20921   0.26404   0.00552
13 C 3px         0.01003   0.07661  -0.11796  -0.01938
13 C 3py        -0.01688  -0.13797   0.20850   0.03065
13 C 3pz        -0.01967  -0.17908   0.27421   0.04563
14 H 1s          0.01062  -0.00186   0.00311   0.01255
14 H 2s          0.00585  -0.00909   0.00931   0.02650
15 H 1s         -0.00371   0.00461  -0.00461   0.00238
15 H 2s          0.01361  -0.00019  -0.00188  -0.00522
16 H 1s          0.00103  -0.00036   0.00056   0.00042
16 H 2s         -0.00030  -0.00058   0.00015   0.00287
17 H 1s          0.00061  -0.00034   0.00056  -0.00009
17 H 2s          0.00176  -0.00021   0.00090  -0.00050
18 H 1s          0.00034  -0.00008   0.00007   0.00104
18 H 2s         -0.00075  -0.00039   0.00002   0.00207
19 H 1s          0.00030  -0.00002  -0.00003  -0.00013
19 H 2s          0.00372   0.00128  -0.00087   0.00427
20 H 1s         -0.00002   0.00210  -0.00036   0.00132
20 H 2s          0.00117   0.00334  -0.00092   0.01185
21 H 1s         -0.00042  -0.00083  -0.00051   0.00130
21 H 2s         -0.00185   0.00196  -0.00213   0.00720
22 H 1s         -0.00050   0.00009  -0.00006  -0.00009
22 H 2s         -0.00181  -0.00021  -0.00157   0.00171
23 H 1s          0.00000   0.00018  -0.00025   0.00158
23 H 2s         -0.00002  -0.00013   0.00095   0.00036
24 H 1s         -0.00057   0.00011   0.00082   0.00108
24 H 2s         -0.00191   0.00111   0.00061   0.00367
25 H 1s         -0.00091   0.00013   0.00015   0.00092
25 H 2s         -0.00059   0.00023   0.00145   0.00639
LASCI energy = -536.95181478214

******** CASCI flags ********
CAS (6e+4e, 10o), ncore = 43, nvir = 97
natorb = False
canonicalization = True
sorting_mo_energy = False
max_memory 4000 (MB)
******** <class 'pyscf.fci.addons.SpinPenaltyFCISolver'> ********
max. cycles = 200
conv_tol = 1e-08
davidson only = True
linear dependence = 1e-12
level shift = 0.001
max iter space = 12
max_memory 4000 MB
nroots = 1
pspace_size = 400
spin = None
Density matrix diagonal elements [1.93089052 1.92877701 0.07178952 0.06753531 0.99604586 1.00596924
 1.93089042 1.92877807 0.07178849 0.06753555]
CASCI converged
CASCI E = -536.963925064277  E(CI) = -11.0908865473576  S^2 = 2.0000000

******** CASCI flags ********
CAS (5e+5e, 10o), ncore = 43, nvir = 97
natorb = False
canonicalization = True
sorting_mo_energy = False
max_memory 4000 (MB)
******** <class 'mrh.exploratory.unitary_cc.lasuccsd.FCISolver_USCC'> ********
max. cycles = 100
conv_tol = 1e-10
davidson only = False
linear dependence = 1e-14
level shift = 0.001
max iter space = 12
max_memory 4000 MB
nroots = 1
pspace_size = 400
spin = None
LASCI object has 113 degrees of freedom
iteration 0, E = -536.959799, |x| = 1.114434e-01, |g| = 3.964794e-02
iteration 1, E = -536.961369, |x| = 1.688592e-01, |g| = 2.116745e-02
iteration 2, E = -536.961882, |x| = 1.948288e-01, |g| = 1.526289e-02
iteration 3, E = -536.962174, |x| = 2.153698e-01, |g| = 7.595718e-03
iteration 4, E = -536.962227, |x| = 2.182311e-01, |g| = 3.407082e-03
iteration 5, E = -536.962238, |x| = 2.176198e-01, |g| = 1.457650e-03
iteration 6, E = -536.962240, |x| = 2.173720e-01, |g| = 7.748527e-04
iteration 7, E = -536.962241, |x| = 2.175024e-01, |g| = 3.579352e-04
iteration 8, E = -536.962241, |x| = 2.176499e-01, |g| = 1.884210e-04
iteration 9, E = -536.962241, |x| = 2.177106e-01, |g| = 1.228500e-04
iteration 10, E = -536.962241, |x| = 2.177171e-01, |g| = 1.127582e-04
iteration 11, E = -536.962241, |x| = 2.177039e-01, |g| = 1.393472e-04
iteration 12, E = -536.962241, |x| = 2.176843e-01, |g| = 1.969656e-04
iteration 13, E = -536.962241, |x| = 2.176725e-01, |g| = 2.735735e-04
iteration 14, E = -536.962241, |x| = 2.176932e-01, |g| = 3.691751e-04
iteration 15, E = -536.962241, |x| = 2.178239e-01, |g| = 4.899616e-04
iteration 16, E = -536.962242, |x| = 2.183289e-01, |g| = 6.413338e-04
iteration 17, E = -536.962243, |x| = 2.201078e-01, |g| = 8.155489e-04
iteration 18, E = -536.962244, |x| = 2.260212e-01, |g| = 9.508725e-04
iteration 19, E = -536.962245, |x| = 2.349952e-01, |g| = 8.482052e-04
iteration 20, E = -536.962245, |x| = 2.438587e-01, |g| = 5.028138e-04
iteration 21, E = -536.962246, |x| = 2.457079e-01, |g| = 2.322508e-04
iteration 22, E = -536.962246, |x| = 2.439787e-01, |g| = 1.867225e-04
iteration 23, E = -536.962246, |x| = 2.427602e-01, |g| = 1.716506e-04
iteration 24, E = -536.962246, |x| = 2.421305e-01, |g| = 1.703699e-04
iteration 25, E = -536.962246, |x| = 2.428295e-01, |g| = 2.197425e-04
iteration 26, E = -536.962246, |x| = 2.452980e-01, |g| = 3.080190e-04
iteration 27, E = -536.962246, |x| = 2.499409e-01, |g| = 4.019124e-04
iteration 28, E = -536.962247, |x| = 2.570241e-01, |g| = 4.685362e-04
iteration 29, E = -536.962247, |x| = 2.668319e-01, |g| = 4.726023e-04
iteration 30, E = -536.962248, |x| = 2.746488e-01, |g| = 3.729414e-04
iteration 31, E = -536.962248, |x| = 2.747452e-01, |g| = 2.425126e-04
iteration 32, E = -536.962248, |x| = 2.714989e-01, |g| = 1.717002e-04
iteration 33, E = -536.962248, |x| = 2.696192e-01, |g| = 1.544749e-04
iteration 34, E = -536.962248, |x| = 2.685061e-01, |g| = 1.806010e-04
iteration 35, E = -536.962248, |x| = 2.687950e-01, |g| = 2.578712e-04
iteration 36, E = -536.962248, |x| = 2.710379e-01, |g| = 3.617725e-04
iteration 37, E = -536.962249, |x| = 2.763903e-01, |g| = 4.686839e-04
iteration 38, E = -536.962249, |x| = 2.874264e-01, |g| = 5.261683e-04
iteration 39, E = -536.962249, |x| = 2.995502e-01, |g| = 4.105040e-04
iteration 40, E = -536.962250, |x| = 3.049974e-01, |g| = 1.960323e-04
iteration 41, E = -536.962250, |x| = 3.044022e-01, |g| = 7.778388e-05
iteration 42, E = -536.962250, |x| = 3.027660e-01, |g| = 6.653554e-05
iteration 43, E = -536.962250, |x| = 3.013226e-01, |g| = 6.594880e-05
iteration 44, E = -536.962250, |x| = 2.999488e-01, |g| = 7.644736e-05
iteration 45, E = -536.962250, |x| = 2.991548e-01, |g| = 1.023989e-04
iteration 46, E = -536.962250, |x| = 2.993653e-01, |g| = 1.376731e-04
iteration 47, E = -536.962250, |x| = 3.012441e-01, |g| = 1.692017e-04
iteration 48, E = -536.962250, |x| = 3.050865e-01, |g| = 1.604747e-04
iteration 49, E = -536.962250, |x| = 3.080256e-01, |g| = 1.006248e-04
iteration 50, E = -536.962250, |x| = 3.090443e-01, |g| = 4.091335e-05
iteration 51, E = -536.962250, |x| = 3.086325e-01, |g| = 2.897042e-05
iteration 52, E = -536.962250, |x| = 3.080722e-01, |g| = 2.801297e-05
iteration 53, E = -536.962250, |x| = 3.073582e-01, |g| = 3.255689e-05
iteration 54, E = -536.962250, |x| = 3.066657e-01, |g| = 4.325037e-05
iteration 55, E = -536.962250, |x| = 3.062052e-01, |g| = 5.721469e-05
iteration 56, E = -536.962250, |x| = 3.061426e-01, |g| = 7.121745e-05
iteration 57, E = -536.962250, |x| = 3.067889e-01, |g| = 7.933711e-05
iteration 58, E = -536.962250, |x| = 3.082572e-01, |g| = 6.617686e-05
iteration 59, E = -536.962250, |x| = 3.093620e-01, |g| = 3.939072e-05
iteration 60, E = -536.962250, |x| = 3.098135e-01, |g| = 2.330781e-05
iteration 61, E = -536.962250, |x| = 3.097674e-01, |g| = 2.264339e-05
iteration 62, E = -536.962250, |x| = 3.095518e-01, |g| = 2.740945e-05
iteration 63, E = -536.962250, |x| = 3.092203e-01, |g| = 3.704595e-05
iteration 64, E = -536.962250, |x| = 3.088179e-01, |g| = 5.002938e-05
iteration 65, E = -536.962250, |x| = 3.083971e-01, |g| = 6.563153e-05
iteration 66, E = -536.962250, |x| = 3.080952e-01, |g| = 8.201839e-05
iteration 67, E = -536.962250, |x| = 3.083220e-01, |g| = 9.143184e-05
iteration 68, E = -536.962250, |x| = 3.093666e-01, |g| = 7.541706e-05
iteration 69, E = -536.962250, |x| = 3.109164e-01, |g| = 4.223571e-05
iteration 70, E = -536.962250, |x| = 3.118048e-01, |g| = 2.663390e-05
iteration 71, E = -536.962250, |x| = 3.120683e-01, |g| = 2.510569e-05
iteration 72, E = -536.962250, |x| = 3.121827e-01, |g| = 2.773409e-05
iteration 73, E = -536.962250, |x| = 3.122193e-01, |g| = 3.540504e-05
iteration 74, E = -536.962250, |x| = 3.122071e-01, |g| = 4.821469e-05
iteration 75, E = -536.962250, |x| = 3.121826e-01, |g| = 6.605092e-05
iteration 76, E = -536.962250, |x| = 3.122220e-01, |g| = 8.829859e-05
iteration 77, E = -536.962250, |x| = 3.125197e-01, |g| = 1.107435e-04
iteration 78, E = -536.962250, |x| = 3.133988e-01, |g| = 1.141827e-04
iteration 79, E = -536.962250, |x| = 3.144618e-01, |g| = 8.299103e-05
iteration 80, E = -536.962250, |x| = 3.154572e-01, |g| = 3.602537e-05
iteration 81, E = -536.962250, |x| = 3.157866e-01, |g| = 2.231730e-05
iteration 82, E = -536.962250, |x| = 3.159147e-01, |g| = 2.014596e-05
iteration 83, E = -536.962250, |x| = 3.160358e-01, |g| = 2.085700e-05
iteration 84, E = -536.962250, |x| = 3.161761e-01, |g| = 2.682214e-05
iteration 85, E = -536.962250, |x| = 3.163305e-01, |g| = 3.763979e-05
iteration 86, E = -536.962250, |x| = 3.165068e-01, |g| = 5.075272e-05
iteration 87, E = -536.962250, |x| = 3.167203e-01, |g| = 6.184296e-05
iteration 88, E = -536.962250, |x| = 3.169444e-01, |g| = 5.902646e-05
iteration 89, E = -536.962250, |x| = 3.170025e-01, |g| = 3.747301e-05
iteration 90, E = -536.962250, |x| = 3.169802e-01, |g| = 1.416205e-05
iteration 91, E = -536.962250, |x| = 3.169897e-01, |g| = 8.866994e-06
iteration 92, E = -536.962250, |x| = 3.170251e-01, |g| = 7.464495e-06
iteration 93, E = -536.962250, |x| = 3.170802e-01, |g| = 7.249455e-06
iteration 94, E = -536.962250, |x| = 3.171443e-01, |g| = 9.458650e-06
iteration 95, E = -536.962250, |x| = 3.172099e-01, |g| = 1.364646e-05
iteration 96, E = -536.962250, |x| = 3.172721e-01, |g| = 1.852293e-05
iteration 97, E = -536.962250, |x| = 3.173397e-01, |g| = 2.338899e-05
iteration 98, E = -536.962250, |x| = 3.174311e-01, |g| = 2.723260e-05
iteration 99, E = -536.962250, |x| = 3.175796e-01, |g| = 2.669874e-05
iteration 100, E = -536.962250, |x| = 3.176999e-01, |g| = 1.798574e-05
iteration 101, E = -536.962250, |x| = 3.177694e-01, |g| = 7.921085e-06
iteration 102, E = -536.962250, |x| = 3.178019e-01, |g| = 5.066700e-06
iteration 103, E = -536.962250, |x| = 3.178227e-01, |g| = 5.063420e-06
iteration 104, E = -536.962250, |x| = 3.178611e-01, |g| = 5.503850e-06
iteration 105, E = -536.962250, |x| = 3.179158e-01, |g| = 6.564598e-06
iteration 106, E = -536.962250, |x| = 3.179886e-01, |g| = 8.386807e-06
iteration 107, E = -536.962250, |x| = 3.180831e-01, |g| = 1.108265e-05
iteration 108, E = -536.962250, |x| = 3.181991e-01, |g| = 1.456232e-05
iteration 109, E = -536.962250, |x| = 3.183113e-01, |g| = 1.777209e-05
iteration 110, E = -536.962250, |x| = 3.182825e-01, |g| = 1.596513e-05
iteration 111, E = -536.962250, |x| = 3.181223e-01, |g| = 9.652362e-06
iteration 112, E = -536.962250, |x| = 3.179662e-01, |g| = 4.505126e-06
iteration 113, E = -536.962250, |x| = 3.179202e-01, |g| = 3.538406e-06
iteration 114, E = -536.962250, |x| = 3.179120e-01, |g| = 3.522237e-06
iteration 115, E = -536.962250, |x| = 3.179238e-01, |g| = 4.212359e-06
iteration 116, E = -536.962250, |x| = 3.179590e-01, |g| = 5.797366e-06
iteration 117, E = -536.962250, |x| = 3.180191e-01, |g| = 8.097386e-06
iteration 118, E = -536.962250, |x| = 3.181040e-01, |g| = 1.088169e-05
iteration 119, E = -536.962250, |x| = 3.182111e-01, |g| = 1.385861e-05
iteration 120, E = -536.962250, |x| = 3.183301e-01, |g| = 1.636625e-05
iteration 121, E = -536.962250, |x| = 3.184188e-01, |g| = 1.644769e-05
iteration 122, E = -536.962250, |x| = 3.183482e-01, |g| = 1.161191e-05
iteration 123, E = -536.962250, |x| = 3.181684e-01, |g| = 5.069390e-06
iteration 124, E = -536.962250, |x| = 3.180573e-01, |g| = 2.992648e-06
iteration 125, E = -536.962250, |x| = 3.180260e-01, |g| = 2.842198e-06
iteration 126, E = -536.962250, |x| = 3.180022e-01, |g| = 3.034766e-06
iteration 127, E = -536.962250, |x| = 3.179848e-01, |g| = 3.737911e-06
iteration 128, E = -536.962250, |x| = 3.179744e-01, |g| = 4.993411e-06
iteration 129, E = -536.962250, |x| = 3.179741e-01, |g| = 6.830610e-06
iteration 130, E = -536.962250, |x| = 3.179925e-01, |g| = 9.210088e-06
iteration 131, E = -536.962250, |x| = 3.180502e-01, |g| = 1.166656e-05
iteration 132, E = -536.962250, |x| = 3.181489e-01, |g| = 1.146064e-05
iteration 133, E = -536.962250, |x| = 3.182221e-01, |g| = 7.637798e-06
iteration 134, E = -536.962250, |x| = 3.182540e-01, |g| = 2.439367e-06
Fragment 0 local quantum numbers
<N>,<Sz>,<S^2> = 3.999136, 0.000004, 0.013460
Fragment 1 local quantum numbers
<N>,<Sz>,<S^2> = 2.001689, -0.000001, 1.961731
Fragment 2 local quantum numbers
<N>,<Sz>,<S^2> = 3.999175, -0.000003, 0.013281
Whole system quantum numbers
<N>,<Sz>,<S^2> = 10.000000, -0.000000, 2.000131
Density matrix diagonal elements [1.9341564  1.92977097 0.07083893 0.0643699  0.99939147 1.00229733
 1.9341774  1.9297276  0.0708872  0.0643828 ]
CASCI converged
CASCI E = -536.962250135393  E(CI) = -11.0892116184737  S^2 = 2.0001314
