#INFO: **** input file is /project/lgagliardi/tuy/qchem/las-uscc-noci/working/stilbene-triplet/stil-triplet-120.py ****
# test the distribution of the nearest neighbor excitations

import numpy as np
import pyscf
from pyscf import gto, scf, lib, mcscf
from mrh.my_pyscf.mcscf.lasscf_o0 import LASSCF
from mrh.exploratory.unitary_cc import lasuccsd
from mrh.exploratory.unitary_cc.uccsd_sym0 import get_uccsd_op
from mrh.exploratory.citools import grad, lasci_ominus1
from mrh.exploratory.citools import fockspace


from typing import Iterable, Union
from typing import Dict, List, Any, TypedDict
import copy
import pickle
from enum import Enum
from scipy.linalg import eigh
from scipy import optimize
import sys

result = {}
VERBOSE = 4
if len(sys.argv) > 1:
    try:
        AMPLITUDE = float(sys.argv[1])
        print(f"Using AMPLITUDE argument: {AMPLITUDE}")
    except ValueError:
        print("Invalid AMPLITUDE argument, using default value 1.")
        AMPLITUDE = 1
else:
    AMPLITUDE = 1

def flatten(seq: Iterable) -> list:
    result = []
    for item in seq:
        if isinstance(item, (list, tuple, np.ndarray)):
            result.extend(flatten(item))
        else:
            result.append(item)
    return result


def cilas2f(lasci, norb_f, nelec_f):
    ''' nelec (na, nb)'''
    ci_f = []
    for i, ci in enumerate(lasci):
        ci_f.append(fockspace.hilbert2fock(ci, norb_f[i], nelec_f[i])[0])
    return ci_f

class MolConfig(TypedDict):
    # basic
    name : str
    xyz: str
    basis: str
    ncas: List[int]
    nelecas: List[int]
    spinsub: List[int]
    frag_atom_list: Any  # Can be List or Tuple depending on usage
    frag_spin_orb: Any
    adj: List[List[int]]

class TestConfig(TypedDict):
    epsilon: float
    # nearest neighbor parameters
    nn: bool
    # non-orthogonal configuration interaction parameters
    init_method: str # 'random' or 'uscc_opt' or 'load x'
    # max_nx: int  # max number of excitations per configuration
    # min_nc: int
    # test choices
    grad_test: bool
    noci_test: bool  
    frozen: str

def get_Sij(psi_i, psi_j, h):
    """Compute the overlap Sij = <psi_i|psi_j>."""
    ucj, _ = psi_j.hc_x(psi_j.x, h)[1:3]
    uci, _ = psi_i.hc_x(psi_i.x, h)[1:3]
    ucj, uci = ucj.ravel(), uci.ravel()
    Sij = uci.conj().dot(ucj)
    return Sij


def get_Sij_Hij(psi_i, psi_j, h):
    ucj, hucj = psi_j.hc_x (psi_j.x, h)[1:3]
    uci, huci = psi_i.hc_x (psi_i.x, h)[1:3]
    ucj, hucj = ucj.ravel (), hucj.ravel ()
    uci = uci.ravel ()
    Sij = uci.conj ().dot (ucj)
    Hij = uci.conj ().dot (hucj)
    return Sij, Hij


def arr_split(arr, n):
    """Split an array into n nearly equal parts."""
    k, m = divmod(len(arr), n)
    return list(arr[i * k + min(i, m):(i + 1) * k + min(i + 1, m)] for i in range(n))

def print_matrix(mat):
    for row in mat:
        print("  ".join(f"{x:.17f}" for x in row))

def zip_excitations(a_idxs, i_idxs):
    excitations = []
    for a, i in zip(a_idxs, i_idxs):
        excitations.append((tuple(i), tuple(a[::-1])))
    return excitations

def print_excitations(a_idxs, i_idxs):
    excitations = zip_excitations(a_idxs, i_idxs)
    for excitation in excitations:
        print([[int(x) for x in flatten(excitation)]])


def nci_test(a_idxs_selected, i_idxs_selected, test_config, mol_config, mol,las, mc_uscc, mf):

    nc = len(a_idxs_selected) + 1
    # we create ci for each excitation
    if VERBOSE >= 1:
        print("Number of CIs: ", nc)

    h1eff,e_core= mc_uscc.get_h1eff(mc_uscc.mo_coeff)
    h2eff = mc_uscc.get_h2eff()

    las_ucc_trial_cis = []
    
    min_ci_eng = 99999.9
    for i in range(nc):
        if( i == nc -1):
            amplitude = 0 # the last one is the reference state
        else:
            amplitude = AMPLITUDE # we should try different amplitudes

        mc_uscc_ci = mcscf.CASCI(mf, sum(mol_config['ncas']), sum(mol_config['nelecas']))
        mc_uscc_ci.mo_coeff = las.mo_coeff
        mc_uscc_ci.fcisolver = lasuccsd.FCISolver_USCC(mol, a_idxs_selected, i_idxs_selected)
        mc_uscc_ci.fcisolver.norb_f = mol_config['ncas']
        fci = mc_uscc_ci.fcisolver
        las_ci0_f = cilas2f(las.ci, mol_config['ncas'], mol_config['nelecas'])

        norb = sum(mol_config['ncas']) # not sure about this
        nelec = sum(mol_config['nelecas']) # not sure about this
        norb_f = getattr (fci, 'norb_f', [norb])
        psi =  getattr (fci, 'psi', fci.build_psi (las_ci0_f, norb, norb_f, nelec, frozen=test_config['frozen']))
        
        if i < nc - 1:
            psi.x[psi.nconstr + i] = amplitude

        energy = psi.energy_tot(psi.x, [e_core, h1eff, h2eff])
        if energy < min_ci_eng:
            min_ci_eng = energy

        las_ucc_trial_cis.append(psi)
        
    
    S = np.zeros((nc, nc), dtype=np.complex128)
    H = np.zeros((nc, nc), dtype=np.complex128)
    h = [e_core, h1eff, h2eff]


    # Build S matrix incrementally, discarding linearly dependent CIs
    selected_indices = []
    S_inc = np.zeros((0, 0), dtype=np.complex128)
    threshold = 8e5  # You can adjust this threshold as needed

    for idx, psi in enumerate(las_ucc_trial_cis):
        # Build S matrix for current selection + this CI
        n_sel = len(selected_indices)
        S_new = np.zeros((n_sel + 1, n_sel + 1), dtype=np.complex128)
        # Fill previous block
        if n_sel > 0:
            S_new[:n_sel, :n_sel] = S_inc
            for j, jidx in enumerate(selected_indices):
                S_new[n_sel, j] = get_Sij(psi, las_ucc_trial_cis[jidx], h)
                S_new[j, n_sel] = get_Sij(las_ucc_trial_cis[jidx], psi, h)
        # Diagonal element
        S_new[n_sel, n_sel] = get_Sij(psi, psi, h)
        # Check condition number
        cond = np.linalg.cond(S_new)
        if cond < threshold:
            selected_indices.append(idx)
            S_inc = S_new
        else:
            if VERBOSE >= 1:
                print(f"Discarding CI {idx} due to linear dependence (cond={cond:.2e})")

    # Now, only keep selected CIs for S and H
    nc_sel = len(selected_indices)
    S = np.zeros((nc_sel, nc_sel), dtype=np.complex128)
    H = np.zeros((nc_sel, nc_sel), dtype=np.complex128)
    for i, idx_i in enumerate(selected_indices):
        for j, idx_j in enumerate(selected_indices):
            S[i, j], H[i, j] = get_Sij_Hij(las_ucc_trial_cis[idx_i], las_ucc_trial_cis[idx_j], h)

    if VERBOSE >= 0:
        print(f"Selected {nc_sel} CIs out of {nc} total CIs")
        print("Condition number of S matrix: ", np.linalg.cond(S))

    if VERBOSE >= 1:
        print("S matrix:")
        print_matrix(S)
        print("H matrix:")
        print_matrix(H)

    # print("min_ci_eng: ", min_ci_eng)
    eigvals, eigvecs = eigh(H, S)
    return eigvals[0], eigvecs[0], min_ci_eng   # Take the lowest eigenvalue as the energy



def test(mol_config, test_config,las, mol, mf):

    all_g, g_sel, a_idxs_selected_all, i_idxs_selected_all = grad.get_grad_exact(las, test_config['epsilon'])

    # if test_config['grad_test']:
    #     result['all_g'] = all_g
    result['all_g'] = all_g
    result['g_sel'] = g_sel

    a_idxs_selected_nn = []
    i_idxs_selected_nn = []
    
    nn_g = []
    if(test_config['nn']):
        nn_g, a_idxs_selected_nn, i_idxs_selected_nn = get_nn_excitations(a_idxs_selected_all, i_idxs_selected_all, all_g, mol_config)
        if test_config['grad_test']:
            result['nn_g'] = nn_g

    result['tot_excitation_count'] = len(a_idxs_selected_all)
    result['excitation_count_nn'] = len(a_idxs_selected_nn)

    #Computing energy through the LAS-UCC kernel using selected excitations
    #==========================================================================================
    
    a_idxs_selected = None
    i_idxs_selected = None

    if test_config['nn']:
        a_idxs_selected = a_idxs_selected_nn
        i_idxs_selected = i_idxs_selected_nn
    else:
        a_idxs_selected = a_idxs_selected_all
        i_idxs_selected = i_idxs_selected_all
    
    if VERBOSE >= 2:
        print("All selected excitations:")
        print_excitations(a_idxs_selected, i_idxs_selected)

    mc_uscc = mcscf.CASCI(mf, sum(mol_config['ncas']), sum(mol_config['nelecas']))
    mc_uscc.mo_coeff = las.mo_coeff

    
    mc_uscc.fcisolver = lasuccsd.FCISolver_USCC(mol, a_idxs_selected, i_idxs_selected)
    mc_uscc.fcisolver.norb_f = mol_config['ncas'] # number of orbitals in each fragment
    # easily hit the maximal memory limit
    mc_uscc.fcisolver.frozen = test_config['frozen'] if 'frozen' in test_config else None  
    mc_uscc.kernel(ci0 = cilas2f(las.ci, mol_config['ncas'], mol_config['nelecas']))
    if not mc_uscc.converged:
        print('Warning: kernel hasn\'t converged')
    
    if VERBOSE >= 1:
        print("MC-USCC amplitudes: ", mc_uscc.fcisolver.psi.x)

    result['las_uscc_eng'] =  mc_uscc.e_tot 
   
    if test_config['noci_test']:
        result['las_uscc_noci_eng'], result['las_uscc_noci_vec'], result['min_ci_eng'] = nci_test(a_idxs_selected, i_idxs_selected, test_config, mol_config, mol,las, mc_uscc, mf)
    
    return result
   



def batch_test(mol_config, test_configs):
    results = []

    # Initializing the molecule with RHF
    #===================================
    symmetry = None
    charge = None
    spin = None
    if 'symmetry' in mol_config:
        symmetry = mol_config['symmetry']
    if 'charge' in mol_config:
        charge = mol_config['charge']
    if 'spin' in mol_config:
        spin = mol_config['spin']

    mol = gto.M(atom=mol_config['xyz'], basis=mol_config['basis'], symmetry = symmetry,
        charge = charge, spin = spin, verbose=4, output=mol_config['output'])
    if 'HF' in mol_config and mol_config['HF'] == 'ROHF':
        mf = scf.ROHF(mol).run()
    else:
        mf = scf.RHF(mol).run()

    # Running LASSCF
    #===================================
    las = LASSCF(mf, mol_config['ncas'], mol_config['nelecas'], spin_sub=mol_config['spinsub'], ouput=None)
    mo_loc = las.localize_init_guess(mol_config['frag_atom_list'], mf.mo_coeff)
    las.kernel(mo_loc)
    
    ref = mcscf.CASCI(mf, sum(mol_config['ncas']), (6,4))
    ref.mo_coeff = las.mo_coeff
    ref.fix_spin_(ss=2) # triplet
    ref.kernel() 

    for test_config in test_configs:
        
        result = test(mol_config, test_config, las, mol, mf)
        results.append(result)
    
    return results, ref.e_tot, las.e_tot



def empty_adj(n):
    return [[0 for _ in range(n)] for _ in range(n)]

def circle_adj(n):
    return [[1 if abs(i - j) == 1 or abs(i - j) == n-1 else 0 for j in range(n)] for i in range(n)]


if __name__ == "__main__":


    data_dir = '../geom'

    with open(data_dir + '/h4.xyz', 'r', encoding='utf-8') as f:
        h4xyz = f.read()

    with open(data_dir + '/h6.xyz', 'r', encoding='utf-8') as f:
        h6xyz = f.read()

    with open(data_dir + '/h8.xyz', 'r', encoding='utf-8') as f:
        h8xyz = f.read()

    with open(data_dir + '/h10.xyz', 'r', encoding='utf-8') as f:
        h10xyz = f.read()


    with open(data_dir + '/c4.xyz', 'r', encoding='utf-8') as f:
        c4xyz = f.read()

    with open(data_dir + '/c6.xyz', 'r', encoding='utf-8') as f:
        c6xyz = f.read()

    with open(data_dir + '/c8.xyz', 'r', encoding='utf-8') as f:
        c8xyz = f.read()

    with open(data_dir + '/c10.xyz', 'r', encoding='utf-8') as f:
        c10xyz = f.read()

    with open(data_dir + '/stil-001.xyz', 'r', encoding='utf-8') as f:
        stil001xyz = f.read()

    with open(data_dir + '/stil-60.xyz', 'r', encoding='utf-8') as f:
        stil60xyz = f.read()

    with open(data_dir + '/stil-90.xyz', 'r', encoding='utf-8') as f:
        stil90xyz = f.read()

    with open(data_dir + '/stil-120.xyz', 'r', encoding='utf-8') as f:
        stil120xyz = f.read()

    with open(data_dir + '/stil-180.xyz', 'r', encoding='utf-8') as f:
        stil180xyz = f.read()       


    # with open(data_dir + '/kremer/kremer-geometry.xyz', 'r', encoding='utf-8') as f:
    #     kremer_xyz = f.read()

    # kremer_basis = {
    #     "Cr": "def2-tzvp",
    #     "O": "def2-svp",
    #     "N": "def2-svp",
    #     "C": "def2-svp",
    #     "H": "def2-svp",
    # }

    # kremer_def2 : MolConfig = {
    #     'name' : 'kremer_def2',
    #     'HF' : 'ROHF',
    #     'xyz' : kremer_xyz,
    #     'basis' : kremer_basis,
    #     'symmetry' : False,
    #     'charge' : 3,
    #     'spin' : 6,
    #     'ncas': [3,3],
    #     'nelecas': [[3,0],[0,3]],
    #     'spinsub': [4,4],
    #     'frag_atom_list': [[0],[1]]
    # }

    h4_sto3g : MolConfig = {
        'name': 'H4_STO3G',
        'xyz': h4xyz,
        'basis': 'sto-3g',
        'ncas': [2, 2],
        'nelecas': [2, 2],
        'spinsub': [1, 1],
        'frag_atom_list': ((0, 1), (2, 3)),
        'output': 'h4_sto3g.out',
    }


    stil_631g_001 : MolConfig = {
        'name': 'STIL_631G_001',
        'xyz': stil001xyz,
        'basis': '631g',
        'ncas': [4,2,4],
        'nelecas': [4,2,4],
        'spinsub': [1, 1, 1],
        'frag_atom_list': [ [1,2,3,4,5,6,15,16,17,18,19] , [0,7, 14,20] , [8,9,10,11,12,13, 21,22,23,24,25] ],
        'frag_spin_orb': {
            0: (0, 1, 2, 3,10,11,12,13),
            1: (4,5,14,15),
            2: (6,7,8,9,16,17,18,19)
        },
        'adj': empty_adj(3),
        'output' : 'stil_631g_001.out',
    }

    stil_631g_60 : MolConfig = {
        'name': 'STIL_631G_60',
        'xyz': stil60xyz,
        'basis': '631g',
        'ncas': [4,2,4],
        'nelecas': [4,2,4],
        'spinsub': [1, 1, 1],
        'frag_atom_list': [ [1,2,3,4,5,6,15,16,17,18,19] , [0,7, 14,20] , [8,9,10,11,12,13, 21,22,23,24,25] ],
        'frag_spin_orb': {
            0: (0, 1, 2, 3,10,11,12,13),
            1: (4,5,14,15),
            2: (6,7,8,9,16,17,18,19)
        },
        'adj': empty_adj(3),
        'output' : 'stil_631g_60.out',
    }

    stil_631g_90 : MolConfig = {
        'name': 'STIL_631G_90',
        'xyz': stil90xyz,
        'basis': '631g',
        'ncas': [4,2,4],
        'nelecas': [4,2,4],
        'spinsub': [1, 1, 1],
        'frag_atom_list': [ [1,2,3,4,5,6,15,16,17,18,19] , [0,7, 14,20] , [8,9,10,11,12,13, 21,22,23,24,25] ],
        'frag_spin_orb': {
            0: (0, 1, 2, 3,10,11,12,13),
            1: (4,5,14,15),
            2: (6,7,8,9,16,17,18,19)
        },
        'adj': empty_adj(3),
        'output' : 'stil_631g_90.out',
    }

    stil_631g_120 : MolConfig = {
        'name': 'STIL_631G_120',
        'xyz': stil120xyz,
        'basis': '631g',
        'ncas': [4,2,4],
        'nelecas': [4,2,4],
        'spinsub': [1, 1, 1],
        'frag_atom_list': [ [1,2,3,4,5,6,15,16,17,18,19] , [0,7, 14,20] , [8,9,10,11,12,13, 21,22,23,24,25] ],
        'frag_spin_orb': {
            0: (0, 1, 2, 3,10,11,12,13),
            1: (4,5,14,15),
            2: (6,7,8,9,16,17,18,19)
        },
        'adj': empty_adj(3),
        'output' : 'stil_631g_120.out',
    }


    stil_631g_180 : MolConfig = {
        'name': 'STIL_631G_180',
        'xyz': stil180xyz,
        'basis': '631g',
        'ncas': [4,2,4],
        'nelecas': [4,2,4],
        'spinsub': [1, 1, 1],
        'frag_atom_list': [ [1,2,3,4,5,6,15,16,17,18,19] , [0,7, 14,20] , [8,9,10,11,12,13, 21,22,23,24,25] ],
        'frag_spin_orb': {
            0: (0, 1, 2, 3,10,11,12,13),
            1: (4,5,14,15),
            2: (6,7,8,9,16,17,18,19)
        },
        'adj': empty_adj(3),
        'output' : 'stil_631g_180.out',
    }

    # triplet stil
    stil_triplet_631g_001 = copy.deepcopy(stil_631g_001)
    stil_triplet_631g_001['spinsub'] = [1,3,1]

    stil_triplet_631g_60 = copy.deepcopy(stil_631g_60)
    stil_triplet_631g_60['spinsub'] = [1,3,1]
    stil_triplet_631g_90 = copy.deepcopy(stil_631g_90)
    stil_triplet_631g_90['spinsub'] = [1,3,1]
    stil_triplet_631g_120 = copy.deepcopy(stil_631g_120)
    stil_triplet_631g_120['spinsub'] = [1,3,1]
    stil_triplet_631g_180 = copy.deepcopy(stil_631g_180)
    stil_triplet_631g_180['spinsub'] = [1,3,1]
    

    # This c4 is too small, and I observed numericall error, that H and S have all identical
    # entries however the NOCI energy is lower 
    c4_631g : MolConfig = {
        'name': 'C4_631G',
        'xyz': c4xyz,
        'basis': '631g',
        'ncas': [2,2],
        'nelecas': [2,2],
        'spinsub': [1,1],
        'frag_atom_list':  [[0,2], [3,1]],
        'frag_spin_orb': {
            0: (0,1,4,5),
            1: (2,3,6,7),
        },
        'adj': circle_adj(2), # not sure about this
        'output': 'c4_631g.out',
    }

    c6_631 : MolConfig = {
        'name': 'C6_631G',
        'xyz': c6xyz,
        'basis': '631g',
        'ncas': [2,2,2],
        'nelecas': [2,2,2],
        'spinsub': [1,1,1],
        'frag_atom_list': [[0,2], [10,11], [3,1]], # not sure about this
        'frag_spin_orb': {
            0: (0,1,6,7),
            1: (2,3,8,9),
            2: (4,5,10,11),
        },
        'adj': circle_adj(3),
        'output': 'c6_631g.out',
    }


    c8_631 : MolConfig = {
        'name': 'C8_631G',
        'xyz': c8xyz,
        'basis': '631g',
        'ncas': [2,2,2,2],
        'nelecas': [2,2,2,2],
        'spinsub': [1,1,1,1],
        'frag_atom_list': [[0,2], [10,12], [13,11], [3,1]], 
        'frag_spin_orb': {
            0: (0,1,8,9),
            1: (2,3,10,11),
            2: (4,5,12,13),
            3: (6,7,14,15),
        },
        'adj': circle_adj(3),
        'output': 'c8_631g.out',
    }


    c10_631g : MolConfig = {
        'name': 'C10_631G',
        'xyz': c10xyz,
        'basis': '631g',
        'ncas': [2,2,2,2,2],
        'nelecas': [2,2,2,2,2],
        'spinsub': [1,1,1,1,1],
        'frag_atom_list': [[0,2], [10,12], [18,19], [13,11], [3,1]],
        'frag_spin_orb': {
            0: (0,1,10,11),
            1: (2,3,12,13),
            2: (4,5,14,15),
            3: (6,7,16,17),
            4: (8,9,18,19)
        },
        'adj': circle_adj(5),
        'output': 'c10_631g.out',
    }

    mol_configs = [stil_triplet_631g_120]
    # mol_configs = [h4_sto3g]



    nosi_test_01 : TestConfig = {
        'epsilon': 0.01,
        'nn': False,
        'init_method': 'uscc_opt',
        'frozen': 'CI',
        'grad_test': False,
        'noci_test': True
    }
        
    # noci_test_001 = copy.deepcopy(noci_test_01)
    # noci_test_001['epsilon'] = 0.001

    # noci_test_0001 = copy.deepcopy(noci_test_01)
    # noci_test_0001['epsilon'] = 0.0001

    # eps = np.array([0.0076, 0.005015, 0.00297421, 0.00252])
    eps = np.array([0.005015])

    nosi_tests = []
    for thre in eps:
        nosi_test = copy.deepcopy(nosi_test_01)
        nosi_test['epsilon'] = thre
        nosi_tests.append(nosi_test)


    for mol_conf in mol_configs:
        print(f"Molecule {mol_conf['name']}: ")
        mol_results, ref_energy, las_energy = batch_test(mol_conf, nosi_tests)
        
        print(f"CASCI energy: {ref_energy:.17f}")
        print(f"LASSCF energy: {las_energy:.17f}")
        for result in mol_results:
            print(f"Total excitations: {len(result['all_g'])}")
            print(f"Selected excitations: {len(result['g_sel'])}")
            
            # print(f"NN excitations: {result['excitation_count_nn']}")

            if 'las_uscc_eng' in result:
                print(f"LAS-USCCSD-VQE energy: {result['las_uscc_eng']:.17f}")
            if 'las_uscc_noci_eng' in result:
                print(f"LAS-USCCSD-NOSI energy: {result['las_uscc_noci_eng']:.17f}")
            # if 'tot_g' in result:
            #     print(f"Total gradient norm: {np.linalg.norm(result['tot_g']):.17f}")
            # if 'nn_g' in result:
            #     print(f"NN gradient norm: {np.linalg.norm(result['nn_g']):.17f}")
            if 'las_uscc_noci_vec' in result:
                print("NOSI vector: ", result['las_uscc_noci_vec'])
            if 'min_ci_eng' in result:
                print(f"Minimum State energy: {result['min_ci_eng']:.17f}")
            print("\n")
        
        print("\n\n")
#INFO: ******************** input file end ********************


System: uname_result(system='Linux', node='midway3-0554.rcc.local', release='4.18.0-305.3.1.el8.x86_64', version='#1 SMP Tue Jun 1 16:14:33 UTC 2021', machine='x86_64')  Threads 16
Python 3.9.19 | packaged by conda-forge | (main, Mar 20 2024, 12:50:21) 
[GCC 12.3.0]
numpy 2.0.2  scipy 1.13.1  h5py 3.14.0
Date: Sat Nov  8 08:15:57 2025
PySCF version 2.9.0
PySCF path  /home/tuy/repo/.venv/lib/python3.9/site-packages/pyscf
mrh path  /home/tuy/repo/mrh
GIT ORIG_HEAD b98c29c0816fd226852111a125e579215dc0ac5e
GIT HEAD (branch master) b49e04f5f5ffc1c27967a615ccab8ecdf1806538

[CONFIG] conf_file None
[INPUT] verbose = 4
[INPUT] num. atoms = 26
[INPUT] num. electrons = 96
[INPUT] charge = 0
[INPUT] spin (= nelec alpha-beta = 2S) = 0
[INPUT] symmetry False subgroup None
[INPUT] Mole.unit = angstrom
[INPUT] Symbol           X                Y                Z      unit          X                Y                Z       unit  Magmom
[INPUT]  1 C      0.544837780000  -0.430333830000   1.035675590000 AA    1.029594186516  -0.813213080835   1.957143218997 Bohr   0.0
[INPUT]  2 C      1.818907280000  -0.156527940000   0.455360820000 AA    3.437236605178  -0.295794937442   0.860507237657 Bohr   0.0
[INPUT]  3 C      2.034537190000   0.981126610000  -0.347220860000 AA    3.844718079342   1.854060586423  -0.656152330136 Bohr   0.0
[INPUT]  4 C      3.262205700000   1.213395520000  -0.932289630000 AA    6.164675334995   2.292985213574  -1.761772069472 Bohr   0.0
[INPUT]  5 C      4.306272280000   0.310906880000  -0.762124700000 AA    8.137675227006   0.587528853443  -1.440206955766 Bohr   0.0
[INPUT]  6 C      4.109097360000  -0.829263670000   0.009033000000 AA    7.765068629573  -1.567081221352   0.017069896083 Bohr   0.0
[INPUT]  7 C      2.890958850000  -1.056474580000   0.614257760000 AA    5.463120463888  -1.996447613765   1.160778936289 Bohr   0.0
[INPUT]  8 C     -0.544629780000   0.427349830000   1.036584590000 AA   -1.029201123482   0.807574138079   1.958860980045 Bohr   0.0
[INPUT]  9 C     -1.818835280000   0.155253940000   0.455798820000 AA   -3.437100544897   0.293387426360   0.861334937700 Bohr   0.0
[INPUT] 10 C     -2.035210190000  -0.981138610000  -0.348369860000 AA   -3.845989865024  -1.854083263136  -0.658323625453 Bohr   0.0
[INPUT] 11 C     -3.262988700000  -1.211729520000  -0.933860630000 AA   -6.166154990551  -2.289836929851  -1.764740829214 Bohr   0.0
[INPUT] 12 C     -4.306447280000  -0.308757880000  -0.762501700000 AA   -8.138005929078  -0.583467832001  -1.440919382515 Bohr   0.0
[INPUT] 13 C     -4.108533360000   0.830178670000   0.010287000000 AA   -7.764002824039   1.568810320756   0.019439612643 Bohr   0.0
[INPUT] 14 C     -2.890280850000   1.055699580000   0.615917750000 AA   -5.461839229575   1.994983076018   1.163915862758 Bohr   0.0
[INPUT] 15 H      0.440199820000  -1.403890440000   1.515571400000 AA    0.831857099883  -2.652968440495   2.864014868224 Bohr   0.0
[INPUT] 16 H      1.207027520000   1.657908340000  -0.523185790000 AA    2.280951437613   3.132992702232  -0.988677855364 Bohr   0.0
[INPUT] 17 H      3.405228640000   2.092668170000  -1.547810380000 AA    6.434949521125   3.954569710895  -2.924937710959 Bohr   0.0
[INPUT] 18 H      5.259586900000   0.484439810000  -1.243859500000 AA    9.939178769350   0.915458564736  -2.350553792438 Bohr   0.0
[INPUT] 19 H      4.915585040000  -1.539995390000   0.138236940000 AA    9.289109467609  -2.910169520193   0.261229956898 Bohr   0.0
[INPUT] 20 H      2.741785910000  -1.942319230000   1.220759510000 AA    5.181224462091  -3.670451391176   2.306901137858 Bohr   0.0
[INPUT] 21 H     -0.439115820000   1.400454440000   1.517238400000 AA   -0.829808636764   2.646475341531   2.867165041673 Bohr   0.0
[INPUT] 22 H     -1.208158520000  -1.658257340000  -0.525200790000 AA   -2.283088717860  -3.133652216650  -0.992485653505 Bohr   0.0
[INPUT] 23 H     -3.406572640000  -2.090042170000  -1.550619380000 AA   -6.437489313037  -3.949607290092  -2.930245951643 Bohr   0.0
[INPUT] 24 H     -5.259846900000  -0.480949810000  -1.244546500000 AA   -9.939670098143  -0.908863420562  -2.351852034286 Bohr   0.0
[INPUT] 25 H     -4.914535040000   1.541286390000   0.140443940000 AA   -9.287125255178   2.912609156620   0.265400582455 Bohr   0.0
[INPUT] 26 H     -2.740544910000   1.940585230000   1.223677510000 AA   -5.178879311971   3.667174606076   2.312415358690 Bohr   0.0

nuclear repulsion = 744.973143804668
number of shells = 94
number of NR pGTOs = 356
number of NR cGTOs = 150
basis = 631g
ecp = {}
CPU time:         4.09


******** <class 'pyscf.scf.hf.RHF'> ********
method = RHF
initial guess = minao
damping factor = 0
level_shift factor = 0
DIIS = <class 'pyscf.scf.diis.CDIIS'>
diis_start_cycle = 1
diis_space = 8
diis_damp = 0
SCF conv_tol = 1e-09
SCF conv_tol_grad = None
SCF max_cycles = 50
direct_scf = True
direct_scf_tol = 1e-13
chkfile to save SCF result = /scratch/local/jobs/39884871/tmps1w_1zli
max_memory 4000 MB (current use 92 MB)
Set gradient conv threshold to 3.16228e-05
Initial guess from minao.
init E= -541.571467098477
  HOMO = -0.134995176156046  LUMO = -0.0546384580553097
cycle= 1 E= -536.754623561074  delta_E= 4.82  |g|= 0.543  |ddm|= 5.08
  HOMO = -0.251190298627187  LUMO = 0.0107050885380754
cycle= 2 E= -536.875470774338  delta_E= -0.121  |g|= 0.146  |ddm|= 1.26
  HOMO = -0.223458692840826  LUMO = 0.0500544199411805
cycle= 3 E= -536.884586802361  delta_E= -0.00912  |g|= 0.0482  |ddm|= 0.403
  HOMO = -0.237357747522432  LUMO = 0.0398644518644804
cycle= 4 E= -536.88545791375  delta_E= -0.000871  |g|= 0.0141  |ddm|= 0.104
  HOMO = -0.237042827159233  LUMO = 0.0417368242648026
cycle= 5 E= -536.885556302752  delta_E= -9.84e-05  |g|= 0.00487  |ddm|= 0.025
  HOMO = -0.237522077560545  LUMO = 0.0425618105445238
cycle= 6 E= -536.8855809494  delta_E= -2.46e-05  |g|= 0.00141  |ddm|= 0.0158
  HOMO = -0.237802689846874  LUMO = 0.0428955727713966
cycle= 7 E= -536.885584190987  delta_E= -3.24e-06  |g|= 0.000484  |ddm|= 0.00633
  HOMO = -0.237917243580572  LUMO = 0.0429365707434908
cycle= 8 E= -536.885584415844  delta_E= -2.25e-07  |g|= 0.000112  |ddm|= 0.00178
  HOMO = -0.2379307624978  LUMO = 0.0429535808750937
cycle= 9 E= -536.885584426744  delta_E= -1.09e-08  |g|= 3.62e-05  |ddm|= 0.000404
  HOMO = -0.237932283317214  LUMO = 0.0429550119119573
cycle= 10 E= -536.885584427366  delta_E= -6.22e-10  |g|= 1.38e-05  |ddm|= 7.39e-05
  HOMO = -0.237933747660237  LUMO = 0.0429539264882883
Extra cycle  E= -536.885584427468  delta_E= -1.02e-10  |g|= 7.38e-06  |ddm|= 3.39e-05
converged SCF energy = -536.885584427468

******** LASSCF flags ********
CAS (5e+5e, 10o), ncore = 43, nvir = 97
Divided into 3 LAS spaces
LAS 0 : (2e+2e, 4o)
LAS 1 : (1e+1e, 2o)
LAS 2 : (2e+2e, 4o)
nroots = 1
max_cycle_macro = 50
max_cycle_micro = 5
conv_tol_grad = 0.0001
max_memory 4000 MB (current use 721 MB)
fragment 0 FCI solver flags:
******** <class 'mrh.my_pyscf.mcscf.addons.get_h1e_zipped_fcisolver.<locals>.FCISolver'> ********
max. cycles = 100
conv_tol = 1e-10
davidson only = False
linear dependence = 1e-14
level shift = 0.001
max iter space = 12
max_memory 4000 MB
nroots = 1
pspace_size = 200
spin = 0
State-average over 1 states with weights [1.0]
fragment 1 FCI solver flags:
******** <class 'mrh.my_pyscf.mcscf.addons.get_h1e_zipped_fcisolver.<locals>.FCISolver'> ********
max. cycles = 100
conv_tol = 1e-10
davidson only = False
linear dependence = 1e-14
level shift = 0.001
max iter space = 12
max_memory 4000 MB
nroots = 1
pspace_size = 200
spin = 0
State-average over 1 states with weights [1.0]
fragment 2 FCI solver flags:
******** <class 'mrh.my_pyscf.mcscf.addons.get_h1e_zipped_fcisolver.<locals>.FCISolver'> ********
max. cycles = 100
conv_tol = 1e-10
davidson only = False
linear dependence = 1e-14
level shift = 0.001
max iter space = 12
max_memory 4000 MB
nroots = 1
pspace_size = 200
spin = 0
State-average over 1 states with weights [1.0]
LASCI subspace 0 with no orbsym information
LASCI subspace 1 with no orbsym information
LASCI subspace 2 with no orbsym information
LASCI subspace CI energies: [np.float64(-3.0714321893895065), np.float64(-0.9881692444823245), np.float64(-3.0714340864236256)]
LASCI macro 0 : E = -536.774376242004 ; |g_int| = 0.334715671315704 ; |g_ci| = 0.000264588126275193 ; |g_x| = 0
LASCI micro 1 : |x_orb| = 0.626945235011377 ; |x_ci| = 0.00947473470508839
LASCI micro 2 : |x_orb| = 0.636421341009431 ; |x_ci| = 0.019475138834495
LASCI micro 3 : |x_orb| = 0.645701416960965 ; |x_ci| = 0.00315230743400024
LASCI micro 4 : |x_orb| = 0.654895622058678 ; |x_ci| = 0.0159509196399809
LASCI micro 5 : |x_orb| = 0.655525890794301 ; |x_ci| = 0.0145159576544281
LASCI subspace 0 with no orbsym information
LASCI subspace 1 with no orbsym information
LASCI subspace 2 with no orbsym information
LASCI subspace CI energies: [np.float64(-3.0808883985610316), np.float64(-1.017766230698029), np.float64(-3.0808874514256432)]
LASCI macro 1 : E = -536.901461195837 ; |g_int| = 0.159535228197943 ; |g_ci| = 5.98709302617768e-05 ; |g_x| = 0
LASCI micro 1 : |x_orb| = 0.247998245588131 ; |x_ci| = 0.00503696993572285
LASCI micro 2 : |x_orb| = 0.248123804928335 ; |x_ci| = 0.0052592933899207
LASCI micro 3 : |x_orb| = 0.256856998125417 ; |x_ci| = 0.00709334150041946
LASCI micro 4 : |x_orb| = 0.258361606771808 ; |x_ci| = 0.0088650160816271
LASCI micro 5 : |x_orb| = 0.259666118077352 ; |x_ci| = 0.00936068154095906
LASCI subspace 0 with no orbsym information
LASCI subspace 1 with no orbsym information
LASCI subspace 2 with no orbsym information
LASCI subspace CI energies: [np.float64(-3.0823949855041834), np.float64(-0.9920389179766376), np.float64(-3.082392232498152)]
LASCI macro 2 : E = -536.926033306021 ; |g_int| = 0.0825166198500444 ; |g_ci| = 2.37593702148406e-06 ; |g_x| = 0
LASCI micro 1 : |x_orb| = 0.39317502989894 ; |x_ci| = 0.00947621055509735
LASCI micro 2 : |x_orb| = 0.459826749015475 ; |x_ci| = 0.0207029163980441
LASCI micro 3 : |x_orb| = 0.471751713320943 ; |x_ci| = 0.0251764087856912
LASCI micro 4 : |x_orb| = 0.489265851025848 ; |x_ci| = 0.029033059224569
LASCI micro 5 : |x_orb| = 0.482875342458481 ; |x_ci| = 0.0302839053018294
LASCI subspace 0 with no orbsym information
LASCI subspace 1 with no orbsym information
LASCI subspace 2 with no orbsym information
LASCI subspace CI energies: [np.float64(-3.0881455875040205), np.float64(-0.9740208904478216), np.float64(-3.0881416065208924)]
LASCI macro 3 : E = -536.940235764887 ; |g_int| = 0.0408513861887934 ; |g_ci| = 5.61374766842263e-06 ; |g_x| = 0
LASCI micro 1 : |x_orb| = 0.296632677325486 ; |x_ci| = 0.00455120510710088
LASCI micro 2 : |x_orb| = 0.600765012724071 ; |x_ci| = 0.0310072143649353
LASCI micro 3 : |x_orb| = 0.602102653714185 ; |x_ci| = 0.0313244380581
LASCI micro 4 : |x_orb| = 3.98959681473266 ; |x_ci| = 0.145978887967198
Unstable microiteration aborted: ||x(n)|| > 10*||x(0)||
LASCI subspace 0 with no orbsym information
LASCI subspace 1 with no orbsym information
LASCI subspace 2 with no orbsym information
LASCI subspace CI energies: [np.float64(-3.106519082829562), np.float64(-0.948053504401303), np.float64(-3.106526981039959)]
LASCI macro 4 : E = -536.945716447602 ; |g_int| = 0.0233849975410638 ; |g_ci| = 1.45946410442997e-05 ; |g_x| = 0
LASCI micro 1 : |x_orb| = 0.871951616011461 ; |x_ci| = 0.0171580475927898
LASCI micro 2 : |x_orb| = 1.39592939690252 ; |x_ci| = 0.046717224713205
LASCI micro 3 : |x_orb| = 16.8285118181983 ; |x_ci| = 0.0899944671480001
Unstable microiteration aborted: |x[i]| > pi/2
New energy (-536.9452760150201) is higher than keyframe energy (-536.9457164476015)
Attempt 1 of 3 to scale down trial step vector
LASCI subspace 0 with no orbsym information
LASCI subspace 1 with no orbsym information
LASCI subspace 2 with no orbsym information
LASCI subspace CI energies: [np.float64(-3.1570846376765918), np.float64(-0.9371891449629326), np.float64(-3.1571115949005053)]
LASCI macro 5 : E = -536.949705564938 ; |g_int| = 0.0196909779181814 ; |g_ci| = 8.49180738652897e-06 ; |g_x| = 0
LASCI micro 1 : |x_orb| = 0.340587941758181 ; |x_ci| = 0.00714049555100969
LASCI micro 2 : |x_orb| = 0.351836880192967 ; |x_ci| = 0.00930012143023885
LASCI micro 3 : |x_orb| = 0.80318094619037 ; |x_ci| = 0.0233580721751334
LASCI micro 4 : |x_orb| = 0.803403900664603 ; |x_ci| = 0.0233244776493831
LASCI micro 5 : |x_orb| = 0.89632218290348 ; |x_ci| = 0.0291796855222863
LASCI subspace 0 with no orbsym information
LASCI subspace 1 with no orbsym information
LASCI subspace 2 with no orbsym information
LASCI subspace CI energies: [np.float64(-3.2466715545938545), np.float64(-0.928603757153422), np.float64(-3.246693166159022)]
LASCI macro 6 : E = -536.952581970485 ; |g_int| = 0.00901603185465163 ; |g_ci| = 8.56302218121359e-06 ; |g_x| = 0
LASCI micro 1 : |x_orb| = 0.0247651416794359 ; |x_ci| = 0.00040231290613114
LASCI micro 2 : |x_orb| = 0.0282536875492031 ; |x_ci| = 0.00109617909979652
LASCI micro 3 : |x_orb| = 0.0320425067595695 ; |x_ci| = 0.000476689360531223
LASCI micro 4 : |x_orb| = 0.0316441052161654 ; |x_ci| = 0.00086405200194657
LASCI micro 5 : |x_orb| = 0.0319591003783153 ; |x_ci| = 0.000687151386331825
LASCI subspace 0 with no orbsym information
LASCI subspace 1 with no orbsym information
LASCI subspace 2 with no orbsym information
LASCI subspace CI energies: [np.float64(-3.244678189061055), np.float64(-0.9260310069530833), np.float64(-3.2446903769021835)]
LASCI macro 7 : E = -536.952652516134 ; |g_int| = 0.00455318719855886 ; |g_ci| = 7.00264252439114e-06 ; |g_x| = 0
LASCI micro 1 : |x_orb| = 0.0135223263517211 ; |x_ci| = 0.000269549152910642
LASCI micro 2 : |x_orb| = 0.0170793811976981 ; |x_ci| = 0.000804836705848697
LASCI micro 3 : |x_orb| = 0.0191514405658447 ; |x_ci| = 0.000327910865492336
LASCI micro 4 : |x_orb| = 0.0203252148260051 ; |x_ci| = 0.000749016775179251
LASCI micro 5 : |x_orb| = 0.0206140544776867 ; |x_ci| = 0.000544726554555557
LASCI subspace 0 with no orbsym information
LASCI subspace 1 with no orbsym information
LASCI subspace 2 with no orbsym information
LASCI subspace CI energies: [np.float64(-3.243945902246687), np.float64(-0.924337459803156), np.float64(-3.2439515822544727)]
LASCI macro 8 : E = -536.952673734763 ; |g_int| = 0.00236056947100145 ; |g_ci| = 5.46207317112267e-06 ; |g_x| = 0
LASCI micro 1 : |x_orb| = 0.00909800455555478 ; |x_ci| = 0.00020219313932521
LASCI micro 2 : |x_orb| = 0.0145030132351841 ; |x_ci| = 0.000709756311499687
LASCI micro 3 : |x_orb| = 0.0165353029822591 ; |x_ci| = 0.000342940853965785
LASCI micro 4 : |x_orb| = 0.0203003105740026 ; |x_ci| = 0.000761917096918864
LASCI micro 5 : |x_orb| = 0.0213531542616936 ; |x_ci| = 0.000540033301361186
LASCI subspace 0 with no orbsym information
LASCI subspace 1 with no orbsym information
LASCI subspace 2 with no orbsym information
LASCI subspace CI energies: [np.float64(-3.2438709129060728), np.float64(-0.9232350587141379), np.float64(-3.243871878244435)]
LASCI macro 9 : E = -536.952682290769 ; |g_int| = 0.0013147530592843 ; |g_ci| = 4.3990805002226e-06 ; |g_x| = 0
LASCI micro 1 : |x_orb| = 0.00819173513378167 ; |x_ci| = 0.000177501670846044
LASCI micro 2 : |x_orb| = 0.0163245887246132 ; |x_ci| = 0.000694338302322968
LASCI micro 3 : |x_orb| = 0.02048463682758 ; |x_ci| = 0.000362941324834942
LASCI micro 4 : |x_orb| = 0.0238852742135063 ; |x_ci| = 0.00068557423718169
LASCI micro 5 : |x_orb| = 0.0275121107582828 ; |x_ci| = 0.000454648309025561
LASCI subspace 0 with no orbsym information
LASCI subspace 1 with no orbsym information
LASCI subspace 2 with no orbsym information
LASCI subspace CI energies: [np.float64(-3.244064135495622), np.float64(-0.9227600666398215), np.float64(-3.2440622801939245)]
LASCI macro 10 : E = -536.952687842841 ; |g_int| = 0.00087412217967128 ; |g_ci| = 2.78275944707575e-06 ; |g_x| = 0
LASCI micro 1 : |x_orb| = 0.0075481806543696 ; |x_ci| = 0.000150636475107519
LASCI micro 2 : |x_orb| = 0.0152354187782211 ; |x_ci| = 0.000547896662769292
LASCI micro 3 : |x_orb| = 0.0185339794257386 ; |x_ci| = 0.000293885967470221
LASCI micro 4 : |x_orb| = 0.020062051870145 ; |x_ci| = 0.000482887201525599
LASCI micro 5 : |x_orb| = 0.0247400424696869 ; |x_ci| = 0.000437403217072346
LASCI subspace 0 with no orbsym information
LASCI subspace 1 with no orbsym information
LASCI subspace 2 with no orbsym information
LASCI subspace CI energies: [np.float64(-3.244219341748386), np.float64(-0.9229840732683433), np.float64(-3.244217861822702)]
LASCI macro 11 : E = -536.952691324802 ; |g_int| = 0.000633369424031724 ; |g_ci| = 7.50365363925456e-07 ; |g_x| = 0
LASCI micro 1 : |x_orb| = 0.00555833747326028 ; |x_ci| = 0.00010738252941484
LASCI micro 2 : |x_orb| = 0.0113138449032533 ; |x_ci| = 0.000397092316825638
LASCI micro 3 : |x_orb| = 0.0139208552768943 ; |x_ci| = 0.00022947165714237
LASCI micro 4 : |x_orb| = 0.014683594722346 ; |x_ci| = 0.000349432782701212
LASCI micro 5 : |x_orb| = 0.0188786031878322 ; |x_ci| = 0.000401508861672893
LASCI subspace 0 with no orbsym information
LASCI subspace 1 with no orbsym information
LASCI subspace 2 with no orbsym information
LASCI subspace CI energies: [np.float64(-3.244267355506698), np.float64(-0.9228060380848732), np.float64(-3.244264826311378)]
LASCI macro 12 : E = -536.952693190864 ; |g_int| = 0.000499938603257298 ; |g_ci| = 2.89887943955995e-07 ; |g_x| = 0
LASCI micro 1 : |x_orb| = 0.00329555750208153 ; |x_ci| = 6.64642012095939e-05
LASCI micro 2 : |x_orb| = 0.00741849720084347 ; |x_ci| = 0.000282530214970062
LASCI micro 3 : |x_orb| = 0.0090084503684958 ; |x_ci| = 0.000166354920711861
LASCI micro 4 : |x_orb| = 0.00965126627536405 ; |x_ci| = 0.000258322571044852
LASCI micro 5 : |x_orb| = 0.0114375619563041 ; |x_ci| = 0.000182241471733102
LASCI subspace 0 with no orbsym information
LASCI subspace 1 with no orbsym information
LASCI subspace 2 with no orbsym information
LASCI subspace CI energies: [np.float64(-3.2444271202054304), np.float64(-0.923008556774342), np.float64(-3.2444249151215514)]
LASCI macro 13 : E = -536.952694066399 ; |g_int| = 0.000396758757710808 ; |g_ci| = 8.55946718447809e-08 ; |g_x| = 0
LASCI micro 1 : |x_orb| = 0.00232347472280864 ; |x_ci| = 4.13610431394819e-05
LASCI micro 2 : |x_orb| = 0.00610528260739493 ; |x_ci| = 0.000217604827325192
LASCI micro 3 : |x_orb| = 0.00741510770572678 ; |x_ci| = 0.000125657490065975
LASCI micro 4 : |x_orb| = 0.00780243476102717 ; |x_ci| = 0.000187668951290408
LASCI micro 5 : |x_orb| = 0.0090070582379602 ; |x_ci| = 0.000122382022371701
LASCI subspace 0 with no orbsym information
LASCI subspace 1 with no orbsym information
LASCI subspace 2 with no orbsym information
LASCI subspace CI energies: [np.float64(-3.244419262651249), np.float64(-0.9228700363146783), np.float64(-3.244416412481841)]
LASCI macro 14 : E = -536.952694577558 ; |g_int| = 0.00028485167870495 ; |g_ci| = 6.45938206475601e-08 ; |g_x| = 0
LASCI micro 1 : |x_orb| = 0.00169345130594655 ; |x_ci| = 2.92210818994762e-05
LASCI micro 2 : |x_orb| = 0.00456864003848395 ; |x_ci| = 0.000158999225438175
LASCI micro 3 : |x_orb| = 0.00548295074562658 ; |x_ci| = 8.55992968762579e-05
LASCI micro 4 : |x_orb| = 0.00574347495906678 ; |x_ci| = 0.000129554640849959
LASCI micro 5 : |x_orb| = 0.0063614676978939 ; |x_ci| = 7.89336695404597e-05
LASCI subspace 0 with no orbsym information
LASCI subspace 1 with no orbsym information
LASCI subspace 2 with no orbsym information
LASCI subspace CI energies: [np.float64(-3.2445393777090343), np.float64(-0.9229946885044534), np.float64(-3.2445366649037264)]
LASCI macro 15 : E = -536.952694854308 ; |g_int| = 0.000206735868357093 ; |g_ci| = 9.62306633984185e-08 ; |g_x| = 0
LASCI micro 1 : |x_orb| = 0.0014164289816045 ; |x_ci| = 2.35959972104345e-05
LASCI micro 2 : |x_orb| = 0.00377932380255699 ; |x_ci| = 0.00012407564574168
LASCI micro 3 : |x_orb| = 0.00459107005493328 ; |x_ci| = 6.68436812824685e-05
LASCI micro 4 : |x_orb| = 0.00471608478216705 ; |x_ci| = 9.37089194794778e-05
LASCI micro 5 : |x_orb| = 0.00544535386521153 ; |x_ci| = 8.19749724517688e-05
LASCI subspace 0 with no orbsym information
LASCI subspace 1 with no orbsym information
LASCI subspace 2 with no orbsym information
LASCI subspace CI energies: [np.float64(-3.244526829297321), np.float64(-0.9229199842293356), np.float64(-3.2445237700828775)]
LASCI macro 16 : E = -536.952695025683 ; |g_int| = 0.000161759451969041 ; |g_ci| = 5.7962404836905e-08 ; |g_x| = 0
LASCI subspace 0 with no orbsym information
LASCI subspace 1 with no orbsym information
LASCI subspace 2 with no orbsym information
LASCI subspace CI energies: [np.float64(-3.2445317626714596), np.float64(-0.9229399529694973), np.float64(-3.2445287096677164)]
LASCI macro 17 : E = -536.952695041409 ; |g_int| = 8.25198657174179e-05 ; |g_ci| = 1.20386267731857e-08 ; |g_x| = 0
LASCI converged after 18 cycles
LASCI E = -536.952695041409 ; |g_int| = 8.25198657174179e-05 ; |g_ci| = 1.20386267731857e-08 ; |g_ext| = 0
Fragment 0 natural orbitals
Natural occ [1.94583712 1.93659532 0.06411708 0.05345049]
Natural orbital (expansion on AOs) in CAS space
               #1        #2        #3        #4       
0 C 1s          -0.00005  -0.00072   0.00068   0.00013
0 C 2s           0.00070  -0.00120   0.00084   0.00050
0 C 3s          -0.00707   0.02375  -0.02419  -0.01006
0 C 2px          0.01656   0.00295  -0.00288   0.02704
0 C 2py          0.02247  -0.00011   0.00079   0.03650
0 C 2pz          0.04698   0.00427  -0.00265   0.07227
0 C 3px          0.00442   0.00194  -0.00657   0.04709
0 C 3py          0.01048   0.01393  -0.01641   0.06956
0 C 3pz          0.02771   0.00378  -0.00907   0.11971
1 C 1s          -0.00109  -0.00029   0.00010   0.00179
1 C 2s           0.00209   0.00140  -0.00073  -0.00396
1 C 3s           0.00514  -0.00451  -0.00660  -0.01468
1 C 2px          0.03724   0.00430   0.00541  -0.04094
1 C 2py          0.07267   0.00962   0.00941  -0.08116
1 C 2pz          0.11598   0.01201   0.01713  -0.13251
1 C 3px          0.02847   0.01205  -0.00920  -0.04995
1 C 3py          0.06532  -0.00246   0.02308  -0.10396
1 C 3pz          0.11097   0.00599   0.03126  -0.15304
2 C 1s          -0.00043   0.00031  -0.00085  -0.00005
2 C 2s           0.00005   0.00022  -0.00032  -0.00093
2 C 3s           0.00777  -0.00146   0.01381   0.00250
2 C 2px          0.00414  -0.07285   0.09052   0.00454
2 C 2py          0.01086  -0.14145   0.17331   0.00996
2 C 2pz          0.01631  -0.21451   0.26190   0.02251
2 C 3px          0.01542  -0.06580   0.10944  -0.00985
2 C 3py          0.02201  -0.11976   0.17667  -0.02348
2 C 3pz          0.03702  -0.17477   0.27716  -0.01915
3 C 1s           0.00130   0.00094   0.00123  -0.00136
3 C 2s          -0.00246  -0.00215  -0.00243   0.00239
3 C 3s          -0.00835   0.00367  -0.02057   0.01449
3 C 2px         -0.07351  -0.08698  -0.12719   0.11816
3 C 2py         -0.12460  -0.14719  -0.21989   0.19474
3 C 2pz         -0.19881  -0.23296  -0.34752   0.31088
3 C 3px         -0.05194  -0.06992  -0.08556   0.08883
3 C 3py         -0.08708  -0.11719  -0.14573   0.14647
3 C 3pz         -0.14396  -0.18400  -0.24855   0.24277
4 C 1s           0.00127   0.00044  -0.00112   0.00189
4 C 2s          -0.00288  -0.00085   0.00183  -0.00386
4 C 3s           0.00148  -0.00493   0.01524  -0.01841
4 C 2px         -0.11951  -0.00434   0.00568  -0.17981
4 C 2py         -0.19298  -0.01002   0.01605  -0.29382
4 C 2pz         -0.31165  -0.01451   0.02268  -0.47213
4 C 3px         -0.09090  -0.00184  -0.00408  -0.12627
4 C 3py         -0.14422  -0.00829   0.00718  -0.21795
4 C 3pz         -0.23112  -0.01284   0.01856  -0.35832
5 C 1s          -0.00081   0.00045   0.00064  -0.00002
5 C 2s           0.00214  -0.00147  -0.00178  -0.00122
5 C 3s          -0.00055   0.00254  -0.01682   0.00628
5 C 2px         -0.08465   0.08556   0.12770   0.13281
5 C 2py         -0.13310   0.13630   0.20323   0.21263
5 C 2pz         -0.21675   0.22292   0.33267   0.34302
5 C 3px         -0.05991   0.06408   0.09348   0.09411
5 C 3py         -0.09775   0.10878   0.13426   0.16439
5 C 3pz         -0.15446   0.17528   0.22964   0.25537
6 C 1s           0.00041   0.00075  -0.00093   0.00004
6 C 2s          -0.00104  -0.00113   0.00057   0.00084
6 C 3s           0.00174  -0.01222   0.02546  -0.01087
6 C 2px          0.00106   0.09048  -0.11433  -0.00372
6 C 2py         -0.00386   0.14365  -0.18208  -0.00437
6 C 2pz         -0.00452   0.23493  -0.29782  -0.01094
6 C 3px          0.00758   0.07683  -0.11496  -0.01797
6 C 3py          0.01399   0.11780  -0.17305  -0.03170
6 C 3pz          0.01761   0.19951  -0.30452  -0.05223
7 C 1s           0.00154  -0.00036   0.00076  -0.00129
7 C 2s          -0.00073  -0.00209   0.00143   0.00190
7 C 3s          -0.02284   0.01845  -0.01968   0.00868
7 C 2px         -0.00887  -0.00010  -0.00112   0.00935
7 C 2py         -0.00981   0.00411  -0.00571   0.00776
7 C 2pz         -0.00078   0.00264  -0.00531  -0.01038
7 C 3px          0.00252  -0.02906   0.02504   0.00996
7 C 3py         -0.01109   0.00044  -0.00217   0.00761
7 C 3pz         -0.00316  -0.00936   0.00682  -0.03108
8 C 1s          -0.00242   0.00058  -0.00078  -0.00381
8 C 2s           0.00490  -0.00033   0.00135   0.00728
8 C 3s           0.01578  -0.01933   0.01665   0.02900
8 C 2px          0.01177  -0.00146   0.00334   0.01292
8 C 2py          0.00308  -0.00057   0.00142   0.00221
8 C 2pz          0.00199   0.00030  -0.00021   0.00195
8 C 3px          0.01124  -0.02468   0.02214   0.00481
8 C 3py          0.00646  -0.00816   0.00798   0.00758
8 C 3pz          0.00684  -0.01391   0.01225   0.00362
9 C 1s          -0.00030  -0.00008   0.00022  -0.00140
9 C 2s           0.00040   0.00071  -0.00074   0.00316
9 C 3s           0.00576  -0.01170   0.00984   0.00452
9 C 2px          0.00378  -0.00037   0.00067   0.00306
9 C 2py         -0.00108   0.00004   0.00015  -0.00774
9 C 2pz         -0.00465   0.00091  -0.00227   0.00566
9 C 3px          0.00216   0.01204  -0.01100   0.00301
9 C 3py         -0.00222  -0.00620   0.00575  -0.01117
9 C 3pz         -0.00417  -0.00018  -0.00086   0.00663
10 C 1s         -0.00005   0.00004  -0.00011   0.00039
10 C 2s         -0.00000  -0.00043   0.00059  -0.00113
10 C 3s         -0.00074   0.01068  -0.00935  -0.00116
10 C 2px         0.00013  -0.00018   0.00030  -0.00109
10 C 2py         0.00091  -0.00013   0.00002   0.00124
10 C 2pz        -0.00048   0.00014   0.00050  -0.00279
10 C 3px         0.00012   0.00213  -0.00203   0.00335
10 C 3py         0.00246   0.00349  -0.00312   0.00094
10 C 3pz         0.00008   0.00380  -0.00301  -0.00217
11 C 1s         -0.00028   0.00007  -0.00006  -0.00065
11 C 2s          0.00057   0.00027  -0.00021   0.00141
11 C 3s         -0.00014  -0.00483   0.00414   0.00322
11 C 2px         0.00032   0.00011  -0.00012   0.00193
11 C 2py        -0.00117   0.00014  -0.00029   0.00041
11 C 2pz         0.00149  -0.00010   0.00032  -0.00082
11 C 3px        -0.00024  -0.00336   0.00279   0.00206
11 C 3py        -0.00158  -0.00044   0.00037  -0.00183
11 C 3pz         0.00192  -0.00196   0.00202  -0.00327
12 C 1s         -0.00029  -0.00003   0.00001  -0.00036
12 C 2s          0.00063   0.00007  -0.00002   0.00081
12 C 3s         -0.00134   0.00767  -0.00674   0.00223
12 C 2px         0.00139   0.00031  -0.00022   0.00168
12 C 2py         0.00007  -0.00002  -0.00018   0.00098
12 C 2pz         0.00030  -0.00001   0.00037  -0.00155
12 C 3px         0.00002   0.00281  -0.00246   0.00137
12 C 3py        -0.00090  -0.00099   0.00085  -0.00133
12 C 3pz        -0.00026   0.00006   0.00028  -0.00369
13 C 1s          0.00021   0.00019  -0.00020   0.00041
13 C 2s         -0.00071   0.00031  -0.00020  -0.00060
13 C 3s         -0.00022  -0.00791   0.00695  -0.00654
13 C 2px        -0.00054  -0.00045   0.00030  -0.00401
13 C 2py         0.00326  -0.00028   0.00017   0.00029
13 C 2pz        -0.00277   0.00023  -0.00012   0.00674
13 C 3px        -0.00276   0.00327  -0.00273  -0.01074
13 C 3py         0.00161   0.00553  -0.00519   0.00416
13 C 3pz        -0.00517   0.00580  -0.00512   0.01003
14 H 1s          0.00072   0.00147  -0.00059   0.00105
14 H 2s          0.00017   0.00269  -0.00308   0.01444
15 H 1s         -0.00002  -0.00021  -0.00188   0.00146
15 H 2s         -0.00067  -0.00126   0.00278   0.00650
16 H 1s         -0.00035   0.00060   0.00036  -0.00144
16 H 2s         -0.00130   0.00107  -0.00265   0.00028
17 H 1s         -0.00013   0.00037  -0.00076   0.00205
17 H 2s         -0.00014   0.00020   0.00138  -0.00061
18 H 1s         -0.00045   0.00017   0.00073   0.00108
18 H 2s         -0.00159   0.00131  -0.00056   0.00408
19 H 1s         -0.00026   0.00032  -0.00088   0.00008
19 H 2s          0.00070  -0.00016   0.00181   0.00436
20 H 1s         -0.01066   0.00307  -0.00421  -0.01267
20 H 2s          0.00050  -0.00049   0.00134  -0.03575
21 H 1s          0.00203  -0.00029   0.00048   0.00064
21 H 2s         -0.00384  -0.00547   0.00495  -0.00335
22 H 1s         -0.00072   0.00018  -0.00030  -0.00094
22 H 2s          0.00008   0.00145  -0.00144  -0.00165
23 H 1s         -0.00019  -0.00011   0.00013  -0.00073
23 H 2s         -0.00002  -0.00124   0.00119  -0.00210
24 H 1s         -0.00053   0.00000  -0.00005  -0.00082
24 H 2s         -0.00037   0.00021  -0.00021  -0.00127
25 H 1s         -0.00011  -0.00028   0.00019   0.00010
25 H 2s         -0.00000  -0.00301   0.00282  -0.00589
Fragment 1 natural orbitals
Natural occ [1. 1.]
Natural orbital (expansion on AOs) in CAS space
               #1        #2       
0 C 1s           0.00001  -0.00004
0 C 2s          -0.00076  -0.00385
0 C 3s           0.02235   0.03239
0 C 2px         -0.12267  -0.13126
0 C 2py         -0.16060  -0.18409
0 C 2pz         -0.36128  -0.33400
0 C 3px         -0.16087  -0.10069
0 C 3py         -0.14658  -0.17001
0 C 3pz         -0.38430  -0.27114
1 C 1s          -0.01559   0.01386
1 C 2s           0.02939  -0.02877
1 C 3s           0.13466  -0.08069
1 C 2px         -0.06030   0.06257
1 C 2py         -0.01590   0.01455
1 C 2pz          0.00969   0.00196
1 C 3px         -0.01775   0.05738
1 C 3py         -0.01405   0.06160
1 C 3pz          0.05415   0.03363
2 C 1s          -0.00232   0.00580
2 C 2s           0.00407  -0.01192
2 C 3s           0.01560  -0.04012
2 C 2px          0.01176   0.04718
2 C 2py          0.07399   0.03895
2 C 2pz          0.07383   0.07438
2 C 3px          0.01617   0.03035
2 C 3py          0.09548   0.03670
2 C 3pz          0.07690   0.08200
3 C 1s           0.00023  -0.00151
3 C 2s          -0.00074   0.00275
3 C 3s          -0.00380   0.01680
3 C 2px          0.00189  -0.00835
3 C 2py         -0.00341  -0.00347
3 C 2pz         -0.00298  -0.00421
3 C 3px         -0.00572  -0.00988
3 C 3py         -0.01237  -0.00974
3 C 3pz         -0.00604  -0.01048
4 C 1s          -0.00228   0.00176
4 C 2s           0.00506  -0.00368
4 C 3s           0.00311  -0.00620
4 C 2px         -0.02710  -0.01514
4 C 2py         -0.03195  -0.03246
4 C 2pz         -0.05395  -0.05181
4 C 3px         -0.02748  -0.01726
4 C 3py         -0.03203  -0.03632
4 C 3pz         -0.06663  -0.05338
5 C 1s          -0.00106   0.00205
5 C 2s           0.00208  -0.00397
5 C 3s           0.00497  -0.00630
5 C 2px         -0.00273   0.00585
5 C 2py          0.00110  -0.00329
5 C 2pz          0.00190  -0.00788
5 C 3px         -0.00426   0.00335
5 C 3py          0.00894  -0.01113
5 C 3pz         -0.00799  -0.00847
6 C 1s          -0.00001  -0.00352
6 C 2s           0.00122   0.00606
6 C 3s          -0.02004   0.02964
6 C 2px          0.03401   0.01310
6 C 2py          0.03944   0.05806
6 C 2pz          0.08511   0.07162
6 C 3px          0.05903   0.00362
6 C 3py          0.02445   0.05665
6 C 3pz          0.09278   0.06873
7 C 1s          -0.00006   0.00005
7 C 2s           0.00086  -0.00406
7 C 3s          -0.02208   0.03226
7 C 2px         -0.12272   0.13119
7 C 2py         -0.16093   0.18449
7 C 2pz          0.36112  -0.33381
7 C 3px         -0.16082   0.10072
7 C 3py         -0.14695   0.17021
7 C 3pz          0.38419  -0.27104
8 C 1s           0.01561   0.01384
8 C 2s          -0.02945  -0.02872
8 C 3s          -0.13465  -0.08079
8 C 2px         -0.06039  -0.06251
8 C 2py         -0.01587  -0.01451
8 C 2pz         -0.00974   0.00197
8 C 3px         -0.01771  -0.05748
8 C 3py         -0.01393  -0.06153
8 C 3pz         -0.05413   0.03361
9 C 1s           0.00232   0.00579
9 C 2s          -0.00407  -0.01191
9 C 3s          -0.01557  -0.04007
9 C 2px          0.01181  -0.04721
9 C 2py          0.07410  -0.03903
9 C 2pz         -0.07371   0.07434
9 C 3px          0.01621  -0.03035
9 C 3py          0.09565  -0.03672
9 C 3pz         -0.07672   0.08202
10 C 1s         -0.00023  -0.00151
10 C 2s          0.00073   0.00275
10 C 3s          0.00377   0.01683
10 C 2px         0.00188   0.00835
10 C 2py        -0.00342   0.00346
10 C 2pz         0.00297  -0.00420
10 C 3px        -0.00572   0.00993
10 C 3py        -0.01240   0.00971
10 C 3pz         0.00601  -0.01046
11 C 1s          0.00228   0.00175
11 C 2s         -0.00507  -0.00367
11 C 3s         -0.00310  -0.00617
11 C 2px        -0.02713   0.01518
11 C 2py        -0.03201   0.03253
11 C 2pz         0.05390  -0.05177
11 C 3px        -0.02749   0.01730
11 C 3py        -0.03211   0.03637
11 C 3pz         0.06658  -0.05335
12 C 1s          0.00106   0.00205
12 C 2s         -0.00208  -0.00396
12 C 3s         -0.00501  -0.00625
12 C 2px        -0.00273  -0.00583
12 C 2py         0.00110   0.00331
12 C 2pz        -0.00190  -0.00788
12 C 3px        -0.00428  -0.00332
12 C 3py         0.00893   0.01115
12 C 3pz         0.00799  -0.00846
13 C 1s          0.00001  -0.00351
13 C 2s         -0.00123   0.00605
13 C 3s          0.02006   0.02955
13 C 2px         0.03404  -0.01317
13 C 2py         0.03954  -0.05815
13 C 2pz        -0.08505   0.07156
13 C 3px         0.05902  -0.00368
13 C 3py         0.02452  -0.05672
13 C 3pz        -0.09277   0.06868
14 H 1s         -0.05686   0.05582
14 H 2s         -0.11334   0.07468
15 H 1s          0.00474  -0.00946
15 H 2s         -0.02357   0.00674
16 H 1s         -0.00476   0.00229
16 H 2s         -0.00531   0.00266
17 H 1s         -0.00211   0.00160
17 H 2s         -0.00562   0.00278
18 H 1s         -0.00222   0.00369
18 H 2s         -0.00171   0.00397
19 H 1s          0.00012   0.00075
19 H 2s         -0.02041   0.00272
20 H 1s          0.05678   0.05588
20 H 2s          0.11332   0.07482
21 H 1s         -0.00474  -0.00946
21 H 2s          0.02367   0.00679
22 H 1s          0.00476   0.00229
22 H 2s          0.00531   0.00264
23 H 1s          0.00211   0.00160
23 H 2s          0.00562   0.00278
24 H 1s          0.00222   0.00368
24 H 2s          0.00171   0.00396
25 H 1s         -0.00012   0.00075
25 H 2s          0.02044   0.00270
Fragment 2 natural orbitals
Natural occ [1.94583892 1.93659614 0.06411615 0.05344879]
Natural orbital (expansion on AOs) in CAS space
               #1        #2        #3        #4       
0 C 1s          -0.00154   0.00035  -0.00075  -0.00128
0 C 2s           0.00073   0.00210  -0.00144   0.00188
0 C 3s           0.02279  -0.01858   0.01976   0.00874
0 C 2px         -0.00886  -0.00010  -0.00110  -0.00932
0 C 2py         -0.00982   0.00410  -0.00570  -0.00777
0 C 2pz          0.00076  -0.00263   0.00530  -0.01039
0 C 3px          0.00253  -0.02900   0.02499  -0.00996
0 C 3py         -0.01109   0.00032  -0.00206  -0.00751
0 C 3pz          0.00314   0.00941  -0.00684  -0.03110
1 C 1s           0.00242  -0.00058   0.00078  -0.00382
1 C 2s          -0.00489   0.00033  -0.00135   0.00728
1 C 3s          -0.01578   0.01933  -0.01666   0.02897
1 C 2px          0.01176  -0.00146   0.00333  -0.01292
1 C 2py          0.00309  -0.00057   0.00142  -0.00221
1 C 2pz         -0.00198  -0.00030   0.00022   0.00195
1 C 3px          0.01122  -0.02474   0.02218  -0.00479
1 C 3py          0.00646  -0.00814   0.00796  -0.00763
1 C 3pz         -0.00681   0.01388  -0.01222   0.00363
2 C 1s           0.00030   0.00008  -0.00022  -0.00140
2 C 2s          -0.00040  -0.00071   0.00073   0.00315
2 C 3s          -0.00577   0.01167  -0.00981   0.00453
2 C 2px          0.00379  -0.00037   0.00067  -0.00306
2 C 2py         -0.00109   0.00004   0.00015   0.00772
2 C 2pz          0.00465  -0.00091   0.00226   0.00568
2 C 3px          0.00217   0.01209  -0.01103  -0.00302
2 C 3py         -0.00225  -0.00619   0.00574   0.01111
2 C 3pz          0.00418   0.00016   0.00087   0.00668
3 C 1s           0.00005  -0.00004   0.00011   0.00039
3 C 2s           0.00001   0.00043  -0.00059  -0.00113
3 C 3s           0.00073  -0.01071   0.00937  -0.00114
3 C 2px          0.00013  -0.00018   0.00030   0.00109
3 C 2py          0.00091  -0.00013   0.00002  -0.00124
3 C 2pz          0.00048  -0.00014  -0.00050  -0.00279
3 C 3px          0.00011   0.00214  -0.00204  -0.00338
3 C 3py          0.00247   0.00350  -0.00313  -0.00092
3 C 3pz         -0.00008  -0.00380   0.00301  -0.00217
4 C 1s           0.00028  -0.00007   0.00006  -0.00065
4 C 2s          -0.00057  -0.00028   0.00021   0.00141
4 C 3s           0.00015   0.00484  -0.00415   0.00323
4 C 2px          0.00033   0.00011  -0.00012  -0.00193
4 C 2py         -0.00117   0.00014  -0.00029  -0.00041
4 C 2pz         -0.00150   0.00010  -0.00032  -0.00082
4 C 3px         -0.00024  -0.00337   0.00280  -0.00206
4 C 3py         -0.00158  -0.00045   0.00038   0.00185
4 C 3pz         -0.00192   0.00197  -0.00202  -0.00327
5 C 1s           0.00030   0.00003  -0.00001  -0.00036
5 C 2s          -0.00063  -0.00007   0.00002   0.00081
5 C 3s           0.00133  -0.00770   0.00676   0.00224
5 C 2px          0.00139   0.00031  -0.00022  -0.00168
5 C 2py          0.00007  -0.00002  -0.00018  -0.00098
5 C 2pz         -0.00030   0.00001  -0.00037  -0.00155
5 C 3px          0.00002   0.00283  -0.00247  -0.00137
5 C 3py         -0.00090  -0.00101   0.00086   0.00134
5 C 3pz          0.00026  -0.00006  -0.00028  -0.00370
6 C 1s          -0.00022  -0.00019   0.00020   0.00041
6 C 2s           0.00071  -0.00031   0.00021  -0.00061
6 C 3s           0.00022   0.00798  -0.00700  -0.00657
6 C 2px         -0.00054  -0.00045   0.00030   0.00401
6 C 2py          0.00326  -0.00028   0.00017  -0.00030
6 C 2pz          0.00277  -0.00023   0.00012   0.00674
6 C 3px         -0.00275   0.00326  -0.00273   0.01076
6 C 3py          0.00160   0.00557  -0.00522  -0.00418
6 C 3pz          0.00516  -0.00580   0.00511   0.01002
7 C 1s           0.00006   0.00072  -0.00068   0.00012
7 C 2s          -0.00072   0.00119  -0.00083   0.00053
7 C 3s           0.00706  -0.02361   0.02408  -0.01005
7 C 2px          0.01655   0.00294  -0.00288  -0.02704
7 C 2py          0.02252  -0.00012   0.00080  -0.03658
7 C 2pz         -0.04696  -0.00426   0.00265   0.07223
7 C 3px          0.00442   0.00200  -0.00661  -0.04713
7 C 3py          0.01052   0.01384  -0.01634  -0.06968
7 C 3pz         -0.02770  -0.00378   0.00906   0.11965
8 C 1s           0.00109   0.00029  -0.00010   0.00179
8 C 2s          -0.00208  -0.00140   0.00073  -0.00397
8 C 3s          -0.00513   0.00448   0.00663  -0.01463
8 C 2px          0.03731   0.00430   0.00541   0.04099
8 C 2py          0.07280   0.00961   0.00942   0.08131
8 C 2pz         -0.11586  -0.01198  -0.01709  -0.13239
8 C 3px          0.02853   0.01200  -0.00914   0.05005
8 C 3py          0.06546  -0.00241   0.02306   0.10414
8 C 3pz         -0.11087  -0.00597  -0.03121  -0.15289
9 C 1s           0.00043  -0.00031   0.00085  -0.00005
9 C 2s          -0.00005  -0.00022   0.00032  -0.00093
9 C 3s          -0.00776   0.00149  -0.01382   0.00249
9 C 2px          0.00414  -0.07297   0.09068  -0.00455
9 C 2py          0.01086  -0.14170   0.17362  -0.00997
9 C 2pz         -0.01627   0.21433  -0.26168   0.02247
9 C 3px          0.01543  -0.06588   0.10957   0.00987
9 C 3py          0.02204  -0.11994   0.17697   0.02351
9 C 3pz         -0.03698   0.17463  -0.27694  -0.01915
10 C 1s         -0.00130  -0.00094  -0.00123  -0.00136
10 C 2s          0.00246   0.00215   0.00242   0.00239
10 C 3s          0.00834  -0.00365   0.02054   0.01448
10 C 2px        -0.07362  -0.08710  -0.12737  -0.11833
10 C 2py        -0.12483  -0.14745  -0.22029  -0.19511
10 C 2pz         0.19864   0.23274   0.34720   0.31062
10 C 3px        -0.05202  -0.06999  -0.08569  -0.08896
10 C 3py        -0.08725  -0.11740  -0.14601  -0.14675
10 C 3pz         0.14383   0.18383   0.24832   0.24257
11 C 1s         -0.00127  -0.00044   0.00112   0.00189
11 C 2s          0.00288   0.00085  -0.00182  -0.00386
11 C 3s         -0.00147   0.00492  -0.01523  -0.01842
11 C 2px        -0.11967  -0.00434   0.00569   0.18005
11 C 2py        -0.19334  -0.01003   0.01605   0.29437
11 C 2pz         0.31137   0.01448  -0.02262  -0.47170
11 C 3px        -0.09101  -0.00185  -0.00407   0.12645
11 C 3py        -0.14448  -0.00831   0.00720   0.21836
11 C 3pz         0.23092   0.01281  -0.01852  -0.35800
12 C 1s          0.00081  -0.00045  -0.00064  -0.00002
12 C 2s         -0.00214   0.00147   0.00178  -0.00122
12 C 3s          0.00054  -0.00252   0.01680   0.00626
12 C 2px        -0.08475   0.08567   0.12787  -0.13298
12 C 2py        -0.13334   0.13656   0.20362  -0.21301
12 C 2pz         0.21654  -0.22272  -0.33238   0.34269
12 C 3px        -0.05999   0.06418   0.09359  -0.09424
12 C 3py        -0.09792   0.10898   0.13454  -0.16468
12 C 3pz         0.15431  -0.17513  -0.22944   0.25511
13 C 1s         -0.00041  -0.00075   0.00093   0.00004
13 C 2s          0.00104   0.00113  -0.00056   0.00083
13 C 3s         -0.00174   0.01216  -0.02541  -0.01086
13 C 2px         0.00106   0.09059  -0.11446   0.00372
13 C 2py        -0.00386   0.14392  -0.18241   0.00437
13 C 2pz         0.00450  -0.23471   0.29753  -0.01092
13 C 3px         0.00759   0.07690  -0.11508   0.01797
13 C 3py         0.01401   0.11805  -0.17342   0.03176
13 C 3pz        -0.01760  -0.19932   0.30425  -0.05218
14 H 1s          0.01066  -0.00307   0.00420  -0.01268
14 H 2s         -0.00049   0.00044  -0.00130  -0.03571
15 H 1s         -0.00203   0.00029  -0.00048   0.00064
15 H 2s          0.00387   0.00550  -0.00497  -0.00331
16 H 1s          0.00072  -0.00018   0.00030  -0.00094
16 H 2s         -0.00008  -0.00145   0.00144  -0.00166
17 H 1s          0.00019   0.00011  -0.00013  -0.00073
17 H 2s          0.00002   0.00124  -0.00119  -0.00210
18 H 1s          0.00053  -0.00001   0.00005  -0.00083
18 H 2s          0.00037  -0.00022   0.00022  -0.00127
19 H 1s          0.00011   0.00028  -0.00019   0.00010
19 H 2s          0.00000   0.00302  -0.00283  -0.00589
20 H 1s         -0.00073  -0.00147   0.00058   0.00102
20 H 2s         -0.00019  -0.00265   0.00304   0.01441
21 H 1s          0.00002   0.00021   0.00188   0.00146
21 H 2s          0.00067   0.00126  -0.00277   0.00652
22 H 1s          0.00035  -0.00060  -0.00036  -0.00143
22 H 2s          0.00130  -0.00107   0.00265   0.00028
23 H 1s          0.00013  -0.00037   0.00076   0.00205
23 H 2s          0.00014  -0.00020  -0.00138  -0.00061
24 H 1s          0.00045  -0.00017  -0.00073   0.00108
24 H 2s          0.00158  -0.00131   0.00056   0.00408
25 H 1s          0.00026  -0.00032   0.00088   0.00009
25 H 2s         -0.00070   0.00016  -0.00180   0.00436
LASCI energy = -536.952695041409

******** CASCI flags ********
CAS (6e+4e, 10o), ncore = 43, nvir = 97
natorb = False
canonicalization = True
sorting_mo_energy = False
max_memory 4000 (MB)
******** <class 'pyscf.fci.addons.SpinPenaltyFCISolver'> ********
max. cycles = 200
conv_tol = 1e-08
davidson only = True
linear dependence = 1e-12
level shift = 0.001
max iter space = 12
max_memory 4000 MB
nroots = 1
pspace_size = 400
spin = None
Density matrix diagonal elements [1.93080454 1.92839852 0.07224357 0.06753876 0.99582868 1.00620083
 1.93080338 1.92839762 0.07224433 0.06753977]
CASCI converged
CASCI E = -536.964785044343  E(CI) = -10.9441505548482  S^2 = 2.0000000

******** CASCI flags ********
CAS (5e+5e, 10o), ncore = 43, nvir = 97
natorb = False
canonicalization = True
sorting_mo_energy = False
max_memory 4000 (MB)
******** <class 'mrh.exploratory.unitary_cc.lasuccsd.FCISolver_USCC'> ********
max. cycles = 100
conv_tol = 1e-10
davidson only = False
linear dependence = 1e-14
level shift = 0.001
max iter space = 12
max_memory 4000 MB
nroots = 1
pspace_size = 400
spin = None
LASCI object has 113 degrees of freedom
iteration 0, E = -536.960637, |x| = 1.111166e-01, |g| = 3.963753e-02
iteration 1, E = -536.962209, |x| = 1.686177e-01, |g| = 2.121742e-02
iteration 2, E = -536.962725, |x| = 1.947674e-01, |g| = 1.529795e-02
iteration 3, E = -536.963018, |x| = 2.153903e-01, |g| = 7.598613e-03
iteration 4, E = -536.963070, |x| = 2.182465e-01, |g| = 3.404032e-03
iteration 5, E = -536.963082, |x| = 2.176293e-01, |g| = 1.460460e-03
iteration 6, E = -536.963084, |x| = 2.173818e-01, |g| = 7.768201e-04
iteration 7, E = -536.963084, |x| = 2.175141e-01, |g| = 3.591991e-04
iteration 8, E = -536.963085, |x| = 2.176626e-01, |g| = 1.905135e-04
iteration 9, E = -536.963085, |x| = 2.177243e-01, |g| = 1.257550e-04
iteration 10, E = -536.963085, |x| = 2.177316e-01, |g| = 1.162694e-04
iteration 11, E = -536.963085, |x| = 2.177186e-01, |g| = 1.438865e-04
iteration 12, E = -536.963085, |x| = 2.176993e-01, |g| = 2.029430e-04
iteration 13, E = -536.963085, |x| = 2.176889e-01, |g| = 2.810916e-04
iteration 14, E = -536.963085, |x| = 2.177145e-01, |g| = 3.777735e-04
iteration 15, E = -536.963085, |x| = 2.178601e-01, |g| = 4.978802e-04
iteration 16, E = -536.963086, |x| = 2.184107e-01, |g| = 6.432678e-04
iteration 17, E = -536.963086, |x| = 2.203262e-01, |g| = 7.957901e-04
iteration 18, E = -536.963087, |x| = 2.262741e-01, |g| = 8.564118e-04
iteration 19, E = -536.963088, |x| = 2.319199e-01, |g| = 6.717826e-04
iteration 20, E = -536.963089, |x| = 2.365283e-01, |g| = 3.019623e-04
iteration 21, E = -536.963089, |x| = 2.360004e-01, |g| = 1.834488e-04
iteration 22, E = -536.963089, |x| = 2.349523e-01, |g| = 1.656240e-04
iteration 23, E = -536.963089, |x| = 2.343520e-01, |g| = 1.583507e-04
iteration 24, E = -536.963089, |x| = 2.343561e-01, |g| = 1.820154e-04
iteration 25, E = -536.963089, |x| = 2.354472e-01, |g| = 2.579006e-04
iteration 26, E = -536.963089, |x| = 2.378447e-01, |g| = 3.496870e-04
iteration 27, E = -536.963089, |x| = 2.419322e-01, |g| = 4.341793e-04
iteration 28, E = -536.963090, |x| = 2.482665e-01, |g| = 4.914364e-04
iteration 29, E = -536.963090, |x| = 2.576911e-01, |g| = 4.895196e-04
iteration 30, E = -536.963091, |x| = 2.639876e-01, |g| = 3.878533e-04
iteration 31, E = -536.963091, |x| = 2.643098e-01, |g| = 2.549657e-04
iteration 32, E = -536.963091, |x| = 2.620923e-01, |g| = 1.880103e-04
iteration 33, E = -536.963091, |x| = 2.607784e-01, |g| = 1.768976e-04
iteration 34, E = -536.963091, |x| = 2.603302e-01, |g| = 2.238400e-04
iteration 35, E = -536.963091, |x| = 2.615148e-01, |g| = 3.230664e-04
iteration 36, E = -536.963092, |x| = 2.650483e-01, |g| = 4.416625e-04
iteration 37, E = -536.963092, |x| = 2.725178e-01, |g| = 5.479073e-04
iteration 38, E = -536.963093, |x| = 2.873556e-01, |g| = 5.607896e-04
iteration 39, E = -536.963093, |x| = 2.980693e-01, |g| = 3.784711e-04
iteration 40, E = -536.963093, |x| = 3.014774e-01, |g| = 1.430101e-04
iteration 41, E = -536.963093, |x| = 2.996905e-01, |g| = 7.726369e-05
iteration 42, E = -536.963093, |x| = 2.980171e-01, |g| = 7.132365e-05
iteration 43, E = -536.963093, |x| = 2.965091e-01, |g| = 7.364011e-05
iteration 44, E = -536.963093, |x| = 2.953237e-01, |g| = 9.086681e-05
iteration 45, E = -536.963093, |x| = 2.948581e-01, |g| = 1.244957e-04
iteration 46, E = -536.963093, |x| = 2.955231e-01, |g| = 1.675651e-04
iteration 47, E = -536.963093, |x| = 2.981022e-01, |g| = 2.050782e-04
iteration 48, E = -536.963093, |x| = 3.026715e-01, |g| = 1.913198e-04
iteration 49, E = -536.963093, |x| = 3.059031e-01, |g| = 1.169085e-04
iteration 50, E = -536.963094, |x| = 3.068420e-01, |g| = 4.471401e-05
iteration 51, E = -536.963094, |x| = 3.062989e-01, |g| = 3.134067e-05
iteration 52, E = -536.963094, |x| = 3.056821e-01, |g| = 2.975008e-05
iteration 53, E = -536.963094, |x| = 3.049387e-01, |g| = 3.366309e-05
iteration 54, E = -536.963094, |x| = 3.042591e-01, |g| = 4.477033e-05
iteration 55, E = -536.963094, |x| = 3.038564e-01, |g| = 6.008978e-05
iteration 56, E = -536.963094, |x| = 3.038981e-01, |g| = 7.570605e-05
iteration 57, E = -536.963094, |x| = 3.046896e-01, |g| = 8.503914e-05
iteration 58, E = -536.963094, |x| = 3.062933e-01, |g| = 7.129593e-05
iteration 59, E = -536.963094, |x| = 3.074030e-01, |g| = 4.174571e-05
iteration 60, E = -536.963094, |x| = 3.077326e-01, |g| = 2.318642e-05
iteration 61, E = -536.963094, |x| = 3.075830e-01, |g| = 2.183590e-05
iteration 62, E = -536.963094, |x| = 3.072446e-01, |g| = 2.567078e-05
iteration 63, E = -536.963094, |x| = 3.067922e-01, |g| = 3.406770e-05
iteration 64, E = -536.963094, |x| = 3.063020e-01, |g| = 4.537112e-05
iteration 65, E = -536.963094, |x| = 3.058491e-01, |g| = 5.859334e-05
iteration 66, E = -536.963094, |x| = 3.056040e-01, |g| = 7.168077e-05
iteration 67, E = -536.963094, |x| = 3.060455e-01, |g| = 7.690613e-05
iteration 68, E = -536.963094, |x| = 3.072363e-01, |g| = 6.012610e-05
iteration 69, E = -536.963094, |x| = 3.087598e-01, |g| = 3.225261e-05
iteration 70, E = -536.963094, |x| = 3.093831e-01, |g| = 2.308310e-05
iteration 71, E = -536.963094, |x| = 3.095238e-01, |g| = 2.300173e-05
iteration 72, E = -536.963094, |x| = 3.095338e-01, |g| = 2.770575e-05
iteration 73, E = -536.963094, |x| = 3.094473e-01, |g| = 3.730748e-05
iteration 74, E = -536.963094, |x| = 3.093018e-01, |g| = 5.109124e-05
iteration 75, E = -536.963094, |x| = 3.091370e-01, |g| = 6.919696e-05
iteration 76, E = -536.963094, |x| = 3.090381e-01, |g| = 9.151258e-05
iteration 77, E = -536.963094, |x| = 3.092317e-01, |g| = 1.146035e-04
iteration 78, E = -536.963094, |x| = 3.101650e-01, |g| = 1.204216e-04
iteration 79, E = -536.963094, |x| = 3.113538e-01, |g| = 8.998928e-05
iteration 80, E = -536.963094, |x| = 3.126374e-01, |g| = 3.827718e-05
iteration 81, E = -536.963094, |x| = 3.130606e-01, |g| = 2.254953e-05
iteration 82, E = -536.963094, |x| = 3.131995e-01, |g| = 1.974903e-05
iteration 83, E = -536.963094, |x| = 3.133004e-01, |g| = 2.011898e-05
iteration 84, E = -536.963094, |x| = 3.133896e-01, |g| = 2.602548e-05
iteration 85, E = -536.963094, |x| = 3.134642e-01, |g| = 3.668629e-05
iteration 86, E = -536.963094, |x| = 3.135440e-01, |g| = 4.903281e-05
iteration 87, E = -536.963094, |x| = 3.136743e-01, |g| = 5.817003e-05
iteration 88, E = -536.963094, |x| = 3.139015e-01, |g| = 5.199544e-05
iteration 89, E = -536.963094, |x| = 3.141214e-01, |g| = 3.051104e-05
iteration 90, E = -536.963094, |x| = 3.142914e-01, |g| = 1.229221e-05
iteration 91, E = -536.963094, |x| = 3.143677e-01, |g| = 8.721384e-06
iteration 92, E = -536.963094, |x| = 3.144208e-01, |g| = 7.596922e-06
iteration 93, E = -536.963094, |x| = 3.144808e-01, |g| = 7.847376e-06
iteration 94, E = -536.963094, |x| = 3.145351e-01, |g| = 1.055856e-05
iteration 95, E = -536.963094, |x| = 3.145786e-01, |g| = 1.498838e-05
iteration 96, E = -536.963094, |x| = 3.146148e-01, |g| = 1.990581e-05
iteration 97, E = -536.963094, |x| = 3.146607e-01, |g| = 2.440845e-05
iteration 98, E = -536.963094, |x| = 3.147517e-01, |g| = 2.666387e-05
iteration 99, E = -536.963094, |x| = 3.149296e-01, |g| = 2.166201e-05
iteration 100, E = -536.963094, |x| = 3.150745e-01, |g| = 1.201715e-05
iteration 101, E = -536.963094, |x| = 3.151875e-01, |g| = 5.040209e-06
iteration 102, E = -536.963094, |x| = 3.152287e-01, |g| = 4.483314e-06
iteration 103, E = -536.963094, |x| = 3.152660e-01, |g| = 4.587117e-06
iteration 104, E = -536.963094, |x| = 3.153173e-01, |g| = 5.200495e-06
iteration 105, E = -536.963094, |x| = 3.153827e-01, |g| = 6.546273e-06
iteration 106, E = -536.963094, |x| = 3.154649e-01, |g| = 8.769237e-06
iteration 107, E = -536.963094, |x| = 3.155675e-01, |g| = 1.197839e-05
iteration 108, E = -536.963094, |x| = 3.156871e-01, |g| = 1.604137e-05
iteration 109, E = -536.963094, |x| = 3.157891e-01, |g| = 1.966372e-05
iteration 110, E = -536.963094, |x| = 3.157402e-01, |g| = 1.772730e-05
iteration 111, E = -536.963094, |x| = 3.155503e-01, |g| = 1.045614e-05
iteration 112, E = -536.963094, |x| = 3.153862e-01, |g| = 4.944896e-06
iteration 113, E = -536.963094, |x| = 3.153415e-01, |g| = 4.091347e-06
iteration 114, E = -536.963094, |x| = 3.153380e-01, |g| = 4.186182e-06
iteration 115, E = -536.963094, |x| = 3.153566e-01, |g| = 4.934998e-06
iteration 116, E = -536.963094, |x| = 3.153996e-01, |g| = 6.572079e-06
iteration 117, E = -536.963094, |x| = 3.154710e-01, |g| = 9.123354e-06
iteration 118, E = -536.963094, |x| = 3.155746e-01, |g| = 1.243625e-05
iteration 119, E = -536.963094, |x| = 3.157053e-01, |g| = 1.586207e-05
iteration 120, E = -536.963094, |x| = 3.158298e-01, |g| = 1.751941e-05
iteration 121, E = -536.963094, |x| = 3.158254e-01, |g| = 1.402955e-05
iteration 122, E = -536.963094, |x| = 3.156817e-01, |g| = 6.725430e-06
iteration 123, E = -536.963094, |x| = 3.155577e-01, |g| = 3.184177e-06
iteration 124, E = -536.963094, |x| = 3.155164e-01, |g| = 2.738390e-06
Fragment 0 local quantum numbers
<N>,<Sz>,<S^2> = 3.999111, 0.000004, 0.013457
Fragment 1 local quantum numbers
<N>,<Sz>,<S^2> = 2.001740, -0.000001, 1.961825
Fragment 2 local quantum numbers
<N>,<Sz>,<S^2> = 3.999149, -0.000003, 0.013284
Whole system quantum numbers
<N>,<Sz>,<S^2> = 10.000000, 0.000000, 2.000132
Density matrix diagonal elements [1.93407222 1.92943947 0.07124916 0.06435035 0.9993821  1.00235783
 1.93409461 1.92939525 0.07129782 0.06436118]
CASCI converged
CASCI E = -536.963093770091  E(CI) = -10.9424592805958  S^2 = 2.0001317
