#INFO: **** input file is /project/lgagliardi/tuy/qchem/las-uscc-noci/working/stilbene-triplet/stil-triplet-180.py ****
# test the distribution of the nearest neighbor excitations

import numpy as np
import pyscf
from pyscf import gto, scf, lib, mcscf
from mrh.my_pyscf.mcscf.lasscf_o0 import LASSCF
from mrh.exploratory.unitary_cc import lasuccsd
from mrh.exploratory.unitary_cc.uccsd_sym0 import get_uccsd_op
from mrh.exploratory.citools import grad, lasci_ominus1
from mrh.exploratory.citools import fockspace


from typing import Iterable, Union
from typing import Dict, List, Any, TypedDict
import copy
import pickle
from enum import Enum
from scipy.linalg import eigh
from scipy import optimize
import sys

result = {}
VERBOSE = 4
if len(sys.argv) > 1:
    try:
        AMPLITUDE = float(sys.argv[1])
        print(f"Using AMPLITUDE argument: {AMPLITUDE}")
    except ValueError:
        print("Invalid AMPLITUDE argument, using default value 1.")
        AMPLITUDE = 1
else:
    AMPLITUDE = 1

def flatten(seq: Iterable) -> list:
    result = []
    for item in seq:
        if isinstance(item, (list, tuple, np.ndarray)):
            result.extend(flatten(item))
        else:
            result.append(item)
    return result


def cilas2f(lasci, norb_f, nelec_f):
    ''' nelec (na, nb)'''
    ci_f = []
    for i, ci in enumerate(lasci):
        ci_f.append(fockspace.hilbert2fock(ci, norb_f[i], nelec_f[i])[0])
    return ci_f

class MolConfig(TypedDict):
    # basic
    name : str
    xyz: str
    basis: str
    ncas: List[int]
    nelecas: List[int]
    spinsub: List[int]
    frag_atom_list: Any  # Can be List or Tuple depending on usage
    frag_spin_orb: Any
    adj: List[List[int]]

class TestConfig(TypedDict):
    epsilon: float
    # nearest neighbor parameters
    nn: bool
    # non-orthogonal configuration interaction parameters
    init_method: str # 'random' or 'uscc_opt' or 'load x'
    # max_nx: int  # max number of excitations per configuration
    # min_nc: int
    # test choices
    grad_test: bool
    noci_test: bool  
    frozen: str

def get_Sij(psi_i, psi_j, h):
    """Compute the overlap Sij = <psi_i|psi_j>."""
    ucj, _ = psi_j.hc_x(psi_j.x, h)[1:3]
    uci, _ = psi_i.hc_x(psi_i.x, h)[1:3]
    ucj, uci = ucj.ravel(), uci.ravel()
    Sij = uci.conj().dot(ucj)
    return Sij


def get_Sij_Hij(psi_i, psi_j, h):
    ucj, hucj = psi_j.hc_x (psi_j.x, h)[1:3]
    uci, huci = psi_i.hc_x (psi_i.x, h)[1:3]
    ucj, hucj = ucj.ravel (), hucj.ravel ()
    uci = uci.ravel ()
    Sij = uci.conj ().dot (ucj)
    Hij = uci.conj ().dot (hucj)
    return Sij, Hij


def arr_split(arr, n):
    """Split an array into n nearly equal parts."""
    k, m = divmod(len(arr), n)
    return list(arr[i * k + min(i, m):(i + 1) * k + min(i + 1, m)] for i in range(n))

def print_matrix(mat):
    for row in mat:
        print("  ".join(f"{x:.17f}" for x in row))

def zip_excitations(a_idxs, i_idxs):
    excitations = []
    for a, i in zip(a_idxs, i_idxs):
        excitations.append((tuple(i), tuple(a[::-1])))
    return excitations

def print_excitations(a_idxs, i_idxs):
    excitations = zip_excitations(a_idxs, i_idxs)
    for excitation in excitations:
        print([[int(x) for x in flatten(excitation)]])


def nci_test(a_idxs_selected, i_idxs_selected, test_config, mol_config, mol,las, mc_uscc, mf):

    nc = len(a_idxs_selected) + 1
    # we create ci for each excitation
    if VERBOSE >= 1:
        print("Number of CIs: ", nc)

    h1eff,e_core= mc_uscc.get_h1eff(mc_uscc.mo_coeff)
    h2eff = mc_uscc.get_h2eff()

    las_ucc_trial_cis = []
    
    min_ci_eng = 99999.9
    for i in range(nc):
        if( i == nc -1):
            amplitude = 0 # the last one is the reference state
        else:
            amplitude = AMPLITUDE # we should try different amplitudes

        mc_uscc_ci = mcscf.CASCI(mf, sum(mol_config['ncas']), sum(mol_config['nelecas']))
        mc_uscc_ci.mo_coeff = las.mo_coeff
        mc_uscc_ci.fcisolver = lasuccsd.FCISolver_USCC(mol, a_idxs_selected, i_idxs_selected)
        mc_uscc_ci.fcisolver.norb_f = mol_config['ncas']
        fci = mc_uscc_ci.fcisolver
        las_ci0_f = cilas2f(las.ci, mol_config['ncas'], mol_config['nelecas'])

        norb = sum(mol_config['ncas']) # not sure about this
        nelec = sum(mol_config['nelecas']) # not sure about this
        norb_f = getattr (fci, 'norb_f', [norb])
        psi =  getattr (fci, 'psi', fci.build_psi (las_ci0_f, norb, norb_f, nelec, frozen=test_config['frozen']))
        
        if i < nc - 1:
            psi.x[psi.nconstr + i] = amplitude

        energy = psi.energy_tot(psi.x, [e_core, h1eff, h2eff])
        if energy < min_ci_eng:
            min_ci_eng = energy

        las_ucc_trial_cis.append(psi)
        
    
    S = np.zeros((nc, nc), dtype=np.complex128)
    H = np.zeros((nc, nc), dtype=np.complex128)
    h = [e_core, h1eff, h2eff]


    # Build S matrix incrementally, discarding linearly dependent CIs
    selected_indices = []
    S_inc = np.zeros((0, 0), dtype=np.complex128)
    threshold = 8e5  # You can adjust this threshold as needed

    for idx, psi in enumerate(las_ucc_trial_cis):
        # Build S matrix for current selection + this CI
        n_sel = len(selected_indices)
        S_new = np.zeros((n_sel + 1, n_sel + 1), dtype=np.complex128)
        # Fill previous block
        if n_sel > 0:
            S_new[:n_sel, :n_sel] = S_inc
            for j, jidx in enumerate(selected_indices):
                S_new[n_sel, j] = get_Sij(psi, las_ucc_trial_cis[jidx], h)
                S_new[j, n_sel] = get_Sij(las_ucc_trial_cis[jidx], psi, h)
        # Diagonal element
        S_new[n_sel, n_sel] = get_Sij(psi, psi, h)
        # Check condition number
        cond = np.linalg.cond(S_new)
        if cond < threshold:
            selected_indices.append(idx)
            S_inc = S_new
        else:
            if VERBOSE >= 1:
                print(f"Discarding CI {idx} due to linear dependence (cond={cond:.2e})")

    # Now, only keep selected CIs for S and H
    nc_sel = len(selected_indices)
    S = np.zeros((nc_sel, nc_sel), dtype=np.complex128)
    H = np.zeros((nc_sel, nc_sel), dtype=np.complex128)
    for i, idx_i in enumerate(selected_indices):
        for j, idx_j in enumerate(selected_indices):
            S[i, j], H[i, j] = get_Sij_Hij(las_ucc_trial_cis[idx_i], las_ucc_trial_cis[idx_j], h)

    if VERBOSE >= 0:
        print(f"Selected {nc_sel} CIs out of {nc} total CIs")
        print("Condition number of S matrix: ", np.linalg.cond(S))

    if VERBOSE >= 1:
        print("S matrix:")
        print_matrix(S)
        print("H matrix:")
        print_matrix(H)

    # print("min_ci_eng: ", min_ci_eng)
    eigvals, eigvecs = eigh(H, S)
    return eigvals[0], eigvecs[0], min_ci_eng   # Take the lowest eigenvalue as the energy



def test(mol_config, test_config,las, mol, mf):

    all_g, g_sel, a_idxs_selected_all, i_idxs_selected_all = grad.get_grad_exact(las, test_config['epsilon'])

    # if test_config['grad_test']:
    #     result['all_g'] = all_g
    result['all_g'] = all_g
    result['g_sel'] = g_sel

    a_idxs_selected_nn = []
    i_idxs_selected_nn = []
    
    nn_g = []
    if(test_config['nn']):
        nn_g, a_idxs_selected_nn, i_idxs_selected_nn = get_nn_excitations(a_idxs_selected_all, i_idxs_selected_all, all_g, mol_config)
        if test_config['grad_test']:
            result['nn_g'] = nn_g

    result['tot_excitation_count'] = len(a_idxs_selected_all)
    result['excitation_count_nn'] = len(a_idxs_selected_nn)

    #Computing energy through the LAS-UCC kernel using selected excitations
    #==========================================================================================
    
    a_idxs_selected = None
    i_idxs_selected = None

    if test_config['nn']:
        a_idxs_selected = a_idxs_selected_nn
        i_idxs_selected = i_idxs_selected_nn
    else:
        a_idxs_selected = a_idxs_selected_all
        i_idxs_selected = i_idxs_selected_all
    
    if VERBOSE >= 2:
        print("All selected excitations:")
        print_excitations(a_idxs_selected, i_idxs_selected)

    mc_uscc = mcscf.CASCI(mf, sum(mol_config['ncas']), sum(mol_config['nelecas']))
    mc_uscc.mo_coeff = las.mo_coeff

    
    mc_uscc.fcisolver = lasuccsd.FCISolver_USCC(mol, a_idxs_selected, i_idxs_selected)
    mc_uscc.fcisolver.norb_f = mol_config['ncas'] # number of orbitals in each fragment
    # easily hit the maximal memory limit
    mc_uscc.fcisolver.frozen = test_config['frozen'] if 'frozen' in test_config else None  
    mc_uscc.kernel(ci0 = cilas2f(las.ci, mol_config['ncas'], mol_config['nelecas']))
    if not mc_uscc.converged:
        print('Warning: kernel hasn\'t converged')
    
    if VERBOSE >= 1:
        print("MC-USCC amplitudes: ", mc_uscc.fcisolver.psi.x)

    result['las_uscc_eng'] =  mc_uscc.e_tot 
   
    if test_config['noci_test']:
        result['las_uscc_noci_eng'], result['las_uscc_noci_vec'], result['min_ci_eng'] = nci_test(a_idxs_selected, i_idxs_selected, test_config, mol_config, mol,las, mc_uscc, mf)
    
    return result
   



def batch_test(mol_config, test_configs):
    results = []

    # Initializing the molecule with RHF
    #===================================
    symmetry = None
    charge = None
    spin = None
    if 'symmetry' in mol_config:
        symmetry = mol_config['symmetry']
    if 'charge' in mol_config:
        charge = mol_config['charge']
    if 'spin' in mol_config:
        spin = mol_config['spin']

    mol = gto.M(atom=mol_config['xyz'], basis=mol_config['basis'], symmetry = symmetry,
        charge = charge, spin = spin, verbose=4, output=mol_config['output'])
    if 'HF' in mol_config and mol_config['HF'] == 'ROHF':
        mf = scf.ROHF(mol).run()
    else:
        mf = scf.RHF(mol).run()

    # Running LASSCF
    #===================================
    las = LASSCF(mf, mol_config['ncas'], mol_config['nelecas'], spin_sub=mol_config['spinsub'], ouput=None)
    mo_loc = las.localize_init_guess(mol_config['frag_atom_list'], mf.mo_coeff)
    las.kernel(mo_loc)
    
    ref = mcscf.CASCI(mf, sum(mol_config['ncas']), (6,4))
    ref.mo_coeff = las.mo_coeff
    ref.fix_spin_(ss=2) # triplet
    ref.kernel() 

    for test_config in test_configs:
        
        result = test(mol_config, test_config, las, mol, mf)
        results.append(result)
    
    return results, ref.e_tot, las.e_tot



def empty_adj(n):
    return [[0 for _ in range(n)] for _ in range(n)]

def circle_adj(n):
    return [[1 if abs(i - j) == 1 or abs(i - j) == n-1 else 0 for j in range(n)] for i in range(n)]


if __name__ == "__main__":


    data_dir = '../geom'

    with open(data_dir + '/h4.xyz', 'r', encoding='utf-8') as f:
        h4xyz = f.read()

    with open(data_dir + '/h6.xyz', 'r', encoding='utf-8') as f:
        h6xyz = f.read()

    with open(data_dir + '/h8.xyz', 'r', encoding='utf-8') as f:
        h8xyz = f.read()

    with open(data_dir + '/h10.xyz', 'r', encoding='utf-8') as f:
        h10xyz = f.read()


    with open(data_dir + '/c4.xyz', 'r', encoding='utf-8') as f:
        c4xyz = f.read()

    with open(data_dir + '/c6.xyz', 'r', encoding='utf-8') as f:
        c6xyz = f.read()

    with open(data_dir + '/c8.xyz', 'r', encoding='utf-8') as f:
        c8xyz = f.read()

    with open(data_dir + '/c10.xyz', 'r', encoding='utf-8') as f:
        c10xyz = f.read()

    with open(data_dir + '/stil-001.xyz', 'r', encoding='utf-8') as f:
        stil001xyz = f.read()

    with open(data_dir + '/stil-60.xyz', 'r', encoding='utf-8') as f:
        stil60xyz = f.read()

    with open(data_dir + '/stil-90.xyz', 'r', encoding='utf-8') as f:
        stil90xyz = f.read()

    with open(data_dir + '/stil-120.xyz', 'r', encoding='utf-8') as f:
        stil120xyz = f.read()

    with open(data_dir + '/stil-180.xyz', 'r', encoding='utf-8') as f:
        stil180xyz = f.read()       


    # with open(data_dir + '/kremer/kremer-geometry.xyz', 'r', encoding='utf-8') as f:
    #     kremer_xyz = f.read()

    # kremer_basis = {
    #     "Cr": "def2-tzvp",
    #     "O": "def2-svp",
    #     "N": "def2-svp",
    #     "C": "def2-svp",
    #     "H": "def2-svp",
    # }

    # kremer_def2 : MolConfig = {
    #     'name' : 'kremer_def2',
    #     'HF' : 'ROHF',
    #     'xyz' : kremer_xyz,
    #     'basis' : kremer_basis,
    #     'symmetry' : False,
    #     'charge' : 3,
    #     'spin' : 6,
    #     'ncas': [3,3],
    #     'nelecas': [[3,0],[0,3]],
    #     'spinsub': [4,4],
    #     'frag_atom_list': [[0],[1]]
    # }

    h4_sto3g : MolConfig = {
        'name': 'H4_STO3G',
        'xyz': h4xyz,
        'basis': 'sto-3g',
        'ncas': [2, 2],
        'nelecas': [2, 2],
        'spinsub': [1, 1],
        'frag_atom_list': ((0, 1), (2, 3)),
        'output': 'h4_sto3g.out',
    }


    stil_631g_001 : MolConfig = {
        'name': 'STIL_631G_001',
        'xyz': stil001xyz,
        'basis': '631g',
        'ncas': [4,2,4],
        'nelecas': [4,2,4],
        'spinsub': [1, 1, 1],
        'frag_atom_list': [ [1,2,3,4,5,6,15,16,17,18,19] , [0,7, 14,20] , [8,9,10,11,12,13, 21,22,23,24,25] ],
        'frag_spin_orb': {
            0: (0, 1, 2, 3,10,11,12,13),
            1: (4,5,14,15),
            2: (6,7,8,9,16,17,18,19)
        },
        'adj': empty_adj(3),
        'output' : 'stil_631g_001.out',
    }

    stil_631g_60 : MolConfig = {
        'name': 'STIL_631G_60',
        'xyz': stil60xyz,
        'basis': '631g',
        'ncas': [4,2,4],
        'nelecas': [4,2,4],
        'spinsub': [1, 1, 1],
        'frag_atom_list': [ [1,2,3,4,5,6,15,16,17,18,19] , [0,7, 14,20] , [8,9,10,11,12,13, 21,22,23,24,25] ],
        'frag_spin_orb': {
            0: (0, 1, 2, 3,10,11,12,13),
            1: (4,5,14,15),
            2: (6,7,8,9,16,17,18,19)
        },
        'adj': empty_adj(3),
        'output' : 'stil_631g_60.out',
    }

    stil_631g_90 : MolConfig = {
        'name': 'STIL_631G_90',
        'xyz': stil90xyz,
        'basis': '631g',
        'ncas': [4,2,4],
        'nelecas': [4,2,4],
        'spinsub': [1, 1, 1],
        'frag_atom_list': [ [1,2,3,4,5,6,15,16,17,18,19] , [0,7, 14,20] , [8,9,10,11,12,13, 21,22,23,24,25] ],
        'frag_spin_orb': {
            0: (0, 1, 2, 3,10,11,12,13),
            1: (4,5,14,15),
            2: (6,7,8,9,16,17,18,19)
        },
        'adj': empty_adj(3),
        'output' : 'stil_631g_90.out',
    }

    stil_631g_120 : MolConfig = {
        'name': 'STIL_631G_120',
        'xyz': stil120xyz,
        'basis': '631g',
        'ncas': [4,2,4],
        'nelecas': [4,2,4],
        'spinsub': [1, 1, 1],
        'frag_atom_list': [ [1,2,3,4,5,6,15,16,17,18,19] , [0,7, 14,20] , [8,9,10,11,12,13, 21,22,23,24,25] ],
        'frag_spin_orb': {
            0: (0, 1, 2, 3,10,11,12,13),
            1: (4,5,14,15),
            2: (6,7,8,9,16,17,18,19)
        },
        'adj': empty_adj(3),
        'output' : 'stil_631g_120.out',
    }


    stil_631g_180 : MolConfig = {
        'name': 'STIL_631G_180',
        'xyz': stil180xyz,
        'basis': '631g',
        'ncas': [4,2,4],
        'nelecas': [4,2,4],
        'spinsub': [1, 1, 1],
        'frag_atom_list': [ [1,2,3,4,5,6,15,16,17,18,19] , [0,7, 14,20] , [8,9,10,11,12,13, 21,22,23,24,25] ],
        'frag_spin_orb': {
            0: (0, 1, 2, 3,10,11,12,13),
            1: (4,5,14,15),
            2: (6,7,8,9,16,17,18,19)
        },
        'adj': empty_adj(3),
        'output' : 'stil_631g_180.out',
    }

    # triplet stil
    stil_triplet_631g_001 = copy.deepcopy(stil_631g_001)
    stil_triplet_631g_001['spinsub'] = [1,3,1]

    stil_triplet_631g_60 = copy.deepcopy(stil_631g_60)
    stil_triplet_631g_60['spinsub'] = [1,3,1]
    stil_triplet_631g_90 = copy.deepcopy(stil_631g_90)
    stil_triplet_631g_90['spinsub'] = [1,3,1]
    stil_triplet_631g_120 = copy.deepcopy(stil_631g_120)
    stil_triplet_631g_120['spinsub'] = [1,3,1]
    stil_triplet_631g_180 = copy.deepcopy(stil_631g_180)
    stil_triplet_631g_180['spinsub'] = [1,3,1]
    

    # This c4 is too small, and I observed numericall error, that H and S have all identical
    # entries however the NOCI energy is lower 
    c4_631g : MolConfig = {
        'name': 'C4_631G',
        'xyz': c4xyz,
        'basis': '631g',
        'ncas': [2,2],
        'nelecas': [2,2],
        'spinsub': [1,1],
        'frag_atom_list':  [[0,2], [3,1]],
        'frag_spin_orb': {
            0: (0,1,4,5),
            1: (2,3,6,7),
        },
        'adj': circle_adj(2), # not sure about this
        'output': 'c4_631g.out',
    }

    c6_631 : MolConfig = {
        'name': 'C6_631G',
        'xyz': c6xyz,
        'basis': '631g',
        'ncas': [2,2,2],
        'nelecas': [2,2,2],
        'spinsub': [1,1,1],
        'frag_atom_list': [[0,2], [10,11], [3,1]], # not sure about this
        'frag_spin_orb': {
            0: (0,1,6,7),
            1: (2,3,8,9),
            2: (4,5,10,11),
        },
        'adj': circle_adj(3),
        'output': 'c6_631g.out',
    }


    c8_631 : MolConfig = {
        'name': 'C8_631G',
        'xyz': c8xyz,
        'basis': '631g',
        'ncas': [2,2,2,2],
        'nelecas': [2,2,2,2],
        'spinsub': [1,1,1,1],
        'frag_atom_list': [[0,2], [10,12], [13,11], [3,1]], 
        'frag_spin_orb': {
            0: (0,1,8,9),
            1: (2,3,10,11),
            2: (4,5,12,13),
            3: (6,7,14,15),
        },
        'adj': circle_adj(3),
        'output': 'c8_631g.out',
    }


    c10_631g : MolConfig = {
        'name': 'C10_631G',
        'xyz': c10xyz,
        'basis': '631g',
        'ncas': [2,2,2,2,2],
        'nelecas': [2,2,2,2,2],
        'spinsub': [1,1,1,1,1],
        'frag_atom_list': [[0,2], [10,12], [18,19], [13,11], [3,1]],
        'frag_spin_orb': {
            0: (0,1,10,11),
            1: (2,3,12,13),
            2: (4,5,14,15),
            3: (6,7,16,17),
            4: (8,9,18,19)
        },
        'adj': circle_adj(5),
        'output': 'c10_631g.out',
    }

    mol_configs = [stil_triplet_631g_180]
    # mol_configs = [h4_sto3g]



    nosi_test_01 : TestConfig = {
        'epsilon': 0.01,
        'nn': False,
        'init_method': 'uscc_opt',
        'frozen': 'CI',
        'grad_test': False,
        'noci_test': True
    }
        
    # noci_test_001 = copy.deepcopy(noci_test_01)
    # noci_test_001['epsilon'] = 0.001

    # noci_test_0001 = copy.deepcopy(noci_test_01)
    # noci_test_0001['epsilon'] = 0.0001

    # eps = np.array([0.0076, 0.005015, 0.00297421, 0.00252])
    eps = np.array([0.005015])

    nosi_tests = []
    for thre in eps:
        nosi_test = copy.deepcopy(nosi_test_01)
        nosi_test['epsilon'] = thre
        nosi_tests.append(nosi_test)


    for mol_conf in mol_configs:
        print(f"Molecule {mol_conf['name']}: ")
        mol_results, ref_energy, las_energy = batch_test(mol_conf, nosi_tests)
        
        print(f"CASCI energy: {ref_energy:.17f}")
        print(f"LASSCF energy: {las_energy:.17f}")
        for result in mol_results:
            print(f"Total excitations: {len(result['all_g'])}")
            print(f"Selected excitations: {len(result['g_sel'])}")
            
            # print(f"NN excitations: {result['excitation_count_nn']}")

            if 'las_uscc_eng' in result:
                print(f"LAS-USCCSD-VQE energy: {result['las_uscc_eng']:.17f}")
            if 'las_uscc_noci_eng' in result:
                print(f"LAS-USCCSD-NOSI energy: {result['las_uscc_noci_eng']:.17f}")
            # if 'tot_g' in result:
            #     print(f"Total gradient norm: {np.linalg.norm(result['tot_g']):.17f}")
            # if 'nn_g' in result:
            #     print(f"NN gradient norm: {np.linalg.norm(result['nn_g']):.17f}")
            if 'las_uscc_noci_vec' in result:
                print("NOSI vector: ", result['las_uscc_noci_vec'])
            if 'min_ci_eng' in result:
                print(f"Minimum State energy: {result['min_ci_eng']:.17f}")
            print("\n")
        
        print("\n\n")
#INFO: ******************** input file end ********************


System: uname_result(system='Linux', node='midway3-0554.rcc.local', release='4.18.0-305.3.1.el8.x86_64', version='#1 SMP Tue Jun 1 16:14:33 UTC 2021', machine='x86_64')  Threads 16
Python 3.9.19 | packaged by conda-forge | (main, Mar 20 2024, 12:50:21) 
[GCC 12.3.0]
numpy 2.0.2  scipy 1.13.1  h5py 3.14.0
Date: Sat Nov  8 08:15:57 2025
PySCF version 2.9.0
PySCF path  /home/tuy/repo/.venv/lib/python3.9/site-packages/pyscf
mrh path  /home/tuy/repo/mrh
GIT ORIG_HEAD b98c29c0816fd226852111a125e579215dc0ac5e
GIT HEAD (branch master) b49e04f5f5ffc1c27967a615ccab8ecdf1806538

[CONFIG] conf_file None
[INPUT] verbose = 4
[INPUT] num. atoms = 26
[INPUT] num. electrons = 96
[INPUT] charge = 0
[INPUT] spin (= nelec alpha-beta = 2S) = 0
[INPUT] symmetry False subgroup None
[INPUT] Mole.unit = angstrom
[INPUT] Symbol           X                Y                Z      unit          X                Y                Z       unit  Magmom
[INPUT]  1 C      0.495107800000  -0.452686820000  -0.000068000000 AA    0.935618144136  -0.855454110000  -0.000128501376 Bohr   0.0
[INPUT]  2 C      1.922556230000  -0.189148920000  -0.000060000000 AA    3.633104733776  -0.357439655557  -0.000113383567 Bohr   0.0
[INPUT]  3 C      2.469574020000   1.100647560000  -0.000073000000 AA    4.666818542141   2.079922448071  -0.000137950007 Bohr   0.0
[INPUT]  4 C      3.837261470000   1.292543480000  -0.000060000000 AA    7.251373246646   2.442553181292  -0.000113383567 Bohr   0.0
[INPUT]  5 C      4.702162130000   0.204993920000  -0.000040000000 AA    8.885798619001   0.387382366001  -0.000075589045 Bohr   0.0
[INPUT]  6 C      4.180931330000  -1.079174570000  -0.000038000000 AA    7.900815159314  -2.039344377895  -0.000071809593 Bohr   0.0
[INPUT]  7 C      2.810417880000  -1.270885490000  -0.000055000000 AA    5.310920088781  -2.401625511784  -0.000103934937 Bohr   0.0
[INPUT]  8 C     -0.495108800000   0.452684820000   0.000434000000 AA   -0.935620033862   0.855450330548   0.000820141138 Bohr   0.0
[INPUT]  9 C     -1.922557230000   0.189148920000   0.000229000000 AA   -3.633106623502   0.357439655557   0.000432747283 Bohr   0.0
[INPUT] 10 C     -2.469575020000  -1.100647560000   0.000169000000 AA   -4.666820431867  -2.079922448071   0.000319363715 Bohr   0.0
[INPUT] 11 C     -3.837261470000  -1.292543480000  -0.000066000000 AA   -7.251373246646  -2.442553181292  -0.000124721924 Bohr   0.0
[INPUT] 12 C     -4.702161130000  -0.204992920000  -0.000230000000 AA   -8.885796729275  -0.387380476275  -0.000434637009 Bohr   0.0
[INPUT] 13 C     -4.180931330000   1.079174570000  -0.000153000000 AA   -7.900815159314   2.039344377895  -0.000289128097 Bohr   0.0
[INPUT] 14 C     -2.810417880000   1.270886490000   0.000085000000 AA   -5.310920088781   2.401627401510   0.000160626721 Bohr   0.0
[INPUT] 15 H      0.235195910000  -1.507693400000   0.000121000000 AA    0.444455855518  -2.849127605814   0.000228656861 Bohr   0.0
[INPUT] 16 H      1.814400280000   1.962668220000  -0.000103000000 AA    3.428719609534   3.708905409188  -0.000194641791 Bohr   0.0
[INPUT] 17 H      4.236442310000   2.299259080000  -0.000066000000 AA    8.005715708420   4.344969950619  -0.000124721924 Bohr   0.0
[INPUT] 18 H      5.773326700000   0.360670860000  -0.000022000000 AA   10.910006290639   0.681569146511  -0.000041573975 Bohr   0.0
[INPUT] 19 H      4.844371070000  -1.934910230000  -0.000030000000 AA    9.154534568066  -3.656450410319  -0.000056691784 Bohr   0.0
[INPUT] 20 H      2.406135040000  -2.276877090000  -0.000063000000 AA    4.546936244319  -4.302674119397  -0.000119052746 Bohr   0.0
[INPUT] 21 H     -0.235194910000   1.507690400000   0.000065000000 AA   -0.444453965792   2.849121936636   0.000122832198 Bohr   0.0
[INPUT] 22 H     -1.814398280000  -1.962667220000   0.000310000000 AA   -3.428715830082  -3.708903519461   0.000585815099 Bohr   0.0
[INPUT] 23 H     -4.236443310000  -2.299258080000  -0.000106000000 AA   -8.005717598146  -4.344968060893  -0.000200310969 Bohr   0.0
[INPUT] 24 H     -5.773325700000  -0.360668860000  -0.000411000000 AA  -10.910004400913  -0.681565367059  -0.000776677437 Bohr   0.0
[INPUT] 25 H     -4.844371070000   1.934910230000  -0.000283000000 AA   -9.154534568066   3.656450410319  -0.000534792493 Bohr   0.0
[INPUT] 26 H     -2.406135040000   2.276877090000   0.000140000000 AA   -4.546936244319   4.302674119397   0.000264561657 Bohr   0.0

nuclear repulsion = 735.601288552494
number of shells = 94
number of NR pGTOs = 356
number of NR cGTOs = 150
basis = 631g
ecp = {}
CPU time:         3.08


******** <class 'pyscf.scf.hf.RHF'> ********
method = RHF
initial guess = minao
damping factor = 0
level_shift factor = 0
DIIS = <class 'pyscf.scf.diis.CDIIS'>
diis_start_cycle = 1
diis_space = 8
diis_damp = 0
SCF conv_tol = 1e-09
SCF conv_tol_grad = None
SCF max_cycles = 50
direct_scf = True
direct_scf_tol = 1e-13
chkfile to save SCF result = /scratch/local/jobs/39884875/tmpm4_07o3c
max_memory 4000 MB (current use 96 MB)
Set gradient conv threshold to 3.16228e-05
Initial guess from minao.
init E= -541.655007459961
  HOMO = -0.178095470374165  LUMO = -0.0151312561226814
cycle= 1 E= -536.823485992267  delta_E= 4.83  |g|= 0.543  |ddm|= 5.05
  HOMO = -0.286097953216311  LUMO = 0.0515707808192451
cycle= 2 E= -536.942552242896  delta_E= -0.119  |g|= 0.144  |ddm|= 1.28
  HOMO = -0.260019414081127  LUMO = 0.0858569040006689
cycle= 3 E= -536.950934840685  delta_E= -0.00838  |g|= 0.0452  |ddm|= 0.411
  HOMO = -0.271684873042065  LUMO = 0.0768155172748105
cycle= 4 E= -536.951611833467  delta_E= -0.000677  |g|= 0.0115  |ddm|= 0.0842
  HOMO = -0.2714930628043  LUMO = 0.0778089227311251
cycle= 5 E= -536.951659032191  delta_E= -4.72e-05  |g|= 0.00326  |ddm|= 0.0185
  HOMO = -0.271532226033635  LUMO = 0.0782734678718906
cycle= 6 E= -536.951665004134  delta_E= -5.97e-06  |g|= 0.000687  |ddm|= 0.0069
  HOMO = -0.271621775201965  LUMO = 0.0784056444550336
cycle= 7 E= -536.951665485428  delta_E= -4.81e-07  |g|= 0.000251  |ddm|= 0.00191
  HOMO = -0.271677137563016  LUMO = 0.0784222556096425
cycle= 8 E= -536.951665543588  delta_E= -5.82e-08  |g|= 8.33e-05  |ddm|= 0.0006
  HOMO = -0.271689139219726  LUMO = 0.0784309460461127
cycle= 9 E= -536.951665551868  delta_E= -8.28e-09  |g|= 3.71e-05  |ddm|= 0.000241
  HOMO = -0.271690761479119  LUMO = 0.0784307439780764
cycle= 10 E= -536.951665553369  delta_E= -1.5e-09  |g|= 1.94e-05  |ddm|= 9.52e-05
  HOMO = -0.271692779625512  LUMO = 0.0784279404180778
cycle= 11 E= -536.951665553859  delta_E= -4.9e-10  |g|= 5.8e-06  |ddm|= 7.19e-05
  HOMO = -0.271692360925792  LUMO = 0.0784276330690757
Extra cycle  E= -536.951665553886  delta_E= -2.66e-11  |g|= 3.46e-06  |ddm|= 1.37e-05
converged SCF energy = -536.951665553886

******** LASSCF flags ********
CAS (5e+5e, 10o), ncore = 43, nvir = 97
Divided into 3 LAS spaces
LAS 0 : (2e+2e, 4o)
LAS 1 : (1e+1e, 2o)
LAS 2 : (2e+2e, 4o)
nroots = 1
max_cycle_macro = 50
max_cycle_micro = 5
conv_tol_grad = 0.0001
max_memory 4000 MB (current use 739 MB)
fragment 0 FCI solver flags:
******** <class 'mrh.my_pyscf.mcscf.addons.get_h1e_zipped_fcisolver.<locals>.FCISolver'> ********
max. cycles = 100
conv_tol = 1e-10
davidson only = False
linear dependence = 1e-14
level shift = 0.001
max iter space = 12
max_memory 4000 MB
nroots = 1
pspace_size = 200
spin = 0
State-average over 1 states with weights [1.0]
fragment 1 FCI solver flags:
******** <class 'mrh.my_pyscf.mcscf.addons.get_h1e_zipped_fcisolver.<locals>.FCISolver'> ********
max. cycles = 100
conv_tol = 1e-10
davidson only = False
linear dependence = 1e-14
level shift = 0.001
max iter space = 12
max_memory 4000 MB
nroots = 1
pspace_size = 200
spin = 0
State-average over 1 states with weights [1.0]
fragment 2 FCI solver flags:
******** <class 'mrh.my_pyscf.mcscf.addons.get_h1e_zipped_fcisolver.<locals>.FCISolver'> ********
max. cycles = 100
conv_tol = 1e-10
davidson only = False
linear dependence = 1e-14
level shift = 0.001
max iter space = 12
max_memory 4000 MB
nroots = 1
pspace_size = 200
spin = 0
State-average over 1 states with weights [1.0]
LASCI subspace 0 with no orbsym information
LASCI subspace 1 with no orbsym information
LASCI subspace 2 with no orbsym information
LASCI subspace CI energies: [np.float64(-3.0684621298239314), np.float64(-1.0354731175732814), np.float64(-3.0684623978865497)]
LASCI macro 0 : E = -536.784721003178 ; |g_int| = 0.274132789797301 ; |g_ci| = 0.000107854100233993 ; |g_x| = 0
LASCI micro 1 : |x_orb| = 0.509081903485119 ; |x_ci| = 0.0104266652120057
LASCI micro 2 : |x_orb| = 0.554284356474552 ; |x_ci| = 0.0220272260812098
LASCI micro 3 : |x_orb| = 0.577961355711758 ; |x_ci| = 0.0139437684796714
LASCI micro 4 : |x_orb| = 0.58537710260099 ; |x_ci| = 0.0209360870794189
LASCI micro 5 : |x_orb| = 0.587253251604147 ; |x_ci| = 0.020695124489434
LASCI subspace 0 with no orbsym information
LASCI subspace 1 with no orbsym information
LASCI subspace 2 with no orbsym information
LASCI subspace CI energies: [np.float64(-3.086630751927684), np.float64(-1.0389698387223305), np.float64(-3.0866311382962066)]
LASCI macro 1 : E = -536.872229693117 ; |g_int| = 0.13331364734486 ; |g_ci| = 7.52470560365458e-05 ; |g_x| = 0
LASCI micro 1 : |x_orb| = 0.30870944356881 ; |x_ci| = 0.00719070468987965
LASCI micro 2 : |x_orb| = 0.316470696718633 ; |x_ci| = 0.0118023826871882
LASCI micro 3 : |x_orb| = 0.346963717950022 ; |x_ci| = 0.0125598745725963
LASCI micro 4 : |x_orb| = 0.339942949062916 ; |x_ci| = 0.0144054650235038
LASCI micro 5 : |x_orb| = 0.341318730941304 ; |x_ci| = 0.0145836067696985
LASCI subspace 0 with no orbsym information
LASCI subspace 1 with no orbsym information
LASCI subspace 2 with no orbsym information
LASCI subspace CI energies: [np.float64(-3.091999858193124), np.float64(-1.007814359086486), np.float64(-3.092000310124348)]
LASCI macro 2 : E = -536.893883962046 ; |g_int| = 0.0696651892144927 ; |g_ci| = 4.24153357645889e-05 ; |g_x| = 0
LASCI micro 1 : |x_orb| = 0.425923798032346 ; |x_ci| = 0.0104658514110553
LASCI micro 2 : |x_orb| = 0.4328736883998 ; |x_ci| = 0.00184644652150592
LASCI micro 3 : |x_orb| = 0.493100562596054 ; |x_ci| = 0.0164039277477352
LASCI micro 4 : |x_orb| = 0.515534300301209 ; |x_ci| = 0.0205198724106429
LASCI micro 5 : |x_orb| = 0.504476527018923 ; |x_ci| = 0.022468225587821
LASCI subspace 0 with no orbsym information
LASCI subspace 1 with no orbsym information
LASCI subspace 2 with no orbsym information
LASCI subspace CI energies: [np.float64(-3.098188343006301), np.float64(-0.9859257521200898), np.float64(-3.0981887993611372)]
LASCI macro 3 : E = -536.90632480931 ; |g_int| = 0.0346322022101455 ; |g_ci| = 2.36165188356463e-05 ; |g_x| = 0
LASCI micro 1 : |x_orb| = 0.320673752616402 ; |x_ci| = 0.00618489850579645
LASCI micro 2 : |x_orb| = 0.755919919509835 ; |x_ci| = 0.0309189846449627
LASCI micro 3 : |x_orb| = 0.760044453476686 ; |x_ci| = 0.0318502984220345
LASCI micro 4 : |x_orb| = 1.77290445774325 ; |x_ci| = 0.0455114764203257
LASCI micro 5 : |x_orb| = 1.46799826946698 ; |x_ci| = 0.0505766849735905
LASCI subspace 0 with no orbsym information
LASCI subspace 1 with no orbsym information
LASCI subspace 2 with no orbsym information
LASCI subspace CI energies: [np.float64(-3.1509331597912364), np.float64(-0.9936585223306659), np.float64(-3.1509323835777563)]
LASCI macro 4 : E = -536.906182709689 ; |g_int| = 0.0229880183414852 ; |g_ci| = 5.81215083532284e-05 ; |g_x| = 0
LASCI micro 1 : |x_orb| = 0.0952622418006229 ; |x_ci| = 0.00373173665120964
LASCI micro 2 : |x_orb| = 0.0977194293010483 ; |x_ci| = 0.00100048151764926
LASCI micro 3 : |x_orb| = 0.109667124137674 ; |x_ci| = 0.00533074740273766
LASCI micro 4 : |x_orb| = 0.109645870519432 ; |x_ci| = 0.00531022252672693
LASCI micro 5 : |x_orb| = 0.111689807763532 ; |x_ci| = 0.00568528104875244
LASCI subspace 0 with no orbsym information
LASCI subspace 1 with no orbsym information
LASCI subspace 2 with no orbsym information
LASCI subspace CI energies: [np.float64(-3.1557481316843683), np.float64(-0.9738054588397507), np.float64(-3.1557473363094424)]
LASCI macro 5 : E = -536.907612093903 ; |g_int| = 0.0118673218650452 ; |g_ci| = 1.96023366358457e-05 ; |g_x| = 0
LASCI micro 1 : |x_orb| = 0.0604953187635487 ; |x_ci| = 0.00249495700645885
LASCI micro 2 : |x_orb| = 0.0632021723882315 ; |x_ci| = 0.00106583765486906
LASCI micro 3 : |x_orb| = 0.0701294377043642 ; |x_ci| = 0.00316445868306713
LASCI micro 4 : |x_orb| = 0.0715087524037328 ; |x_ci| = 0.00335671686629311
LASCI micro 5 : |x_orb| = 0.0755662173064079 ; |x_ci| = 0.00357881624139333
LASCI subspace 0 with no orbsym information
LASCI subspace 1 with no orbsym information
LASCI subspace 2 with no orbsym information
LASCI subspace CI energies: [np.float64(-3.1598860067759382), np.float64(-0.9611400375631092), np.float64(-3.1598851692449683)]
LASCI macro 6 : E = -536.908064105924 ; |g_int| = 0.00619674930776039 ; |g_ci| = 1.29200838330236e-05 ; |g_x| = 0
LASCI micro 1 : |x_orb| = 0.0450272266494346 ; |x_ci| = 0.00168065384233108
LASCI micro 2 : |x_orb| = 0.0457217124961819 ; |x_ci| = 0.000261148272019074
LASCI micro 3 : |x_orb| = 0.0554600451635653 ; |x_ci| = 0.00180639547086652
LASCI micro 4 : |x_orb| = 0.0678084444016404 ; |x_ci| = 0.00261060047013829
LASCI micro 5 : |x_orb| = 0.0776155068232996 ; |x_ci| = 0.00265536094789621
LASCI subspace 0 with no orbsym information
LASCI subspace 1 with no orbsym information
LASCI subspace 2 with no orbsym information
LASCI subspace CI energies: [np.float64(-3.165598968073052), np.float64(-0.9533991502058832), np.float64(-3.1655980857763186)]
LASCI macro 7 : E = -536.908224464222 ; |g_int| = 0.00363639809320201 ; |g_ci| = 6.54206252306744e-06 ; |g_x| = 0
LASCI micro 1 : |x_orb| = 0.0396124998935561 ; |x_ci| = 0.00120724494274945
LASCI micro 2 : |x_orb| = 0.0391209841717331 ; |x_ci| = 0.000823144013072095
LASCI micro 3 : |x_orb| = 0.0625132772007656 ; |x_ci| = 0.00140492537319748
LASCI micro 4 : |x_orb| = 0.0999775432962199 ; |x_ci| = 0.00283510308497273
LASCI micro 5 : |x_orb| = 0.110123676505338 ; |x_ci| = 0.00268934655359299
LASCI subspace 0 with no orbsym information
LASCI subspace 1 with no orbsym information
LASCI subspace 2 with no orbsym information
LASCI subspace CI energies: [np.float64(-3.1749747326659197), np.float64(-0.9482196717477746), np.float64(-3.1749738783948054)]
LASCI macro 8 : E = -536.908309306873 ; |g_int| = 0.00274849316259192 ; |g_ci| = 1.4499645495322e-06 ; |g_x| = 0
LASCI micro 1 : |x_orb| = 0.0349702342515177 ; |x_ci| = 0.000872163885351104
LASCI micro 2 : |x_orb| = 0.0356123571252453 ; |x_ci| = 0.00101645672076476
LASCI micro 3 : |x_orb| = 0.0914896741030729 ; |x_ci| = 0.00169634376112401
LASCI micro 4 : |x_orb| = 0.145531044012164 ; |x_ci| = 0.00311056989527848
LASCI micro 5 : |x_orb| = 0.169671096560118 ; |x_ci| = 0.00364621010643104
LASCI subspace 0 with no orbsym information
LASCI subspace 1 with no orbsym information
LASCI subspace 2 with no orbsym information
LASCI subspace CI energies: [np.float64(-3.1909553493101095), np.float64(-0.9457822220733918), np.float64(-3.1909548991001406)]
LASCI macro 9 : E = -536.908383858572 ; |g_int| = 0.00228291472565939 ; |g_ci| = 6.84000924124836e-06 ; |g_x| = 0
LASCI micro 1 : |x_orb| = 0.0298426521544623 ; |x_ci| = 0.000710531071198591
LASCI micro 2 : |x_orb| = 0.0369296870291653 ; |x_ci| = 0.00144380448804204
LASCI micro 3 : |x_orb| = 0.103119015524851 ; |x_ci| = 0.00101101754297315
LASCI micro 4 : |x_orb| = 0.22828087883771 ; |x_ci| = 0.00422175703020016
LASCI micro 5 : |x_orb| = 0.296276552742526 ; |x_ci| = 0.00395247833918594
LASCI subspace 0 with no orbsym information
LASCI subspace 1 with no orbsym information
LASCI subspace 2 with no orbsym information
LASCI subspace CI energies: [np.float64(-3.214062861945611), np.float64(-0.9485847984412271), np.float64(-3.2140648263241376)]
LASCI macro 10 : E = -536.908482663009 ; |g_int| = 0.00316224211274167 ; |g_ci| = 8.80457008460114e-06 ; |g_x| = 0
LASCI micro 1 : |x_orb| = 0.186054502107074 ; |x_ci| = 0.00347836091367439
LASCI micro 2 : |x_orb| = 0.556827692421919 ; |x_ci| = 0.0171703553634056
LASCI micro 3 : |x_orb| = 1.38587682604633 ; |x_ci| = 0.0216488371284678
LASCI micro 4 : |x_orb| = 2.06958384004634 ; |x_ci| = 0.0522701841901995
Unstable microiteration aborted: ||x(n)|| > 10*||x(0)||
New energy (-536.9077057278762) is higher than keyframe energy (-536.9084826630087)
Attempt 1 of 3 to scale down trial step vector
LASCI subspace 0 with no orbsym information
LASCI subspace 1 with no orbsym information
LASCI subspace 2 with no orbsym information
LASCI subspace CI energies: [np.float64(-3.2108680031430694), np.float64(-0.9362980819905757), np.float64(-3.2108774346313016)]
LASCI macro 11 : E = -536.909107951083 ; |g_int| = 0.00925133669444501 ; |g_ci| = 2.04335730418203e-05 ; |g_x| = 0
LASCI micro 1 : |x_orb| = 0.0955170904569308 ; |x_ci| = 0.0015294912870659
LASCI micro 2 : |x_orb| = 0.186641180140475 ; |x_ci| = 0.00576748548170276
LASCI micro 3 : |x_orb| = 0.200685502441171 ; |x_ci| = 0.00292034862130984
LASCI micro 4 : |x_orb| = 0.286324112466224 ; |x_ci| = 0.00653252410656249
LASCI micro 5 : |x_orb| = 0.320207727017677 ; |x_ci| = 0.00437565779489581
LASCI subspace 0 with no orbsym information
LASCI subspace 1 with no orbsym information
LASCI subspace 2 with no orbsym information
LASCI subspace CI energies: [np.float64(-3.2263430869462155), np.float64(-0.9441093855956183), np.float64(-3.2263480260574484)]
LASCI macro 12 : E = -536.909522121006 ; |g_int| = 0.00682632731090443 ; |g_ci| = 1.31755593463591e-05 ; |g_x| = 0
LASCI micro 1 : |x_orb| = 0.0605468337079552 ; |x_ci| = 0.00055964938514503
LASCI micro 2 : |x_orb| = 0.243818533772226 ; |x_ci| = 0.00461841190221057
LASCI micro 3 : |x_orb| = 0.258327482631925 ; |x_ci| = 0.00254990304731736
LASCI micro 4 : |x_orb| = 0.355878507645422 ; |x_ci| = 0.00415812043005887
LASCI micro 5 : |x_orb| = 0.36147046197275 ; |x_ci| = 0.00337232640079852
LASCI subspace 0 with no orbsym information
LASCI subspace 1 with no orbsym information
LASCI subspace 2 with no orbsym information
LASCI subspace CI energies: [np.float64(-3.2285817717433067), np.float64(-0.9393142797670486), np.float64(-3.2285785309142847)]
LASCI macro 13 : E = -536.909802998417 ; |g_int| = 0.00395139810496444 ; |g_ci| = 3.60833036238415e-05 ; |g_x| = 0
LASCI micro 1 : |x_orb| = 0.0706889202064854 ; |x_ci| = 0.00112910924222104
LASCI micro 2 : |x_orb| = 0.140284765951309 ; |x_ci| = 0.00410153301030321
LASCI micro 3 : |x_orb| = 0.383205383367139 ; |x_ci| = 0.00393127992949188
LASCI micro 4 : |x_orb| = 0.396597808932666 ; |x_ci| = 0.00479548318443606
LASCI micro 5 : |x_orb| = 0.497652692278893 ; |x_ci| = 0.00597344259105399
LASCI subspace 0 with no orbsym information
LASCI subspace 1 with no orbsym information
LASCI subspace 2 with no orbsym information
LASCI subspace CI energies: [np.float64(-3.211387652241709), np.float64(-0.9436459136020784), np.float64(-3.2113865558861248)]
LASCI macro 14 : E = -536.910152202273 ; |g_int| = 0.00309224916851095 ; |g_ci| = 1.56520556386711e-05 ; |g_x| = 0
LASCI micro 1 : |x_orb| = 0.317289676033446 ; |x_ci| = 0.00381076419052567
LASCI micro 2 : |x_orb| = 0.767588320297983 ; |x_ci| = 0.0157116763924526
LASCI micro 3 : |x_orb| = 6.3481724515366 ; |x_ci| = 0.0549869534063212
Unstable microiteration aborted: |x[i]| > pi/2
LASCI subspace 0 with no orbsym information
LASCI subspace 1 with no orbsym information
LASCI subspace 2 with no orbsym information
LASCI subspace CI energies: [np.float64(-3.2048709893168925), np.float64(-0.936283197616189), np.float64(-3.2048681181719614)]
LASCI macro 15 : E = -536.9110113866 ; |g_int| = 0.0095887500064943 ; |g_ci| = 4.3229407997642e-05 ; |g_x| = 0
LASCI micro 1 : |x_orb| = 0.386480551919786 ; |x_ci| = 0.00492147024403381
LASCI micro 2 : |x_orb| = 2.26820568554315 ; |x_ci| = 0.0535716902062545
LASCI micro 3 : |x_orb| = 1.72708170817708 ; |x_ci| = 0.0226095116366159
LASCI micro 4 : |x_orb| = 1.01747580841503 ; |x_ci| = 0.0267454227192598
LASCI micro 5 : |x_orb| = 0.768002453415708 ; |x_ci| = 0.0169260883507127
LASCI subspace 0 with no orbsym information
LASCI subspace 1 with no orbsym information
LASCI subspace 2 with no orbsym information
LASCI subspace CI energies: [np.float64(-3.2375644464282054), np.float64(-0.9281669968385073), np.float64(-3.237561564105887)]
LASCI macro 16 : E = -536.909777040683 ; |g_int| = 0.0174127827471588 ; |g_ci| = 6.83968198951863e-05 ; |g_x| = 0
LASCI micro 1 : |x_orb| = 0.0939380056149641 ; |x_ci| = 0.00262687942702574
LASCI micro 2 : |x_orb| = 0.0974234246957361 ; |x_ci| = 0.00318451298442435
LASCI micro 3 : |x_orb| = 0.164499419071127 ; |x_ci| = 0.00475593070457857
LASCI micro 4 : |x_orb| = 0.171966247896033 ; |x_ci| = 0.00554011734382769
LASCI micro 5 : |x_orb| = 0.181461605358541 ; |x_ci| = 0.00557440155212637
LASCI subspace 0 with no orbsym information
LASCI subspace 1 with no orbsym information
LASCI subspace 2 with no orbsym information
LASCI subspace CI energies: [np.float64(-3.222839976456652), np.float64(-0.9339716590377948), np.float64(-3.2228382494175216)]
LASCI macro 17 : E = -536.910203095971 ; |g_int| = 0.00916134886284754 ; |g_ci| = 5.23405846278649e-05 ; |g_x| = 0
LASCI micro 1 : |x_orb| = 0.117523480009205 ; |x_ci| = 0.00252679888542819
LASCI micro 2 : |x_orb| = 0.139392922071925 ; |x_ci| = 0.00432993783462574
LASCI micro 3 : |x_orb| = 0.306258510334803 ; |x_ci| = 0.00606443739963531
LASCI micro 4 : |x_orb| = 0.396502221034742 ; |x_ci| = 0.00995491042267592
LASCI micro 5 : |x_orb| = 0.401441360931391 ; |x_ci| = 0.00935639907495546
LASCI subspace 0 with no orbsym information
LASCI subspace 1 with no orbsym information
LASCI subspace 2 with no orbsym information
LASCI subspace CI energies: [np.float64(-3.201813303037982), np.float64(-0.9403730330096552), np.float64(-3.201812241166694)]
LASCI macro 18 : E = -536.910726006276 ; |g_int| = 0.00544831990252348 ; |g_ci| = 7.61999160112174e-05 ; |g_x| = 0
LASCI micro 1 : |x_orb| = 1.26057536643295 ; |x_ci| = 0.0142947459578708
LASCI micro 2 : |x_orb| = 2.77144252958393 ; |x_ci| = 0.053564796222494
LASCI micro 3 : |x_orb| = 0.807167795006021 ; |x_ci| = 0.00653349765629465
LASCI micro 4 : |x_orb| = 0.800712051372934 ; |x_ci| = 0.00676334444024706
LASCI micro 5 : |x_orb| = 0.737286646669235 ; |x_ci| = 0.00785104871332325
LASCI subspace 0 with no orbsym information
LASCI subspace 1 with no orbsym information
LASCI subspace 2 with no orbsym information
LASCI subspace CI energies: [np.float64(-3.2300530789210686), np.float64(-0.9457931795959292), np.float64(-3.2300536522795564)]
LASCI macro 19 : E = -536.909926510713 ; |g_int| = 0.00730180478342815 ; |g_ci| = 3.62347718797033e-05 ; |g_x| = 0
LASCI micro 1 : |x_orb| = 0.0706440128041947 ; |x_ci| = 0.00120234788266738
LASCI micro 2 : |x_orb| = 0.0974007334154545 ; |x_ci| = 0.00306912305718367
LASCI micro 3 : |x_orb| = 0.125502297747506 ; |x_ci| = 0.00149470907487506
LASCI micro 4 : |x_orb| = 0.163178949881072 ; |x_ci| = 0.00410319655610281
LASCI micro 5 : |x_orb| = 0.196490302267292 ; |x_ci| = 0.00406713954870174
LASCI subspace 0 with no orbsym information
LASCI subspace 1 with no orbsym information
LASCI subspace 2 with no orbsym information
LASCI subspace CI energies: [np.float64(-3.2162260148684245), np.float64(-0.9403803313920509), np.float64(-3.216225914622447)]
LASCI macro 20 : E = -536.910132814135 ; |g_int| = 0.00400507893722578 ; |g_ci| = 2.54089828016344e-05 ; |g_x| = 0
LASCI micro 1 : |x_orb| = 0.184739279193053 ; |x_ci| = 0.00288477292863501
LASCI micro 2 : |x_orb| = 0.31015558546675 ; |x_ci| = 0.00809199990289949
LASCI micro 3 : |x_orb| = 1.19119734849047 ; |x_ci| = 0.0109033955588119
LASCI micro 4 : |x_orb| = 2.86308361913512 ; |x_ci| = 0.0433685436954093
Unstable microiteration aborted: ||x(n)|| > 10*||x(0)||
LASCI subspace 0 with no orbsym information
LASCI subspace 1 with no orbsym information
LASCI subspace 2 with no orbsym information
LASCI subspace CI energies: [np.float64(-3.202721391988658), np.float64(-0.9397166105638495), np.float64(-3.202721039203122)]
LASCI macro 21 : E = -536.911831609634 ; |g_int| = 0.01219373531115 ; |g_ci| = 1.80745070000341e-05 ; |g_x| = 0
LASCI micro 1 : |x_orb| = 1.03417737631671 ; |x_ci| = 0.0146908896927859
LASCI micro 2 : |x_orb| = 4.8255414312651 ; |x_ci| = 0.123680262356626
Unstable microiteration aborted: |x[i]| > pi/2
LASCI subspace 0 with no orbsym information
LASCI subspace 1 with no orbsym information
LASCI subspace 2 with no orbsym information
LASCI subspace CI energies: [np.float64(-3.2209850750410354), np.float64(-0.9556463502122394), np.float64(-3.2209903600185026)]
LASCI macro 22 : E = -536.914079018487 ; |g_int| = 0.0511459597025104 ; |g_ci| = 2.54085599320353e-05 ; |g_x| = 0
LASCI micro 1 : |x_orb| = 0.141281441866388 ; |x_ci| = 0.00206339135064902
LASCI micro 2 : |x_orb| = 0.473661728924893 ; |x_ci| = 0.0194734791887211
LASCI micro 3 : |x_orb| = 0.931187339207568 ; |x_ci| = 0.00998488025363339
LASCI micro 4 : |x_orb| = 1.15672251869372 ; |x_ci| = 0.0223598682273538
LASCI micro 5 : |x_orb| = 1.9465787958221 ; |x_ci| = 0.0368903029398809
Unstable microiteration aborted: ||x(n)|| > 10*||x(0)||
LASCI subspace 0 with no orbsym information
LASCI subspace 1 with no orbsym information
LASCI subspace 2 with no orbsym information
LASCI subspace CI energies: [np.float64(-3.2709800279297667), np.float64(-0.929534450409963), np.float64(-3.270981868398991)]
LASCI macro 23 : E = -536.918088895147 ; |g_int| = 0.0263993246996292 ; |g_ci| = 5.9976716103258e-05 ; |g_x| = 0
LASCI micro 1 : |x_orb| = 0.0600215050022594 ; |x_ci| = 0.000776872596347002
LASCI micro 2 : |x_orb| = 0.0987379614973461 ; |x_ci| = 0.00431996194208767
LASCI micro 3 : |x_orb| = 0.104499727994681 ; |x_ci| = 0.00198949531257259
LASCI micro 4 : |x_orb| = 0.132895361281039 ; |x_ci| = 0.00415415338220173
LASCI micro 5 : |x_orb| = 0.136974882697919 ; |x_ci| = 0.0028000132685717
LASCI subspace 0 with no orbsym information
LASCI subspace 1 with no orbsym information
LASCI subspace 2 with no orbsym information
LASCI subspace CI energies: [np.float64(-3.263044993828008), np.float64(-0.922443817857059), np.float64(-3.263046332380368)]
LASCI macro 24 : E = -536.918662116948 ; |g_int| = 0.0133886265297339 ; |g_ci| = 1.52903314871723e-05 ; |g_x| = 0
LASCI micro 1 : |x_orb| = 0.0385410325741142 ; |x_ci| = 0.000641989513275908
LASCI micro 2 : |x_orb| = 0.110041575122109 ; |x_ci| = 0.00441895627982449
LASCI micro 3 : |x_orb| = 0.120750778508738 ; |x_ci| = 0.00236254104030892
LASCI micro 4 : |x_orb| = 0.138385868745265 ; |x_ci| = 0.00387314679624197
LASCI micro 5 : |x_orb| = 0.14791823868 ; |x_ci| = 0.00236107465089799
LASCI subspace 0 with no orbsym information
LASCI subspace 1 with no orbsym information
LASCI subspace 2 with no orbsym information
LASCI subspace CI energies: [np.float64(-3.258725537583759), np.float64(-0.9183258047390578), np.float64(-3.258726498482761)]
LASCI macro 25 : E = -536.918932327986 ; |g_int| = 0.00745028172202656 ; |g_ci| = 1.265351614112e-05 ; |g_x| = 0
LASCI micro 1 : |x_orb| = 0.0340391720864301 ; |x_ci| = 0.000594502677724661
LASCI micro 2 : |x_orb| = 0.110916831281693 ; |x_ci| = 0.00393632775051233
LASCI micro 3 : |x_orb| = 0.138267590333625 ; |x_ci| = 0.00233699312006762
LASCI micro 4 : |x_orb| = 0.138493697801113 ; |x_ci| = 0.00240943185981961
LASCI micro 5 : |x_orb| = 0.162669712915077 ; |x_ci| = 0.00402989434991376
LASCI subspace 0 with no orbsym information
LASCI subspace 1 with no orbsym information
LASCI subspace 2 with no orbsym information
LASCI subspace CI energies: [np.float64(-3.258922080547979), np.float64(-0.91702357235167), np.float64(-3.258922901559105)]
LASCI macro 26 : E = -536.919115275622 ; |g_int| = 0.00478313246350832 ; |g_ci| = 6.1614555826782e-06 ; |g_x| = 0
LASCI micro 1 : |x_orb| = 0.0289620538470763 ; |x_ci| = 0.000455843717028625
LASCI micro 2 : |x_orb| = 0.0878690400470433 ; |x_ci| = 0.00283500083349186
LASCI micro 3 : |x_orb| = 0.114908829127448 ; |x_ci| = 0.00172932810333666
LASCI micro 4 : |x_orb| = 0.1152692741289 ; |x_ci| = 0.00137834871736721
LASCI micro 5 : |x_orb| = 0.146272383547817 ; |x_ci| = 0.00467161934137002
LASCI subspace 0 with no orbsym information
LASCI subspace 1 with no orbsym information
LASCI subspace 2 with no orbsym information
LASCI subspace CI energies: [np.float64(-3.2588421780637598), np.float64(-0.9161808953802068), np.float64(-3.2588428928106756)]
LASCI macro 27 : E = -536.919222106354 ; |g_int| = 0.00340730230424913 ; |g_ci| = 1.89456838930866e-06 ; |g_x| = 0
LASCI micro 1 : |x_orb| = 0.0177721546912406 ; |x_ci| = 0.000339482110800473
LASCI micro 2 : |x_orb| = 0.0479569640053609 ; |x_ci| = 0.00181826670818415
LASCI micro 3 : |x_orb| = 0.0576137744422733 ; |x_ci| = 0.000971350700922986
LASCI micro 4 : |x_orb| = 0.0582253780486795 ; |x_ci| = 0.00112587103931902
LASCI micro 5 : |x_orb| = 0.0724025547286284 ; |x_ci| = 0.00187102734330111
LASCI subspace 0 with no orbsym information
LASCI subspace 1 with no orbsym information
LASCI subspace 2 with no orbsym information
LASCI subspace CI energies: [np.float64(-3.259905986814444), np.float64(-0.9164218388735614), np.float64(-3.259906515095958)]
LASCI macro 28 : E = -536.919262963976 ; |g_int| = 0.00242434694962488 ; |g_ci| = 1.48333461596572e-06 ; |g_x| = 0
LASCI micro 1 : |x_orb| = 0.01584500426901 ; |x_ci| = 0.000324277290166506
LASCI micro 2 : |x_orb| = 0.0353963786592451 ; |x_ci| = 0.00138405474134237
LASCI micro 3 : |x_orb| = 0.0462313081041211 ; |x_ci| = 0.000855184976847927
LASCI micro 4 : |x_orb| = 0.0463893880420727 ; |x_ci| = 0.000937244000088424
LASCI micro 5 : |x_orb| = 0.0615716195185542 ; |x_ci| = 0.00181877813378476
LASCI subspace 0 with no orbsym information
LASCI subspace 1 with no orbsym information
LASCI subspace 2 with no orbsym information
LASCI subspace CI energies: [np.float64(-3.2604581387824885), np.float64(-0.9160218929745964), np.float64(-3.260458586145675)]
LASCI macro 29 : E = -536.919286667762 ; |g_int| = 0.00192015269386602 ; |g_ci| = 6.97755149206015e-07 ; |g_x| = 0
LASCI micro 1 : |x_orb| = 0.00909441613976394 ; |x_ci| = 0.000203745581221347
LASCI micro 2 : |x_orb| = 0.0209327244590028 ; |x_ci| = 0.000923837452530014
LASCI micro 3 : |x_orb| = 0.0259789984246708 ; |x_ci| = 0.000552538893345218
LASCI micro 4 : |x_orb| = 0.0263984284619551 ; |x_ci| = 0.000666504592832431
LASCI micro 5 : |x_orb| = 0.0328752193549531 ; |x_ci| = 0.000907992195429625
LASCI subspace 0 with no orbsym information
LASCI subspace 1 with no orbsym information
LASCI subspace 2 with no orbsym information
LASCI subspace CI energies: [np.float64(-3.2611654351148776), np.float64(-0.9161097157334835), np.float64(-3.2611657847720243)]
LASCI macro 30 : E = -536.919296931748 ; |g_int| = 0.0013501095945221 ; |g_ci| = 1.4775882676967e-06 ; |g_x| = 0
LASCI micro 1 : |x_orb| = 0.00793737653631236 ; |x_ci| = 0.000173824756186223
LASCI micro 2 : |x_orb| = 0.0163981478415528 ; |x_ci| = 0.000682285940003052
LASCI micro 3 : |x_orb| = 0.0213550668190688 ; |x_ci| = 0.000422854070566458
LASCI micro 4 : |x_orb| = 0.0214620734590581 ; |x_ci| = 0.00047062970146681
LASCI micro 5 : |x_orb| = 0.0280343182135646 ; |x_ci| = 0.000837701337758204
LASCI subspace 0 with no orbsym information
LASCI subspace 1 with no orbsym information
LASCI subspace 2 with no orbsym information
LASCI subspace CI energies: [np.float64(-3.261567729748644), np.float64(-0.9159667807706224), np.float64(-3.261568024729689)]
LASCI macro 31 : E = -536.919302902336 ; |g_int| = 0.000985139390923019 ; |g_ci| = 4.26267141008617e-07 ; |g_x| = 0
LASCI micro 1 : |x_orb| = 0.0051543683983844 ; |x_ci| = 0.000119301123944156
LASCI micro 2 : |x_orb| = 0.0110151039120345 ; |x_ci| = 0.000483206480204463
LASCI micro 3 : |x_orb| = 0.0139173880926379 ; |x_ci| = 0.000293841771381609
LASCI micro 4 : |x_orb| = 0.0140213481206528 ; |x_ci| = 0.000327806300295045
LASCI micro 5 : |x_orb| = 0.0173845050828554 ; |x_ci| = 0.000495279431583639
LASCI subspace 0 with no orbsym information
LASCI subspace 1 with no orbsym information
LASCI subspace 2 with no orbsym information
LASCI subspace CI energies: [np.float64(-3.261928666462566), np.float64(-0.9159593705100672), np.float64(-3.2619289221650556)]
LASCI macro 32 : E = -536.919305774102 ; |g_int| = 0.000673386936199256 ; |g_ci| = 8.31705103984446e-07 ; |g_x| = 0
LASCI micro 1 : |x_orb| = 0.00426032567959182 ; |x_ci| = 9.30214819147542e-05
LASCI micro 2 : |x_orb| = 0.00844164718428194 ; |x_ci| = 0.000342334365483698
LASCI micro 3 : |x_orb| = 0.0109554964643645 ; |x_ci| = 0.00020835013542094
LASCI micro 4 : |x_orb| = 0.010960801201447 ; |x_ci| = 0.000211456484035115
LASCI micro 5 : |x_orb| = 0.0138849701216976 ; |x_ci| = 0.000424728131216715
LASCI subspace 0 with no orbsym information
LASCI subspace 1 with no orbsym information
LASCI subspace 2 with no orbsym information
LASCI subspace CI energies: [np.float64(-3.2621924865319087), np.float64(-0.915914758455914), np.float64(-3.2621927094571417)]
LASCI macro 33 : E = -536.919307327812 ; |g_int| = 0.000474161736351876 ; |g_ci| = 1.7855810354081e-07 ; |g_x| = 0
LASCI micro 1 : |x_orb| = 0.00290190535311063 ; |x_ci| = 6.54264457746341e-05
LASCI micro 2 : |x_orb| = 0.00588949330270149 ; |x_ci| = 0.000244461787532635
LASCI micro 3 : |x_orb| = 0.00749104827351811 ; |x_ci| = 0.000146545487016229
LASCI micro 4 : |x_orb| = 0.00749008038227073 ; |x_ci| = 0.000146125404727731
LASCI micro 5 : |x_orb| = 0.00922214323392327 ; |x_ci| = 0.000274484880633659
LASCI subspace 0 with no orbsym information
LASCI subspace 1 with no orbsym information
LASCI subspace 2 with no orbsym information
LASCI subspace CI energies: [np.float64(-3.2623729992903208), np.float64(-0.9158934840756635), np.float64(-3.2623732096795774)]
LASCI macro 34 : E = -536.919308093973 ; |g_int| = 0.000324795724690761 ; |g_ci| = 3.54984827230719e-07 ; |g_x| = 0
LASCI micro 1 : |x_orb| = 0.00228568288741263 ; |x_ci| = 4.9903296768165e-05
LASCI micro 2 : |x_orb| = 0.0043009537194822 ; |x_ci| = 0.000170205734811726
LASCI micro 3 : |x_orb| = 0.00557156048292359 ; |x_ci| = 0.000103101102558595
LASCI micro 4 : |x_orb| = 0.00556353050090434 ; |x_ci| = 9.70211829811102e-05
LASCI micro 5 : |x_orb| = 0.00694500375726876 ; |x_ci| = 0.000216221844934024
LASCI subspace 0 with no orbsym information
LASCI subspace 1 with no orbsym information
LASCI subspace 2 with no orbsym information
LASCI subspace CI energies: [np.float64(-3.2625280717232092), np.float64(-0.9158819212654454), np.float64(-3.2625282646425013)]
LASCI macro 35 : E = -536.91930848732 ; |g_int| = 0.000229680631841933 ; |g_ci| = 9.12914344266522e-08 ; |g_x| = 0
LASCI micro 1 : |x_orb| = 0.00155738646877472 ; |x_ci| = 3.50408855811646e-05
LASCI micro 2 : |x_orb| = 0.00300014740647059 ; |x_ci| = 0.000121707060103654
LASCI micro 3 : |x_orb| = 0.00382968621104954 ; |x_ci| = 7.29786277785164e-05
LASCI micro 4 : |x_orb| = 0.00382130648078553 ; |x_ci| = 6.86010348621408e-05
LASCI micro 5 : |x_orb| = 0.00470403909767613 ; |x_ci| = 0.0001444817958046
LASCI subspace 0 with no orbsym information
LASCI subspace 1 with no orbsym information
LASCI subspace 2 with no orbsym information
LASCI subspace CI energies: [np.float64(-3.2626150901633917), np.float64(-0.9158659017703122), np.float64(-3.2626152817842495)]
LASCI macro 36 : E = -536.919308682234 ; |g_int| = 0.000159339706226074 ; |g_ci| = 1.58911876421783e-07 ; |g_x| = 0
LASCI subspace 0 with no orbsym information
LASCI subspace 1 with no orbsym information
LASCI subspace 2 with no orbsym information
LASCI subspace CI energies: [np.float64(-3.2626304616459336), np.float64(-0.9158548241942994), np.float64(-3.2626306388847723)]
LASCI macro 37 : E = -536.919308700809 ; |g_int| = 9.32406277132318e-05 ; |g_ci| = 9.4968090245062e-09 ; |g_x| = 0
LASCI converged after 38 cycles
LASCI E = -536.919308700809 ; |g_int| = 9.32406277132318e-05 ; |g_ci| = 9.4968090245062e-09 ; |g_ext| = 0
Fragment 0 natural orbitals
Natural occ [1.94892353 1.9358598  0.06499802 0.05021865]
Natural orbital (expansion on AOs) in CAS space
               #1        #2        #3        #4       
0 C 1s          -0.00001   0.00000   0.00000  -0.00001
0 C 2s           0.00001  -0.00001  -0.00001   0.00001
0 C 3s          -0.00001   0.00007   0.00005   0.00003
0 C 2px         -0.00002   0.00000   0.00000  -0.00001
0 C 2py          0.00001  -0.00000   0.00000   0.00000
0 C 2pz         -0.05728   0.01122   0.00690  -0.09370
0 C 3px          0.00004   0.00000   0.00001  -0.00004
0 C 3py          0.00001   0.00006   0.00005  -0.00002
0 C 3pz         -0.03151   0.00922   0.02404  -0.16526
1 C 1s           0.00000   0.00000   0.00000   0.00000
1 C 2s          -0.00000   0.00000   0.00000  -0.00001
1 C 3s          -0.00003  -0.00003  -0.00003   0.00003
1 C 2px          0.00001  -0.00000   0.00000   0.00001
1 C 2py         -0.00000   0.00000   0.00000   0.00000
1 C 2pz         -0.12595   0.04096  -0.04595   0.13957
1 C 3px          0.00003   0.00003   0.00003  -0.00001
1 C 3py          0.00002  -0.00003  -0.00002   0.00001
1 C 3pz         -0.11923   0.02553  -0.07381   0.16264
2 C 1s           0.00000   0.00000   0.00000   0.00000
2 C 2s           0.00000  -0.00000  -0.00000  -0.00000
2 C 3s          -0.00002   0.00001   0.00000  -0.00000
2 C 2px          0.00000   0.00000   0.00000   0.00000
2 C 2py         -0.00000  -0.00001  -0.00001   0.00000
2 C 2pz         -0.02406  -0.24814  -0.29470  -0.02772
2 C 3px         -0.00001  -0.00002  -0.00002   0.00000
2 C 3py          0.00001  -0.00002  -0.00001   0.00001
2 C 3pz         -0.05134  -0.20643  -0.32752   0.03353
3 C 1s          -0.00000  -0.00000  -0.00000   0.00000
3 C 2s           0.00000  -0.00000   0.00000  -0.00000
3 C 3s           0.00001   0.00001   0.00001  -0.00000
3 C 2px         -0.00000   0.00000  -0.00001   0.00001
3 C 2py          0.00000  -0.00000   0.00000  -0.00000
3 C 2pz          0.23564  -0.29557   0.44004  -0.37249
3 C 3px         -0.00001  -0.00001  -0.00001   0.00001
3 C 3py         -0.00000   0.00000   0.00001  -0.00001
3 C 3pz          0.16784  -0.23484   0.30884  -0.28597
4 C 1s           0.00000   0.00000  -0.00000   0.00000
4 C 2s          -0.00000   0.00000   0.00000  -0.00000
4 C 3s          -0.00000  -0.00000   0.00000  -0.00001
4 C 2px         -0.00001   0.00000   0.00000  -0.00001
4 C 2py          0.00000  -0.00000  -0.00000   0.00000
4 C 2pz          0.38270  -0.04043  -0.06376   0.58221
4 C 3px         -0.00000   0.00000   0.00000  -0.00000
4 C 3py          0.00000   0.00000   0.00000   0.00000
4 C 3pz          0.28357  -0.03489  -0.03924   0.43464
5 C 1s          -0.00000  -0.00000   0.00000   0.00000
5 C 2s           0.00000   0.00000  -0.00000  -0.00000
5 C 3s           0.00000   0.00001   0.00000  -0.00002
5 C 2px         -0.00000  -0.00000   0.00000   0.00001
5 C 2py          0.00000   0.00000  -0.00000  -0.00000
5 C 2pz          0.28276   0.26490  -0.39542  -0.45867
5 C 3px         -0.00000  -0.00001   0.00000   0.00001
5 C 3py         -0.00000   0.00001   0.00000   0.00000
5 C 3pz          0.20030   0.20794  -0.26741  -0.32909
6 C 1s          -0.00000   0.00000   0.00000  -0.00000
6 C 2s           0.00000  -0.00000  -0.00000   0.00000
6 C 3s           0.00001  -0.00003  -0.00002   0.00002
6 C 2px         -0.00000  -0.00000  -0.00000  -0.00000
6 C 2py          0.00000  -0.00000  -0.00000   0.00000
6 C 2pz          0.03193   0.30556   0.39642   0.05387
6 C 3px         -0.00001  -0.00000  -0.00000   0.00001
6 C 3py         -0.00000  -0.00002  -0.00001   0.00000
6 C 3pz          0.00019   0.25641   0.37524   0.09836
7 C 1s           0.00000   0.00000  -0.00000  -0.00000
7 C 2s          -0.00000  -0.00000   0.00000  -0.00000
7 C 3s           0.00006  -0.00002   0.00000   0.00005
7 C 2px          0.00000  -0.00000   0.00001  -0.00001
7 C 2py         -0.00000   0.00000  -0.00000   0.00001
7 C 2pz         -0.01528   0.00152   0.01248   0.03267
7 C 3px         -0.00002  -0.00007  -0.00006   0.00004
7 C 3py         -0.00006   0.00002   0.00000   0.00001
7 C 3pz         -0.01004  -0.00794  -0.00079   0.08623
8 C 1s           0.00000   0.00000   0.00000   0.00000
8 C 2s           0.00000   0.00000  -0.00000  -0.00001
8 C 3s          -0.00004  -0.00003  -0.00003   0.00002
8 C 2px         -0.00000   0.00000  -0.00000  -0.00001
8 C 2py         -0.00000   0.00000  -0.00000  -0.00000
8 C 2pz          0.00695  -0.00056  -0.00093   0.01343
8 C 3px         -0.00006  -0.00004  -0.00004   0.00000
8 C 3py          0.00002  -0.00004  -0.00002   0.00001
8 C 3pz          0.00810   0.00508   0.00350   0.00567
9 C 1s           0.00000   0.00000   0.00000  -0.00000
9 C 2s          -0.00000   0.00000   0.00000  -0.00000
9 C 3s          -0.00000  -0.00003  -0.00002   0.00001
9 C 2px         -0.00000   0.00000   0.00000   0.00000
9 C 2py          0.00000   0.00000   0.00000  -0.00000
9 C 2pz          0.00916  -0.00132  -0.00250  -0.01305
9 C 3px          0.00002   0.00001   0.00001   0.00000
9 C 3py          0.00000  -0.00002  -0.00002  -0.00000
9 C 3pz          0.00779  -0.00347  -0.00436  -0.02384
10 C 1s         -0.00000   0.00000   0.00000   0.00000
10 C 2s         -0.00000  -0.00000  -0.00000  -0.00000
10 C 3s          0.00002   0.00001   0.00001  -0.00000
10 C 2px         0.00000   0.00000  -0.00000  -0.00000
10 C 2py         0.00000  -0.00000  -0.00000   0.00000
10 C 2pz         0.00157  -0.00016   0.00102   0.00592
10 C 3px         0.00001  -0.00000   0.00000  -0.00000
10 C 3py         0.00000   0.00001   0.00001   0.00000
10 C 3pz         0.00070   0.00053   0.00188   0.00965
11 C 1s          0.00000   0.00000   0.00000   0.00000
11 C 2s          0.00000   0.00000   0.00000   0.00000
11 C 3s         -0.00001  -0.00001  -0.00000  -0.00001
11 C 2px         0.00000  -0.00000  -0.00000  -0.00000
11 C 2py        -0.00000   0.00000   0.00000  -0.00000
11 C 2pz        -0.00355   0.00084   0.00026   0.00297
11 C 3px        -0.00000  -0.00000  -0.00000  -0.00000
11 C 3py        -0.00000   0.00000   0.00000   0.00000
11 C 3pz        -0.00478   0.00078  -0.00029   0.00537
12 C 1s          0.00000   0.00000   0.00000   0.00000
12 C 2s         -0.00000   0.00000   0.00000  -0.00000
12 C 3s          0.00002   0.00000   0.00000   0.00000
12 C 2px        -0.00000   0.00000  -0.00000  -0.00000
12 C 2py         0.00000  -0.00000  -0.00000  -0.00000
12 C 2pz         0.00040  -0.00013   0.00068   0.00330
12 C 3px         0.00000  -0.00000  -0.00000   0.00000
12 C 3py        -0.00001   0.00000  -0.00000  -0.00000
12 C 3pz         0.00037   0.00014   0.00157   0.00223
13 C 1s         -0.00000   0.00000  -0.00000  -0.00000
13 C 2s          0.00000  -0.00000   0.00000   0.00000
13 C 3s         -0.00003   0.00001   0.00000  -0.00001
13 C 2px        -0.00000   0.00000   0.00000   0.00000
13 C 2py        -0.00000  -0.00000  -0.00000  -0.00000
13 C 2pz         0.00727  -0.00094  -0.00171  -0.01549
13 C 3px         0.00000   0.00001   0.00001   0.00000
13 C 3py         0.00002   0.00001   0.00001   0.00000
13 C 3pz         0.00517  -0.00247  -0.00364  -0.01876
14 H 1s          0.00000   0.00000   0.00000  -0.00001
14 H 2s          0.00001   0.00003   0.00003  -0.00003
15 H 1s          0.00000  -0.00000  -0.00000   0.00000
15 H 2s         -0.00001   0.00000  -0.00000  -0.00000
16 H 1s          0.00000  -0.00000   0.00000   0.00000
16 H 2s          0.00000  -0.00000  -0.00000   0.00000
17 H 1s         -0.00000  -0.00000  -0.00000   0.00000
17 H 2s         -0.00000  -0.00000  -0.00000   0.00000
18 H 1s          0.00000  -0.00000   0.00000   0.00000
18 H 2s          0.00000   0.00000   0.00000   0.00001
19 H 1s          0.00000  -0.00000  -0.00000   0.00000
19 H 2s         -0.00000  -0.00001  -0.00000   0.00000
20 H 1s          0.00000   0.00000   0.00000  -0.00001
20 H 2s          0.00003   0.00000   0.00001  -0.00003
21 H 1s         -0.00000   0.00000   0.00000  -0.00000
21 H 2s         -0.00001  -0.00001  -0.00001   0.00000
22 H 1s         -0.00000   0.00000   0.00000   0.00000
22 H 2s         -0.00000   0.00000   0.00000   0.00000
23 H 1s         -0.00000   0.00000   0.00000  -0.00000
23 H 2s         -0.00000  -0.00000  -0.00000  -0.00000
24 H 1s          0.00000  -0.00000   0.00000   0.00000
24 H 2s          0.00000  -0.00000  -0.00000   0.00000
25 H 1s          0.00000  -0.00000   0.00000   0.00000
25 H 2s         -0.00001  -0.00001  -0.00001   0.00000
Fragment 1 natural orbitals
Natural occ [1. 1.]
Natural orbital (expansion on AOs) in CAS space
               #1        #2       
0 C 1s          -0.00002  -0.00005
0 C 2s           0.00003   0.00010
0 C 3s           0.00023   0.00012
0 C 2px         -0.00005  -0.00012
0 C 2py          0.00000   0.00006
0 C 2pz         -0.41584  -0.39813
0 C 3px         -0.00019  -0.00005
0 C 3py         -0.00001   0.00001
0 C 3pz         -0.53969  -0.27423
1 C 1s           0.00001   0.00000
1 C 2s          -0.00004  -0.00001
1 C 3s           0.00006   0.00001
1 C 2px          0.00005   0.00003
1 C 2py          0.00000   0.00000
1 C 2pz         -0.05659   0.05776
1 C 3px          0.00001  -0.00000
1 C 3py         -0.00001   0.00001
1 C 3pz         -0.00447   0.08660
2 C 1s          -0.00000   0.00000
2 C 2s          -0.00000  -0.00000
2 C 3s           0.00001  -0.00001
2 C 2px         -0.00000  -0.00000
2 C 2py          0.00001   0.00000
2 C 2pz          0.11398   0.10678
2 C 3px          0.00000   0.00001
2 C 3py          0.00001   0.00001
2 C 3pz          0.15227   0.09751
3 C 1s           0.00000   0.00000
3 C 2s          -0.00000  -0.00000
3 C 3s          -0.00001  -0.00000
3 C 2px          0.00001   0.00000
3 C 2py          0.00000  -0.00000
3 C 2pz         -0.00668  -0.00872
3 C 3px          0.00001   0.00000
3 C 3py         -0.00001  -0.00000
3 C 3pz         -0.02275  -0.01619
4 C 1s           0.00000   0.00000
4 C 2s           0.00000  -0.00000
4 C 3s          -0.00001  -0.00000
4 C 2px          0.00000   0.00000
4 C 2py          0.00000   0.00000
4 C 2pz         -0.07757  -0.06949
4 C 3px          0.00000  -0.00000
4 C 3py         -0.00000   0.00000
4 C 3pz         -0.09515  -0.07112
5 C 1s           0.00000   0.00000
5 C 2s          -0.00001  -0.00000
5 C 3s          -0.00002  -0.00002
5 C 2px          0.00001   0.00001
5 C 2py          0.00000   0.00000
5 C 2pz          0.01445  -0.01313
5 C 3px          0.00001   0.00001
5 C 3py          0.00001   0.00000
5 C 3pz          0.01827  -0.01740
6 C 1s          -0.00000  -0.00000
6 C 2s           0.00001   0.00001
6 C 3s           0.00000   0.00002
6 C 2px         -0.00001  -0.00001
6 C 2py          0.00001   0.00001
6 C 2pz          0.10532   0.09180
6 C 3px          0.00001   0.00001
6 C 3py         -0.00000   0.00001
6 C 3pz          0.11255   0.08311
7 C 1s          -0.00005   0.00006
7 C 2s           0.00009  -0.00013
7 C 3s           0.00024  -0.00015
7 C 2px          0.00004  -0.00008
7 C 2py          0.00003   0.00000
7 C 2pz          0.41584  -0.39813
7 C 3px          0.00012  -0.00004
7 C 3py          0.00012  -0.00002
7 C 3pz          0.53969  -0.27423
8 C 1s           0.00002  -0.00001
8 C 2s          -0.00006   0.00002
8 C 3s           0.00006  -0.00001
8 C 2px         -0.00009   0.00002
8 C 2py         -0.00001   0.00001
8 C 2pz          0.05659   0.05776
8 C 3px          0.00000  -0.00002
8 C 3py         -0.00005  -0.00000
8 C 3pz          0.00447   0.08660
9 C 1s          -0.00000   0.00000
9 C 2s          -0.00000  -0.00000
9 C 3s          -0.00002  -0.00000
9 C 2px          0.00002  -0.00002
9 C 2py          0.00000  -0.00000
9 C 2pz         -0.11398   0.10678
9 C 3px         -0.00000  -0.00001
9 C 3py         -0.00003  -0.00000
9 C 3pz         -0.15227   0.09751
10 C 1s          0.00000  -0.00000
10 C 2s         -0.00000   0.00000
10 C 3s         -0.00002   0.00001
10 C 2px        -0.00001   0.00001
10 C 2py        -0.00000   0.00000
10 C 2pz         0.00668  -0.00872
10 C 3px        -0.00003   0.00001
10 C 3py         0.00002  -0.00000
10 C 3pz         0.02275  -0.01619
11 C 1s          0.00000  -0.00000
11 C 2s         -0.00000   0.00000
11 C 3s         -0.00002   0.00000
11 C 2px        -0.00002   0.00001
11 C 2py         0.00000  -0.00000
11 C 2pz         0.07757  -0.06949
11 C 3px        -0.00002   0.00001
11 C 3py         0.00001   0.00000
11 C 3pz         0.09515  -0.07112
12 C 1s          0.00000  -0.00000
12 C 2s         -0.00001   0.00000
12 C 3s         -0.00004   0.00002
12 C 2px        -0.00001   0.00001
12 C 2py        -0.00000  -0.00000
12 C 2pz        -0.01445  -0.01313
12 C 3px        -0.00001   0.00002
12 C 3py        -0.00001   0.00000
12 C 3pz        -0.01827  -0.01740
13 C 1s         -0.00000   0.00000
13 C 2s          0.00001  -0.00000
13 C 3s          0.00005  -0.00001
13 C 2px         0.00003  -0.00002
13 C 2py        -0.00001   0.00001
13 C 2pz        -0.10532   0.09180
13 C 3px         0.00001   0.00000
13 C 3py        -0.00002   0.00001
13 C 3pz        -0.11255   0.08311
14 H 1s         -0.00005  -0.00002
14 H 2s         -0.00009  -0.00003
15 H 1s          0.00000   0.00000
15 H 2s          0.00001   0.00001
16 H 1s          0.00000   0.00000
16 H 2s          0.00000   0.00000
17 H 1s         -0.00000  -0.00000
17 H 2s         -0.00000  -0.00000
18 H 1s          0.00000   0.00000
18 H 2s          0.00001   0.00000
19 H 1s          0.00001   0.00000
19 H 2s          0.00001   0.00001
20 H 1s         -0.00007   0.00001
20 H 2s         -0.00018   0.00002
21 H 1s          0.00000  -0.00000
21 H 2s          0.00001  -0.00001
22 H 1s          0.00000  -0.00000
22 H 2s          0.00001  -0.00000
23 H 1s         -0.00000  -0.00000
23 H 2s          0.00000  -0.00000
24 H 1s          0.00000  -0.00000
24 H 2s          0.00001  -0.00000
25 H 1s          0.00001  -0.00000
25 H 2s          0.00002  -0.00001
Fragment 2 natural orbitals
Natural occ [1.94892361 1.93585998 0.06499784 0.05021857]
Natural orbital (expansion on AOs) in CAS space
               #1        #2        #3        #4       
0 C 1s          -0.00000   0.00000   0.00000  -0.00000
0 C 2s           0.00000  -0.00000  -0.00001   0.00001
0 C 3s          -0.00006   0.00004   0.00002  -0.00007
0 C 2px          0.00000   0.00000   0.00001  -0.00001
0 C 2py          0.00000   0.00000   0.00000   0.00001
0 C 2pz         -0.01528   0.00152   0.01248   0.03267
0 C 3px         -0.00002  -0.00008  -0.00006   0.00004
0 C 3py         -0.00005   0.00003   0.00002  -0.00002
0 C 3pz         -0.01004  -0.00794  -0.00079   0.08623
1 C 1s          -0.00000  -0.00000  -0.00000  -0.00000
1 C 2s          -0.00000  -0.00000   0.00000   0.00000
1 C 3s           0.00004   0.00002   0.00002  -0.00001
1 C 2px         -0.00000  -0.00000  -0.00000  -0.00000
1 C 2py         -0.00000   0.00000  -0.00000  -0.00000
1 C 2pz          0.00695  -0.00056  -0.00093   0.01343
1 C 3px         -0.00004  -0.00003  -0.00003  -0.00001
1 C 3py          0.00001  -0.00005  -0.00003   0.00002
1 C 3pz          0.00810   0.00508   0.00350   0.00567
2 C 1s          -0.00000   0.00000  -0.00000   0.00000
2 C 2s           0.00000  -0.00000  -0.00000   0.00000
2 C 3s           0.00001   0.00003   0.00002  -0.00001
2 C 2px         -0.00000   0.00000   0.00000   0.00000
2 C 2py          0.00000   0.00000   0.00000  -0.00000
2 C 2pz          0.00916  -0.00132  -0.00250  -0.01305
2 C 3px          0.00002  -0.00000   0.00000   0.00001
2 C 3py          0.00000  -0.00003  -0.00002   0.00000
2 C 3pz          0.00779  -0.00347  -0.00436  -0.02384
3 C 1s           0.00000  -0.00000  -0.00000  -0.00000
3 C 2s           0.00000   0.00000   0.00000   0.00000
3 C 3s          -0.00002  -0.00001  -0.00000  -0.00001
3 C 2px          0.00000  -0.00000  -0.00000  -0.00000
3 C 2py          0.00000  -0.00000  -0.00000   0.00000
3 C 2pz          0.00157  -0.00016   0.00102   0.00592
3 C 3px          0.00001  -0.00000  -0.00000   0.00000
3 C 3py          0.00000   0.00001   0.00001   0.00000
3 C 3pz          0.00070   0.00053   0.00188   0.00965
4 C 1s          -0.00000  -0.00000  -0.00000   0.00000
4 C 2s          -0.00000  -0.00000  -0.00000  -0.00000
4 C 3s           0.00000   0.00001   0.00000   0.00001
4 C 2px         -0.00000  -0.00000  -0.00000   0.00000
4 C 2py          0.00000   0.00000   0.00000  -0.00000
4 C 2pz         -0.00355   0.00084   0.00026   0.00297
4 C 3px         -0.00000  -0.00000  -0.00000  -0.00000
4 C 3py         -0.00000   0.00000   0.00000  -0.00000
4 C 3pz         -0.00478   0.00078  -0.00029   0.00537
5 C 1s          -0.00000  -0.00000  -0.00000  -0.00000
5 C 2s           0.00000  -0.00000  -0.00000   0.00000
5 C 3s          -0.00001   0.00000   0.00000  -0.00001
5 C 2px         -0.00000   0.00000  -0.00000  -0.00000
5 C 2py         -0.00000  -0.00000  -0.00000  -0.00000
5 C 2pz          0.00040  -0.00013   0.00068   0.00330
5 C 3px          0.00000  -0.00000  -0.00000   0.00000
5 C 3py         -0.00000   0.00000   0.00000  -0.00001
5 C 3pz          0.00037   0.00014   0.00157   0.00223
6 C 1s           0.00000  -0.00000   0.00000   0.00000
6 C 2s          -0.00000   0.00000  -0.00000  -0.00000
6 C 3s           0.00002  -0.00002  -0.00001   0.00002
6 C 2px          0.00000   0.00000   0.00000  -0.00000
6 C 2py         -0.00000   0.00000  -0.00000   0.00000
6 C 2pz          0.00727  -0.00094  -0.00171  -0.01549
6 C 3px          0.00001   0.00001   0.00000  -0.00000
6 C 3py          0.00001   0.00000  -0.00000   0.00001
6 C 3pz          0.00517  -0.00247  -0.00364  -0.01876
7 C 1s           0.00001  -0.00000  -0.00000   0.00001
7 C 2s          -0.00002   0.00001   0.00001  -0.00002
7 C 3s          -0.00000  -0.00009  -0.00007  -0.00002
7 C 2px         -0.00001   0.00000   0.00000  -0.00001
7 C 2py         -0.00000   0.00000   0.00000  -0.00000
7 C 2pz         -0.05728   0.01122   0.00690  -0.09370
7 C 3px          0.00004  -0.00001   0.00001  -0.00001
7 C 3py          0.00000   0.00009   0.00007  -0.00004
7 C 3pz         -0.03151   0.00922   0.02404  -0.16526
8 C 1s          -0.00000  -0.00000  -0.00000  -0.00000
8 C 2s           0.00000  -0.00000  -0.00000   0.00002
8 C 3s           0.00003   0.00003   0.00003  -0.00004
8 C 2px          0.00003  -0.00001   0.00001  -0.00000
8 C 2py         -0.00000   0.00000  -0.00000   0.00000
8 C 2pz         -0.12596   0.04096  -0.04595   0.13957
8 C 3px          0.00004   0.00003   0.00005  -0.00004
8 C 3py          0.00002  -0.00005  -0.00004   0.00002
8 C 3pz         -0.11923   0.02553  -0.07381   0.16265
9 C 1s          -0.00000   0.00000  -0.00000   0.00000
9 C 2s          -0.00000  -0.00000  -0.00000  -0.00000
9 C 3s           0.00002  -0.00001   0.00000   0.00000
9 C 2px          0.00000   0.00004   0.00005   0.00001
9 C 2py         -0.00000  -0.00001  -0.00001  -0.00000
9 C 2pz         -0.02406  -0.24814  -0.29471  -0.02772
9 C 3px          0.00000   0.00001   0.00003   0.00001
9 C 3py          0.00001  -0.00002  -0.00002   0.00001
9 C 3pz         -0.05134  -0.20643  -0.32752   0.03353
10 C 1s          0.00000  -0.00000   0.00000  -0.00000
10 C 2s         -0.00000   0.00000  -0.00000   0.00000
10 C 3s         -0.00001  -0.00002  -0.00003   0.00002
10 C 2px        -0.00004   0.00005  -0.00008   0.00007
10 C 2py         0.00001  -0.00001   0.00001  -0.00001
10 C 2pz         0.23563  -0.29558   0.44004  -0.37249
10 C 3px        -0.00003   0.00003  -0.00007   0.00006
10 C 3py        -0.00000   0.00000   0.00000  -0.00001
10 C 3pz         0.16784  -0.23484   0.30884  -0.28597
11 C 1s         -0.00000  -0.00000  -0.00000   0.00000
11 C 2s          0.00000  -0.00000   0.00000  -0.00000
11 C 3s          0.00000   0.00000   0.00001   0.00001
11 C 2px        -0.00007   0.00001   0.00001  -0.00010
11 C 2py         0.00000  -0.00000  -0.00000   0.00001
11 C 2pz         0.38270  -0.04043  -0.06375   0.58221
11 C 3px        -0.00005   0.00001   0.00002  -0.00008
11 C 3py         0.00000   0.00001   0.00000   0.00001
11 C 3pz         0.28357  -0.03489  -0.03924   0.43464
12 C 1s          0.00000   0.00000   0.00000  -0.00000
12 C 2s         -0.00000   0.00000   0.00000   0.00000
12 C 3s         -0.00001  -0.00001  -0.00001   0.00002
12 C 2px        -0.00005  -0.00005   0.00007   0.00009
12 C 2py         0.00000   0.00000  -0.00000  -0.00000
12 C 2pz         0.28276   0.26490  -0.39542  -0.45867
12 C 3px        -0.00004  -0.00004   0.00004   0.00007
12 C 3py         0.00000   0.00001   0.00001   0.00000
12 C 3pz         0.20030   0.20794  -0.26741  -0.32909
13 C 1s          0.00000  -0.00000  -0.00000   0.00000
13 C 2s         -0.00000   0.00000   0.00000  -0.00000
13 C 3s         -0.00000   0.00004   0.00003  -0.00002
13 C 2px        -0.00000  -0.00005  -0.00006  -0.00001
13 C 2py         0.00000   0.00000   0.00000   0.00000
13 C 2pz         0.03193   0.30555   0.39642   0.05387
13 C 3px        -0.00001  -0.00004  -0.00006  -0.00000
13 C 3py        -0.00000  -0.00002  -0.00002   0.00001
13 C 3pz         0.00019   0.25641   0.37524   0.09836
14 H 1s         -0.00000  -0.00000  -0.00000   0.00001
14 H 2s         -0.00002   0.00000  -0.00000   0.00001
15 H 1s          0.00000  -0.00000  -0.00000   0.00000
15 H 2s          0.00000   0.00001   0.00001   0.00000
16 H 1s         -0.00000  -0.00000  -0.00000   0.00000
16 H 2s         -0.00000  -0.00000  -0.00000  -0.00000
17 H 1s          0.00000  -0.00000  -0.00000   0.00000
17 H 2s          0.00000   0.00000   0.00000   0.00000
18 H 1s         -0.00000   0.00000  -0.00000  -0.00000
18 H 2s         -0.00000   0.00000   0.00000  -0.00000
19 H 1s          0.00000   0.00000  -0.00000  -0.00000
19 H 2s          0.00001   0.00000   0.00000   0.00000
20 H 1s         -0.00001   0.00000  -0.00000   0.00002
20 H 2s         -0.00002  -0.00004  -0.00003   0.00004
21 H 1s          0.00000   0.00000   0.00000  -0.00000
21 H 2s          0.00000  -0.00000   0.00000  -0.00000
22 H 1s         -0.00000   0.00000   0.00000  -0.00000
22 H 2s         -0.00000   0.00000   0.00000  -0.00001
23 H 1s          0.00000  -0.00000   0.00000   0.00000
23 H 2s          0.00000   0.00000   0.00000  -0.00000
24 H 1s         -0.00000   0.00000   0.00000  -0.00000
24 H 2s          0.00000  -0.00000  -0.00000  -0.00001
25 H 1s          0.00000  -0.00000  -0.00000  -0.00000
25 H 2s          0.00000   0.00001   0.00001  -0.00001
LASCI energy = -536.919308700809

******** CASCI flags ********
CAS (6e+4e, 10o), ncore = 43, nvir = 97
natorb = False
canonicalization = True
sorting_mo_energy = False
max_memory 4000 (MB)
******** <class 'pyscf.fci.addons.SpinPenaltyFCISolver'> ********
max. cycles = 200
conv_tol = 1e-08
davidson only = True
linear dependence = 1e-12
level shift = 0.001
max iter space = 12
max_memory 4000 MB
nroots = 1
pspace_size = 400
spin = None
Density matrix diagonal elements [1.92429499 1.91513641 0.08567958 0.07337783 0.95925982 1.04376259
 1.92429507 1.91513668 0.0856793  0.07337774]
CASCI converged
CASCI E = -536.936108746964  E(CI) = -10.8697859391632  S^2 = 2.0000000

******** CASCI flags ********
CAS (5e+5e, 10o), ncore = 43, nvir = 97
natorb = False
canonicalization = True
sorting_mo_energy = False
max_memory 4000 (MB)
******** <class 'mrh.exploratory.unitary_cc.lasuccsd.FCISolver_USCC'> ********
max. cycles = 100
conv_tol = 1e-10
davidson only = False
linear dependence = 1e-14
level shift = 0.001
max iter space = 12
max_memory 4000 MB
nroots = 1
pspace_size = 400
spin = None
LASCI object has 133 degrees of freedom
iteration 0, E = -536.928892, |x| = 1.223779e-01, |g| = 4.589334e-02
iteration 1, E = -536.931063, |x| = 1.890674e-01, |g| = 2.587272e-02
iteration 2, E = -536.931844, |x| = 2.236580e-01, |g| = 1.862089e-02
iteration 3, E = -536.932266, |x| = 2.495995e-01, |g| = 9.949760e-03
iteration 4, E = -536.932362, |x| = 2.545456e-01, |g| = 5.197754e-03
iteration 5, E = -536.932391, |x| = 2.547607e-01, |g| = 2.750649e-03
iteration 6, E = -536.932399, |x| = 2.547289e-01, |g| = 1.578488e-03
iteration 7, E = -536.932402, |x| = 2.551007e-01, |g| = 9.276725e-04
iteration 8, E = -536.932403, |x| = 2.554443e-01, |g| = 7.365442e-04
iteration 9, E = -536.932404, |x| = 2.557442e-01, |g| = 7.296140e-04
iteration 10, E = -536.932405, |x| = 2.559698e-01, |g| = 8.255192e-04
iteration 11, E = -536.932406, |x| = 2.562082e-01, |g| = 9.951045e-04
iteration 12, E = -536.932408, |x| = 2.566426e-01, |g| = 1.195331e-03
iteration 13, E = -536.932411, |x| = 2.575904e-01, |g| = 1.264624e-03
iteration 14, E = -536.932413, |x| = 2.589486e-01, |g| = 9.757615e-04
iteration 15, E = -536.932415, |x| = 2.597733e-01, |g| = 4.768830e-04
iteration 16, E = -536.932415, |x| = 2.598863e-01, |g| = 2.214688e-04
iteration 17, E = -536.932415, |x| = 2.598722e-01, |g| = 1.776390e-04
iteration 18, E = -536.932415, |x| = 2.598768e-01, |g| = 2.053863e-04
iteration 19, E = -536.932415, |x| = 2.599278e-01, |g| = 2.798250e-04
iteration 20, E = -536.932415, |x| = 2.600577e-01, |g| = 3.683387e-04
iteration 21, E = -536.932416, |x| = 2.603442e-01, |g| = 4.359131e-04
iteration 22, E = -536.932416, |x| = 2.608899e-01, |g| = 3.977094e-04
iteration 23, E = -536.932416, |x| = 2.611990e-01, |g| = 2.464019e-04
iteration 24, E = -536.932416, |x| = 2.612938e-01, |g| = 1.138921e-04
iteration 25, E = -536.932416, |x| = 2.612660e-01, |g| = 9.743668e-05
iteration 26, E = -536.932416, |x| = 2.612418e-01, |g| = 1.010338e-04
iteration 27, E = -536.932416, |x| = 2.612466e-01, |g| = 1.212405e-04
iteration 28, E = -536.932416, |x| = 2.613107e-01, |g| = 1.582497e-04
iteration 29, E = -536.932416, |x| = 2.614642e-01, |g| = 2.050399e-04
iteration 30, E = -536.932416, |x| = 2.617468e-01, |g| = 2.566889e-04
iteration 31, E = -536.932416, |x| = 2.622261e-01, |g| = 3.145195e-04
iteration 32, E = -536.932417, |x| = 2.630553e-01, |g| = 3.792637e-04
iteration 33, E = -536.932417, |x| = 2.645921e-01, |g| = 4.326322e-04
iteration 34, E = -536.932417, |x| = 2.665763e-01, |g| = 3.954831e-04
iteration 35, E = -536.932418, |x| = 2.678289e-01, |g| = 2.526196e-04
iteration 36, E = -536.932418, |x| = 2.679462e-01, |g| = 1.317551e-04
iteration 37, E = -536.932418, |x| = 2.678079e-01, |g| = 1.009947e-04
iteration 38, E = -536.932418, |x| = 2.677743e-01, |g| = 1.074298e-04
iteration 39, E = -536.932418, |x| = 2.679130e-01, |g| = 1.388197e-04
iteration 40, E = -536.932418, |x| = 2.683003e-01, |g| = 1.815934e-04
iteration 41, E = -536.932418, |x| = 2.690354e-01, |g| = 2.216133e-04
iteration 42, E = -536.932418, |x| = 2.701995e-01, |g| = 2.398945e-04
iteration 43, E = -536.932418, |x| = 2.712403e-01, |g| = 2.090991e-04
iteration 44, E = -536.932418, |x| = 2.717854e-01, |g| = 1.458635e-04
iteration 45, E = -536.932418, |x| = 2.717495e-01, |g| = 1.012980e-04
iteration 46, E = -536.932418, |x| = 2.716165e-01, |g| = 8.866333e-05
iteration 47, E = -536.932418, |x| = 2.715722e-01, |g| = 1.025946e-04
iteration 48, E = -536.932418, |x| = 2.716800e-01, |g| = 1.399903e-04
iteration 49, E = -536.932418, |x| = 2.720216e-01, |g| = 1.881239e-04
iteration 50, E = -536.932418, |x| = 2.727462e-01, |g| = 2.332303e-04
iteration 51, E = -536.932418, |x| = 2.741982e-01, |g| = 2.448303e-04
iteration 52, E = -536.932418, |x| = 2.755275e-01, |g| = 1.716393e-04
iteration 53, E = -536.932418, |x| = 2.759517e-01, |g| = 7.799605e-05
iteration 54, E = -536.932418, |x| = 2.758248e-01, |g| = 4.861528e-05
iteration 55, E = -536.932418, |x| = 2.756890e-01, |g| = 5.054256e-05
iteration 56, E = -536.932419, |x| = 2.755519e-01, |g| = 5.809958e-05
iteration 57, E = -536.932419, |x| = 2.754651e-01, |g| = 7.165979e-05
iteration 58, E = -536.932419, |x| = 2.754896e-01, |g| = 9.095558e-05
iteration 59, E = -536.932419, |x| = 2.757653e-01, |g| = 1.134880e-04
iteration 60, E = -536.932419, |x| = 2.763474e-01, |g| = 1.168194e-04
iteration 61, E = -536.932419, |x| = 2.769887e-01, |g| = 9.062465e-05
iteration 62, E = -536.932419, |x| = 2.773971e-01, |g| = 5.275627e-05
iteration 63, E = -536.932419, |x| = 2.774116e-01, |g| = 3.628056e-05
iteration 64, E = -536.932419, |x| = 2.773077e-01, |g| = 3.374788e-05
iteration 65, E = -536.932419, |x| = 2.771816e-01, |g| = 3.796990e-05
iteration 66, E = -536.932419, |x| = 2.770583e-01, |g| = 4.851560e-05
iteration 67, E = -536.932419, |x| = 2.769899e-01, |g| = 6.221311e-05
iteration 68, E = -536.932419, |x| = 2.770358e-01, |g| = 7.419533e-05
iteration 69, E = -536.932419, |x| = 2.773243e-01, |g| = 7.506364e-05
iteration 70, E = -536.932419, |x| = 2.776955e-01, |g| = 5.321788e-05
iteration 71, E = -536.932419, |x| = 2.779577e-01, |g| = 2.724310e-05
iteration 72, E = -536.932419, |x| = 2.779986e-01, |g| = 1.931320e-05
iteration 73, E = -536.932419, |x| = 2.779781e-01, |g| = 1.872866e-05
iteration 74, E = -536.932419, |x| = 2.779298e-01, |g| = 2.334738e-05
iteration 75, E = -536.932419, |x| = 2.778691e-01, |g| = 3.275165e-05
iteration 76, E = -536.932419, |x| = 2.778096e-01, |g| = 4.478268e-05
iteration 77, E = -536.932419, |x| = 2.777628e-01, |g| = 5.854647e-05
iteration 78, E = -536.932419, |x| = 2.777474e-01, |g| = 7.315993e-05
iteration 79, E = -536.932419, |x| = 2.778095e-01, |g| = 8.523080e-05
iteration 80, E = -536.932419, |x| = 2.780360e-01, |g| = 8.215308e-05
iteration 81, E = -536.932419, |x| = 2.782556e-01, |g| = 5.773035e-05
iteration 82, E = -536.932419, |x| = 2.784164e-01, |g| = 3.076207e-05
iteration 83, E = -536.932419, |x| = 2.784383e-01, |g| = 2.697185e-05
iteration 84, E = -536.932419, |x| = 2.784328e-01, |g| = 2.921065e-05
iteration 85, E = -536.932419, |x| = 2.784194e-01, |g| = 3.573186e-05
iteration 86, E = -536.932419, |x| = 2.784068e-01, |g| = 4.601726e-05
iteration 87, E = -536.932419, |x| = 2.784081e-01, |g| = 5.890710e-05
iteration 88, E = -536.932419, |x| = 2.784629e-01, |g| = 7.059680e-05
iteration 89, E = -536.932419, |x| = 2.786357e-01, |g| = 6.572939e-05
iteration 90, E = -536.932419, |x| = 2.788195e-01, |g| = 4.266024e-05
iteration 91, E = -536.932419, |x| = 2.789557e-01, |g| = 1.840533e-05
iteration 92, E = -536.932419, |x| = 2.789701e-01, |g| = 1.312269e-05
iteration 93, E = -536.932419, |x| = 2.789636e-01, |g| = 1.155257e-05
iteration 94, E = -536.932419, |x| = 2.789542e-01, |g| = 1.191938e-05
iteration 95, E = -536.932419, |x| = 2.789458e-01, |g| = 1.493184e-05
iteration 96, E = -536.932419, |x| = 2.789387e-01, |g| = 2.035047e-05
iteration 97, E = -536.932419, |x| = 2.789338e-01, |g| = 2.657178e-05
iteration 98, E = -536.932419, |x| = 2.789332e-01, |g| = 3.194747e-05
iteration 99, E = -536.932419, |x| = 2.789431e-01, |g| = 3.303356e-05
iteration 100, E = -536.932419, |x| = 2.789645e-01, |g| = 2.358935e-05
iteration 101, E = -536.932419, |x| = 2.789800e-01, |g| = 1.135761e-05
iteration 102, E = -536.932419, |x| = 2.789881e-01, |g| = 6.367591e-06
iteration 103, E = -536.932419, |x| = 2.789915e-01, |g| = 6.215613e-06
iteration 104, E = -536.932419, |x| = 2.789967e-01, |g| = 7.014035e-06
iteration 105, E = -536.932419, |x| = 2.790038e-01, |g| = 8.858261e-06
iteration 106, E = -536.932419, |x| = 2.790131e-01, |g| = 1.163785e-05
iteration 107, E = -536.932419, |x| = 2.790256e-01, |g| = 1.532394e-05
iteration 108, E = -536.932419, |x| = 2.790433e-01, |g| = 1.959649e-05
iteration 109, E = -536.932419, |x| = 2.790681e-01, |g| = 2.258149e-05
iteration 110, E = -536.932419, |x| = 2.790783e-01, |g| = 1.887069e-05
iteration 111, E = -536.932419, |x| = 2.790781e-01, |g| = 1.057699e-05
iteration 112, E = -536.932419, |x| = 2.790732e-01, |g| = 7.070036e-06
iteration 113, E = -536.932419, |x| = 2.790714e-01, |g| = 6.838183e-06
iteration 114, E = -536.932419, |x| = 2.790732e-01, |g| = 8.137468e-06
iteration 115, E = -536.932419, |x| = 2.790798e-01, |g| = 1.071434e-05
iteration 116, E = -536.932419, |x| = 2.790919e-01, |g| = 1.416291e-05
iteration 117, E = -536.932419, |x| = 2.791113e-01, |g| = 1.824542e-05
iteration 118, E = -536.932419, |x| = 2.791414e-01, |g| = 2.254998e-05
iteration 119, E = -536.932419, |x| = 2.791881e-01, |g| = 2.556356e-05
iteration 120, E = -536.932419, |x| = 2.792387e-01, |g| = 2.254585e-05
iteration 121, E = -536.932419, |x| = 2.792509e-01, |g| = 1.388526e-05
iteration 122, E = -536.932419, |x| = 2.792355e-01, |g| = 6.375664e-06
iteration 123, E = -536.932419, |x| = 2.792234e-01, |g| = 5.182196e-06
iteration 124, E = -536.932419, |x| = 2.792175e-01, |g| = 4.984655e-06
iteration 125, E = -536.932419, |x| = 2.792142e-01, |g| = 5.556065e-06
iteration 126, E = -536.932419, |x| = 2.792153e-01, |g| = 7.426275e-06
iteration 127, E = -536.932419, |x| = 2.792228e-01, |g| = 1.043898e-05
iteration 128, E = -536.932419, |x| = 2.792397e-01, |g| = 1.361180e-05
iteration 129, E = -536.932419, |x| = 2.792601e-01, |g| = 1.385530e-05
iteration 130, E = -536.932419, |x| = 2.792745e-01, |g| = 9.786946e-06
iteration 131, E = -536.932419, |x| = 2.792716e-01, |g| = 4.422696e-06
iteration 132, E = -536.932419, |x| = 2.792615e-01, |g| = 2.316194e-06
Fragment 0 local quantum numbers
<N>,<Sz>,<S^2> = 3.998825, 0.000008, 0.021256
Fragment 1 local quantum numbers
<N>,<Sz>,<S^2> = 2.002263, -0.000006, 1.942674
Fragment 2 local quantum numbers
<N>,<Sz>,<S^2> = 3.998911, -0.000002, 0.020931
Whole system quantum numbers
<N>,<Sz>,<S^2> = 10.000000, 0.000000, 2.000207
Density matrix diagonal elements [1.93235582 1.92711189 0.07390893 0.06544855 0.99321486 1.00904849
 1.93251089 1.92699794 0.07401515 0.06538747]
CASCI converged
CASCI E = -536.932418797287  E(CI) = -10.8660959894860  S^2 = 2.0002073
