#INFO: **** input file is /project/lgagliardi/tuy/qchem/las-uscc-noci/working/stilbene-triplet/stil-triplet-90.py ****
# test the distribution of the nearest neighbor excitations

import numpy as np
import pyscf
from pyscf import gto, scf, lib, mcscf
from mrh.my_pyscf.mcscf.lasscf_o0 import LASSCF
from mrh.exploratory.unitary_cc import lasuccsd
from mrh.exploratory.unitary_cc.uccsd_sym0 import get_uccsd_op
from mrh.exploratory.citools import grad, lasci_ominus1
from mrh.exploratory.citools import fockspace


from typing import Iterable, Union
from typing import Dict, List, Any, TypedDict
import copy
import pickle
from enum import Enum
from scipy.linalg import eigh
from scipy import optimize
import sys

result = {}
VERBOSE = 4
if len(sys.argv) > 1:
    try:
        AMPLITUDE = float(sys.argv[1])
        print(f"Using AMPLITUDE argument: {AMPLITUDE}")
    except ValueError:
        print("Invalid AMPLITUDE argument, using default value 1.")
        AMPLITUDE = 1
else:
    AMPLITUDE = 1

def flatten(seq: Iterable) -> list:
    result = []
    for item in seq:
        if isinstance(item, (list, tuple, np.ndarray)):
            result.extend(flatten(item))
        else:
            result.append(item)
    return result


def cilas2f(lasci, norb_f, nelec_f):
    ''' nelec (na, nb)'''
    ci_f = []
    for i, ci in enumerate(lasci):
        ci_f.append(fockspace.hilbert2fock(ci, norb_f[i], nelec_f[i])[0])
    return ci_f

class MolConfig(TypedDict):
    # basic
    name : str
    xyz: str
    basis: str
    ncas: List[int]
    nelecas: List[int]
    spinsub: List[int]
    frag_atom_list: Any  # Can be List or Tuple depending on usage
    frag_spin_orb: Any
    adj: List[List[int]]

class TestConfig(TypedDict):
    epsilon: float
    # nearest neighbor parameters
    nn: bool
    # non-orthogonal configuration interaction parameters
    init_method: str # 'random' or 'uscc_opt' or 'load x'
    # max_nx: int  # max number of excitations per configuration
    # min_nc: int
    # test choices
    grad_test: bool
    noci_test: bool  
    frozen: str

def get_Sij(psi_i, psi_j, h):
    """Compute the overlap Sij = <psi_i|psi_j>."""
    ucj, _ = psi_j.hc_x(psi_j.x, h)[1:3]
    uci, _ = psi_i.hc_x(psi_i.x, h)[1:3]
    ucj, uci = ucj.ravel(), uci.ravel()
    Sij = uci.conj().dot(ucj)
    return Sij


def get_Sij_Hij(psi_i, psi_j, h):
    ucj, hucj = psi_j.hc_x (psi_j.x, h)[1:3]
    uci, huci = psi_i.hc_x (psi_i.x, h)[1:3]
    ucj, hucj = ucj.ravel (), hucj.ravel ()
    uci = uci.ravel ()
    Sij = uci.conj ().dot (ucj)
    Hij = uci.conj ().dot (hucj)
    return Sij, Hij


def arr_split(arr, n):
    """Split an array into n nearly equal parts."""
    k, m = divmod(len(arr), n)
    return list(arr[i * k + min(i, m):(i + 1) * k + min(i + 1, m)] for i in range(n))

def print_matrix(mat):
    for row in mat:
        print("  ".join(f"{x:.17f}" for x in row))

def zip_excitations(a_idxs, i_idxs):
    excitations = []
    for a, i in zip(a_idxs, i_idxs):
        excitations.append((tuple(i), tuple(a[::-1])))
    return excitations

def print_excitations(a_idxs, i_idxs):
    excitations = zip_excitations(a_idxs, i_idxs)
    for excitation in excitations:
        print([[int(x) for x in flatten(excitation)]])


def nci_test(a_idxs_selected, i_idxs_selected, test_config, mol_config, mol,las, mc_uscc, mf):

    nc = len(a_idxs_selected) + 1
    # we create ci for each excitation
    if VERBOSE >= 1:
        print("Number of CIs: ", nc)

    h1eff,e_core= mc_uscc.get_h1eff(mc_uscc.mo_coeff)
    h2eff = mc_uscc.get_h2eff()

    las_ucc_trial_cis = []
    
    min_ci_eng = 99999.9
    for i in range(nc):
        if( i == nc -1):
            amplitude = 0 # the last one is the reference state
        else:
            amplitude = AMPLITUDE # we should try different amplitudes

        mc_uscc_ci = mcscf.CASCI(mf, sum(mol_config['ncas']), sum(mol_config['nelecas']))
        mc_uscc_ci.mo_coeff = las.mo_coeff
        mc_uscc_ci.fcisolver = lasuccsd.FCISolver_USCC(mol, a_idxs_selected, i_idxs_selected)
        mc_uscc_ci.fcisolver.norb_f = mol_config['ncas']
        fci = mc_uscc_ci.fcisolver
        las_ci0_f = cilas2f(las.ci, mol_config['ncas'], mol_config['nelecas'])

        norb = sum(mol_config['ncas']) # not sure about this
        nelec = sum(mol_config['nelecas']) # not sure about this
        norb_f = getattr (fci, 'norb_f', [norb])
        psi =  getattr (fci, 'psi', fci.build_psi (las_ci0_f, norb, norb_f, nelec, frozen=test_config['frozen']))
        
        if i < nc - 1:
            psi.x[psi.nconstr + i] = amplitude

        energy = psi.energy_tot(psi.x, [e_core, h1eff, h2eff])
        if energy < min_ci_eng:
            min_ci_eng = energy

        las_ucc_trial_cis.append(psi)
        
    
    S = np.zeros((nc, nc), dtype=np.complex128)
    H = np.zeros((nc, nc), dtype=np.complex128)
    h = [e_core, h1eff, h2eff]


    # Build S matrix incrementally, discarding linearly dependent CIs
    selected_indices = []
    S_inc = np.zeros((0, 0), dtype=np.complex128)
    threshold = 8e5  # You can adjust this threshold as needed

    for idx, psi in enumerate(las_ucc_trial_cis):
        # Build S matrix for current selection + this CI
        n_sel = len(selected_indices)
        S_new = np.zeros((n_sel + 1, n_sel + 1), dtype=np.complex128)
        # Fill previous block
        if n_sel > 0:
            S_new[:n_sel, :n_sel] = S_inc
            for j, jidx in enumerate(selected_indices):
                S_new[n_sel, j] = get_Sij(psi, las_ucc_trial_cis[jidx], h)
                S_new[j, n_sel] = get_Sij(las_ucc_trial_cis[jidx], psi, h)
        # Diagonal element
        S_new[n_sel, n_sel] = get_Sij(psi, psi, h)
        # Check condition number
        cond = np.linalg.cond(S_new)
        if cond < threshold:
            selected_indices.append(idx)
            S_inc = S_new
        else:
            if VERBOSE >= 1:
                print(f"Discarding CI {idx} due to linear dependence (cond={cond:.2e})")

    # Now, only keep selected CIs for S and H
    nc_sel = len(selected_indices)
    S = np.zeros((nc_sel, nc_sel), dtype=np.complex128)
    H = np.zeros((nc_sel, nc_sel), dtype=np.complex128)
    for i, idx_i in enumerate(selected_indices):
        for j, idx_j in enumerate(selected_indices):
            S[i, j], H[i, j] = get_Sij_Hij(las_ucc_trial_cis[idx_i], las_ucc_trial_cis[idx_j], h)

    if VERBOSE >= 0:
        print(f"Selected {nc_sel} CIs out of {nc} total CIs")
        print("Condition number of S matrix: ", np.linalg.cond(S))

    if VERBOSE >= 1:
        print("S matrix:")
        print_matrix(S)
        print("H matrix:")
        print_matrix(H)

    # print("min_ci_eng: ", min_ci_eng)
    eigvals, eigvecs = eigh(H, S)
    return eigvals[0], eigvecs[0], min_ci_eng   # Take the lowest eigenvalue as the energy



def test(mol_config, test_config,las, mol, mf):

    all_g, g_sel, a_idxs_selected_all, i_idxs_selected_all = grad.get_grad_exact(las, test_config['epsilon'])

    # if test_config['grad_test']:
    #     result['all_g'] = all_g
    result['all_g'] = all_g
    result['g_sel'] = g_sel

    a_idxs_selected_nn = []
    i_idxs_selected_nn = []
    
    nn_g = []
    if(test_config['nn']):
        nn_g, a_idxs_selected_nn, i_idxs_selected_nn = get_nn_excitations(a_idxs_selected_all, i_idxs_selected_all, all_g, mol_config)
        if test_config['grad_test']:
            result['nn_g'] = nn_g

    result['tot_excitation_count'] = len(a_idxs_selected_all)
    result['excitation_count_nn'] = len(a_idxs_selected_nn)

    #Computing energy through the LAS-UCC kernel using selected excitations
    #==========================================================================================
    
    a_idxs_selected = None
    i_idxs_selected = None

    if test_config['nn']:
        a_idxs_selected = a_idxs_selected_nn
        i_idxs_selected = i_idxs_selected_nn
    else:
        a_idxs_selected = a_idxs_selected_all
        i_idxs_selected = i_idxs_selected_all
    
    if VERBOSE >= 2:
        print("All selected excitations:")
        print_excitations(a_idxs_selected, i_idxs_selected)

    mc_uscc = mcscf.CASCI(mf, sum(mol_config['ncas']), sum(mol_config['nelecas']))
    mc_uscc.mo_coeff = las.mo_coeff

    
    mc_uscc.fcisolver = lasuccsd.FCISolver_USCC(mol, a_idxs_selected, i_idxs_selected)
    mc_uscc.fcisolver.norb_f = mol_config['ncas'] # number of orbitals in each fragment
    # easily hit the maximal memory limit
    mc_uscc.fcisolver.frozen = test_config['frozen'] if 'frozen' in test_config else None  
    mc_uscc.kernel(ci0 = cilas2f(las.ci, mol_config['ncas'], mol_config['nelecas']))
    if not mc_uscc.converged:
        print('Warning: kernel hasn\'t converged')
    
    if VERBOSE >= 1:
        print("MC-USCC amplitudes: ", mc_uscc.fcisolver.psi.x)

    result['las_uscc_eng'] =  mc_uscc.e_tot 
   
    if test_config['noci_test']:
        result['las_uscc_noci_eng'], result['las_uscc_noci_vec'], result['min_ci_eng'] = nci_test(a_idxs_selected, i_idxs_selected, test_config, mol_config, mol,las, mc_uscc, mf)
    
    return result
   



def batch_test(mol_config, test_configs):
    results = []

    # Initializing the molecule with RHF
    #===================================
    symmetry = None
    charge = None
    spin = None
    if 'symmetry' in mol_config:
        symmetry = mol_config['symmetry']
    if 'charge' in mol_config:
        charge = mol_config['charge']
    if 'spin' in mol_config:
        spin = mol_config['spin']

    mol = gto.M(atom=mol_config['xyz'], basis=mol_config['basis'], symmetry = symmetry,
        charge = charge, spin = spin, verbose=4, output=mol_config['output'])
    if 'HF' in mol_config and mol_config['HF'] == 'ROHF':
        mf = scf.ROHF(mol).run()
    else:
        mf = scf.RHF(mol).run()

    # Running LASSCF
    #===================================
    las = LASSCF(mf, mol_config['ncas'], mol_config['nelecas'], spin_sub=mol_config['spinsub'], ouput=None)
    mo_loc = las.localize_init_guess(mol_config['frag_atom_list'], mf.mo_coeff)
    las.kernel(mo_loc)
    
    ref = mcscf.CASCI(mf, sum(mol_config['ncas']), (6,4))
    ref.mo_coeff = las.mo_coeff
    ref.fix_spin_(ss=2) # triplet
    ref.kernel() 

    for test_config in test_configs:
        
        result = test(mol_config, test_config, las, mol, mf)
        results.append(result)
    
    return results, ref.e_tot, las.e_tot



def empty_adj(n):
    return [[0 for _ in range(n)] for _ in range(n)]

def circle_adj(n):
    return [[1 if abs(i - j) == 1 or abs(i - j) == n-1 else 0 for j in range(n)] for i in range(n)]


if __name__ == "__main__":


    data_dir = '../geom'

    with open(data_dir + '/h4.xyz', 'r', encoding='utf-8') as f:
        h4xyz = f.read()

    with open(data_dir + '/h6.xyz', 'r', encoding='utf-8') as f:
        h6xyz = f.read()

    with open(data_dir + '/h8.xyz', 'r', encoding='utf-8') as f:
        h8xyz = f.read()

    with open(data_dir + '/h10.xyz', 'r', encoding='utf-8') as f:
        h10xyz = f.read()


    with open(data_dir + '/c4.xyz', 'r', encoding='utf-8') as f:
        c4xyz = f.read()

    with open(data_dir + '/c6.xyz', 'r', encoding='utf-8') as f:
        c6xyz = f.read()

    with open(data_dir + '/c8.xyz', 'r', encoding='utf-8') as f:
        c8xyz = f.read()

    with open(data_dir + '/c10.xyz', 'r', encoding='utf-8') as f:
        c10xyz = f.read()

    with open(data_dir + '/stil-001.xyz', 'r', encoding='utf-8') as f:
        stil001xyz = f.read()

    with open(data_dir + '/stil-60.xyz', 'r', encoding='utf-8') as f:
        stil60xyz = f.read()

    with open(data_dir + '/stil-90.xyz', 'r', encoding='utf-8') as f:
        stil90xyz = f.read()

    with open(data_dir + '/stil-120.xyz', 'r', encoding='utf-8') as f:
        stil120xyz = f.read()

    with open(data_dir + '/stil-180.xyz', 'r', encoding='utf-8') as f:
        stil180xyz = f.read()       


    # with open(data_dir + '/kremer/kremer-geometry.xyz', 'r', encoding='utf-8') as f:
    #     kremer_xyz = f.read()

    # kremer_basis = {
    #     "Cr": "def2-tzvp",
    #     "O": "def2-svp",
    #     "N": "def2-svp",
    #     "C": "def2-svp",
    #     "H": "def2-svp",
    # }

    # kremer_def2 : MolConfig = {
    #     'name' : 'kremer_def2',
    #     'HF' : 'ROHF',
    #     'xyz' : kremer_xyz,
    #     'basis' : kremer_basis,
    #     'symmetry' : False,
    #     'charge' : 3,
    #     'spin' : 6,
    #     'ncas': [3,3],
    #     'nelecas': [[3,0],[0,3]],
    #     'spinsub': [4,4],
    #     'frag_atom_list': [[0],[1]]
    # }

    h4_sto3g : MolConfig = {
        'name': 'H4_STO3G',
        'xyz': h4xyz,
        'basis': 'sto-3g',
        'ncas': [2, 2],
        'nelecas': [2, 2],
        'spinsub': [1, 1],
        'frag_atom_list': ((0, 1), (2, 3)),
        'output': 'h4_sto3g.out',
    }


    stil_631g_001 : MolConfig = {
        'name': 'STIL_631G_001',
        'xyz': stil001xyz,
        'basis': '631g',
        'ncas': [4,2,4],
        'nelecas': [4,2,4],
        'spinsub': [1, 1, 1],
        'frag_atom_list': [ [1,2,3,4,5,6,15,16,17,18,19] , [0,7, 14,20] , [8,9,10,11,12,13, 21,22,23,24,25] ],
        'frag_spin_orb': {
            0: (0, 1, 2, 3,10,11,12,13),
            1: (4,5,14,15),
            2: (6,7,8,9,16,17,18,19)
        },
        'adj': empty_adj(3),
        'output' : 'stil_631g_001.out',
    }

    stil_631g_60 : MolConfig = {
        'name': 'STIL_631G_60',
        'xyz': stil60xyz,
        'basis': '631g',
        'ncas': [4,2,4],
        'nelecas': [4,2,4],
        'spinsub': [1, 1, 1],
        'frag_atom_list': [ [1,2,3,4,5,6,15,16,17,18,19] , [0,7, 14,20] , [8,9,10,11,12,13, 21,22,23,24,25] ],
        'frag_spin_orb': {
            0: (0, 1, 2, 3,10,11,12,13),
            1: (4,5,14,15),
            2: (6,7,8,9,16,17,18,19)
        },
        'adj': empty_adj(3),
        'output' : 'stil_631g_60.out',
    }

    stil_631g_90 : MolConfig = {
        'name': 'STIL_631G_90',
        'xyz': stil90xyz,
        'basis': '631g',
        'ncas': [4,2,4],
        'nelecas': [4,2,4],
        'spinsub': [1, 1, 1],
        'frag_atom_list': [ [1,2,3,4,5,6,15,16,17,18,19] , [0,7, 14,20] , [8,9,10,11,12,13, 21,22,23,24,25] ],
        'frag_spin_orb': {
            0: (0, 1, 2, 3,10,11,12,13),
            1: (4,5,14,15),
            2: (6,7,8,9,16,17,18,19)
        },
        'adj': empty_adj(3),
        'output' : 'stil_631g_90.out',
    }

    stil_631g_120 : MolConfig = {
        'name': 'STIL_631G_120',
        'xyz': stil120xyz,
        'basis': '631g',
        'ncas': [4,2,4],
        'nelecas': [4,2,4],
        'spinsub': [1, 1, 1],
        'frag_atom_list': [ [1,2,3,4,5,6,15,16,17,18,19] , [0,7, 14,20] , [8,9,10,11,12,13, 21,22,23,24,25] ],
        'frag_spin_orb': {
            0: (0, 1, 2, 3,10,11,12,13),
            1: (4,5,14,15),
            2: (6,7,8,9,16,17,18,19)
        },
        'adj': empty_adj(3),
        'output' : 'stil_631g_120.out',
    }


    stil_631g_180 : MolConfig = {
        'name': 'STIL_631G_180',
        'xyz': stil180xyz,
        'basis': '631g',
        'ncas': [4,2,4],
        'nelecas': [4,2,4],
        'spinsub': [1, 1, 1],
        'frag_atom_list': [ [1,2,3,4,5,6,15,16,17,18,19] , [0,7, 14,20] , [8,9,10,11,12,13, 21,22,23,24,25] ],
        'frag_spin_orb': {
            0: (0, 1, 2, 3,10,11,12,13),
            1: (4,5,14,15),
            2: (6,7,8,9,16,17,18,19)
        },
        'adj': empty_adj(3),
        'output' : 'stil_631g_180.out',
    }

    # triplet stil
    stil_triplet_631g_001 = copy.deepcopy(stil_631g_001)
    stil_triplet_631g_001['spinsub'] = [1,3,1]

    stil_triplet_631g_60 = copy.deepcopy(stil_631g_60)
    stil_triplet_631g_60['spinsub'] = [1,3,1]
    stil_triplet_631g_90 = copy.deepcopy(stil_631g_90)
    stil_triplet_631g_90['spinsub'] = [1,3,1]
    stil_triplet_631g_120 = copy.deepcopy(stil_631g_120)
    stil_triplet_631g_120['spinsub'] = [1,3,1]
    stil_triplet_631g_180 = copy.deepcopy(stil_631g_180)
    stil_triplet_631g_180['spinsub'] = [1,3,1]
    

    # This c4 is too small, and I observed numericall error, that H and S have all identical
    # entries however the NOCI energy is lower 
    c4_631g : MolConfig = {
        'name': 'C4_631G',
        'xyz': c4xyz,
        'basis': '631g',
        'ncas': [2,2],
        'nelecas': [2,2],
        'spinsub': [1,1],
        'frag_atom_list':  [[0,2], [3,1]],
        'frag_spin_orb': {
            0: (0,1,4,5),
            1: (2,3,6,7),
        },
        'adj': circle_adj(2), # not sure about this
        'output': 'c4_631g.out',
    }

    c6_631 : MolConfig = {
        'name': 'C6_631G',
        'xyz': c6xyz,
        'basis': '631g',
        'ncas': [2,2,2],
        'nelecas': [2,2,2],
        'spinsub': [1,1,1],
        'frag_atom_list': [[0,2], [10,11], [3,1]], # not sure about this
        'frag_spin_orb': {
            0: (0,1,6,7),
            1: (2,3,8,9),
            2: (4,5,10,11),
        },
        'adj': circle_adj(3),
        'output': 'c6_631g.out',
    }


    c8_631 : MolConfig = {
        'name': 'C8_631G',
        'xyz': c8xyz,
        'basis': '631g',
        'ncas': [2,2,2,2],
        'nelecas': [2,2,2,2],
        'spinsub': [1,1,1,1],
        'frag_atom_list': [[0,2], [10,12], [13,11], [3,1]], 
        'frag_spin_orb': {
            0: (0,1,8,9),
            1: (2,3,10,11),
            2: (4,5,12,13),
            3: (6,7,14,15),
        },
        'adj': circle_adj(3),
        'output': 'c8_631g.out',
    }


    c10_631g : MolConfig = {
        'name': 'C10_631G',
        'xyz': c10xyz,
        'basis': '631g',
        'ncas': [2,2,2,2,2],
        'nelecas': [2,2,2,2,2],
        'spinsub': [1,1,1,1,1],
        'frag_atom_list': [[0,2], [10,12], [18,19], [13,11], [3,1]],
        'frag_spin_orb': {
            0: (0,1,10,11),
            1: (2,3,12,13),
            2: (4,5,14,15),
            3: (6,7,16,17),
            4: (8,9,18,19)
        },
        'adj': circle_adj(5),
        'output': 'c10_631g.out',
    }

    mol_configs = [stil_triplet_631g_90]
    # mol_configs = [h4_sto3g]



    nosi_test_01 : TestConfig = {
        'epsilon': 0.01,
        'nn': False,
        'init_method': 'uscc_opt',
        'frozen': 'CI',
        'grad_test': False,
        'noci_test': True
    }
        
    # noci_test_001 = copy.deepcopy(noci_test_01)
    # noci_test_001['epsilon'] = 0.001

    # noci_test_0001 = copy.deepcopy(noci_test_01)
    # noci_test_0001['epsilon'] = 0.0001

    # eps = np.array([0.0076, 0.005015, 0.00297421, 0.00252])
    eps = np.array([0.005015])

    nosi_tests = []
    for thre in eps:
        nosi_test = copy.deepcopy(nosi_test_01)
        nosi_test['epsilon'] = thre
        nosi_tests.append(nosi_test)


    for mol_conf in mol_configs:
        print(f"Molecule {mol_conf['name']}: ")
        mol_results, ref_energy, las_energy = batch_test(mol_conf, nosi_tests)
        
        print(f"CASCI energy: {ref_energy:.17f}")
        print(f"LASSCF energy: {las_energy:.17f}")
        for result in mol_results:
            print(f"Total excitations: {len(result['all_g'])}")
            print(f"Selected excitations: {len(result['g_sel'])}")
            
            # print(f"NN excitations: {result['excitation_count_nn']}")

            if 'las_uscc_eng' in result:
                print(f"LAS-USCCSD-VQE energy: {result['las_uscc_eng']:.17f}")
            if 'las_uscc_noci_eng' in result:
                print(f"LAS-USCCSD-NOSI energy: {result['las_uscc_noci_eng']:.17f}")
            # if 'tot_g' in result:
            #     print(f"Total gradient norm: {np.linalg.norm(result['tot_g']):.17f}")
            # if 'nn_g' in result:
            #     print(f"NN gradient norm: {np.linalg.norm(result['nn_g']):.17f}")
            if 'las_uscc_noci_vec' in result:
                print("NOSI vector: ", result['las_uscc_noci_vec'])
            if 'min_ci_eng' in result:
                print(f"Minimum State energy: {result['min_ci_eng']:.17f}")
            print("\n")
        
        print("\n\n")
#INFO: ******************** input file end ********************


System: uname_result(system='Linux', node='midway3-0554.rcc.local', release='4.18.0-305.3.1.el8.x86_64', version='#1 SMP Tue Jun 1 16:14:33 UTC 2021', machine='x86_64')  Threads 16
Python 3.9.19 | packaged by conda-forge | (main, Mar 20 2024, 12:50:21) 
[GCC 12.3.0]
numpy 2.0.2  scipy 1.13.1  h5py 3.14.0
Date: Sat Nov  8 08:15:50 2025
PySCF version 2.9.0
PySCF path  /home/tuy/repo/.venv/lib/python3.9/site-packages/pyscf
mrh path  /home/tuy/repo/mrh
GIT ORIG_HEAD b98c29c0816fd226852111a125e579215dc0ac5e
GIT HEAD (branch master) b49e04f5f5ffc1c27967a615ccab8ecdf1806538

[CONFIG] conf_file None
[INPUT] verbose = 4
[INPUT] num. atoms = 26
[INPUT] num. electrons = 96
[INPUT] charge = 0
[INPUT] spin (= nelec alpha-beta = 2S) = 0
[INPUT] symmetry False subgroup None
[INPUT] Mole.unit = angstrom
[INPUT] Symbol           X                Y                Z      unit          X                Y                Z       unit  Magmom
[INPUT]  1 C      0.612500000000   1.476500000000   0.384800000000 AA    1.157457251296   2.790180622920   0.727166612733 Bohr   0.0
[INPUT]  2 C      1.712200000000   0.659200000000   0.107500000000 AA    3.235589070480   1.245707461313   0.203145558391 Bohr   0.0
[INPUT]  3 C      1.619300000000  -0.370000000000  -0.871600000000 AA    3.060033513508  -0.699198666089  -1.647085290171 Bohr   0.0
[INPUT]  4 C      2.686300000000  -1.210000000000  -1.112700000000 AA    5.076371288419  -2.286568610724  -2.102698258804 Bohr   0.0
[INPUT]  5 C      3.857300000000  -1.093600000000  -0.374800000000 AA    7.289240580285  -2.066604489824  -0.708269351487 Bohr   0.0
[INPUT]  6 C      3.958000000000  -0.110700000000   0.613700000000 AA    7.479536001029  -0.209192681989   1.159724922646 Bohr   0.0
[INPUT]  7 C      2.921200000000   0.752900000000   0.846800000000 AA    5.520267955079   1.422774799185   1.600220082282 Bohr   0.0
[INPUT]  8 C     -0.611900000000   1.476100000000  -0.385100000000 AA   -1.156323415621   2.789424732470  -0.727733530570 Bohr   0.0
[INPUT]  9 C     -1.711900000000   0.659300000000  -0.107800000000 AA   -3.235022152643   1.245896433926  -0.203712476228 Bohr   0.0
[INPUT] 10 C     -1.619800000000  -0.368900000000   0.874000000000 AA   -3.060978376570  -0.697119967352   1.651620632870 Bohr   0.0
[INPUT] 11 C     -2.687000000000  -1.209000000000   1.113600000000 AA   -5.077694096706  -2.284678884599   2.104399012316 Bohr   0.0
[INPUT] 12 C     -3.857500000000  -1.093000000000   0.375300000000 AA   -7.289618525510  -2.065470654150   0.709214214549 Bohr   0.0
[INPUT] 13 C     -3.957400000000  -0.111300000000  -0.615200000000 AA   -7.478402165354  -0.210326517664  -1.162559511832 Bohr   0.0
[INPUT] 14 C     -2.920500000000   0.752000000000  -0.847800000000 AA   -5.518945146792   1.421074045673  -1.602109808406 Bohr   0.0
[INPUT] 15 H      0.692700000000   2.148100000000   1.237700000000 AA    1.309013286486   4.059320688178   2.338914024374 Bohr   0.0
[INPUT] 16 H      0.683500000000  -0.500400000000  -1.399600000000 AA    1.291627806140  -0.945618952732  -2.644860683941 Bohr   0.0
[INPUT] 17 H      2.599000000000  -1.986100000000  -1.861400000000 AA    4.911398197745  -3.753185055999  -3.517536208265 Bohr   0.0
[INPUT] 18 H      4.683500000000  -1.782200000000  -0.545500000000 AA    8.850532304400  -3.367869899200  -1.030845600950 Bohr   0.0
[INPUT] 19 H      4.874300000000  -0.026900000000   1.196100000000 AA    9.211092048967  -0.050833632751   2.260301417592 Bohr   0.0
[INPUT] 20 H      3.007100000000   1.519400000000   1.608300000000 AA    5.682595429180   2.871249873664   3.039246526138 Bohr   0.0
[INPUT] 21 H     -0.692100000000   2.145700000000  -1.239700000000 AA   -1.307879450811   4.054785345479  -2.342693476623 Bohr   0.0
[INPUT] 22 H     -0.684700000000  -0.498300000000   1.399700000000 AA   -1.293895477490  -0.941650527871   2.645049656554 Bohr   0.0
[INPUT] 23 H     -2.600300000000  -1.983000000000   1.862800000000 AA   -4.913854841707  -3.747326905013   3.520181824840 Bohr   0.0
[INPUT] 24 H     -4.683900000000  -1.781100000000   0.545800000000 AA   -8.851288194850  -3.365791200463   1.031412518788 Bohr   0.0
[INPUT] 25 H     -4.873100000000  -0.028400000000  -1.196800000000 AA   -9.208824377618  -0.053668221938  -2.261624225879 Bohr   0.0
[INPUT] 26 H     -3.006000000000   1.517400000000  -1.611200000000 AA   -5.680516730443   2.867470421415  -3.044726731899 Bohr   0.0

nuclear repulsion = 757.95213509577
number of shells = 94
number of NR pGTOs = 356
number of NR cGTOs = 150
basis = 631g
ecp = {}
CPU time:         4.61


******** <class 'pyscf.scf.hf.RHF'> ********
method = RHF
initial guess = minao
damping factor = 0
level_shift factor = 0
DIIS = <class 'pyscf.scf.diis.CDIIS'>
diis_start_cycle = 1
diis_space = 8
diis_damp = 0
SCF conv_tol = 1e-09
SCF conv_tol_grad = None
SCF max_cycles = 50
direct_scf = True
direct_scf_tol = 1e-13
chkfile to save SCF result = /scratch/local/jobs/39884870/tmp0_5w2h63
max_memory 4000 MB (current use 93 MB)
Set gradient conv threshold to 3.16228e-05
Initial guess from minao.
init E= -541.483833057484
  HOMO = -0.0971596053312903  LUMO = -0.0889099990787865
cycle= 1 E= -536.681416870569  delta_E=  4.8  |g|= 0.543  |ddm|= 5.12
  HOMO = -0.211102574612317  LUMO = -0.0301560962135378
cycle= 2 E= -536.803839100493  delta_E= -0.122  |g|= 0.148  |ddm|= 1.26
  HOMO = -0.181312763212843  LUMO = 0.0111434214267353
cycle= 3 E= -536.813503223285  delta_E= -0.00966  |g|= 0.0535  |ddm|= 0.409
  HOMO = -0.196388793074757  LUMO = 0.000129580243786223
cycle= 4 E= -536.814681923193  delta_E= -0.00118  |g|= 0.018  |ddm|= 0.126
  HOMO = -0.196085255190431  LUMO = 0.002432155894612
cycle= 5 E= -536.814885851455  delta_E= -0.000204  |g|= 0.00714  |ddm|= 0.0348
  HOMO = -0.197011605083037  LUMO = 0.00379081051743431
cycle= 6 E= -536.814969850866  delta_E= -8.4e-05  |g|= 0.00267  |ddm|= 0.0334
  HOMO = -0.197599996102596  LUMO = 0.00446996494489386
cycle= 7 E= -536.814986384113  delta_E= -1.65e-05  |g|= 0.000968  |ddm|= 0.0177
  HOMO = -0.19784832284168  LUMO = 0.00455944648949155
cycle= 8 E= -536.814987630334  delta_E= -1.25e-06  |g|= 0.000262  |ddm|= 0.00521
  HOMO = -0.197873117003993  LUMO = 0.00459596686855801
cycle= 9 E= -536.814987715659  delta_E= -8.53e-08  |g|= 0.000108  |ddm|= 0.00117
  HOMO = -0.197881803018665  LUMO = 0.00459667869674409
cycle= 10 E= -536.814987727249  delta_E= -1.16e-08  |g|= 5.49e-05  |ddm|= 0.000303
  HOMO = -0.197887249488155  LUMO = 0.00459517224346927
cycle= 11 E= -536.814987731719  delta_E= -4.47e-09  |g|= 1.86e-05  |ddm|= 0.00023
  HOMO = -0.197886583326331  LUMO = 0.00459578789104288
cycle= 12 E= -536.814987732501  delta_E= -7.81e-10  |g|= 9.54e-06  |ddm|= 9.68e-05
  HOMO = -0.197887327700564  LUMO = 0.0045949900453615
Extra cycle  E= -536.814987732616  delta_E= -1.15e-10  |g|= 6.17e-06  |ddm|= 2.99e-05
converged SCF energy = -536.814987732616

******** LASSCF flags ********
CAS (5e+5e, 10o), ncore = 43, nvir = 97
Divided into 3 LAS spaces
LAS 0 : (2e+2e, 4o)
LAS 1 : (1e+1e, 2o)
LAS 2 : (2e+2e, 4o)
nroots = 1
max_cycle_macro = 50
max_cycle_micro = 5
conv_tol_grad = 0.0001
max_memory 4000 MB (current use 789 MB)
fragment 0 FCI solver flags:
******** <class 'mrh.my_pyscf.mcscf.addons.get_h1e_zipped_fcisolver.<locals>.FCISolver'> ********
max. cycles = 100
conv_tol = 1e-10
davidson only = False
linear dependence = 1e-14
level shift = 0.001
max iter space = 12
max_memory 4000 MB
nroots = 1
pspace_size = 200
spin = 0
State-average over 1 states with weights [1.0]
fragment 1 FCI solver flags:
******** <class 'mrh.my_pyscf.mcscf.addons.get_h1e_zipped_fcisolver.<locals>.FCISolver'> ********
max. cycles = 100
conv_tol = 1e-10
davidson only = False
linear dependence = 1e-14
level shift = 0.001
max iter space = 12
max_memory 4000 MB
nroots = 1
pspace_size = 200
spin = 0
State-average over 1 states with weights [1.0]
fragment 2 FCI solver flags:
******** <class 'mrh.my_pyscf.mcscf.addons.get_h1e_zipped_fcisolver.<locals>.FCISolver'> ********
max. cycles = 100
conv_tol = 1e-10
davidson only = False
linear dependence = 1e-14
level shift = 0.001
max iter space = 12
max_memory 4000 MB
nroots = 1
pspace_size = 200
spin = 0
State-average over 1 states with weights [1.0]
LASCI subspace 0 with no orbsym information
LASCI subspace 1 with no orbsym information
LASCI subspace 2 with no orbsym information
LASCI subspace CI energies: [np.float64(-3.061623823376755), np.float64(-0.9890066702012136), np.float64(-3.0609881534877843)]
LASCI macro 0 : E = -536.772276168782 ; |g_int| = 0.347118368838256 ; |g_ci| = 0.000295507532108907 ; |g_x| = 0
LASCI micro 1 : |x_orb| = 0.611354120019837 ; |x_ci| = 0.0102261053758298
LASCI micro 2 : |x_orb| = 0.612700670849382 ; |x_ci| = 0.0146111944847611
LASCI micro 3 : |x_orb| = 0.625947509305609 ; |x_ci| = 0.00984102366067739
LASCI micro 4 : |x_orb| = 0.627701723577267 ; |x_ci| = 0.0175203296636704
LASCI micro 5 : |x_orb| = 0.629760409495121 ; |x_ci| = 0.0174759646512951
LASCI subspace 0 with no orbsym information
LASCI subspace 1 with no orbsym information
LASCI subspace 2 with no orbsym information
LASCI subspace CI energies: [np.float64(-3.0760612427760763), np.float64(-1.009122687177163), np.float64(-3.0755206516650144)]
LASCI macro 1 : E = -536.901819906451 ; |g_int| = 0.166279810447095 ; |g_ci| = 4.0080034471832e-05 ; |g_x| = 0
LASCI micro 1 : |x_orb| = 0.258552871604913 ; |x_ci| = 0.00578893808048312
LASCI micro 2 : |x_orb| = 0.257999309544624 ; |x_ci| = 0.0027678326347302
LASCI micro 3 : |x_orb| = 0.267113150947973 ; |x_ci| = 0.00883863710115784
LASCI micro 4 : |x_orb| = 0.26791001159697 ; |x_ci| = 0.00991321777545104
LASCI micro 5 : |x_orb| = 0.269584482243628 ; |x_ci| = 0.0108997350658673
LASCI subspace 0 with no orbsym information
LASCI subspace 1 with no orbsym information
LASCI subspace 2 with no orbsym information
LASCI subspace CI energies: [np.float64(-3.0783087387267845), np.float64(-0.9827987360829152), np.float64(-3.077814411279216)]
LASCI macro 2 : E = -536.928425639893 ; |g_int| = 0.0858403604441818 ; |g_ci| = 2.95802830632194e-06 ; |g_x| = 0
LASCI micro 1 : |x_orb| = 0.397354995472946 ; |x_ci| = 0.00998668659345401
LASCI micro 2 : |x_orb| = 0.468512672591253 ; |x_ci| = 0.021483054355333
LASCI micro 3 : |x_orb| = 0.47296725794622 ; |x_ci| = 0.0244890369155396
LASCI micro 4 : |x_orb| = 0.488594301465342 ; |x_ci| = 0.0282416880388768
LASCI micro 5 : |x_orb| = 0.480899908539375 ; |x_ci| = 0.0295339563841223
LASCI subspace 0 with no orbsym information
LASCI subspace 1 with no orbsym information
LASCI subspace 2 with no orbsym information
LASCI subspace CI energies: [np.float64(-3.084370415830059), np.float64(-0.9633265760747161), np.float64(-3.083891088819806)]
LASCI macro 3 : E = -536.943183680177 ; |g_int| = 0.0426005109007574 ; |g_ci| = 7.13111339709818e-06 ; |g_x| = 0
LASCI micro 1 : |x_orb| = 0.269544276864409 ; |x_ci| = 0.00438766271449279
LASCI micro 2 : |x_orb| = 0.478325708791887 ; |x_ci| = 0.0257242481077734
LASCI micro 3 : |x_orb| = 0.479785508555591 ; |x_ci| = 0.0219382670523124
LASCI micro 4 : |x_orb| = 4.26277133137848 ; |x_ci| = 0.140772667947584
Unstable microiteration aborted: ||x(n)|| > 10*||x(0)||
LASCI subspace 0 with no orbsym information
LASCI subspace 1 with no orbsym information
LASCI subspace 2 with no orbsym information
LASCI subspace CI energies: [np.float64(-3.097064949506965), np.float64(-0.9365028557690747), np.float64(-3.0966005490645205)]
LASCI macro 4 : E = -536.948077983303 ; |g_int| = 0.0250375750439566 ; |g_ci| = 1.74703246348982e-05 ; |g_x| = 0
LASCI micro 1 : |x_orb| = 0.835590303942758 ; |x_ci| = 0.0157047340506706
LASCI micro 2 : |x_orb| = 2.72984190295839 ; |x_ci| = 0.095920013364825
LASCI micro 3 : |x_orb| = 129.896101736321 ; |x_ci| = 1.49255199719475
Unstable microiteration aborted: |x[i]| > pi/2
New energy (-536.9209206605784) is higher than keyframe energy (-536.9480779833026)
Attempt 1 of 3 to scale down trial step vector
LASCI subspace 0 with no orbsym information
LASCI subspace 1 with no orbsym information
LASCI subspace 2 with no orbsym information
LASCI subspace CI energies: [np.float64(-3.2085620287581476), np.float64(-0.9124270357323832), np.float64(-3.2077284818512926)]
LASCI macro 5 : E = -536.954897308599 ; |g_int| = 0.0168559516312219 ; |g_ci| = 6.81363970013381e-05 ; |g_x| = 0
LASCI micro 1 : |x_orb| = 0.121632004197198 ; |x_ci| = 0.00282517027772752
LASCI micro 2 : |x_orb| = 0.120462079125703 ; |x_ci| = 0.00230326209834484
LASCI micro 3 : |x_orb| = 0.186029808840031 ; |x_ci| = 0.00535553923741155
LASCI micro 4 : |x_orb| = 0.188668913992082 ; |x_ci| = 0.0056174202418385
LASCI micro 5 : |x_orb| = 0.201154053272256 ; |x_ci| = 0.00644647287162446
LASCI subspace 0 with no orbsym information
LASCI subspace 1 with no orbsym information
LASCI subspace 2 with no orbsym information
LASCI subspace CI energies: [np.float64(-3.2262911834608117), np.float64(-0.9117684314243093), np.float64(-3.2256697863124026)]
LASCI macro 6 : E = -536.955571017292 ; |g_int| = 0.0078488662963825 ; |g_ci| = 1.17480356967584e-06 ; |g_x| = 0
LASCI micro 1 : |x_orb| = 0.0601569503694507 ; |x_ci| = 0.00139930378315297
LASCI micro 2 : |x_orb| = 0.0595483953359469 ; |x_ci| = 0.00105227481106534
LASCI micro 3 : |x_orb| = 0.0924777059971199 ; |x_ci| = 0.00264668172033866
LASCI micro 4 : |x_orb| = 0.0931085101609835 ; |x_ci| = 0.00273681333978029
LASCI micro 5 : |x_orb| = 0.0972072099809615 ; |x_ci| = 0.0030111551021847
LASCI subspace 0 with no orbsym information
LASCI subspace 1 with no orbsym information
LASCI subspace 2 with no orbsym information
LASCI subspace CI energies: [np.float64(-3.2346479624170783), np.float64(-0.9106357471903483), np.float64(-3.234145625988826)]
LASCI macro 7 : E = -536.955735610906 ; |g_int| = 0.00391258802858899 ; |g_ci| = 2.88699599658872e-06 ; |g_x| = 0
LASCI micro 1 : |x_orb| = 0.0336857498367946 ; |x_ci| = 0.000819246723757396
LASCI micro 2 : |x_orb| = 0.0334221548660242 ; |x_ci| = 0.000645235026540559
LASCI micro 3 : |x_orb| = 0.0525126866224018 ; |x_ci| = 0.00144626425221113
LASCI micro 4 : |x_orb| = 0.0529295302155359 ; |x_ci| = 0.00154274417794222
LASCI micro 5 : |x_orb| = 0.0551396380482222 ; |x_ci| = 0.00162704133449503
LASCI subspace 0 with no orbsym information
LASCI subspace 1 with no orbsym information
LASCI subspace 2 with no orbsym information
LASCI subspace CI energies: [np.float64(-3.2392246419187813), np.float64(-0.9094149253818539), np.float64(-3.2387833782315414)]
LASCI macro 8 : E = -536.955785260454 ; |g_int| = 0.00217548634808952 ; |g_ci| = 3.32516244325397e-06 ; |g_x| = 0
LASCI micro 1 : |x_orb| = 0.0212688901869646 ; |x_ci| = 0.000543179351244566
LASCI micro 2 : |x_orb| = 0.0212928346476671 ; |x_ci| = 0.000553718992300404
LASCI micro 3 : |x_orb| = 0.0337349282221823 ; |x_ci| = 0.00079352923403199
LASCI micro 4 : |x_orb| = 0.0350841291263672 ; |x_ci| = 0.0010274558339623
LASCI micro 5 : |x_orb| = 0.0371318396207972 ; |x_ci| = 0.000949780177085794
LASCI subspace 0 with no orbsym information
LASCI subspace 1 with no orbsym information
LASCI subspace 2 with no orbsym information
LASCI subspace CI energies: [np.float64(-3.2420238688829057), np.float64(-0.90834417571162), np.float64(-3.2416112833822304)]
LASCI macro 9 : E = -536.955803949178 ; |g_int| = 0.00142998420709381 ; |g_ci| = 3.5059417150658e-06 ; |g_x| = 0
LASCI micro 1 : |x_orb| = 0.0164335013105734 ; |x_ci| = 0.000435090496915428
LASCI micro 2 : |x_orb| = 0.0172806155135536 ; |x_ci| = 0.000614261345018529
LASCI micro 3 : |x_orb| = 0.0270034498808325 ; |x_ci| = 0.000458279565599367
LASCI micro 4 : |x_orb| = 0.0298289818952819 ; |x_ci| = 0.000844726142148663
LASCI micro 5 : |x_orb| = 0.0327693272021484 ; |x_ci| = 0.000661395420510604
LASCI subspace 0 with no orbsym information
LASCI subspace 1 with no orbsym information
LASCI subspace 2 with no orbsym information
LASCI subspace CI energies: [np.float64(-3.2438630457409454), np.float64(-0.9076301084463747), np.float64(-3.2434570542846464)]
LASCI macro 10 : E = -536.955814022707 ; |g_int| = 0.00114617580108717 ; |g_ci| = 1.67139175155844e-06 ; |g_x| = 0
LASCI micro 1 : |x_orb| = 0.0154349892229639 ; |x_ci| = 0.000416704978710625
LASCI micro 2 : |x_orb| = 0.0182538246194375 ; |x_ci| = 0.000732836439921766
LASCI micro 3 : |x_orb| = 0.025825882097683 ; |x_ci| = 0.000423597187658781
LASCI micro 4 : |x_orb| = 0.0280166423813307 ; |x_ci| = 0.000744821490557444
LASCI micro 5 : |x_orb| = 0.0345261255870672 ; |x_ci| = 0.000617390763865544
LASCI subspace 0 with no orbsym information
LASCI subspace 1 with no orbsym information
LASCI subspace 2 with no orbsym information
LASCI subspace CI energies: [np.float64(-3.244825221978437), np.float64(-0.9073403658070688), np.float64(-3.2443977481228514)]
LASCI macro 11 : E = -536.955821859485 ; |g_int| = 0.000934923537460975 ; |g_ci| = 6.91824601515544e-07 ; |g_x| = 0
LASCI micro 1 : |x_orb| = 0.0141317371322183 ; |x_ci| = 0.000364389502148362
LASCI micro 2 : |x_orb| = 0.017063960394913 ; |x_ci| = 0.000642846970274025
LASCI micro 3 : |x_orb| = 0.0216389587872193 ; |x_ci| = 0.000406133664352927
LASCI micro 4 : |x_orb| = 0.0227911037011115 ; |x_ci| = 0.000601696174953698
LASCI micro 5 : |x_orb| = 0.0309099815181518 ; |x_ci| = 0.000683142354004639
LASCI subspace 0 with no orbsym information
LASCI subspace 1 with no orbsym information
LASCI subspace 2 with no orbsym information
LASCI subspace CI energies: [np.float64(-3.2449437548373607), np.float64(-0.9073885943829054), np.float64(-3.24447943299403)]
LASCI macro 12 : E = -536.9558271772 ; |g_int| = 0.000740124910895087 ; |g_ci| = 3.26369016138846e-07 ; |g_x| = 0
LASCI micro 1 : |x_orb| = 0.0101016353161535 ; |x_ci| = 0.000268919705407862
LASCI micro 2 : |x_orb| = 0.0119595917828588 ; |x_ci| = 0.000458893468778323
LASCI micro 3 : |x_orb| = 0.0157924491737915 ; |x_ci| = 0.000318663609948751
LASCI micro 4 : |x_orb| = 0.0165081160055731 ; |x_ci| = 0.000452017774304377
LASCI micro 5 : |x_orb| = 0.0229866932508937 ; |x_ci| = 0.000569237138742535
LASCI subspace 0 with no orbsym information
LASCI subspace 1 with no orbsym information
LASCI subspace 2 with no orbsym information
LASCI subspace CI energies: [np.float64(-3.245428490994757), np.float64(-0.907378574841744), np.float64(-3.244941748624811)]
LASCI macro 13 : E = -536.955830111046 ; |g_int| = 0.000593183113480542 ; |g_ci| = 5.60793493103326e-07 ; |g_x| = 0
LASCI micro 1 : |x_orb| = 0.00630624858109342 ; |x_ci| = 0.000169518496934633
LASCI micro 2 : |x_orb| = 0.00865349859174772 ; |x_ci| = 0.000357209709645745
LASCI micro 3 : |x_orb| = 0.0110270736386822 ; |x_ci| = 0.000240182556162443
LASCI micro 4 : |x_orb| = 0.0115977155446693 ; |x_ci| = 0.00033980264901419
LASCI micro 5 : |x_orb| = 0.016333510032256 ; |x_ci| = 0.000433580741853878
LASCI subspace 0 with no orbsym information
LASCI subspace 1 with no orbsym information
LASCI subspace 2 with no orbsym information
LASCI subspace CI energies: [np.float64(-3.245531767099884), np.float64(-0.907328471530447), np.float64(-3.2450260208186985)]
LASCI macro 14 : E = -536.955831702435 ; |g_int| = 0.00049365215512125 ; |g_ci| = 3.08650156042158e-07 ; |g_x| = 0
LASCI micro 1 : |x_orb| = 0.00356415834975601 ; |x_ci| = 8.55545556174429e-05
LASCI micro 2 : |x_orb| = 0.00642679659927067 ; |x_ci| = 0.000269292057617395
LASCI micro 3 : |x_orb| = 0.00852895428773119 ; |x_ci| = 0.000179432506369599
LASCI micro 4 : |x_orb| = 0.00896162200342423 ; |x_ci| = 0.000255396292759271
LASCI micro 5 : |x_orb| = 0.0116052685797741 ; |x_ci| = 0.000237706890283246
LASCI subspace 0 with no orbsym information
LASCI subspace 1 with no orbsym information
LASCI subspace 2 with no orbsym information
LASCI subspace CI energies: [np.float64(-3.245813063362024), np.float64(-0.9073984837742345), np.float64(-3.2452961951766266)]
LASCI macro 15 : E = -536.955832552838 ; |g_int| = 0.000381635279402457 ; |g_ci| = 8.10268553231295e-07 ; |g_x| = 0
LASCI micro 1 : |x_orb| = 0.00215032403720942 ; |x_ci| = 4.4719372602591e-05
LASCI micro 2 : |x_orb| = 0.0050724451139641 ; |x_ci| = 0.000202734562644366
LASCI micro 3 : |x_orb| = 0.00631560969627685 ; |x_ci| = 0.000119064374644687
LASCI micro 4 : |x_orb| = 0.00659922775927671 ; |x_ci| = 0.000168138327436548
LASCI micro 5 : |x_orb| = 0.00797064207472761 ; |x_ci| = 0.000152770528135619
LASCI subspace 0 with no orbsym information
LASCI subspace 1 with no orbsym information
LASCI subspace 2 with no orbsym information
LASCI subspace CI energies: [np.float64(-3.2458635786357313), np.float64(-0.9073279884609118), np.float64(-3.245339164775854)]
LASCI macro 16 : E = -536.955833012752 ; |g_int| = 0.000270515210954959 ; |g_ci| = 1.6207249190246e-07 ; |g_x| = 0
LASCI micro 1 : |x_orb| = 0.00178313561001098 ; |x_ci| = 3.16100176923046e-05
LASCI micro 2 : |x_orb| = 0.00445022726607691 ; |x_ci| = 0.000155920030531914
LASCI micro 3 : |x_orb| = 0.00578485028687716 ; |x_ci| = 9.1606055976875e-05
LASCI micro 4 : |x_orb| = 0.00588797561157879 ; |x_ci| = 0.000118303082388785
LASCI micro 5 : |x_orb| = 0.00697825465016506 ; |x_ci| = 0.000122057718111756
LASCI subspace 0 with no orbsym information
LASCI subspace 1 with no orbsym information
LASCI subspace 2 with no orbsym information
LASCI subspace CI energies: [np.float64(-3.2460405528017953), np.float64(-0.9073985077884197), np.float64(-3.245511518203431)]
LASCI macro 17 : E = -536.955833293281 ; |g_int| = 0.000195432406425883 ; |g_ci| = 2.94534704955368e-07 ; |g_x| = 0
LASCI micro 1 : |x_orb| = 0.00126559315796154 ; |x_ci| = 2.26686616364651e-05
LASCI micro 2 : |x_orb| = 0.00318001760146994 ; |x_ci| = 0.000111423211976054
LASCI micro 3 : |x_orb| = 0.00382973860791214 ; |x_ci| = 5.76453831887507e-05
LASCI micro 4 : |x_orb| = 0.00396185012918929 ; |x_ci| = 8.26189663112387e-05
LASCI micro 5 : |x_orb| = 0.00450099869028787 ; |x_ci| = 6.94318979755863e-05
LASCI subspace 0 with no orbsym information
LASCI subspace 1 with no orbsym information
LASCI subspace 2 with no orbsym information
LASCI subspace CI energies: [np.float64(-3.2460619485866067), np.float64(-0.9073505359735947), np.float64(-3.2455288959581825)]
LASCI macro 18 : E = -536.955833435673 ; |g_int| = 0.000147096444579119 ; |g_ci| = 1.37753541506415e-07 ; |g_x| = 0
LASCI subspace 0 with no orbsym information
LASCI subspace 1 with no orbsym information
LASCI subspace 2 with no orbsym information
LASCI subspace CI energies: [np.float64(-3.2460694581768377), np.float64(-0.9073676772638979), np.float64(-3.245535956291583)]
LASCI macro 19 : E = -536.955833449761 ; |g_int| = 7.71784859173494e-05 ; |g_ci| = 5.23697594035198e-08 ; |g_x| = 0
LASCI converged after 20 cycles
LASCI E = -536.955833449761 ; |g_int| = 7.71784859173494e-05 ; |g_ci| = 5.23697594035198e-08 ; |g_ext| = 0
Fragment 0 natural orbitals
Natural occ [1.94664529 1.93778661 0.06286955 0.05269855]
Natural orbital (expansion on AOs) in CAS space
               #1        #2        #3        #4       
0 C 1s          -0.00015   0.00076   0.00087   0.00028
0 C 2s           0.00019  -0.00051  -0.00045   0.00119
0 C 3s           0.00786  -0.01445  -0.01864  -0.02384
0 C 2px         -0.02062  -0.00293  -0.00429   0.03181
0 C 2py         -0.04297  -0.00233  -0.00398   0.06073
0 C 2pz          0.03368   0.00152   0.00296  -0.05298
0 C 3px         -0.00736  -0.00027  -0.00976   0.04926
0 C 3py         -0.02657  -0.00407  -0.01267   0.10365
0 C 3pz          0.01519   0.01097   0.02022  -0.09152
1 C 1s           0.00084   0.00051  -0.00030   0.00100
1 C 2s          -0.00257  -0.00149   0.00081  -0.00473
1 C 3s           0.00289  -0.00260  -0.01121   0.01134
1 C 2px         -0.04747  -0.00551   0.00843  -0.05263
1 C 2py         -0.08893  -0.01175   0.01857  -0.10193
1 C 2pz          0.09727   0.01523  -0.01795   0.10893
1 C 3px         -0.03453  -0.01087  -0.00231  -0.06762
1 C 3py         -0.09158  -0.00520   0.03892  -0.11397
1 C 3pz          0.08811   0.00082  -0.03507   0.13850
2 C 1s           0.00036  -0.00015  -0.00082  -0.00032
2 C 2s           0.00034  -0.00005  -0.00007  -0.00121
2 C 3s          -0.01038  -0.00081   0.01371   0.00548
2 C 2px         -0.00508   0.08384   0.10348   0.00413
2 C 2py         -0.01212   0.16291   0.19739   0.01869
2 C 2pz          0.01133  -0.18363  -0.22383  -0.01447
2 C 3px         -0.02165   0.07365   0.12801  -0.01089
2 C 3py         -0.03079   0.13190   0.21316  -0.01885
2 C 3pz          0.02594  -0.15292  -0.23178   0.02574
3 C 1s          -0.00172  -0.00130   0.00160  -0.00184
3 C 2s           0.00339   0.00316  -0.00355   0.00360
3 C 3s           0.01194  -0.00299  -0.02393   0.01568
3 C 2px          0.08923   0.10322  -0.15131   0.14378
3 C 2py          0.15749   0.18052  -0.26989   0.24504
3 C 2pz         -0.16933  -0.19610   0.29327  -0.26504
3 C 3px          0.06439   0.08094  -0.10597   0.11156
3 C 3py          0.11652   0.14248  -0.19696   0.19291
3 C 3pz         -0.11765  -0.15734   0.19570  -0.19851
4 C 1s          -0.00183  -0.00060  -0.00159   0.00225
4 C 2s           0.00461   0.00118   0.00278  -0.00499
4 C 3s          -0.00361   0.00757   0.02143  -0.02361
4 C 2px          0.14367   0.00627   0.00844  -0.21683
4 C 2py          0.24297   0.01378   0.02179  -0.36796
4 C 2pz         -0.26098  -0.01610  -0.02430   0.39727
4 C 3px          0.11073   0.00306  -0.00440  -0.15313
4 C 3py          0.17844   0.01276   0.01896  -0.28305
4 C 3pz         -0.19545  -0.01395  -0.00950   0.29465
5 C 1s           0.00105  -0.00069   0.00093   0.00005
5 C 2s          -0.00281   0.00209  -0.00223  -0.00153
5 C 3s           0.00325  -0.00223  -0.02192   0.00427
5 C 2px          0.10110  -0.10446   0.15653   0.16032
5 C 2py          0.16923  -0.17688   0.26513   0.26878
5 C 2pz         -0.17997   0.18762  -0.28043  -0.28950
5 C 3px          0.06948  -0.07696   0.11558   0.11200
5 C 3py          0.11963  -0.13831   0.18175   0.19638
5 C 3pz         -0.13244   0.14800  -0.18432  -0.22076
6 C 1s          -0.00038  -0.00081  -0.00102  -0.00006
6 C 2s           0.00127   0.00079   0.00011   0.00125
6 C 3s          -0.00662   0.01448   0.02916  -0.01199
6 C 2px          0.00233  -0.11273  -0.14255  -0.00702
6 C 2py          0.00797  -0.18765  -0.23942  -0.01334
6 C 2pz         -0.00858   0.19945   0.25484   0.01264
6 C 3px         -0.00537  -0.09597  -0.14393  -0.01958
6 C 3py         -0.00811  -0.15924  -0.24589  -0.04660
6 C 3pz          0.01796   0.16385   0.24309   0.05025
7 C 1s          -0.00111  -0.00006   0.00035  -0.00088
7 C 2s           0.00242   0.00029  -0.00021   0.00307
7 C 3s           0.00496  -0.00714  -0.00799  -0.00471
7 C 2px          0.00503   0.00154  -0.00311   0.00419
7 C 2py          0.00791  -0.00301   0.00153  -0.00044
7 C 2pz         -0.00544   0.00174   0.00871  -0.00146
7 C 3px          0.00033   0.01990   0.01219   0.01034
7 C 3py          0.01101   0.01051   0.01442  -0.00490
7 C 3pz         -0.00643  -0.00690   0.00201   0.00724
8 C 1s           0.00244  -0.00049  -0.00047  -0.00413
8 C 2s          -0.00563   0.00069   0.00112   0.00847
8 C 3s          -0.01331   0.01760   0.01257   0.02973
8 C 2px         -0.01013   0.00165   0.00308   0.01102
8 C 2py         -0.00597  -0.00212  -0.00331   0.00889
8 C 2pz          0.00189  -0.00146  -0.00306   0.00064
8 C 3px          0.00299   0.01494   0.01066   0.00851
8 C 3py         -0.00275   0.00992   0.00582   0.01620
8 C 3pz          0.00174  -0.00364  -0.00724  -0.00876
9 C 1s           0.00149  -0.00082  -0.00127  -0.00065
9 C 2s          -0.00364   0.00323   0.00434   0.00069
9 C 3s          -0.00788   0.00656   0.00537   0.00625
9 C 2px         -0.00803   0.00463   0.00861   0.00047
9 C 2py          0.00104  -0.00127  -0.00572   0.00290
9 C 2pz         -0.00410  -0.00035  -0.00431   0.00421
9 C 3px         -0.00943  -0.00791   0.00119  -0.00291
9 C 3py          0.00380  -0.00201  -0.00509   0.00287
9 C 3pz         -0.01111   0.00222  -0.00404  -0.00184
10 C 1s         -0.00039   0.00024   0.00032   0.00019
10 C 2s          0.00087  -0.00029  -0.00073  -0.00045
10 C 3s          0.00083  -0.00891  -0.00383  -0.00423
10 C 2px         0.00159  -0.00035  -0.00160  -0.00056
10 C 2py         0.00113  -0.00161  -0.00048  -0.00079
10 C 2pz         0.00085  -0.00108   0.00026  -0.00019
10 C 3px         0.00146  -0.00061  -0.00080   0.00279
10 C 3py        -0.00028  -0.00535  -0.00057  -0.00095
10 C 3pz         0.00428  -0.00055   0.00066   0.00384
11 C 1s          0.00051  -0.00020  -0.00022  -0.00048
11 C 2s         -0.00116   0.00009   0.00032   0.00093
11 C 3s          0.00114   0.00369   0.00151   0.00521
11 C 2px        -0.00161   0.00027   0.00024   0.00096
11 C 2py        -0.00045   0.00030   0.00093   0.00019
11 C 2pz        -0.00092   0.00068   0.00147  -0.00056
11 C 3px         0.00002   0.00189   0.00084   0.00310
11 C 3py         0.00030   0.00249   0.00143  -0.00120
11 C 3pz        -0.00139   0.00064   0.00181   0.00111
12 C 1s          0.00036   0.00001  -0.00003  -0.00038
12 C 2s         -0.00068  -0.00008  -0.00012   0.00089
12 C 3s         -0.00329  -0.00433  -0.00196  -0.00059
12 C 2px        -0.00120  -0.00060  -0.00087   0.00132
12 C 2py        -0.00096   0.00044   0.00126   0.00006
12 C 2pz        -0.00034   0.00065   0.00149  -0.00055
12 C 3px        -0.00187  -0.00205  -0.00149   0.00072
12 C 3py        -0.00035   0.00059   0.00093  -0.00243
12 C 3pz        -0.00192   0.00010   0.00191   0.00081
13 C 1s         -0.00028  -0.00015  -0.00012   0.00061
13 C 2s          0.00028  -0.00010   0.00005  -0.00119
13 C 3s          0.00672   0.00531   0.00188  -0.00514
13 C 2px         0.00161   0.00079   0.00070  -0.00356
13 C 2py         0.00038  -0.00056  -0.00063   0.00160
13 C 2pz         0.00160  -0.00089  -0.00063  -0.00296
13 C 3px         0.00244   0.00058  -0.00002  -0.01052
13 C 3py        -0.00018  -0.00507  -0.00408   0.00058
13 C 3pz         0.00451   0.00231   0.00165  -0.00434
14 H 1s         -0.00321  -0.00108  -0.00138  -0.00215
14 H 2s         -0.00328  -0.00110  -0.00394   0.00149
15 H 1s          0.00055   0.00066  -0.00163   0.00218
15 H 2s         -0.00255   0.00473   0.00808   0.00258
16 H 1s          0.00008  -0.00086   0.00055  -0.00221
16 H 2s          0.00164  -0.00187  -0.00324  -0.00000
17 H 1s          0.00024  -0.00051  -0.00109   0.00248
17 H 2s         -0.00032  -0.00039   0.00144  -0.00118
18 H 1s          0.00022  -0.00000   0.00101   0.00132
18 H 2s          0.00186  -0.00164  -0.00116   0.00501
19 H 1s          0.00012  -0.00057  -0.00116   0.00016
19 H 2s         -0.00255  -0.00072   0.00073   0.00238
20 H 1s          0.01100  -0.00310  -0.00376  -0.01286
20 H 2s          0.00433  -0.00656  -0.00220  -0.02841
21 H 1s         -0.00404   0.00302   0.00369  -0.00082
21 H 2s          0.01066   0.00140   0.00110   0.00715
22 H 1s          0.00103  -0.00029  -0.00043  -0.00064
22 H 2s         -0.00022  -0.00093  -0.00029  -0.00239
23 H 1s          0.00059  -0.00018  -0.00034  -0.00039
23 H 2s          0.00111   0.00041  -0.00012  -0.00108
24 H 1s          0.00049   0.00004   0.00007  -0.00095
24 H 2s          0.00004  -0.00005   0.00044  -0.00170
25 H 1s          0.00030   0.00017   0.00011   0.00026
25 H 2s          0.00184   0.00239   0.00239  -0.00388
Fragment 1 natural orbitals
Natural occ [1. 1.]
Natural orbital (expansion on AOs) in CAS space
               #1        #2       
0 C 1s           0.00017   0.00114
0 C 2s           0.00037   0.00586
0 C 3s           0.01462  -0.06598
0 C 2px         -0.14205   0.15294
0 C 2py         -0.30307   0.27319
0 C 2pz          0.22834  -0.25668
0 C 3px         -0.18208   0.11572
0 C 3py         -0.28819   0.26156
0 C 3pz          0.18678  -0.25434
1 C 1s          -0.01520  -0.01501
1 C 2s           0.03180   0.03191
1 C 3s           0.10225   0.10083
1 C 2px         -0.04684  -0.05132
1 C 2py          0.03978   0.02918
1 C 2pz          0.00224   0.00320
1 C 3px          0.00310  -0.06066
1 C 3py          0.08682   0.01870
1 C 3pz         -0.00400   0.07389
2 C 1s          -0.00201  -0.00664
2 C 2s           0.00324   0.01156
2 C 3s           0.01540   0.05226
2 C 2px          0.01573  -0.05403
2 C 2py          0.06028  -0.05700
2 C 2pz         -0.09414   0.06363
2 C 3px          0.02494  -0.03592
2 C 3py          0.06706  -0.06844
2 C 3pz         -0.08631   0.08226
3 C 1s           0.00038   0.00194
3 C 2s          -0.00093  -0.00383
3 C 3s          -0.00506  -0.02228
3 C 2px          0.00331   0.00987
3 C 2py         -0.00114   0.00081
3 C 2pz          0.00286  -0.00597
3 C 3px         -0.01136   0.00737
3 C 3py         -0.00270   0.00545
3 C 3pz          0.00367  -0.02126
4 C 1s          -0.00219  -0.00185
4 C 2s           0.00474   0.00372
4 C 3s           0.01077   0.01162
4 C 2px         -0.03320   0.02136
4 C 2py         -0.04324   0.04437
4 C 2pz          0.04616  -0.04577
4 C 3px         -0.03774   0.02049
4 C 3py         -0.05404   0.04598
4 C 3pz          0.04566  -0.05369
5 C 1s          -0.00124  -0.00206
5 C 2s           0.00251   0.00400
5 C 3s           0.00469   0.00087
5 C 2px         -0.00618  -0.00625
5 C 2py         -0.00220   0.00445
5 C 2pz          0.00414  -0.00046
5 C 3px         -0.00892  -0.00306
5 C 3py         -0.01381   0.00058
5 C 3pz          0.00150  -0.01002
6 C 1s           0.00054   0.00377
6 C 2s           0.00018  -0.00679
6 C 3s          -0.02076  -0.02872
6 C 2px          0.04347  -0.01789
6 C 2py          0.06622  -0.05815
6 C 2pz         -0.05903   0.07560
6 C 3px          0.06594  -0.00287
6 C 3py          0.06636  -0.06559
6 C 3pz         -0.05107   0.07413
7 C 1s          -0.00021   0.00104
7 C 2s          -0.00030   0.00607
7 C 3s          -0.01425  -0.06558
7 C 2px         -0.14229  -0.15281
7 C 2py          0.30366   0.27340
7 C 2pz          0.22788   0.25598
7 C 3px         -0.18226  -0.11572
7 C 3py          0.28870   0.26182
7 C 3pz          0.18636   0.25364
8 C 1s           0.01519  -0.01502
8 C 2s          -0.03180   0.03193
8 C 3s          -0.10185   0.10102
8 C 2px         -0.04689   0.05127
8 C 2py         -0.03978   0.02915
8 C 2pz          0.00234  -0.00313
8 C 3px          0.00282   0.06073
8 C 3py         -0.08699   0.01847
8 C 3pz         -0.00391  -0.07365
9 C 1s           0.00205  -0.00659
9 C 2s          -0.00331   0.01146
9 C 3s          -0.01585   0.05195
9 C 2px          0.01580   0.05399
9 C 2py         -0.06028  -0.05695
9 C 2pz         -0.09404  -0.06341
9 C 3px          0.02537   0.03578
9 C 3py         -0.06705  -0.06858
9 C 3pz         -0.08606  -0.08199
10 C 1s         -0.00039   0.00194
10 C 2s          0.00091  -0.00381
10 C 3s          0.00553  -0.02235
10 C 2px         0.00334  -0.00983
10 C 2py         0.00114   0.00082
10 C 2pz         0.00286   0.00595
10 C 3px        -0.01135  -0.00750
10 C 3py         0.00294   0.00539
10 C 3pz         0.00332   0.02113
11 C 1s          0.00218  -0.00186
11 C 2s         -0.00468   0.00376
11 C 3s         -0.01126   0.01152
11 C 2px        -0.03325  -0.02139
11 C 2py         0.04339   0.04446
11 C 2pz         0.04616   0.04572
11 C 3px        -0.03808  -0.02062
11 C 3py         0.05394   0.04607
11 C 3pz         0.04575   0.05360
12 C 1s          0.00124  -0.00205
12 C 2s         -0.00253   0.00399
12 C 3s         -0.00422   0.00087
12 C 2px        -0.00617   0.00624
12 C 2py         0.00223   0.00445
12 C 2pz         0.00412   0.00045
12 C 3px        -0.00866   0.00309
12 C 3py         0.01384   0.00066
12 C 3pz         0.00178   0.01012
13 C 1s         -0.00051   0.00378
13 C 2s         -0.00021  -0.00682
13 C 3s          0.02020  -0.02876
13 C 2px         0.04362   0.01805
13 C 2py        -0.06652  -0.05835
13 C 2pz        -0.05913  -0.07564
13 C 3px         0.06607   0.00308
13 C 3py        -0.06647  -0.06578
13 C 3pz        -0.05145  -0.07424
14 H 1s         -0.05542  -0.05468
14 H 2s         -0.08187  -0.07770
15 H 1s          0.00578   0.00811
15 H 2s          0.00935   0.00979
16 H 1s         -0.00523  -0.00190
16 H 2s         -0.00844  -0.00409
17 H 1s         -0.00208  -0.00181
17 H 2s         -0.00489  -0.00294
18 H 1s         -0.00228  -0.00384
18 H 2s         -0.00246  -0.00450
19 H 1s         -0.00013   0.00012
19 H 2s         -0.01401  -0.00204
20 H 1s          0.05534  -0.05483
20 H 2s          0.08183  -0.07796
21 H 1s         -0.00574   0.00815
21 H 2s         -0.00943   0.00977
22 H 1s          0.00526  -0.00187
22 H 2s          0.00862  -0.00402
23 H 1s          0.00206  -0.00182
23 H 2s          0.00475  -0.00297
24 H 1s          0.00231  -0.00382
24 H 2s          0.00261  -0.00440
25 H 1s          0.00014   0.00014
25 H 2s          0.01391  -0.00204
Fragment 2 natural orbitals
Natural occ [1.94664173 1.93785733 0.06279774 0.05270319]
Natural orbital (expansion on AOs) in CAS space
               #1        #2        #3        #4       
0 C 1s          -0.00111   0.00004   0.00033  -0.00087
0 C 2s           0.00243  -0.00025  -0.00015   0.00302
0 C 3s           0.00494   0.00730  -0.00814  -0.00449
0 C 2px         -0.00503   0.00147   0.00303  -0.00417
0 C 2py          0.00790   0.00312   0.00153  -0.00045
0 C 2pz          0.00541   0.00180  -0.00870   0.00154
0 C 3px         -0.00044   0.01996  -0.01239  -0.01028
0 C 3py          0.01108  -0.01046   0.01444  -0.00507
0 C 3pz          0.00648  -0.00684  -0.00210  -0.00732
1 C 1s           0.00244   0.00051  -0.00052  -0.00413
1 C 2s          -0.00563  -0.00076   0.00123   0.00848
1 C 3s          -0.01316  -0.01769   0.01282   0.02967
1 C 2px          0.01012   0.00177  -0.00321  -0.01102
1 C 2py         -0.00598   0.00205  -0.00321   0.00893
1 C 2pz         -0.00189  -0.00150   0.00307  -0.00067
1 C 3px         -0.00298   0.01510  -0.01096  -0.00829
1 C 3py         -0.00271  -0.01006   0.00616   0.01618
1 C 3pz         -0.00172  -0.00370   0.00743   0.00875
2 C 1s           0.00149   0.00084  -0.00128  -0.00064
2 C 2s          -0.00362  -0.00327   0.00435   0.00066
2 C 3s          -0.00792  -0.00682   0.00556   0.00616
2 C 2px          0.00804   0.00475  -0.00861  -0.00040
2 C 2py          0.00104   0.00129  -0.00569   0.00295
2 C 2pz          0.00411  -0.00031   0.00428  -0.00424
2 C 3px          0.00938  -0.00798  -0.00097   0.00280
2 C 3py          0.00382   0.00206  -0.00501   0.00298
2 C 3pz          0.01109   0.00229   0.00423   0.00182
3 C 1s          -0.00039  -0.00025   0.00032   0.00019
3 C 2s           0.00087   0.00030  -0.00073  -0.00045
3 C 3s           0.00093   0.00911  -0.00402  -0.00405
3 C 2px         -0.00160  -0.00038   0.00162   0.00054
3 C 2py          0.00112   0.00163  -0.00049  -0.00079
3 C 2pz         -0.00084  -0.00109  -0.00026   0.00019
3 C 3px         -0.00148  -0.00064   0.00074  -0.00284
3 C 3py         -0.00023   0.00546  -0.00066  -0.00087
3 C 3pz         -0.00421  -0.00052  -0.00084  -0.00378
4 C 1s           0.00051   0.00021  -0.00023  -0.00048
4 C 2s          -0.00116  -0.00010   0.00032   0.00093
4 C 3s           0.00105  -0.00383   0.00173   0.00510
4 C 2px          0.00161   0.00029  -0.00025  -0.00095
4 C 2py         -0.00044  -0.00030   0.00093   0.00018
4 C 2pz          0.00092   0.00070  -0.00146   0.00057
4 C 3px          0.00003   0.00196  -0.00096  -0.00304
4 C 3py          0.00027  -0.00256   0.00146  -0.00128
4 C 3pz          0.00137   0.00064  -0.00181  -0.00113
5 C 1s           0.00036  -0.00000  -0.00004  -0.00038
5 C 2s          -0.00069   0.00007  -0.00010   0.00089
5 C 3s          -0.00324   0.00443  -0.00210  -0.00045
5 C 2px          0.00121  -0.00059   0.00085  -0.00133
5 C 2py         -0.00096  -0.00045   0.00125   0.00006
5 C 2pz          0.00034   0.00066  -0.00147   0.00056
5 C 3px          0.00185  -0.00210   0.00156  -0.00080
5 C 3py         -0.00036  -0.00061   0.00088  -0.00245
5 C 3pz          0.00187   0.00007  -0.00185  -0.00085
6 C 1s          -0.00028   0.00015  -0.00011   0.00062
6 C 2s           0.00029   0.00011   0.00003  -0.00119
6 C 3s           0.00666  -0.00539   0.00199  -0.00532
6 C 2px         -0.00161   0.00078  -0.00065   0.00358
6 C 2py          0.00037   0.00056  -0.00059   0.00160
6 C 2pz         -0.00160  -0.00091   0.00065   0.00297
6 C 3px         -0.00242   0.00057   0.00016   0.01056
6 C 3py         -0.00019   0.00514  -0.00413   0.00067
6 C 3pz         -0.00447   0.00235  -0.00171   0.00444
7 C 1s          -0.00013  -0.00076   0.00087   0.00025
7 C 2s           0.00015   0.00052  -0.00042   0.00122
7 C 3s           0.00757   0.01443  -0.01917  -0.02349
7 C 2px          0.02070  -0.00268   0.00392  -0.03190
7 C 2py         -0.04309   0.00181  -0.00329   0.06092
7 C 2pz         -0.03365   0.00113  -0.00234   0.05295
7 C 3px          0.00747  -0.00013   0.00917  -0.04962
7 C 3py         -0.02663   0.00384  -0.01129   0.10396
7 C 3pz         -0.01527   0.01089  -0.01901   0.09155
8 C 1s           0.00082  -0.00050  -0.00025   0.00098
8 C 2s          -0.00248   0.00147   0.00070  -0.00472
8 C 3s           0.00269   0.00243  -0.01129   0.01184
8 C 2px          0.04758  -0.00480  -0.00770   0.05280
8 C 2py         -0.08924   0.01044   0.01719  -0.10230
8 C 2pz         -0.09721   0.01383   0.01612  -0.10886
8 C 3px          0.03492  -0.01032   0.00375   0.06755
8 C 3py         -0.09159   0.00422   0.03715  -0.11488
8 C 3pz         -0.08803  -0.00054   0.03257  -0.13844
9 C 1s           0.00037   0.00028  -0.00092  -0.00036
9 C 2s           0.00028  -0.00031   0.00015  -0.00105
9 C 3s          -0.01020   0.00091   0.01432   0.00523
9 C 2px          0.00453   0.08433  -0.10409  -0.00359
9 C 2py         -0.01095  -0.16392   0.19908   0.01721
9 C 2pz         -0.00999  -0.18438   0.22505   0.01300
9 C 3px          0.02096   0.07385  -0.12854   0.01183
9 C 3py         -0.02983  -0.13283   0.21411  -0.02067
9 C 3pz         -0.02500  -0.15380   0.23218  -0.02710
10 C 1s         -0.00160   0.00115   0.00150  -0.00175
10 C 2s          0.00314  -0.00275  -0.00326   0.00331
10 C 3s          0.01148   0.00298  -0.02309   0.01525
10 C 2px        -0.09012   0.10299   0.15088  -0.14523
10 C 2py         0.15886  -0.17973  -0.26906   0.24713
10 C 2pz         0.17045  -0.19492  -0.29169   0.26674
10 C 3px        -0.06508   0.08065   0.10537  -0.11261
10 C 3py         0.11745  -0.14211  -0.19615   0.19437
10 C 3pz         0.11858  -0.15618  -0.19447   0.19927
11 C 1s         -0.00191   0.00059  -0.00158   0.00227
11 C 2s          0.00481  -0.00117   0.00273  -0.00506
11 C 3s         -0.00334  -0.00744   0.02158  -0.02403
11 C 2px        -0.14383   0.00523  -0.00715   0.21713
11 C 2py         0.24337  -0.01205   0.01947  -0.36847
11 C 2pz         0.26070  -0.01421   0.02145  -0.39681
11 C 3px        -0.11084   0.00226   0.00514   0.15318
11 C 3py         0.17882  -0.01125   0.01766  -0.28345
11 C 3pz         0.19529  -0.01238   0.00738  -0.29433
12 C 1s          0.00115   0.00082   0.00103   0.00012
12 C 2s         -0.00303  -0.00240  -0.00246  -0.00177
12 C 3s          0.00292   0.00191  -0.02315   0.00372
12 C 2px        -0.10043  -0.10518  -0.15748  -0.15933
12 C 2py         0.16818   0.17809   0.26694   0.26713
12 C 2pz         0.17839   0.18840   0.28155   0.28712
12 C 3px        -0.06910  -0.07742  -0.11660  -0.11133
12 C 3py         0.11888   0.13930   0.18323   0.19541
12 C 3pz         0.13132   0.14868   0.18489   0.21939
13 C 1s         -0.00040   0.00075  -0.00101  -0.00007
13 C 2s          0.00127  -0.00064   0.00008   0.00132
13 C 3s         -0.00633  -0.01451   0.02941  -0.01216
13 C 2px        -0.00150  -0.11251   0.14199   0.00583
13 C 2py         0.00663   0.18728  -0.23867  -0.01170
13 C 2pz         0.00711   0.19839  -0.25306  -0.01076
13 C 3px         0.00615  -0.09581   0.14391   0.01848
13 C 3py        -0.00946   0.15888  -0.24629  -0.04504
13 C 3pz        -0.01907   0.16280  -0.24210  -0.04868
14 H 1s          0.01098   0.00323  -0.00391  -0.01284
14 H 2s          0.00428   0.00663  -0.00260  -0.02836
15 H 1s         -0.00404  -0.00309   0.00368  -0.00086
15 H 2s          0.01057  -0.00139   0.00142   0.00712
16 H 1s          0.00103   0.00031  -0.00045  -0.00064
16 H 2s         -0.00018   0.00098  -0.00039  -0.00235
17 H 1s          0.00059   0.00019  -0.00034  -0.00039
17 H 2s          0.00110  -0.00043  -0.00011  -0.00111
18 H 1s          0.00049  -0.00003   0.00006  -0.00095
18 H 2s          0.00006   0.00007   0.00038  -0.00169
19 H 1s          0.00030  -0.00016   0.00012   0.00025
19 H 2s          0.00183  -0.00241   0.00239  -0.00394
20 H 1s         -0.00322   0.00103  -0.00143  -0.00217
20 H 2s         -0.00330   0.00107  -0.00396   0.00149
21 H 1s          0.00062  -0.00065  -0.00178   0.00221
21 H 2s         -0.00235  -0.00469   0.00809   0.00242
22 H 1s          0.00005   0.00088   0.00037  -0.00205
22 H 2s          0.00161   0.00178  -0.00346   0.00038
23 H 1s          0.00027   0.00053  -0.00106   0.00255
23 H 2s         -0.00032   0.00047   0.00148  -0.00110
24 H 1s          0.00018  -0.00002   0.00116   0.00147
24 H 2s          0.00181   0.00168  -0.00108   0.00533
25 H 1s          0.00016   0.00060  -0.00111   0.00020
25 H 2s         -0.00243   0.00075   0.00089   0.00238
LASCI energy = -536.955833449761

******** CASCI flags ********
CAS (6e+4e, 10o), ncore = 43, nvir = 97
natorb = False
canonicalization = True
sorting_mo_energy = False
max_memory 4000 (MB)
******** <class 'pyscf.fci.addons.SpinPenaltyFCISolver'> ********
max. cycles = 200
conv_tol = 1e-08
davidson only = True
linear dependence = 1e-12
level shift = 0.001
max iter space = 12
max_memory 4000 MB
nroots = 1
pspace_size = 400
spin = None
Density matrix diagonal elements [1.93064066 1.92911274 0.07145769 0.06767866 1.00073243 1.00149148
 1.93057367 1.92921549 0.07135668 0.06774049]
CASCI converged
CASCI E = -536.969082042399  E(CI) = -11.0743434732047  S^2 = 2.0000000

******** CASCI flags ********
CAS (5e+5e, 10o), ncore = 43, nvir = 97
natorb = False
canonicalization = True
sorting_mo_energy = False
max_memory 4000 (MB)
******** <class 'mrh.exploratory.unitary_cc.lasuccsd.FCISolver_USCC'> ********
max. cycles = 100
conv_tol = 1e-10
davidson only = False
linear dependence = 1e-14
level shift = 0.001
max iter space = 12
max_memory 4000 MB
nroots = 1
pspace_size = 400
spin = None
LASCI object has 133 degrees of freedom
iteration 0, E = -536.964896, |x| = 1.175271e-01, |g| = 4.518296e-02
iteration 1, E = -536.967049, |x| = 1.870493e-01, |g| = 2.526330e-02
iteration 2, E = -536.967776, |x| = 2.203614e-01, |g| = 1.782027e-02
iteration 3, E = -536.968141, |x| = 2.438275e-01, |g| = 8.085539e-03
iteration 4, E = -536.968200, |x| = 2.460154e-01, |g| = 3.938987e-03
iteration 5, E = -536.968217, |x| = 2.454406e-01, |g| = 2.154636e-03
iteration 6, E = -536.968222, |x| = 2.454308e-01, |g| = 1.148182e-03
iteration 7, E = -536.968224, |x| = 2.458070e-01, |g| = 4.618057e-04
iteration 8, E = -536.968224, |x| = 2.460102e-01, |g| = 3.391355e-04
iteration 9, E = -536.968224, |x| = 2.461694e-01, |g| = 4.092647e-04
iteration 10, E = -536.968224, |x| = 2.463436e-01, |g| = 5.798552e-04
iteration 11, E = -536.968225, |x| = 2.465826e-01, |g| = 8.007562e-04
iteration 12, E = -536.968226, |x| = 2.470284e-01, |g| = 1.058618e-03
iteration 13, E = -536.968228, |x| = 2.481355e-01, |g| = 1.322966e-03
iteration 14, E = -536.968231, |x| = 2.514187e-01, |g| = 1.449584e-03
iteration 15, E = -536.968233, |x| = 2.546030e-01, |g| = 1.128438e-03
iteration 16, E = -536.968234, |x| = 2.567839e-01, |g| = 5.054237e-04
iteration 17, E = -536.968234, |x| = 2.565225e-01, |g| = 2.285093e-04
iteration 18, E = -536.968234, |x| = 2.560204e-01, |g| = 1.663294e-04
iteration 19, E = -536.968234, |x| = 2.558504e-01, |g| = 1.235180e-04
iteration 20, E = -536.968234, |x| = 2.559091e-01, |g| = 1.195674e-04
iteration 21, E = -536.968234, |x| = 2.561494e-01, |g| = 1.622809e-04
iteration 22, E = -536.968235, |x| = 2.565531e-01, |g| = 2.204335e-04
iteration 23, E = -536.968235, |x| = 2.570647e-01, |g| = 2.722358e-04
iteration 24, E = -536.968235, |x| = 2.576634e-01, |g| = 3.132672e-04
iteration 25, E = -536.968235, |x| = 2.583670e-01, |g| = 3.458276e-04
iteration 26, E = -536.968235, |x| = 2.589873e-01, |g| = 3.496267e-04
iteration 27, E = -536.968235, |x| = 2.592152e-01, |g| = 2.876548e-04
iteration 28, E = -536.968236, |x| = 2.591840e-01, |g| = 1.789928e-04
iteration 29, E = -536.968236, |x| = 2.591950e-01, |g| = 1.124892e-04
iteration 30, E = -536.968236, |x| = 2.593305e-01, |g| = 1.014566e-04
iteration 31, E = -536.968236, |x| = 2.595835e-01, |g| = 1.271401e-04
iteration 32, E = -536.968236, |x| = 2.599665e-01, |g| = 1.721190e-04
iteration 33, E = -536.968236, |x| = 2.604610e-01, |g| = 2.193265e-04
iteration 34, E = -536.968236, |x| = 2.610783e-01, |g| = 2.578122e-04
iteration 35, E = -536.968236, |x| = 2.618258e-01, |g| = 2.700846e-04
iteration 36, E = -536.968236, |x| = 2.621470e-01, |g| = 2.258963e-04
iteration 37, E = -536.968236, |x| = 2.620735e-01, |g| = 1.498117e-04
iteration 38, E = -536.968236, |x| = 2.619226e-01, |g| = 9.453237e-05
iteration 39, E = -536.968236, |x| = 2.619294e-01, |g| = 6.359936e-05
iteration 40, E = -536.968236, |x| = 2.620488e-01, |g| = 5.534680e-05
iteration 41, E = -536.968236, |x| = 2.622322e-01, |g| = 6.564686e-05
iteration 42, E = -536.968236, |x| = 2.624825e-01, |g| = 8.819847e-05
iteration 43, E = -536.968236, |x| = 2.627600e-01, |g| = 1.118904e-04
iteration 44, E = -536.968236, |x| = 2.630363e-01, |g| = 1.278767e-04
iteration 45, E = -536.968236, |x| = 2.632290e-01, |g| = 1.223211e-04
iteration 46, E = -536.968236, |x| = 2.631668e-01, |g| = 9.029163e-05
iteration 47, E = -536.968236, |x| = 2.630161e-01, |g| = 5.361277e-05
iteration 48, E = -536.968236, |x| = 2.629744e-01, |g| = 3.523419e-05
iteration 49, E = -536.968236, |x| = 2.630168e-01, |g| = 2.829073e-05
iteration 50, E = -536.968236, |x| = 2.631024e-01, |g| = 3.184449e-05
iteration 51, E = -536.968236, |x| = 2.632346e-01, |g| = 4.472992e-05
iteration 52, E = -536.968236, |x| = 2.633972e-01, |g| = 6.193384e-05
iteration 53, E = -536.968236, |x| = 2.635947e-01, |g| = 8.088179e-05
iteration 54, E = -536.968236, |x| = 2.638451e-01, |g| = 9.986044e-05
iteration 55, E = -536.968236, |x| = 2.641664e-01, |g| = 1.126604e-04
iteration 56, E = -536.968236, |x| = 2.644452e-01, |g| = 9.754131e-05
iteration 57, E = -536.968236, |x| = 2.643563e-01, |g| = 5.974384e-05
iteration 58, E = -536.968236, |x| = 2.641065e-01, |g| = 2.476617e-05
iteration 59, E = -536.968236, |x| = 2.640067e-01, |g| = 2.226974e-05
iteration 60, E = -536.968236, |x| = 2.639523e-01, |g| = 2.378911e-05
iteration 61, E = -536.968236, |x| = 2.639264e-01, |g| = 2.855644e-05
iteration 62, E = -536.968236, |x| = 2.639365e-01, |g| = 3.707952e-05
iteration 63, E = -536.968236, |x| = 2.640000e-01, |g| = 4.935775e-05
iteration 64, E = -536.968236, |x| = 2.641572e-01, |g| = 6.393415e-05
iteration 65, E = -536.968236, |x| = 2.644785e-01, |g| = 7.272219e-05
iteration 66, E = -536.968236, |x| = 2.646889e-01, |g| = 5.850117e-05
iteration 67, E = -536.968236, |x| = 2.648116e-01, |g| = 3.101042e-05
iteration 68, E = -536.968236, |x| = 2.647709e-01, |g| = 2.350049e-05
iteration 69, E = -536.968236, |x| = 2.647031e-01, |g| = 2.415410e-05
iteration 70, E = -536.968236, |x| = 2.646312e-01, |g| = 2.798290e-05
iteration 71, E = -536.968236, |x| = 2.645815e-01, |g| = 3.479797e-05
iteration 72, E = -536.968236, |x| = 2.645925e-01, |g| = 4.443108e-05
iteration 73, E = -536.968236, |x| = 2.647117e-01, |g| = 5.515771e-05
iteration 74, E = -536.968236, |x| = 2.649553e-01, |g| = 5.934852e-05
iteration 75, E = -536.968236, |x| = 2.652343e-01, |g| = 4.838518e-05
iteration 76, E = -536.968237, |x| = 2.653537e-01, |g| = 2.760953e-05
iteration 77, E = -536.968237, |x| = 2.653080e-01, |g| = 1.637485e-05
iteration 78, E = -536.968237, |x| = 2.652406e-01, |g| = 1.529556e-05
iteration 79, E = -536.968237, |x| = 2.651637e-01, |g| = 1.834721e-05
iteration 80, E = -536.968237, |x| = 2.650880e-01, |g| = 2.419991e-05
iteration 81, E = -536.968237, |x| = 2.650244e-01, |g| = 3.159770e-05
iteration 82, E = -536.968237, |x| = 2.649871e-01, |g| = 3.993849e-05
iteration 83, E = -536.968237, |x| = 2.650164e-01, |g| = 4.775739e-05
iteration 84, E = -536.968237, |x| = 2.652293e-01, |g| = 4.911451e-05
iteration 85, E = -536.968237, |x| = 2.655006e-01, |g| = 3.612756e-05
iteration 86, E = -536.968237, |x| = 2.657780e-01, |g| = 1.767561e-05
iteration 87, E = -536.968237, |x| = 2.658465e-01, |g| = 1.340138e-05
iteration 88, E = -536.968237, |x| = 2.658499e-01, |g| = 1.355311e-05
iteration 89, E = -536.968237, |x| = 2.658353e-01, |g| = 1.611503e-05
iteration 90, E = -536.968237, |x| = 2.658109e-01, |g| = 2.155667e-05
iteration 91, E = -536.968237, |x| = 2.657824e-01, |g| = 2.985372e-05
iteration 92, E = -536.968237, |x| = 2.657584e-01, |g| = 4.098420e-05
iteration 93, E = -536.968237, |x| = 2.657621e-01, |g| = 5.424994e-05
iteration 94, E = -536.968237, |x| = 2.658557e-01, |g| = 6.579610e-05
iteration 95, E = -536.968237, |x| = 2.660932e-01, |g| = 6.175221e-05
iteration 96, E = -536.968237, |x| = 2.663947e-01, |g| = 3.946441e-05
iteration 97, E = -536.968237, |x| = 2.665977e-01, |g| = 1.763569e-05
iteration 98, E = -536.968237, |x| = 2.666318e-01, |g| = 1.374180e-05
iteration 99, E = -536.968237, |x| = 2.666296e-01, |g| = 1.338765e-05
iteration 100, E = -536.968237, |x| = 2.666216e-01, |g| = 1.483491e-05
iteration 101, E = -536.968237, |x| = 2.666147e-01, |g| = 1.966111e-05
iteration 102, E = -536.968237, |x| = 2.666162e-01, |g| = 2.763296e-05
iteration 103, E = -536.968237, |x| = 2.666393e-01, |g| = 3.713979e-05
iteration 104, E = -536.968237, |x| = 2.667137e-01, |g| = 4.448918e-05
iteration 105, E = -536.968237, |x| = 2.668527e-01, |g| = 3.998074e-05
iteration 106, E = -536.968237, |x| = 2.669850e-01, |g| = 2.339743e-05
iteration 107, E = -536.968237, |x| = 2.670460e-01, |g| = 1.079469e-05
iteration 108, E = -536.968237, |x| = 2.670519e-01, |g| = 9.712462e-06
iteration 109, E = -536.968237, |x| = 2.670532e-01, |g| = 1.068023e-05
iteration 110, E = -536.968237, |x| = 2.670591e-01, |g| = 1.263392e-05
iteration 111, E = -536.968237, |x| = 2.670736e-01, |g| = 1.553839e-05
iteration 112, E = -536.968237, |x| = 2.671030e-01, |g| = 1.947518e-05
iteration 113, E = -536.968237, |x| = 2.671593e-01, |g| = 2.433684e-05
iteration 114, E = -536.968237, |x| = 2.672675e-01, |g| = 2.884735e-05
iteration 115, E = -536.968237, |x| = 2.674078e-01, |g| = 2.705060e-05
iteration 116, E = -536.968237, |x| = 2.674892e-01, |g| = 1.849338e-05
iteration 117, E = -536.968237, |x| = 2.675154e-01, |g| = 1.038181e-05
iteration 118, E = -536.968237, |x| = 2.675027e-01, |g| = 9.386393e-06
iteration 119, E = -536.968237, |x| = 2.674884e-01, |g| = 1.003435e-05
iteration 120, E = -536.968237, |x| = 2.674790e-01, |g| = 1.213226e-05
iteration 121, E = -536.968237, |x| = 2.674800e-01, |g| = 1.569743e-05
iteration 122, E = -536.968237, |x| = 2.675006e-01, |g| = 2.066031e-05
iteration 123, E = -536.968237, |x| = 2.675624e-01, |g| = 2.640844e-05
iteration 124, E = -536.968237, |x| = 2.677159e-01, |g| = 2.958591e-05
iteration 125, E = -536.968237, |x| = 2.678308e-01, |g| = 2.283194e-05
iteration 126, E = -536.968237, |x| = 2.679260e-01, |g| = 1.045297e-05
iteration 127, E = -536.968237, |x| = 2.679318e-01, |g| = 7.558115e-06
iteration 128, E = -536.968237, |x| = 2.679214e-01, |g| = 8.071637e-06
iteration 129, E = -536.968237, |x| = 2.679073e-01, |g| = 9.946634e-06
iteration 130, E = -536.968237, |x| = 2.678956e-01, |g| = 1.274309e-05
iteration 131, E = -536.968237, |x| = 2.678910e-01, |g| = 1.626106e-05
iteration 132, E = -536.968237, |x| = 2.679027e-01, |g| = 2.037719e-05
iteration 133, E = -536.968237, |x| = 2.679534e-01, |g| = 2.439952e-05
iteration 134, E = -536.968237, |x| = 2.681008e-01, |g| = 2.524990e-05
iteration 135, E = -536.968237, |x| = 2.682392e-01, |g| = 1.861227e-05
iteration 136, E = -536.968237, |x| = 2.683648e-01, |g| = 7.815473e-06
iteration 137, E = -536.968237, |x| = 2.683817e-01, |g| = 4.705073e-06
iteration 138, E = -536.968237, |x| = 2.683749e-01, |g| = 4.175574e-06
iteration 139, E = -536.968237, |x| = 2.683672e-01, |g| = 4.064257e-06
iteration 140, E = -536.968237, |x| = 2.683613e-01, |g| = 4.870776e-06
iteration 141, E = -536.968237, |x| = 2.683597e-01, |g| = 6.959895e-06
iteration 142, E = -536.968237, |x| = 2.683669e-01, |g| = 9.873076e-06
iteration 143, E = -536.968237, |x| = 2.683896e-01, |g| = 1.230950e-05
iteration 144, E = -536.968237, |x| = 2.684231e-01, |g| = 1.154311e-05
iteration 145, E = -536.968237, |x| = 2.684590e-01, |g| = 6.986865e-06
iteration 146, E = -536.968237, |x| = 2.684697e-01, |g| = 3.157246e-06
Fragment 0 local quantum numbers
<N>,<Sz>,<S^2> = 3.998992, -0.000000, 0.019410
Fragment 1 local quantum numbers
<N>,<Sz>,<S^2> = 2.001975, 0.000008, 1.948784
Fragment 2 local quantum numbers
<N>,<Sz>,<S^2> = 3.999033, -0.000008, 0.019208
Whole system quantum numbers
<N>,<Sz>,<S^2> = 10.000000, -0.000000, 2.000262
Density matrix diagonal elements [1.93223146 1.92767745 0.07296807 0.06611501 1.00063211 1.00134262
 1.93221906 1.9276416  0.07300491 0.0661677 ]
CASCI converged
CASCI E = -536.968236600540  E(CI) = -11.0734980313460  S^2 = 2.0002619
