#INFO: **** input file is /project/lgagliardi/tuy/qchem/las-uscc-noci/working/polyene/c10_631g.py ****
# test the distribution of the nearest neighbor excitations

import numpy as np
import pyscf
from pyscf import gto, scf, lib, mcscf
from mrh.my_pyscf.mcscf.lasscf_o0 import LASSCF
from mrh.exploratory.unitary_cc import lasuccsd
from mrh.exploratory.unitary_cc.uccsd_sym0 import get_uccsd_op
from mrh.exploratory.citools import grad, lasci_ominus1
from mrh.exploratory.citools import fockspace


from typing import Iterable, Union
from typing import Dict, List, Any, TypedDict
import copy
import pickle
from enum import Enum
from scipy.linalg import eigh
from scipy import optimize
import sys

VERBOSE = 0
result = {}
if len(sys.argv) > 1:
    try:
        AMPLITUDE = float(sys.argv[1])
        print(f"Using AMPLITUDE argument: {AMPLITUDE}")
    except ValueError:
        print("Invalid AMPLITUDE argument, using default value 1.")
        AMPLITUDE = 1
else:
    AMPLITUDE = 1

def flatten(seq: Iterable) -> list:
    result = []
    for item in seq:
        if isinstance(item, (list, tuple, np.ndarray)):
            result.extend(flatten(item))
        else:
            result.append(item)
    return result


def cilas2f(lasci, norb_f, nelec_f):
    ''' nelec (na, nb)'''
    ci_f = []
    for i, ci in enumerate(lasci):
        ci_f.append(fockspace.hilbert2fock(ci, norb_f[i], nelec_f[i])[0])
    return ci_f

class MolConfig(TypedDict):
    # basic
    name : str
    xyz: str
    basis: str
    ncas: List[int]
    nelecas: List[int]
    spinsub: List[int]
    frag_atom_list: Any  # Can be List or Tuple depending on usage
    frag_spin_orb: Any
    adj: List[List[int]]

class TestConfig(TypedDict):
    epsilon: float
    # nearest neighbor parameters
    factor: None
    nn: bool
    # non-orthogonal configuration interaction parameters
    init_method: str # 'random' or 'uscc_opt' or 'load x'
    # max_nx: int  # max number of excitations per configuration
    # min_nc: int
    # test choices
    grad_test: bool
    noci_test: bool  
    frozen: str

def get_Sij(psi_i, psi_j, h):
    """Compute the overlap Sij = <psi_i|psi_j>."""
    ucj, _ = psi_j.hc_x(psi_j.x, h)[1:3]
    uci, _ = psi_i.hc_x(psi_i.x, h)[1:3]
    ucj, uci = ucj.ravel(), uci.ravel()
    Sij = uci.conj().dot(ucj)
    return Sij


def get_Sij_Hij(psi_i, psi_j, h):
    ucj, hucj = psi_j.hc_x (psi_j.x, h)[1:3]
    uci, huci = psi_i.hc_x (psi_i.x, h)[1:3]
    ucj, hucj = ucj.ravel (), hucj.ravel ()
    uci = uci.ravel ()
    Sij = uci.conj ().dot (ucj)
    Hij = uci.conj ().dot (hucj)
    return Sij, Hij


def arr_split(arr, n):
    """Split an array into n nearly equal parts."""
    k, m = divmod(len(arr), n)
    return list(arr[i * k + min(i, m):(i + 1) * k + min(i + 1, m)] for i in range(n))

def print_matrix(mat):
    for row in mat:
        print("  ".join(f"{x:.17f}" for x in row))

def zip_excitations(a_idxs, i_idxs):
    excitations = []
    for a, i in zip(a_idxs, i_idxs):
        excitations.append((tuple(i), tuple(a[::-1])))
    return excitations

def print_excitations(a_idxs, i_idxs):
    excitations = zip_excitations(a_idxs, i_idxs)
    for excitation in excitations:
        print([[int(x) for x in flatten(excitation)]])


def nci_test(a_idxs_selected, i_idxs_selected, test_config, mol_config, mol,las, mc_uscc, mf):

    nc = len(a_idxs_selected) + 1
    # we create ci for each excitation
    if VERBOSE >= 1:
        print("Number of CIs: ", nc)

    h1eff,e_core= mc_uscc.get_h1eff(mc_uscc.mo_coeff)
    h2eff = mc_uscc.get_h2eff()

    las_ucc_trial_cis = []
    
    min_ci_eng = 99999.9
    amps = []
    for i in range(nc):
        if( i == nc -1):
            amplitude = 0 # the last one is the reference state
        else:
            amplitude = AMPLITUDE # we should try different amplitudes

        mc_uscc_ci = mcscf.CASCI(mf, sum(mol_config['ncas']), sum(mol_config['nelecas']))
        mc_uscc_ci.mo_coeff = las.mo_coeff
        mc_uscc_ci.fcisolver = lasuccsd.FCISolver_USCC(mol, a_idxs_selected, i_idxs_selected)
        mc_uscc_ci.fcisolver.norb_f = mol_config['ncas']
        fci = mc_uscc_ci.fcisolver
        las_ci0_f = cilas2f(las.ci, mol_config['ncas'], mol_config['nelecas'])

        norb = sum(mol_config['ncas']) # not sure about this
        nelec = sum(mol_config['nelecas']) # not sure about this
        norb_f = getattr (fci, 'norb_f', [norb])
        psi =  getattr (fci, 'psi', fci.build_psi (las_ci0_f, norb, norb_f, nelec, frozen=test_config['frozen']))
        
        if i < nc - 1:
            psi.x[psi.nconstr + i] = amplitude
            amps.append(amplitude)

        energy = psi.energy_tot(psi.x, [e_core, h1eff, h2eff])
        if energy < min_ci_eng:
            min_ci_eng = energy

        las_ucc_trial_cis.append(psi)
        
    result['amps'] = amps
    S = np.zeros((nc, nc), dtype=np.complex128)
    H = np.zeros((nc, nc), dtype=np.complex128)
    h = [e_core, h1eff, h2eff]


    # Build S matrix incrementally, discarding linearly dependent CIs
    selected_indices = []
    S_inc = np.zeros((0, 0), dtype=np.complex128)
    threshold = 1e5  # You can adjust this threshold as needed

    for idx, psi in enumerate(las_ucc_trial_cis):
        # Build S matrix for current selection + this CI
        n_sel = len(selected_indices)
        S_new = np.zeros((n_sel + 1, n_sel + 1), dtype=np.complex128)
        # Fill previous block
        if n_sel > 0:
            S_new[:n_sel, :n_sel] = S_inc
            for j, jidx in enumerate(selected_indices):
                S_new[n_sel, j] = get_Sij(psi, las_ucc_trial_cis[jidx], h)
                S_new[j, n_sel] = get_Sij(las_ucc_trial_cis[jidx], psi, h)
        # Diagonal element
        S_new[n_sel, n_sel] = get_Sij(psi, psi, h)
        # Check condition number
        cond = np.linalg.cond(S_new)
        if cond < threshold:
            selected_indices.append(idx)
            S_inc = S_new
        else:
            if VERBOSE >= 1:
                print(f"Discarding CI {idx} due to linear dependence (cond={cond:.2e})")

    # Now, only keep selected CIs for S and H
    nc_sel = len(selected_indices)
    S = np.zeros((nc_sel, nc_sel), dtype=np.complex128)
    H = np.zeros((nc_sel, nc_sel), dtype=np.complex128)
    for i, idx_i in enumerate(selected_indices):
        for j, idx_j in enumerate(selected_indices):
            S[i, j], H[i, j] = get_Sij_Hij(las_ucc_trial_cis[idx_i], las_ucc_trial_cis[idx_j], h)

    if VERBOSE >= 0:
        print(f"Selected {nc_sel} CIs out of {nc} total CIs")
        print("Condition number of S matrix: ", np.linalg.cond(S))

    if VERBOSE >= 1:
        print("S matrix:")
        print_matrix(S)
        print("H matrix:")
        print_matrix(H)

    # print("min_ci_eng: ", min_ci_eng)
    eigvals, eigvecs = eigh(H, S)
    return eigvals[0], eigvecs[0], min_ci_eng   # Take the lowest eigenvalue as the energy



def test(mol_config, test_config, las, mol, mf):


    eps = test_config['epsilon']
    # if test_config['factor'] is not None: # if there is factor then use factor to select epsilon
    #     all_g_, g_sel_, a_idxs_all_, i_idxs_all_ = grad.get_grad_exact(las, 0)
    #     sortg = np.sort(abs(all_g_))
    #     n = len(all_g_)
    #     thre_idx = int(np.floor(test_config['factor'] * n))
    #     eps= sortg[-thre_idx]
    if test_config['factor'] is not None: # if there is factor then use factor to select epsilon
        g, gs, all_gen_indices_a, all_gen_indices_i = grad.get_grad_exact(las, epsilon=0.0)
        sortg = np.sort(abs(g))
        n = len(g)
        eps = sortg[ int(np.floor((test_config['factor'] *n)))]

    all_g, g_sel, a_idxs_selected_all, i_idxs_selected_all = grad.get_grad_exact(las, eps)

    # if test_config['grad_test']:
    #     result['all_g'] = all_g
    result['all_g'] = all_g
    result['g_sel'] = g_sel

    a_idxs_selected_nn = []
    i_idxs_selected_nn = []
    
    nn_g = []
    if(test_config['nn']):
        nn_g, a_idxs_selected_nn, i_idxs_selected_nn = get_nn_excitations(a_idxs_selected_all, i_idxs_selected_all, all_g, mol_config)
        if test_config['grad_test']:
            result['nn_g'] = nn_g

    result['tot_excitation_count'] = len(a_idxs_selected_all)
    result['excitation_count_nn'] = len(a_idxs_selected_nn)

    #Computing energy through the LAS-UCC kernel using selected excitations
    #==========================================================================================
    
    a_idxs_selected = None
    i_idxs_selected = None

    if test_config['nn']:
        a_idxs_selected = a_idxs_selected_nn
        i_idxs_selected = i_idxs_selected_nn
    else:
        a_idxs_selected = a_idxs_selected_all
        i_idxs_selected = i_idxs_selected_all
    
    if VERBOSE >= 2:
        print("All selected excitations:")
        print_excitations(a_idxs_selected, i_idxs_selected)

    mc_uscc = mcscf.CASCI(mf, sum(mol_config['ncas']), sum(mol_config['nelecas']))
    mc_uscc.mo_coeff = las.mo_coeff
    mc_uscc.fcisolver = lasuccsd.FCISolver_USCC(mol, a_idxs_selected, i_idxs_selected)
    mc_uscc.fcisolver.norb_f = mol_config['ncas'] # number of orbitals in each fragment
    # easily hit the maximal memory limit
    mc_uscc.fcisolver.frozen = test_config['frozen'] if 'frozen' in test_config else None  
    mc_uscc.kernel(ci0 = cilas2f(las.ci, mol_config['ncas'], mol_config['nelecas']))
    if not mc_uscc.converged:
        print('Warning: kernel hasn\'t converged')
    
    if VERBOSE >= 1:
        print("MC-USCC amplitudes: ", mc_uscc.fcisolver.psi.x)

    result['las_uscc_eng'] =  mc_uscc.e_tot 
   
    if test_config['noci_test']:
        result['las_uscc_noci_eng'], result['las_uscc_noci_vec'], result['min_ci_eng'] = nci_test(a_idxs_selected, i_idxs_selected, test_config, mol_config, mol,las, mc_uscc, mf)
    
    return result
   



def batch_test(mol_config, test_configs):
    results = []

    # Initializing the molecule with RHF
    #===================================
    symmetry = None
    charge = None
    spin = None
    if 'symmetry' in mol_config:
        symmetry = mol_config['symmetry']
    if 'charge' in mol_config:
        charge = mol_config['charge']
    if 'spin' in mol_config:
        spin = mol_config['spin']

    mol = gto.M(atom=mol_config['xyz'], basis=mol_config['basis'], symmetry = symmetry,
        charge = charge, spin = spin, verbose=4, output=mol_config['output'])
    if 'HF' in mol_config and mol_config['HF'] == 'ROHF':
        mf = scf.ROHF(mol).run()
    else:
        mf = scf.RHF(mol).run()

    # Running LASSCF
    #===================================
    las = LASSCF(mf, mol_config['ncas'], mol_config['nelecas'], spin_sub=mol_config['spinsub'], ouput=None)
    mo_loc = las.localize_init_guess(mol_config['frag_atom_list'], mf.mo_coeff)
    las.kernel(mo_loc)
    
    ref = mcscf.CASCI(mf, sum(mol_config['ncas']), sum(mol_config['nelecas']))
    ref.mo_coeff = las.mo_coeff
    ref.kernel() 

    for test_config in test_configs:
        
        result = test(mol_config, test_config, las, mol, mf)
        results.append(result)
    
    return results, ref.e_tot, las.e_tot



def empty_adj(n):
    return [[0 for _ in range(n)] for _ in range(n)]

def circle_adj(n):
    return [[1 if abs(i - j) == 1 or abs(i - j) == n-1 else 0 for j in range(n)] for i in range(n)]


if __name__ == "__main__":


    data_dir = '../geom'

    with open(data_dir + '/h4.xyz', 'r', encoding='utf-8') as f:
        h4xyz = f.read()

    with open(data_dir + '/h6.xyz', 'r', encoding='utf-8') as f:
        h6xyz = f.read()

    with open(data_dir + '/h8.xyz', 'r', encoding='utf-8') as f:
        h8xyz = f.read()

    with open(data_dir + '/h10.xyz', 'r', encoding='utf-8') as f:
        h10xyz = f.read()


    with open(data_dir + '/c4.xyz', 'r', encoding='utf-8') as f:
        c4xyz = f.read()

    with open(data_dir + '/c6.xyz', 'r', encoding='utf-8') as f:
        c6xyz = f.read()

    with open(data_dir + '/c8.xyz', 'r', encoding='utf-8') as f:
        c8xyz = f.read()

    with open(data_dir + '/c10.xyz', 'r', encoding='utf-8') as f:
        c10xyz = f.read()

    with open(data_dir + '/stil-001.xyz', 'r', encoding='utf-8') as f:
        stil001xyz = f.read()

    with open(data_dir + '/stil-60.xyz', 'r', encoding='utf-8') as f:
        stil60xyz = f.read()

    with open(data_dir + '/stil-90.xyz', 'r', encoding='utf-8') as f:
        stil90xyz = f.read()

    with open(data_dir + '/stil-120.xyz', 'r', encoding='utf-8') as f:
        stil120xyz = f.read()

    with open(data_dir + '/stil-180.xyz', 'r', encoding='utf-8') as f:
        stil180xyz = f.read()       


    # with open(data_dir + '/kremer/kremer-geometry.xyz', 'r', encoding='utf-8') as f:
    #     kremer_xyz = f.read()

    # kremer_basis = {
    #     "Cr": "def2-tzvp",
    #     "O": "def2-svp",
    #     "N": "def2-svp",
    #     "C": "def2-svp",
    #     "H": "def2-svp",
    # }

    # kremer_def2 : MolConfig = {
    #     'name' : 'kremer_def2',
    #     'HF' : 'ROHF',
    #     'xyz' : kremer_xyz,
    #     'basis' : kremer_basis,
    #     'symmetry' : False,
    #     'charge' : 3,
    #     'spin' : 6,
    #     'ncas': [3,3],
    #     'nelecas': [[3,0],[0,3]],
    #     'spinsub': [4,4],
    #     'frag_atom_list': [[0],[1]]
    # }

    h4_sto3g : MolConfig = {
        'name': 'H4_STO3G',
        'xyz': h4xyz,
        'basis': 'sto-3g',
        'ncas': [2, 2],
        'nelecas': [2, 2],
        'spinsub': [1, 1],
        'frag_atom_list': ((0, 1), (2, 3)),
        'output': 'h4_sto3g.out',
    }


    stil_631g_001 : MolConfig = {
        'name': 'STIL_631G_001',
        'xyz': stil001xyz,
        'basis': '631g',
        'ncas': [4,2,4],
        'nelecas': [4,2,4],
        'spinsub': [1, 1, 1],
        'frag_atom_list': [ [1,2,3,4,5,6,15,16,17,18,19] , [0,7, 14,20] , [8,9,10,11,12,13, 21,22,23,24,25] ],
        'frag_spin_orb': {
            0: (0, 1, 2, 3,10,11,12,13),
            1: (4,5,14,15),
            2: (6,7,8,9,16,17,18,19)
        },
        'adj': empty_adj(3),
        'output' : 'stil_631g_001.out',
    }

    stil_631g_60 : MolConfig = {
        'name': 'STIL_631G_60',
        'xyz': stil60xyz,
        'basis': '631g',
        'ncas': [4,2,4],
        'nelecas': [4,2,4],
        'spinsub': [1, 1, 1],
        'frag_atom_list': [ [1,2,3,4,5,6,15,16,17,18,19] , [0,7, 14,20] , [8,9,10,11,12,13, 21,22,23,24,25] ],
        'frag_spin_orb': {
            0: (0, 1, 2, 3,10,11,12,13),
            1: (4,5,14,15),
            2: (6,7,8,9,16,17,18,19)
        },
        'adj': empty_adj(3),
        'output' : 'stil_631g_60.out',
    }

    stil_631g_90 : MolConfig = {
        'name': 'STIL_631G_90',
        'xyz': stil90xyz,
        'basis': '631g',
        'ncas': [4,2,4],
        'nelecas': [4,2,4],
        'spinsub': [1, 1, 1],
        'frag_atom_list': [ [1,2,3,4,5,6,15,16,17,18,19] , [0,7, 14,20] , [8,9,10,11,12,13, 21,22,23,24,25] ],
        'frag_spin_orb': {
            0: (0, 1, 2, 3,10,11,12,13),
            1: (4,5,14,15),
            2: (6,7,8,9,16,17,18,19)
        },
        'adj': empty_adj(3),
        'output' : 'stil_631g_90.out',
    }

    stil_631g_120 : MolConfig = {
        'name': 'STIL_631G_120',
        'xyz': stil120xyz,
        'basis': '631g',
        'ncas': [4,2,4],
        'nelecas': [4,2,4],
        'spinsub': [1, 1, 1],
        'frag_atom_list': [ [1,2,3,4,5,6,15,16,17,18,19] , [0,7, 14,20] , [8,9,10,11,12,13, 21,22,23,24,25] ],
        'frag_spin_orb': {
            0: (0, 1, 2, 3,10,11,12,13),
            1: (4,5,14,15),
            2: (6,7,8,9,16,17,18,19)
        },
        'adj': empty_adj(3),
        'output' : 'stil_631g_120.out',
    }


    stil_631g_180 : MolConfig = {
        'name': 'STIL_631G_180',
        'xyz': stil180xyz,
        'basis': '631g',
        'ncas': [4,2,4],
        'nelecas': [4,2,4],
        'spinsub': [1, 1, 1],
        'frag_atom_list': [ [1,2,3,4,5,6,15,16,17,18,19] , [0,7, 14,20] , [8,9,10,11,12,13, 21,22,23,24,25] ],
        'frag_spin_orb': {
            0: (0, 1, 2, 3,10,11,12,13),
            1: (4,5,14,15),
            2: (6,7,8,9,16,17,18,19)
        },
        'adj': empty_adj(3),
        'output' : 'stil_631g_180.out',
    }

    # This c4 is too small, and I observed numericall error, that H and S have all identical
    # entries however the NOCI energy is lower 
    c4_631g : MolConfig = {
        'name': 'C4_631G',
        'xyz': c4xyz,
        'basis': '631g',
        'ncas': [2,2],
        'nelecas': [2,2],
        'spinsub': [1,1],
        'frag_atom_list':  [[0,2], [3,1]],
        'frag_spin_orb': {
            0: (0,1,4,5),
            1: (2,3,6,7),
        },
        'adj': circle_adj(2), # not sure about this
        'output': 'c4_631g.out',
    }

    c6_631g : MolConfig = {
        'name': 'C6_631G',
        'xyz': c6xyz,
        'basis': '631g',
        'ncas': [2,2,2],
        'nelecas': [2,2,2],
        'spinsub': [1,1,1],
        'frag_atom_list': [[0,2], [10,11], [3,1]], # not sure about this
        'frag_spin_orb': {
            0: (0,1,6,7),
            1: (2,3,8,9),
            2: (4,5,10,11),
        },
        'adj': circle_adj(3),
        'output': 'c6_631g.out',
    }


    c8_631g : MolConfig = {
        'name': 'C8_631G',
        'xyz': c8xyz,
        'basis': '631g',
        'ncas': [2,2,2,2],
        'nelecas': [2,2,2,2],
        'spinsub': [1,1,1,1],
        'frag_atom_list': [[0,2], [10,12], [13,11], [3,1]], 
        'frag_spin_orb': {
            0: (0,1,8,9),
            1: (2,3,10,11),
            2: (4,5,12,13),
            3: (6,7,14,15),
        },
        'adj': circle_adj(3),
        'output': 'c8_631g.out',
    }


    c10_631g : MolConfig = {
        'name': 'C10_631G',
        'xyz': c10xyz,
        'basis': '631g',
        'ncas': [2,2,2,2,2],
        'nelecas': [2,2,2,2,2],
        'spinsub': [1,1,1,1,1],
        'frag_atom_list': [[0,2], [10,12], [18,19], [13,11], [3,1]],
        'frag_spin_orb': {
            0: (0,1,10,11),
            1: (2,3,12,13),
            2: (4,5,14,15),
            3: (6,7,16,17),
            4: (8,9,18,19)
        },
        'adj': circle_adj(5),
        'output': 'c10_631g.out',
    }

    mol_configs = [c10_631g]
    # mol_configs = [h4_sto3g]



    nosi_test_01 : TestConfig = {
        'epsilon': 0.01,
        'factor': None,
        'nn': False,
        'init_method': 'uscc_opt',
        'frozen': 'CI',
        'grad_test': False,
        'noci_test': True
    }
        
    # noci_test_001 = copy.deepcopy(noci_test_01)
    # noci_test_001['epsilon'] = 0.001

    # noci_test_0001 = copy.deepcopy(noci_test_01)
    # noci_test_0001['epsilon'] = 0.0001

    # all_g, g_sel, a_idxs_selected_all, i_idxs_selected_all = grad.get_grad_exact(las, 0)
    # sortg = np.sort(abs(g))
    # n = len(g)
    # eps = np.zeros(15)
    factors = np.arange(0.01, 0.16, 0.01)

    # x = np.array([int(np.floor(f * n)) for f in factors])

    # for i in range(10):
    #     eps[i] = sortg[-x[i]]

    # print ("Epsilons = ", eps)


    nosi_tests = []

    for i in range(6):
        nosi_test = copy.deepcopy(nosi_test_01)
        nosi_test['factor'] = factors[i]
        nosi_tests.append(nosi_test)

    for mol_conf in mol_configs:
        print(f"Molecule {mol_conf['name']}: ")
        mol_results, ref_energy, las_energy = batch_test(mol_conf, nosi_tests)
        
        print(f"CASCI energy: {ref_energy:.17f}")
        print(f"LASSCF energy: {las_energy:.17f}")
        for result in mol_results:
            print(f"Total excitations: {len(result['all_g'])}")
            print(f"Selected excitations: {len(result['g_sel'])}")
            
            # print(f"NN excitations: {result['excitation_count_nn']}")

            if 'las_uscc_eng' in result:
                print(f"LAS-USCCSD-VQE energy: {result['las_uscc_eng']:.17f}")
            if 'las_uscc_noci_eng' in result:
                print(f"LAS-USCCSD-NOSI energy: {result['las_uscc_noci_eng']:.17f}")
            # if 'tot_g' in result:
            #     print(f"Total gradient norm: {np.linalg.norm(result['tot_g']):.17f}")
            # if 'nn_g' in result:
            #     print(f"NN gradient norm: {np.linalg.norm(result['nn_g']):.17f}")
            if 'las_uscc_noci_vec' in result:
                print("NOSI vector: ", result['las_uscc_noci_vec'])
            if 'min_ci_eng' in result:
                print(f"Minimum State energy: {result['min_ci_eng']:.17f}")
            if 'amps' in result:
                print("Amplitudes:\n", result['amps'])
            print("\n")
        
        print("\n\n")
#INFO: ******************** input file end ********************


System: uname_result(system='Linux', node='midway3-0562.rcc.local', release='4.18.0-305.3.1.el8.x86_64', version='#1 SMP Tue Jun 1 16:14:33 UTC 2021', machine='x86_64')  Threads 16
Python 3.9.19 | packaged by conda-forge | (main, Mar 20 2024, 12:50:21) 
[GCC 12.3.0]
numpy 2.0.2  scipy 1.13.1  h5py 3.14.0
Date: Sun Nov  9 11:16:33 2025
PySCF version 2.9.0
PySCF path  /home/tuy/repo/.venv/lib/python3.9/site-packages/pyscf
mrh path  /home/tuy/repo/mrh
GIT ORIG_HEAD b98c29c0816fd226852111a125e579215dc0ac5e
GIT HEAD (branch master) b49e04f5f5ffc1c27967a615ccab8ecdf1806538

[CONFIG] conf_file None
[INPUT] verbose = 4
[INPUT] num. atoms = 22
[INPUT] num. electrons = 72
[INPUT] charge = 0
[INPUT] spin (= nelec alpha-beta = 2S) = 0
[INPUT] symmetry False subgroup None
[INPUT] Mole.unit = angstrom
[INPUT] Symbol           X                Y                Z      unit          X                Y                Z       unit  Magmom
[INPUT]  1 C     -5.544122000000   0.214299000000   0.000000000000 AA  -10.476872181176   0.404966418768   0.000000000000 Bohr   0.0
[INPUT]  2 C      5.544122000000  -0.214299000000   0.000000000000 AA   10.476872181176  -0.404966418768   0.000000000000 Bohr   0.0
[INPUT]  3 C     -4.350171000000  -0.402736000000   0.000000000000 AA   -8.220631785025  -0.761060740503   0.000000000000 Bohr   0.0
[INPUT]  4 C      4.350171000000   0.402736000000   0.000000000000 AA    8.220631785025   0.761060740503   0.000000000000 Bohr   0.0
[INPUT]  5 H     -5.622764000000   1.298325000000   0.000000000000 AA  -10.625484023064   2.453478670676   0.000000000000 Bohr   0.0
[INPUT]  6 H      5.622764000000  -1.298325000000   0.000000000000 AA   10.625484023064  -2.453478670676   0.000000000000 Bohr   0.0
[INPUT]  7 H     -6.474236000000  -0.343751000000   0.000000000000 AA  -12.234532905800  -0.649595245045   0.000000000000 Bohr   0.0
[INPUT]  8 H      6.474236000000   0.343751000000   0.000000000000 AA   12.234532905800   0.649595245045   0.000000000000 Bohr   0.0
[INPUT]  9 H     -4.316850000000  -1.492261000000   0.000000000000 AA   -8.157664220829  -2.819964596370   0.000000000000 Bohr   0.0
[INPUT] 10 H      4.316850000000   1.492261000000   0.000000000000 AA    8.157664220829   2.819964596370   0.000000000000 Bohr   0.0
[INPUT] 11 C     -3.074155000000   0.278469000000   0.000000000000 AA   -5.809311014462   0.526230144182   0.000000000000 Bohr   0.0
[INPUT] 12 C      3.074155000000  -0.278469000000   0.000000000000 AA    5.809311014462  -0.526230144182   0.000000000000 Bohr   0.0
[INPUT] 13 C     -1.872943000000  -0.352359000000   0.000000000000 AA   -3.539349316921  -0.665862007526   0.000000000000 Bohr   0.0
[INPUT] 14 C      1.872943000000   0.352359000000   0.000000000000 AA    3.539349316921   0.665862007526   0.000000000000 Bohr   0.0
[INPUT] 15 H     -3.097453000000   1.368452000000   0.000000000000 AA   -5.853337853712   2.585999494613   0.000000000000 Bohr   0.0
[INPUT] 16 H      3.097453000000  -1.368452000000   0.000000000000 AA    5.853337853712  -2.585999494613   0.000000000000 Bohr   0.0
[INPUT] 17 H     -1.855664000000  -1.442745000000   0.000000000000 AA   -3.506696739215  -2.726392917586   0.000000000000 Bohr   0.0
[INPUT] 18 H      1.855664000000   1.442745000000   0.000000000000 AA    3.506696739215   2.726392917586   0.000000000000 Bohr   0.0
[INPUT] 19 C     -0.600949000000   0.317418000000   0.000000000000 AA   -1.135629024831   0.599833087007   0.000000000000 Bohr   0.0
[INPUT] 20 C      0.600949000000  -0.317418000000   0.000000000000 AA    1.135629024831  -0.599833087007   0.000000000000 Bohr   0.0
[INPUT] 21 H     -0.616498000000   1.407635000000   0.000000000000 AA   -1.165012376342   2.660044633352   0.000000000000 Bohr   0.0
[INPUT] 22 H      0.616498000000  -1.407635000000   0.000000000000 AA    1.165012376342  -2.660044633352   0.000000000000 Bohr   0.0

nuclear repulsion = 411.103100229036
number of shells = 74
number of NR pGTOs = 268
number of NR cGTOs = 114
basis = 631g
ecp = {}
CPU time:         3.60


******** <class 'pyscf.scf.hf.RHF'> ********
method = RHF
initial guess = minao
damping factor = 0
level_shift factor = 0
DIIS = <class 'pyscf.scf.diis.CDIIS'>
diis_start_cycle = 1
diis_space = 8
diis_damp = 0
SCF conv_tol = 1e-09
SCF conv_tol_grad = None
SCF max_cycles = 50
direct_scf = True
direct_scf_tol = 1e-13
chkfile to save SCF result = /scratch/local/jobs/39935256/tmpa6oc0zxd
max_memory 4000 MB (current use 93 MB)
Set gradient conv threshold to 3.16228e-05
Initial guess from minao.
init E= -387.829702742159
  HOMO = -0.160862373508302  LUMO = -0.0384970359743786
cycle= 1 E= -385.345011210729  delta_E= 2.48  |g|= 0.458  |ddm|= 4.24
  HOMO = -0.260822384077548  LUMO = 0.0251357770384046
cycle= 2 E= -385.435366464295  delta_E= -0.0904  |g|= 0.129  |ddm|= 0.888
  HOMO = -0.240819959439494  LUMO = 0.0627007383306876
cycle= 3 E= -385.443212749001  delta_E= -0.00785  |g|= 0.0469  |ddm|= 0.288
  HOMO = -0.251968688317827  LUMO = 0.0572377900925109
cycle= 4 E= -385.444107656489  delta_E= -0.000895  |g|= 0.0113  |ddm|= 0.0781
  HOMO = -0.25369846127458  LUMO = 0.058164950135502
cycle= 5 E= -385.444204078587  delta_E= -9.64e-05  |g|= 0.0042  |ddm|= 0.0209
  HOMO = -0.25416345164708  LUMO = 0.0595166671800222
cycle= 6 E= -385.444225580818  delta_E= -2.15e-05  |g|= 0.000912  |ddm|= 0.0124
  HOMO = -0.254480270693483  LUMO = 0.0597502050855712
cycle= 7 E= -385.444226840655  delta_E= -1.26e-06  |g|= 0.000228  |ddm|= 0.00353
  HOMO = -0.25450865875754  LUMO = 0.0597524470493799
cycle= 8 E= -385.444226860013  delta_E= -1.94e-08  |g|= 6.74e-05  |ddm|= 0.000367
  HOMO = -0.254517096101349  LUMO = 0.0597523417540608
cycle= 9 E= -385.444226862269  delta_E= -2.26e-09  |g|= 1.71e-05  |ddm|= 0.000156
  HOMO = -0.254519923550372  LUMO = 0.0597508236420753
cycle= 10 E= -385.444226862443  delta_E= -1.74e-10  |g|= 8.06e-06  |ddm|= 4.28e-05
  HOMO = -0.254520576415063  LUMO = 0.0597501651068671
Extra cycle  E= -385.444226862472  delta_E= -2.9e-11  |g|= 3.27e-06  |ddm|= 1.54e-05
converged SCF energy = -385.444226862472

******** LASSCF flags ********
CAS (5e+5e, 10o), ncore = 31, nvir = 73
Divided into 5 LAS spaces
LAS 0 : (1e+1e, 2o)
LAS 1 : (1e+1e, 2o)
LAS 2 : (1e+1e, 2o)
LAS 3 : (1e+1e, 2o)
LAS 4 : (1e+1e, 2o)
nroots = 1
max_cycle_macro = 50
max_cycle_micro = 5
conv_tol_grad = 0.0001
max_memory 4000 MB (current use 298 MB)
fragment 0 FCI solver flags:
******** <class 'mrh.my_pyscf.mcscf.addons.get_h1e_zipped_fcisolver.<locals>.FCISolver'> ********
max. cycles = 100
conv_tol = 1e-10
davidson only = False
linear dependence = 1e-14
level shift = 0.001
max iter space = 12
max_memory 4000 MB
nroots = 1
pspace_size = 200
spin = 0
State-average over 1 states with weights [1.0]
fragment 1 FCI solver flags:
******** <class 'mrh.my_pyscf.mcscf.addons.get_h1e_zipped_fcisolver.<locals>.FCISolver'> ********
max. cycles = 100
conv_tol = 1e-10
davidson only = False
linear dependence = 1e-14
level shift = 0.001
max iter space = 12
max_memory 4000 MB
nroots = 1
pspace_size = 200
spin = 0
State-average over 1 states with weights [1.0]
fragment 2 FCI solver flags:
******** <class 'mrh.my_pyscf.mcscf.addons.get_h1e_zipped_fcisolver.<locals>.FCISolver'> ********
max. cycles = 100
conv_tol = 1e-10
davidson only = False
linear dependence = 1e-14
level shift = 0.001
max iter space = 12
max_memory 4000 MB
nroots = 1
pspace_size = 200
spin = 0
State-average over 1 states with weights [1.0]
fragment 3 FCI solver flags:
******** <class 'mrh.my_pyscf.mcscf.addons.get_h1e_zipped_fcisolver.<locals>.FCISolver'> ********
max. cycles = 100
conv_tol = 1e-10
davidson only = False
linear dependence = 1e-14
level shift = 0.001
max iter space = 12
max_memory 4000 MB
nroots = 1
pspace_size = 200
spin = 0
State-average over 1 states with weights [1.0]
fragment 4 FCI solver flags:
******** <class 'mrh.my_pyscf.mcscf.addons.get_h1e_zipped_fcisolver.<locals>.FCISolver'> ********
max. cycles = 100
conv_tol = 1e-10
davidson only = False
linear dependence = 1e-14
level shift = 0.001
max iter space = 12
max_memory 4000 MB
nroots = 1
pspace_size = 200
spin = 0
State-average over 1 states with weights [1.0]
LASCI subspace 0 with no orbsym information
LASCI subspace 1 with no orbsym information
LASCI subspace 2 with no orbsym information
LASCI subspace 3 with no orbsym information
LASCI subspace 4 with no orbsym information
LASCI subspace CI energies: [np.float64(-1.215369022442595), np.float64(-1.2172923108632314), np.float64(-1.213299382024134), np.float64(-1.217295706906844), np.float64(-1.215365048419771)]
LASCI macro 0 : E = -385.395744436297 ; |g_int| = 0.387214519828753 ; |g_ci| = 0.000667674015264362 ; |g_x| = 0
LASCI micro 1 : |x_orb| = 0.358633292701997 ; |x_ci| = 0.0458681384979482
LASCI micro 2 : |x_orb| = 0.445910231670772 ; |x_ci| = 0.0457668374766577
LASCI micro 3 : |x_orb| = 0.453982365014454 ; |x_ci| = 0.0473111152733914
LASCI micro 4 : |x_orb| = 0.454163250668071 ; |x_ci| = 0.0476470460876801
LASCI micro 5 : |x_orb| = 0.453670123641724 ; |x_ci| = 0.0505999395447774
LASCI subspace 0 with no orbsym information
LASCI subspace 1 with no orbsym information
LASCI subspace 2 with no orbsym information
LASCI subspace 3 with no orbsym information
LASCI subspace 4 with no orbsym information
LASCI subspace CI energies: [np.float64(-1.2245377082164484), np.float64(-1.2412704818694604), np.float64(-1.2387858068033202), np.float64(-1.2412695679748547), np.float64(-1.2245376171481919)]
LASCI macro 1 : E = -385.512815433997 ; |g_int| = 0.193364398809584 ; |g_ci| = 0.000194130864698127 ; |g_x| = 0
LASCI micro 1 : |x_orb| = 0.391920116041166 ; |x_ci| = 0.0272903728178185
LASCI micro 2 : |x_orb| = 0.44674601460467 ; |x_ci| = 0.0154152358514209
LASCI micro 3 : |x_orb| = 0.443602697421269 ; |x_ci| = 0.0188275304007324
LASCI micro 4 : |x_orb| = 0.445436458644094 ; |x_ci| = 0.0171087365618459
LASCI micro 5 : |x_orb| = 0.444389129403827 ; |x_ci| = 0.0173193553984783
LASCI subspace 0 with no orbsym information
LASCI subspace 1 with no orbsym information
LASCI subspace 2 with no orbsym information
LASCI subspace 3 with no orbsym information
LASCI subspace 4 with no orbsym information
LASCI subspace CI energies: [np.float64(-1.2276163877926938), np.float64(-1.2427569182804565), np.float64(-1.2405035369768944), np.float64(-1.2427567939557034), np.float64(-1.227616106069156)]
LASCI macro 2 : E = -385.549896714658 ; |g_int| = 0.0954086125360884 ; |g_ci| = 0.000181086529750179 ; |g_x| = 0
LASCI micro 1 : |x_orb| = 0.31119398530173 ; |x_ci| = 0.0122297062711328
LASCI micro 2 : |x_orb| = 0.411245164243695 ; |x_ci| = 0.0214010017481245
LASCI micro 3 : |x_orb| = 0.408349838761352 ; |x_ci| = 0.0239398520938812
LASCI micro 4 : |x_orb| = 0.40853571372219 ; |x_ci| = 0.0212146325989389
LASCI micro 5 : |x_orb| = 0.408537787645145 ; |x_ci| = 0.0212149698765786
LASCI subspace 0 with no orbsym information
LASCI subspace 1 with no orbsym information
LASCI subspace 2 with no orbsym information
LASCI subspace 3 with no orbsym information
LASCI subspace 4 with no orbsym information
LASCI subspace CI energies: [np.float64(-1.2308551801799914), np.float64(-1.2410594291938422), np.float64(-1.2393792453152588), np.float64(-1.2410593608851228), np.float64(-1.2308550833237595)]
LASCI macro 3 : E = -385.565543619095 ; |g_int| = 0.0465403410626585 ; |g_ci| = 0.000102254813411392 ; |g_x| = 0
LASCI micro 1 : |x_orb| = 0.156101818404227 ; |x_ci| = 0.00717548491649771
LASCI micro 2 : |x_orb| = 0.176845599655355 ; |x_ci| = 0.00401964545424033
LASCI micro 3 : |x_orb| = 0.17134358148911 ; |x_ci| = 0.00512956927156487
LASCI micro 4 : |x_orb| = 0.171689547128374 ; |x_ci| = 0.00484944123550936
LASCI micro 5 : |x_orb| = 0.170046551269107 ; |x_ci| = 0.00532945721557497
LASCI subspace 0 with no orbsym information
LASCI subspace 1 with no orbsym information
LASCI subspace 2 with no orbsym information
LASCI subspace 3 with no orbsym information
LASCI subspace 4 with no orbsym information
LASCI subspace CI energies: [np.float64(-1.2311750746721462), np.float64(-1.2394183158298917), np.float64(-1.2376477749132273), np.float64(-1.239418265147242), np.float64(-1.231174996102629)]
LASCI macro 4 : E = -385.568938391254 ; |g_int| = 0.0234578323547774 ; |g_ci| = 5.48824919731175e-05 ; |g_x| = 0
LASCI micro 1 : |x_orb| = 0.0724494111139431 ; |x_ci| = 0.00305971554001424
LASCI micro 2 : |x_orb| = 0.0921039465874945 ; |x_ci| = 0.00350878992493777
LASCI micro 3 : |x_orb| = 0.0901949654803944 ; |x_ci| = 0.00397287236732506
LASCI micro 4 : |x_orb| = 0.0890738101398405 ; |x_ci| = 0.00380093136575829
LASCI micro 5 : |x_orb| = 0.0882234982023643 ; |x_ci| = 0.00396918871270893
LASCI subspace 0 with no orbsym information
LASCI subspace 1 with no orbsym information
LASCI subspace 2 with no orbsym information
LASCI subspace 3 with no orbsym information
LASCI subspace 4 with no orbsym information
LASCI subspace CI energies: [np.float64(-1.2310119135523276), np.float64(-1.238338508698405), np.float64(-1.2364169936801668), np.float64(-1.2383384595321028), np.float64(-1.231011840867248)]
LASCI macro 5 : E = -385.569830737172 ; |g_int| = 0.0119415744817227 ; |g_ci| = 4.16905790991518e-05 ; |g_x| = 0
LASCI micro 1 : |x_orb| = 0.0360860019730057 ; |x_ci| = 0.00111346324466815
LASCI micro 2 : |x_orb| = 0.0484363733223285 ; |x_ci| = 0.00228720675264311
LASCI micro 3 : |x_orb| = 0.0477764066683267 ; |x_ci| = 0.00242719810295798
LASCI micro 4 : |x_orb| = 0.0466165471012163 ; |x_ci| = 0.00242453594911297
LASCI micro 5 : |x_orb| = 0.0463976045446625 ; |x_ci| = 0.00247902839901855
LASCI subspace 0 with no orbsym information
LASCI subspace 1 with no orbsym information
LASCI subspace 2 with no orbsym information
LASCI subspace 3 with no orbsym information
LASCI subspace 4 with no orbsym information
LASCI subspace CI energies: [np.float64(-1.2308285532461536), np.float64(-1.2376678948476079), np.float64(-1.2356287914338457), np.float64(-1.2376678558566656), np.float64(-1.2308284878402187)]
LASCI macro 6 : E = -385.570069991919 ; |g_int| = 0.00611995007349158 ; |g_ci| = 2.42894884144452e-05 ; |g_x| = 0
LASCI micro 1 : |x_orb| = 0.0183235695116048 ; |x_ci| = 0.000425961159647988
LASCI micro 2 : |x_orb| = 0.0253261695130531 ; |x_ci| = 0.00134002214993325
LASCI micro 3 : |x_orb| = 0.0250784156966637 ; |x_ci| = 0.00138257333421613
LASCI micro 4 : |x_orb| = 0.0241726020288248 ; |x_ci| = 0.00141142234852422
LASCI micro 5 : |x_orb| = 0.0241790070908292 ; |x_ci| = 0.00140903705311912
LASCI subspace 0 with no orbsym information
LASCI subspace 1 with no orbsym information
LASCI subspace 2 with no orbsym information
LASCI subspace 3 with no orbsym information
LASCI subspace 4 with no orbsym information
LASCI subspace CI energies: [np.float64(-1.2306958927719558), np.float64(-1.2372844233040463), np.float64(-1.2351815923006007), np.float64(-1.2372843953206483), np.float64(-1.2306958455601498)]
LASCI macro 7 : E = -385.570134279363 ; |g_int| = 0.00315906428891637 ; |g_ci| = 1.18221204520462e-05 ; |g_x| = 0
LASCI micro 1 : |x_orb| = 0.00937280456146815 ; |x_ci| = 0.000175390424546919
LASCI micro 2 : |x_orb| = 0.0131801478765488 ; |x_ci| = 0.000748006643547042
LASCI micro 3 : |x_orb| = 0.0130806026802051 ; |x_ci| = 0.000761990480822055
LASCI micro 4 : |x_orb| = 0.0124581344732559 ; |x_ci| = 0.000785145957996856
LASCI micro 5 : |x_orb| = 0.0124829686577317 ; |x_ci| = 0.000768434607631008
LASCI subspace 0 with no orbsym information
LASCI subspace 1 with no orbsym information
LASCI subspace 2 with no orbsym information
LASCI subspace 3 with no orbsym information
LASCI subspace 4 with no orbsym information
LASCI subspace CI energies: [np.float64(-1.230610779210496), np.float64(-1.2370749733195683), np.float64(-1.2349394953992996), np.float64(-1.2370749560939904), np.float64(-1.2306107494644978)]
LASCI macro 8 : E = -385.570151583371 ; |g_int| = 0.00164435542289411 ; |g_ci| = 4.98804423192408e-06 ; |g_x| = 0
LASCI micro 1 : |x_orb| = 0.00483030106433939 ; |x_ci| = 7.54196639805316e-05
LASCI micro 2 : |x_orb| = 0.00685826894419297 ; |x_ci| = 0.000407405490212182
LASCI micro 3 : |x_orb| = 0.00681343075638112 ; |x_ci| = 0.000412648325265624
LASCI micro 4 : |x_orb| = 0.00642880226597287 ; |x_ci| = 0.000426281217844375
LASCI micro 5 : |x_orb| = 0.0064374564763831 ; |x_ci| = 0.000413257089142166
LASCI subspace 0 with no orbsym information
LASCI subspace 1 with no orbsym information
LASCI subspace 2 with no orbsym information
LASCI subspace 3 with no orbsym information
LASCI subspace 4 with no orbsym information
LASCI subspace CI energies: [np.float64(-1.2305534358738357), np.float64(-1.2369607822192805), np.float64(-1.2348100704820661), np.float64(-1.2369607718900522), np.float64(-1.2305534182933322)]
LASCI macro 9 : E = -385.570156268922 ; |g_int| = 0.000863838756562223 ; |g_ci| = 2.07945666803819e-06 ; |g_x| = 0
LASCI micro 1 : |x_orb| = 0.00250739688908115 ; |x_ci| = 3.24073057392437e-05
LASCI micro 2 : |x_orb| = 0.00357727245870232 ; |x_ci| = 0.000219371914946839
LASCI micro 3 : |x_orb| = 0.00355531836648504 ; |x_ci| = 0.00022154169715543
LASCI micro 4 : |x_orb| = 0.00333318565497169 ; |x_ci| = 0.000229206708170424
LASCI subspace 0 with no orbsym information
LASCI subspace 1 with no orbsym information
LASCI subspace 2 with no orbsym information
LASCI subspace 3 with no orbsym information
LASCI subspace 4 with no orbsym information
LASCI subspace CI energies: [np.float64(-1.2305138549745873), np.float64(-1.2369005598038072), np.float64(-1.2347455346869805), np.float64(-1.236900550525754), np.float64(-1.2305138393247335)]
LASCI macro 10 : E = -385.570157548512 ; |g_int| = 0.000456644893834531 ; |g_ci| = 2.0681996492756e-06 ; |g_x| = 0
LASCI micro 1 : |x_orb| = 0.00130611041404255 ; |x_ci| = 1.37106407043321e-05
LASCI micro 2 : |x_orb| = 0.00186923950553218 ; |x_ci| = 0.00011841610597452
LASCI subspace 0 with no orbsym information
LASCI subspace 1 with no orbsym information
LASCI subspace 2 with no orbsym information
LASCI subspace 3 with no orbsym information
LASCI subspace 4 with no orbsym information
LASCI subspace CI energies: [np.float64(-1.230490994768669), np.float64(-1.236864538308873), np.float64(-1.2347072941039758), np.float64(-1.236864531830983), np.float64(-1.2304909836340276)]
LASCI macro 11 : E = -385.570157901573 ; |g_int| = 0.000246221381357914 ; |g_ci| = 9.67897782164849e-07 ; |g_x| = 0
LASCI micro 1 : |x_orb| = 0.000635413916001092 ; |x_ci| = 1.39243746103703e-05
LASCI micro 2 : |x_orb| = 0.000923182472248334 ; |x_ci| = 6.3864689749457e-05
LASCI subspace 0 with no orbsym information
LASCI subspace 1 with no orbsym information
LASCI subspace 2 with no orbsym information
LASCI subspace 3 with no orbsym information
LASCI subspace 4 with no orbsym information
LASCI subspace CI energies: [np.float64(-1.230477549142826), np.float64(-1.2368438769303391), np.float64(-1.2346858050704366), np.float64(-1.2368438720710957), np.float64(-1.2304775407185313)]
LASCI macro 12 : E = -385.570157998263 ; |g_int| = 0.0001347875824662 ; |g_ci| = 6.06228458744072e-07 ; |g_x| = 0
LASCI subspace 0 with no orbsym information
LASCI subspace 1 with no orbsym information
LASCI subspace 2 with no orbsym information
LASCI subspace 3 with no orbsym information
LASCI subspace 4 with no orbsym information
LASCI subspace CI energies: [np.float64(-1.2304741311697769), np.float64(-1.2368374119816297), np.float64(-1.2346789406353875), np.float64(-1.2368374090675975), np.float64(-1.230474126253033)]
LASCI macro 13 : E = -385.570158015649 ; |g_int| = 9.70453710782205e-05 ; |g_ci| = 2.73394446854214e-07 ; |g_x| = 0
LASCI converged after 14 cycles
LASCI E = -385.570158015649 ; |g_int| = 9.70453710782205e-05 ; |g_ci| = 2.73394446854214e-07 ; |g_ext| = 0
Fragment 0 natural orbitals
Natural occ [1.91802952 0.08197048]
Natural orbital (expansion on AOs) in CAS space
               #1        #2       
0 C 1s          -0.00000  -0.00000
0 C 2s           0.00000   0.00000
0 C 3s           0.00000   0.00000
0 C 2px          0.00000   0.00000
0 C 2py          0.00000  -0.00000
0 C 2pz         -0.38937  -0.56475
0 C 3px         -0.00000   0.00000
0 C 3py         -0.00000   0.00000
0 C 3pz         -0.30288  -0.39220
1 C 1s          -0.00000   0.00000
1 C 2s          -0.00000   0.00000
1 C 3s           0.00000  -0.00000
1 C 2px         -0.00000   0.00000
1 C 2py          0.00000  -0.00000
1 C 2pz         -0.00343   0.00326
1 C 3px         -0.00000   0.00000
1 C 3py         -0.00000   0.00000
1 C 3pz         -0.00447   0.00387
2 C 1s          -0.00000   0.00000
2 C 2s           0.00000   0.00000
2 C 3s          -0.00000  -0.00000
2 C 2px         -0.00000   0.00000
2 C 2py          0.00000  -0.00000
2 C 2pz         -0.39244   0.59235
2 C 3px          0.00000  -0.00000
2 C 3py          0.00000  -0.00000
2 C 3pz         -0.29133   0.43650
3 C 1s           0.00000   0.00000
3 C 2s           0.00000   0.00000
3 C 3s          -0.00000  -0.00000
3 C 2px          0.00000   0.00000
3 C 2py         -0.00000  -0.00000
3 C 2pz          0.00087   0.00224
3 C 3px         -0.00000   0.00000
3 C 3py          0.00000  -0.00000
3 C 3pz          0.00039   0.00237
4 H 1s           0.00000  -0.00000
4 H 2s           0.00000  -0.00000
5 H 1s          -0.00000   0.00000
5 H 2s          -0.00000   0.00000
6 H 1s          -0.00000  -0.00000
6 H 2s          -0.00000   0.00000
7 H 1s          -0.00000   0.00000
7 H 2s           0.00000  -0.00000
8 H 1s           0.00000   0.00000
8 H 2s           0.00000  -0.00000
9 H 1s          -0.00000   0.00000
9 H 2s          -0.00000   0.00000
10 C 1s          0.00000  -0.00000
10 C 2s          0.00000   0.00000
10 C 3s         -0.00000   0.00000
10 C 2px        -0.00000  -0.00000
10 C 2py         0.00000  -0.00000
10 C 2pz        -0.03548  -0.08126
10 C 3px        -0.00000  -0.00000
10 C 3py        -0.00000  -0.00000
10 C 3pz         0.01700  -0.16725
11 C 1s          0.00000  -0.00000
11 C 2s          0.00000   0.00000
11 C 3s         -0.00000  -0.00000
11 C 2px        -0.00000   0.00000
11 C 2py        -0.00000  -0.00000
11 C 2pz         0.00812  -0.00807
11 C 3px         0.00000   0.00000
11 C 3py        -0.00000   0.00000
11 C 3pz         0.00985  -0.00923
12 C 1s         -0.00000   0.00000
12 C 2s         -0.00000   0.00000
12 C 3s          0.00000  -0.00000
12 C 2px         0.00000   0.00000
12 C 2py        -0.00000   0.00000
12 C 2pz         0.05755  -0.05230
12 C 3px        -0.00000   0.00000
12 C 3py         0.00000  -0.00000
12 C 3pz         0.06665  -0.03514
13 C 1s         -0.00000  -0.00000
13 C 2s         -0.00000  -0.00000
13 C 3s          0.00000   0.00000
13 C 2px        -0.00000   0.00000
13 C 2py         0.00000   0.00000
13 C 2pz        -0.00234  -0.00566
13 C 3px        -0.00000  -0.00000
13 C 3py        -0.00000  -0.00000
13 C 3pz        -0.00055  -0.00638
14 H 1s          0.00000  -0.00000
14 H 2s          0.00000  -0.00000
15 H 1s          0.00000   0.00000
15 H 2s          0.00000   0.00000
16 H 1s          0.00000   0.00000
16 H 2s          0.00000  -0.00000
17 H 1s          0.00000   0.00000
17 H 2s          0.00000   0.00000
18 C 1s         -0.00000  -0.00000
18 C 2s         -0.00000  -0.00000
18 C 3s          0.00000   0.00000
18 C 2px        -0.00000  -0.00000
18 C 2py         0.00000  -0.00000
18 C 2pz         0.00750   0.01779
18 C 3px         0.00000  -0.00000
18 C 3py        -0.00000   0.00000
18 C 3pz         0.00023   0.02005
19 C 1s          0.00000   0.00000
19 C 2s          0.00000   0.00000
19 C 3s         -0.00000  -0.00000
19 C 2px         0.00000  -0.00000
19 C 2py         0.00000   0.00000
19 C 2pz        -0.01958   0.01873
19 C 3px         0.00000  -0.00000
19 C 3py        -0.00000  -0.00000
19 C 3pz        -0.02369   0.01994
20 H 1s         -0.00000  -0.00000
20 H 2s         -0.00000  -0.00000
21 H 1s         -0.00000  -0.00000
21 H 2s         -0.00000  -0.00000
Fragment 1 natural orbitals
Natural occ [1.93158242 0.06841758]
Natural orbital (expansion on AOs) in CAS space
               #1        #2       
0 C 1s          -0.00000   0.00000
0 C 2s           0.00000   0.00000
0 C 3s          -0.00000  -0.00000
0 C 2px          0.00000  -0.00000
0 C 2py         -0.00000   0.00000
0 C 2pz         -0.05331  -0.03975
0 C 3px          0.00000  -0.00000
0 C 3py          0.00000  -0.00000
0 C 3pz         -0.06807  -0.01487
1 C 1s          -0.00000  -0.00000
1 C 2s          -0.00000  -0.00000
1 C 3s           0.00000   0.00000
1 C 2px          0.00000  -0.00000
1 C 2py         -0.00000   0.00000
1 C 2pz         -0.00768   0.00654
1 C 3px          0.00000  -0.00000
1 C 3py          0.00000  -0.00000
1 C 3pz         -0.01022   0.00750
2 C 1s           0.00000  -0.00000
2 C 2s           0.00000  -0.00000
2 C 3s           0.00000   0.00000
2 C 2px          0.00000  -0.00000
2 C 2py         -0.00000  -0.00000
2 C 2pz          0.04112  -0.08600
2 C 3px         -0.00000  -0.00000
2 C 3py         -0.00000   0.00000
2 C 3pz         -0.01002  -0.17386
3 C 1s           0.00000   0.00000
3 C 2s           0.00000   0.00000
3 C 3s          -0.00000  -0.00000
3 C 2px          0.00000   0.00000
3 C 2py         -0.00000  -0.00000
3 C 2pz          0.00261   0.00554
3 C 3px          0.00000   0.00000
3 C 3py          0.00000   0.00000
3 C 3pz          0.00122   0.00582
4 H 1s          -0.00000   0.00000
4 H 2s          -0.00000   0.00000
5 H 1s           0.00000  -0.00000
5 H 2s          -0.00000  -0.00000
6 H 1s           0.00000   0.00000
6 H 2s           0.00000  -0.00000
7 H 1s           0.00000   0.00000
7 H 2s          -0.00000  -0.00000
8 H 1s           0.00000   0.00000
8 H 2s          -0.00000   0.00000
9 H 1s           0.00000  -0.00000
9 H 2s           0.00000  -0.00000
10 C 1s          0.00000   0.00000
10 C 2s         -0.00000  -0.00000
10 C 3s          0.00000  -0.00000
10 C 2px         0.00000   0.00000
10 C 2py        -0.00000   0.00000
10 C 2pz         0.38953   0.59145
10 C 3px         0.00000   0.00000
10 C 3py        -0.00000  -0.00000
10 C 3pz         0.29769   0.42369
11 C 1s         -0.00000  -0.00000
11 C 2s         -0.00000  -0.00000
11 C 3s          0.00000   0.00000
11 C 2px         0.00000   0.00000
11 C 2py         0.00000  -0.00000
11 C 2pz         0.01984  -0.01727
11 C 3px         0.00000   0.00000
11 C 3py        -0.00000   0.00000
11 C 3pz         0.02432  -0.01813
12 C 1s          0.00000   0.00000
12 C 2s          0.00000   0.00000
12 C 3s         -0.00000  -0.00000
12 C 2px        -0.00000   0.00000
12 C 2py         0.00000  -0.00000
12 C 2pz         0.38867  -0.58969
12 C 3px        -0.00000  -0.00000
12 C 3py        -0.00000   0.00000
12 C 3pz         0.29692  -0.42563
13 C 1s          0.00000  -0.00000
13 C 2s          0.00000  -0.00000
13 C 3s         -0.00000   0.00000
13 C 2px         0.00000   0.00000
13 C 2py         0.00000   0.00000
13 C 2pz        -0.00855  -0.01789
13 C 3px         0.00000  -0.00000
13 C 3py        -0.00000  -0.00000
13 C 3pz        -0.00140  -0.01910
14 H 1s          0.00000   0.00000
14 H 2s          0.00000   0.00000
15 H 1s         -0.00000   0.00000
15 H 2s         -0.00000   0.00000
16 H 1s          0.00000   0.00000
16 H 2s         -0.00000   0.00000
17 H 1s          0.00000   0.00000
17 H 2s          0.00000   0.00000
18 C 1s         -0.00000   0.00000
18 C 2s          0.00000   0.00000
18 C 3s         -0.00000  -0.00000
18 C 2px         0.00000  -0.00000
18 C 2py         0.00000   0.00000
18 C 2pz         0.04146   0.08485
18 C 3px        -0.00000  -0.00000
18 C 3py        -0.00000  -0.00000
18 C 3pz        -0.01318   0.17497
19 C 1s         -0.00000   0.00000
19 C 2s         -0.00000   0.00000
19 C 3s          0.00000  -0.00000
19 C 2px        -0.00000  -0.00000
19 C 2py        -0.00000  -0.00000
19 C 2pz        -0.05767   0.04762
19 C 3px         0.00000  -0.00000
19 C 3py         0.00000   0.00000
19 C 3pz        -0.06833   0.02766
20 H 1s          0.00000   0.00000
20 H 2s          0.00000   0.00000
21 H 1s          0.00000   0.00000
21 H 2s          0.00000   0.00000
Fragment 2 natural orbitals
Natural occ [1.9316516 0.0683484]
Natural orbital (expansion on AOs) in CAS space
               #1        #2       
0 C 1s           0.00000  -0.00000
0 C 2s          -0.00000  -0.00000
0 C 3s           0.00000   0.00000
0 C 2px          0.00000   0.00000
0 C 2py          0.00000  -0.00000
0 C 2pz         -0.01853   0.01492
0 C 3px         -0.00000   0.00000
0 C 3py         -0.00000  -0.00000
0 C 3pz         -0.02463   0.01513
1 C 1s          -0.00000   0.00000
1 C 2s          -0.00000   0.00000
1 C 3s           0.00000  -0.00000
1 C 2px          0.00000   0.00000
1 C 2py          0.00000  -0.00000
1 C 2pz         -0.01853  -0.01492
1 C 3px         -0.00000  -0.00000
1 C 3py         -0.00000  -0.00000
1 C 3pz         -0.02463  -0.01513
2 C 1s          -0.00000   0.00000
2 C 2s          -0.00000   0.00000
2 C 3s           0.00000   0.00000
2 C 2px          0.00000   0.00000
2 C 2py          0.00000  -0.00000
2 C 2pz          0.00837   0.01773
2 C 3px          0.00000   0.00000
2 C 3py          0.00000  -0.00000
2 C 3pz          0.00215   0.01836
3 C 1s          -0.00000  -0.00000
3 C 2s          -0.00000   0.00000
3 C 3s          -0.00000   0.00000
3 C 2px         -0.00000   0.00000
3 C 2py         -0.00000  -0.00000
3 C 2pz          0.00837  -0.01773
3 C 3px         -0.00000   0.00000
3 C 3py          0.00000   0.00000
3 C 3pz          0.00215  -0.01836
4 H 1s           0.00000  -0.00000
4 H 2s           0.00000   0.00000
5 H 1s          -0.00000   0.00000
5 H 2s          -0.00000  -0.00000
6 H 1s          -0.00000  -0.00000
6 H 2s          -0.00000  -0.00000
7 H 1s           0.00000   0.00000
7 H 2s           0.00000   0.00000
8 H 1s          -0.00000   0.00000
8 H 2s          -0.00000  -0.00000
9 H 1s          -0.00000  -0.00000
9 H 2s          -0.00000  -0.00000
10 C 1s         -0.00000   0.00000
10 C 2s         -0.00000   0.00000
10 C 3s         -0.00000  -0.00000
10 C 2px        -0.00000  -0.00000
10 C 2py        -0.00000  -0.00000
10 C 2pz         0.05775  -0.04730
10 C 3px         0.00000  -0.00000
10 C 3py         0.00000   0.00000
10 C 3pz         0.06867  -0.02688
11 C 1s          0.00000   0.00000
11 C 2s          0.00000   0.00000
11 C 3s          0.00000   0.00000
11 C 2px        -0.00000  -0.00000
11 C 2py        -0.00000   0.00000
11 C 2pz         0.05775   0.04730
11 C 3px        -0.00000  -0.00000
11 C 3py         0.00000   0.00000
11 C 3pz         0.06867   0.02688
12 C 1s         -0.00000  -0.00000
12 C 2s         -0.00000   0.00000
12 C 3s          0.00000   0.00000
12 C 2px         0.00000  -0.00000
12 C 2py         0.00000   0.00000
12 C 2pz        -0.04195  -0.08492
12 C 3px         0.00000  -0.00000
12 C 3py        -0.00000   0.00000
12 C 3pz         0.01235  -0.17491
13 C 1s          0.00000  -0.00000
13 C 2s          0.00000   0.00000
13 C 3s          0.00000   0.00000
13 C 2px        -0.00000  -0.00000
13 C 2py        -0.00000  -0.00000
13 C 2pz        -0.04195   0.08492
13 C 3px        -0.00000  -0.00000
13 C 3py         0.00000   0.00000
13 C 3pz         0.01235   0.17491
14 H 1s         -0.00000   0.00000
14 H 2s         -0.00000  -0.00000
15 H 1s          0.00000   0.00000
15 H 2s          0.00000   0.00000
16 H 1s         -0.00000   0.00000
16 H 2s         -0.00000   0.00000
17 H 1s         -0.00000   0.00000
17 H 2s         -0.00000  -0.00000
18 C 1s          0.00000  -0.00000
18 C 2s         -0.00000   0.00000
18 C 3s          0.00000   0.00000
18 C 2px        -0.00000   0.00000
18 C 2py        -0.00000  -0.00000
18 C 2pz        -0.38862   0.58972
18 C 3px         0.00000   0.00000
18 C 3py         0.00000  -0.00000
18 C 3pz        -0.29753   0.42410
19 C 1s          0.00000   0.00000
19 C 2s          0.00000   0.00000
19 C 3s         -0.00000  -0.00000
19 C 2px         0.00000   0.00000
19 C 2py        -0.00000  -0.00000
19 C 2pz        -0.38862  -0.58972
19 C 3px         0.00000   0.00000
19 C 3py        -0.00000  -0.00000
19 C 3pz        -0.29753  -0.42410
20 H 1s         -0.00000  -0.00000
20 H 2s         -0.00000  -0.00000
21 H 1s         -0.00000   0.00000
21 H 2s         -0.00000  -0.00000
Fragment 3 natural orbitals
Natural occ [1.93158242 0.06841758]
Natural orbital (expansion on AOs) in CAS space
               #1        #2       
0 C 1s          -0.00000   0.00000
0 C 2s          -0.00000   0.00000
0 C 3s           0.00000  -0.00000
0 C 2px         -0.00000  -0.00000
0 C 2py          0.00000   0.00000
0 C 2pz         -0.00768  -0.00654
0 C 3px         -0.00000   0.00000
0 C 3py         -0.00000   0.00000
0 C 3pz         -0.01022  -0.00750
1 C 1s           0.00000  -0.00000
1 C 2s           0.00000  -0.00000
1 C 3s          -0.00000   0.00000
1 C 2px          0.00000  -0.00000
1 C 2py         -0.00000   0.00000
1 C 2pz         -0.05331   0.03975
1 C 3px          0.00000  -0.00000
1 C 3py          0.00000  -0.00000
1 C 3pz         -0.06807   0.01487
2 C 1s          -0.00000  -0.00000
2 C 2s          -0.00000   0.00000
2 C 3s           0.00000  -0.00000
2 C 2px         -0.00000  -0.00000
2 C 2py          0.00000   0.00000
2 C 2pz          0.00261  -0.00554
2 C 3px          0.00000  -0.00000
2 C 3py         -0.00000  -0.00000
2 C 3pz          0.00122  -0.00582
3 C 1s           0.00000  -0.00000
3 C 2s           0.00000  -0.00000
3 C 3s          -0.00000   0.00000
3 C 2px          0.00000  -0.00000
3 C 2py          0.00000  -0.00000
3 C 2pz          0.04112   0.08600
3 C 3px          0.00000  -0.00000
3 C 3py         -0.00000   0.00000
3 C 3pz         -0.01002   0.17386
4 H 1s           0.00000   0.00000
4 H 2s           0.00000  -0.00000
5 H 1s           0.00000  -0.00000
5 H 2s           0.00000  -0.00000
6 H 1s           0.00000   0.00000
6 H 2s          -0.00000   0.00000
7 H 1s          -0.00000  -0.00000
7 H 2s          -0.00000   0.00000
8 H 1s          -0.00000  -0.00000
8 H 2s          -0.00000  -0.00000
9 H 1s           0.00000  -0.00000
9 H 2s           0.00000  -0.00000
10 C 1s         -0.00000  -0.00000
10 C 2s         -0.00000  -0.00000
10 C 3s          0.00000   0.00000
10 C 2px         0.00000   0.00000
10 C 2py        -0.00000  -0.00000
10 C 2pz         0.01984   0.01727
10 C 3px        -0.00000  -0.00000
10 C 3py         0.00000  -0.00000
10 C 3pz         0.02432   0.01813
11 C 1s         -0.00000   0.00000
11 C 2s          0.00000   0.00000
11 C 3s         -0.00000  -0.00000
11 C 2px        -0.00000   0.00000
11 C 2py         0.00000   0.00000
11 C 2pz         0.38953  -0.59145
11 C 3px         0.00000  -0.00000
11 C 3py        -0.00000  -0.00000
11 C 3pz         0.29769  -0.42369
12 C 1s          0.00000   0.00000
12 C 2s          0.00000  -0.00000
12 C 3s          0.00000  -0.00000
12 C 2px         0.00000   0.00000
12 C 2py         0.00000  -0.00000
12 C 2pz        -0.00855   0.01789
12 C 3px        -0.00000   0.00000
12 C 3py        -0.00000  -0.00000
12 C 3pz        -0.00140   0.01910
13 C 1s         -0.00000  -0.00000
13 C 2s         -0.00000   0.00000
13 C 3s          0.00000   0.00000
13 C 2px         0.00000   0.00000
13 C 2py         0.00000  -0.00000
13 C 2pz         0.38867   0.58969
13 C 3px         0.00000   0.00000
13 C 3py        -0.00000   0.00000
13 C 3pz         0.29692   0.42563
14 H 1s         -0.00000  -0.00000
14 H 2s         -0.00000  -0.00000
15 H 1s         -0.00000   0.00000
15 H 2s         -0.00000  -0.00000
16 H 1s         -0.00000  -0.00000
16 H 2s         -0.00000  -0.00000
17 H 1s          0.00000  -0.00000
17 H 2s         -0.00000  -0.00000
18 C 1s         -0.00000   0.00000
18 C 2s         -0.00000   0.00000
18 C 3s         -0.00000  -0.00000
18 C 2px        -0.00000  -0.00000
18 C 2py         0.00000  -0.00000
18 C 2pz        -0.05767  -0.04762
18 C 3px        -0.00000  -0.00000
18 C 3py         0.00000   0.00000
18 C 3pz        -0.06833  -0.02766
19 C 1s          0.00000  -0.00000
19 C 2s          0.00000  -0.00000
19 C 3s         -0.00000   0.00000
19 C 2px        -0.00000  -0.00000
19 C 2py        -0.00000  -0.00000
19 C 2pz         0.04146  -0.08485
19 C 3px        -0.00000   0.00000
19 C 3py         0.00000   0.00000
19 C 3pz        -0.01318  -0.17497
20 H 1s          0.00000  -0.00000
20 H 2s          0.00000  -0.00000
21 H 1s          0.00000  -0.00000
21 H 2s          0.00000  -0.00000
Fragment 4 natural orbitals
Natural occ [1.91802952 0.08197048]
Natural orbital (expansion on AOs) in CAS space
               #1        #2       
0 C 1s           0.00000   0.00000
0 C 2s           0.00000   0.00000
0 C 3s          -0.00000  -0.00000
0 C 2px          0.00000  -0.00000
0 C 2py         -0.00000   0.00000
0 C 2pz          0.00343  -0.00326
0 C 3px         -0.00000  -0.00000
0 C 3py          0.00000   0.00000
0 C 3pz          0.00447  -0.00387
1 C 1s           0.00000  -0.00000
1 C 2s           0.00000  -0.00000
1 C 3s          -0.00000   0.00000
1 C 2px         -0.00000  -0.00000
1 C 2py          0.00000   0.00000
1 C 2pz          0.38937   0.56475
1 C 3px          0.00000  -0.00000
1 C 3py          0.00000   0.00000
1 C 3pz          0.30288   0.39220
2 C 1s          -0.00000  -0.00000
2 C 2s          -0.00000  -0.00000
2 C 3s           0.00000   0.00000
2 C 2px          0.00000   0.00000
2 C 2py         -0.00000   0.00000
2 C 2pz         -0.00087  -0.00224
2 C 3px         -0.00000   0.00000
2 C 3py          0.00000   0.00000
2 C 3pz         -0.00039  -0.00237
3 C 1s          -0.00000  -0.00000
3 C 2s          -0.00000  -0.00000
3 C 3s           0.00000   0.00000
3 C 2px          0.00000  -0.00000
3 C 2py         -0.00000   0.00000
3 C 2pz          0.39244  -0.59235
3 C 3px          0.00000  -0.00000
3 C 3py         -0.00000  -0.00000
3 C 3pz          0.29133  -0.43650
4 H 1s          -0.00000  -0.00000
4 H 2s          -0.00000  -0.00000
5 H 1s           0.00000   0.00000
5 H 2s           0.00000   0.00000
6 H 1s          -0.00000   0.00000
6 H 2s           0.00000   0.00000
7 H 1s          -0.00000  -0.00000
7 H 2s           0.00000  -0.00000
8 H 1s          -0.00000  -0.00000
8 H 2s          -0.00000   0.00000
9 H 1s           0.00000   0.00000
9 H 2s           0.00000   0.00000
10 C 1s          0.00000  -0.00000
10 C 2s          0.00000  -0.00000
10 C 3s         -0.00000  -0.00000
10 C 2px        -0.00000  -0.00000
10 C 2py        -0.00000  -0.00000
10 C 2pz        -0.00812   0.00807
10 C 3px         0.00000   0.00000
10 C 3py         0.00000   0.00000
10 C 3pz        -0.00985   0.00923
11 C 1s          0.00000   0.00000
11 C 2s          0.00000   0.00000
11 C 3s         -0.00000  -0.00000
11 C 2px        -0.00000  -0.00000
11 C 2py        -0.00000  -0.00000
11 C 2pz         0.03548   0.08126
11 C 3px         0.00000  -0.00000
11 C 3py        -0.00000  -0.00000
11 C 3pz        -0.01700   0.16725
12 C 1s          0.00000   0.00000
12 C 2s          0.00000   0.00000
12 C 3s         -0.00000  -0.00000
12 C 2px         0.00000   0.00000
12 C 2py         0.00000   0.00000
12 C 2pz         0.00234   0.00566
12 C 3px        -0.00000  -0.00000
12 C 3py        -0.00000  -0.00000
12 C 3pz         0.00055   0.00638
13 C 1s         -0.00000   0.00000
13 C 2s         -0.00000   0.00000
13 C 3s          0.00000  -0.00000
13 C 2px         0.00000   0.00000
13 C 2py        -0.00000  -0.00000
13 C 2pz        -0.05755   0.05230
13 C 3px         0.00000  -0.00000
13 C 3py        -0.00000   0.00000
13 C 3pz        -0.06665   0.03514
14 H 1s         -0.00000  -0.00000
14 H 2s         -0.00000  -0.00000
15 H 1s         -0.00000   0.00000
15 H 2s         -0.00000   0.00000
16 H 1s         -0.00000   0.00000
16 H 2s         -0.00000  -0.00000
17 H 1s         -0.00000  -0.00000
17 H 2s          0.00000  -0.00000
18 C 1s         -0.00000  -0.00000
18 C 2s         -0.00000  -0.00000
18 C 3s          0.00000   0.00000
18 C 2px        -0.00000  -0.00000
18 C 2py         0.00000   0.00000
18 C 2pz         0.01958  -0.01873
18 C 3px        -0.00000   0.00000
18 C 3py        -0.00000  -0.00000
18 C 3pz         0.02369  -0.01994
19 C 1s          0.00000   0.00000
19 C 2s          0.00000   0.00000
19 C 3s         -0.00000  -0.00000
19 C 2px         0.00000   0.00000
19 C 2py        -0.00000   0.00000
19 C 2pz        -0.00750  -0.01779
19 C 3px        -0.00000   0.00000
19 C 3py         0.00000  -0.00000
19 C 3pz        -0.00023  -0.02005
20 H 1s          0.00000   0.00000
20 H 2s          0.00000   0.00000
21 H 1s          0.00000   0.00000
21 H 2s          0.00000  -0.00000
LASCI energy = -385.570158015649

******** CASCI flags ********
CAS (5e+5e, 10o), ncore = 31, nvir = 73
natorb = False
canonicalization = True
sorting_mo_energy = False
max_memory 4000 (MB)
******** <class 'pyscf.fci.direct_spin1.FCISolver'> ********
max. cycles = 200
conv_tol = 1e-08
davidson only = False
linear dependence = 1e-12
level shift = 0.001
max iter space = 12
max_memory 4000 MB
nroots = 1
pspace_size = 400
spin = None
Density matrix diagonal elements [1.90081112 0.09961593 1.89904765 0.10056824 1.89786327 0.10205085
 1.89904765 0.10056824 1.90081112 0.09961593]
CASCI converged
CASCI E = -385.591530344409  E(CI) = -11.6793830637486  S^2 = 0.0000000

******** CASCI flags ********
CAS (5e+5e, 10o), ncore = 31, nvir = 73
natorb = False
canonicalization = True
sorting_mo_energy = False
max_memory 4000 (MB)
******** <class 'mrh.exploratory.unitary_cc.lasuccsd.FCISolver_USCC'> ********
max. cycles = 100
conv_tol = 1e-10
davidson only = False
linear dependence = 1e-14
level shift = 0.001
max iter space = 12
max_memory 4000 MB
nroots = 1
pspace_size = 400
spin = None
LASCI object has 6981 degrees of freedom
iteration 0, E = -385.580942, |x| = 2.128477e-01, |g| = 1.984785e-01
iteration 1, E = -385.584523, |x| = 2.102884e-01, |g| = 1.790419e-01
iteration 2, E = -385.588826, |x| = 1.999452e-01, |g| = 1.017349e-01
iteration 3, E = -385.589827, |x| = 1.994035e-01, |g| = 6.150925e-02
iteration 4, E = -385.590075, |x| = 2.026732e-01, |g| = 5.010414e-02
iteration 5, E = -385.590382, |x| = 2.113258e-01, |g| = 3.760256e-02
iteration 6, E = -385.590543, |x| = 2.196756e-01, |g| = 2.553435e-02
iteration 7, E = -385.590680, |x| = 2.344191e-01, |g| = 3.105046e-02
iteration 8, E = -385.590743, |x| = 2.400938e-01, |g| = 2.077635e-02
iteration 9, E = -385.590787, |x| = 2.437690e-01, |g| = 3.084891e-02
iteration 10, E = -385.590847, |x| = 2.454108e-01, |g| = 1.964573e-02
iteration 11, E = -385.590864, |x| = 2.469062e-01, |g| = 3.902965e-02
iteration 12, E = -385.590895, |x| = 2.471802e-01, |g| = 3.317926e-02
iteration 13, E = -385.590938, |x| = 2.481181e-01, |g| = 2.845155e-02
iteration 14, E = -385.591000, |x| = 2.502580e-01, |g| = 1.432124e-02
iteration 15, E = -385.591027, |x| = 2.527352e-01, |g| = 1.571079e-02
iteration 16, E = -385.591057, |x| = 2.568036e-01, |g| = 1.722432e-02
iteration 17, E = -385.591078, |x| = 2.625735e-01, |g| = 2.316102e-02
iteration 18, E = -385.591099, |x| = 2.662753e-01, |g| = 2.123034e-02
iteration 19, E = -385.591125, |x| = 2.697747e-01, |g| = 1.694481e-02
iteration 20, E = -385.591145, |x| = 2.739408e-01, |g| = 1.802976e-02
iteration 21, E = -385.591172, |x| = 2.768852e-01, |g| = 1.375786e-02
iteration 22, E = -385.591196, |x| = 2.813092e-01, |g| = 1.595422e-02
iteration 23, E = -385.591222, |x| = 2.862007e-01, |g| = 1.438623e-02
iteration 24, E = -385.591235, |x| = 2.892458e-01, |g| = 1.469748e-02
iteration 25, E = -385.591251, |x| = 2.925801e-01, |g| = 1.193048e-02
iteration 26, E = -385.591263, |x| = 2.972383e-01, |g| = 1.598630e-02
iteration 27, E = -385.591278, |x| = 3.002218e-01, |g| = 1.214877e-02
iteration 28, E = -385.591288, |x| = 3.036875e-01, |g| = 1.457009e-02
iteration 29, E = -385.591300, |x| = 3.051447e-01, |g| = 1.172394e-02
iteration 30, E = -385.591310, |x| = 3.066558e-01, |g| = 1.262886e-02
iteration 31, E = -385.591319, |x| = 3.081125e-01, |g| = 1.387191e-02
iteration 32, E = -385.591330, |x| = 3.096160e-01, |g| = 1.162870e-02
iteration 33, E = -385.591342, |x| = 3.130401e-01, |g| = 1.281383e-02
iteration 34, E = -385.591355, |x| = 3.178752e-01, |g| = 9.770845e-03
iteration 35, E = -385.591363, |x| = 3.241546e-01, |g| = 1.281844e-02
iteration 36, E = -385.591369, |x| = 3.274106e-01, |g| = 1.003764e-02
iteration 37, E = -385.591375, |x| = 3.284073e-01, |g| = 8.909743e-03
iteration 38, E = -385.591380, |x| = 3.289453e-01, |g| = 8.686855e-03
iteration 39, E = -385.591386, |x| = 3.291520e-01, |g| = 6.826162e-03
iteration 40, E = -385.591392, |x| = 3.300038e-01, |g| = 7.919455e-03
iteration 41, E = -385.591398, |x| = 3.319048e-01, |g| = 7.863756e-03
iteration 42, E = -385.591405, |x| = 3.353119e-01, |g| = 7.036473e-03
iteration 43, E = -385.591410, |x| = 3.415177e-01, |g| = 9.420107e-03
iteration 44, E = -385.591415, |x| = 3.461230e-01, |g| = 6.766332e-03
iteration 45, E = -385.591417, |x| = 3.478408e-01, |g| = 8.004415e-03
iteration 46, E = -385.591421, |x| = 3.481073e-01, |g| = 4.998667e-03
iteration 47, E = -385.591424, |x| = 3.474991e-01, |g| = 4.507091e-03
iteration 48, E = -385.591426, |x| = 3.472495e-01, |g| = 7.192808e-03
iteration 49, E = -385.591428, |x| = 3.477191e-01, |g| = 5.762729e-03
iteration 50, E = -385.591430, |x| = 3.492544e-01, |g| = 5.794619e-03
iteration 51, E = -385.591433, |x| = 3.518424e-01, |g| = 3.912721e-03
iteration 52, E = -385.591435, |x| = 3.557165e-01, |g| = 5.430788e-03
iteration 53, E = -385.591437, |x| = 3.570881e-01, |g| = 4.677753e-03
iteration 54, E = -385.591437, |x| = 3.581958e-01, |g| = 6.414065e-03
iteration 55, E = -385.591439, |x| = 3.583261e-01, |g| = 5.199637e-03
iteration 56, E = -385.591440, |x| = 3.585711e-01, |g| = 4.760880e-03
iteration 57, E = -385.591442, |x| = 3.590967e-01, |g| = 2.429232e-03
iteration 58, E = -385.591444, |x| = 3.611948e-01, |g| = 4.542657e-03
iteration 59, E = -385.591445, |x| = 3.624118e-01, |g| = 4.748003e-03
iteration 60, E = -385.591446, |x| = 3.636445e-01, |g| = 5.175615e-03
iteration 61, E = -385.591448, |x| = 3.647942e-01, |g| = 4.344565e-03
iteration 62, E = -385.591450, |x| = 3.661464e-01, |g| = 3.974631e-03
iteration 63, E = -385.591452, |x| = 3.680592e-01, |g| = 3.229715e-03
iteration 64, E = -385.591454, |x| = 3.709624e-01, |g| = 4.568036e-03
iteration 65, E = -385.591456, |x| = 3.741010e-01, |g| = 4.927039e-03
iteration 66, E = -385.591458, |x| = 3.771565e-01, |g| = 5.231110e-03
iteration 67, E = -385.591460, |x| = 3.797927e-01, |g| = 5.813380e-03
iteration 68, E = -385.591462, |x| = 3.812076e-01, |g| = 4.230926e-03
iteration 69, E = -385.591465, |x| = 3.832462e-01, |g| = 4.252562e-03
iteration 70, E = -385.591467, |x| = 3.855887e-01, |g| = 3.315032e-03
iteration 71, E = -385.591468, |x| = 3.869186e-01, |g| = 3.512685e-03
iteration 72, E = -385.591470, |x| = 3.887197e-01, |g| = 3.370705e-03
iteration 73, E = -385.591471, |x| = 3.916820e-01, |g| = 3.987758e-03
iteration 74, E = -385.591473, |x| = 3.953147e-01, |g| = 3.131955e-03
iteration 75, E = -385.591475, |x| = 4.005163e-01, |g| = 5.462411e-03
iteration 76, E = -385.591476, |x| = 4.026278e-01, |g| = 3.515155e-03
iteration 77, E = -385.591478, |x| = 4.036833e-01, |g| = 3.828183e-03
iteration 78, E = -385.591478, |x| = 4.041570e-01, |g| = 4.598152e-03
iteration 79, E = -385.591479, |x| = 4.042770e-01, |g| = 4.024080e-03
iteration 80, E = -385.591480, |x| = 4.049241e-01, |g| = 3.281482e-03
iteration 81, E = -385.591482, |x| = 4.064143e-01, |g| = 1.992488e-03
iteration 82, E = -385.591484, |x| = 4.097993e-01, |g| = 3.532267e-03
iteration 83, E = -385.591484, |x| = 4.117391e-01, |g| = 3.591539e-03
iteration 84, E = -385.591486, |x| = 4.139344e-01, |g| = 3.135371e-03
iteration 85, E = -385.591487, |x| = 4.176965e-01, |g| = 3.627675e-03
iteration 86, E = -385.591488, |x| = 4.217784e-01, |g| = 2.129236e-03
iteration 87, E = -385.591489, |x| = 4.240057e-01, |g| = 2.651232e-03
iteration 88, E = -385.591490, |x| = 4.260358e-01, |g| = 2.005943e-03
iteration 89, E = -385.591491, |x| = 4.279705e-01, |g| = 2.471999e-03
iteration 90, E = -385.591492, |x| = 4.300599e-01, |g| = 3.011141e-03
iteration 91, E = -385.591493, |x| = 4.310736e-01, |g| = 2.030306e-03
iteration 92, E = -385.591494, |x| = 4.323616e-01, |g| = 1.910910e-03
iteration 93, E = -385.591495, |x| = 4.337412e-01, |g| = 2.208656e-03
iteration 94, E = -385.591495, |x| = 4.354563e-01, |g| = 1.925455e-03
iteration 95, E = -385.591496, |x| = 4.378740e-01, |g| = 1.307536e-03
iteration 96, E = -385.591497, |x| = 4.410901e-01, |g| = 1.694968e-03
iteration 97, E = -385.591498, |x| = 4.427110e-01, |g| = 1.249444e-03
iteration 98, E = -385.591499, |x| = 4.440489e-01, |g| = 1.318300e-03
iteration 99, E = -385.591500, |x| = 4.455903e-01, |g| = 1.732234e-03
iteration 100, E = -385.591501, |x| = 4.479209e-01, |g| = 1.510307e-03
iteration 101, E = -385.591501, |x| = 4.499552e-01, |g| = 1.196142e-03
iteration 102, E = -385.591502, |x| = 4.519679e-01, |g| = 1.389443e-03
iteration 103, E = -385.591503, |x| = 4.546910e-01, |g| = 1.420067e-03
iteration 104, E = -385.591504, |x| = 4.570669e-01, |g| = 1.112525e-03
iteration 105, E = -385.591504, |x| = 4.584971e-01, |g| = 1.069147e-03
iteration 106, E = -385.591505, |x| = 4.600189e-01, |g| = 1.210922e-03
