Command terminated by signal 9
	Command being timed: "python c8_631g.py 2"
	User time (seconds): 2573631.54
	System time (seconds): 36350.83
	Percent of CPU this job got: 2319%
	Elapsed (wall clock) time (h:mm:ss or m:ss): 31:15:26
	Average shared text size (kbytes): 0
	Average unshared data size (kbytes): 0
	Average stack size (kbytes): 0
	Average total size (kbytes): 0
	Maximum resident set size (kbytes): 1477172
	Average resident set size (kbytes): 0
	Major (requiring I/O) page faults: 0
	Minor (reclaiming a frame) page faults: 7663514
	Voluntary context switches: 11832283
	Involuntary context switches: 31267429343
	Swaps: 0
	File system inputs: 128
	File system outputs: 528
	Socket messages sent: 0
	Socket messages received: 0
	Signals delivered: 0
	Page size (bytes): 4096
	Exit status: 0
