Traceback (most recent call last):
  File "/project/lgagliardi/tuy/qchem/las-uscc-noci/working/polyene/c6_631g.py", line 624, in <module>
    mol_results, ref_energy, las_energy = batch_test(mol_conf, nosi_tests)
  File "/project/lgagliardi/tuy/qchem/las-uscc-noci/working/polyene/c6_631g.py", line 323, in batch_test
    result = test(mol_config, test_config, las, mol, mf)
  File "/project/lgagliardi/tuy/qchem/las-uscc-noci/working/polyene/c6_631g.py", line 228, in test
    eps = sortg[ np.floor(test_config['factor'] *n)]
IndexError: only integers, slices (`:`), ellipsis (`...`), numpy.newaxis (`None`) and integer or boolean arrays are valid indices
Command exited with non-zero status 1
	Command being timed: "python c6_631g.py 2"
	User time (seconds): 586.94
	System time (seconds): 8.64
	Percent of CPU this job got: 1912%
	Elapsed (wall clock) time (h:mm:ss or m:ss): 0:31.14
	Average shared text size (kbytes): 0
	Average unshared data size (kbytes): 0
	Average stack size (kbytes): 0
	Average total size (kbytes): 0
	Maximum resident set size (kbytes): 179380
	Average resident set size (kbytes): 0
	Major (requiring I/O) page faults: 0
	Minor (reclaiming a frame) page faults: 97544
	Voluntary context switches: 47414
	Involuntary context switches: 6025461
	Swaps: 0
	File system inputs: 0
	File system outputs: 376
	Socket messages sent: 0
	Socket messages received: 0
	Signals delivered: 0
	Page size (bytes): 4096
	Exit status: 1
