	Command being timed: "python c4_631g.py 0.05"
	User time (seconds): 170518.20
	System time (seconds): 2307.94
	Percent of CPU this job got: 2176%
	Elapsed (wall clock) time (h:mm:ss or m:ss): 2:12:20
	Average shared text size (kbytes): 0
	Average unshared data size (kbytes): 0
	Average stack size (kbytes): 0
	Average total size (kbytes): 0
	Maximum resident set size (kbytes): 205936
	Average resident set size (kbytes): 0
	Major (requiring I/O) page faults: 0
	Minor (reclaiming a frame) page faults: 334203
	Voluntary context switches: 13235405
	Involuntary context switches: 1065162612
	Swaps: 0
	File system inputs: 0
	File system outputs: 256
	Socket messages sent: 0
	Socket messages received: 0
	Signals delivered: 0
	Page size (bytes): 4096
	Exit status: 0
