Command terminated by signal 9
	Command being timed: "python c6_631g.py 2"
	User time (seconds): 2416214.85
	System time (seconds): 31063.51
	Percent of CPU this job got: 2132%
	Elapsed (wall clock) time (h:mm:ss or m:ss): 31:52:51
	Average shared text size (kbytes): 0
	Average unshared data size (kbytes): 0
	Average stack size (kbytes): 0
	Average total size (kbytes): 0
	Maximum resident set size (kbytes): 404268
	Average resident set size (kbytes): 0
	Major (requiring I/O) page faults: 0
	Minor (reclaiming a frame) page faults: 4075596
	Voluntary context switches: 157345016
	Involuntary context switches: 3256305282
	Swaps: 0
	File system inputs: 0
	File system outputs: 376
	Socket messages sent: 0
	Socket messages received: 0
	Signals delivered: 0
	Page size (bytes): 4096
	Exit status: 0
