Command terminated by signal 9
	Command being timed: "python c10_631g.py 2"
	User time (seconds): 726948.05
	System time (seconds): 10220.63
	Percent of CPU this job got: 2355%
	Elapsed (wall clock) time (h:mm:ss or m:ss): 8:41:30
	Average shared text size (kbytes): 0
	Average unshared data size (kbytes): 0
	Average stack size (kbytes): 0
	Average total size (kbytes): 0
	Maximum resident set size (kbytes): 2750952
	Average resident set size (kbytes): 0
	Major (requiring I/O) page faults: 0
	Minor (reclaiming a frame) page faults: 3104284
	Voluntary context switches: 163868
	Involuntary context switches: 9920086662
	Swaps: 0
	File system inputs: 72
	File system outputs: 1024
	Socket messages sent: 0
	Socket messages received: 0
	Signals delivered: 0
	Page size (bytes): 4096
	Exit status: 0
