output file: c2h4n4_lsi_luscc_m2_631g.log
LASSCF((3,3),(3,3)) energy = -295.53609835453517
CASCI(6,6) energy = -295.64726956
WARN: Only the first LASSCF state is used by LASSIS! Other states are discarded!
LASSIS energy = -295.63181536  (491.4 s)
LASSIS nroots = 88

[m=2] |lsi'> energy = -295.54038260  (31.2 s)
[m=2] computing gradients ...
sorted indices: [133 132 613 612 697 694  79  80 467 468 249 252 566 565 126 125  72  75
 608 609 542 543  29  30 472 471 314 313 544 545  38  39 470 465 248 253
  82  77 693 698  49  46 369 368 606 611  76  71  45  50 371 366   2   3
   7   6 696 695  78  81 256 257 642 639  25  26 413 414 174 171 462 461
 251 250 466 469 649 650  98 101 405 404 307 306 236 237 595 592 258 255
 641 640 654 653 142 141 170 175 464 459 494 499  96  91 496 497  92  95
 647 652 102  97 388 389  10  11  15  14 238 235 594 593 691 688  59  60
 651 648  99 100 390 387 200 197 523 522 528 529 275 278 355 358 591 596
 239 234 356 357 645 644 316 315 728 725 164 165 172 173 463 460 229 232
 400 401 184 185 749 746 573 578 432 427 450 449 556 555 196 201 525 520
  36  37 538 539 575 576 429 430 183 186 747 748 630 627 689 690  61  58
 230 231 402 399 687 692  62  57 628 629  73  74 610 607 729 724 162 167
 531 526 274 279 312  44 638 643 259 254 527 530 277 276 772 773 326 327
 395 394 154 151 318 317 758 757 309 308 598 597 452 447 553 558  13  12
   4   5 386 391 451 448 557 554 380 385 365 360 474 475  34  35 397 392
 150 155 383 382 363 362  48  47 367 370 726 727 163 166 246 247  43  42
 346 347  18  19 524 521 198 199 121 122 320 319 245 240 730 735 288 289
 770 767 424 423 550 549 533 532 323 322 105 106 703 700 456 455 582 581
 130 131 439 440 228 233 403 398 104 107 702 701 135 134 708 707 241 244
 732 733 311 310 737 736 426 421 547 552 349 352 338 335 353 348 334 339
 290 287 769 768 207 202 673 678 458 453 579 584 342 343 376 377 411 408
 571 568 720 721 516 517  69  66 436 435 178 179 636 633 536 537  27  28
 176 181 637 632 152 153 396 393 375 378 341 344  93  94 498 495  20  21
 534 535 120 115 266 271 291 286 766 771 712 717 493 488 715 714 491 490
 561 562  52  55 764 761 210 211 209 212 762 763 563 560  53  54 457 454
 583 580 412 407 567 572  65  70 438 433 205 204 674 677 614 619 487 482
 604 601 624 621 723 718 514 519 659 656 512 509 508 513 660 655 182 187
 750 745 156 161 590 585 203 206 675 676 631 626 515 518 719 722 600 605
 625 620 428 431 574 577 297 292 220 225 410 409 570 569 109 114 193 188
 118 117 269 268  67  68 437 434 734 731 242 243 617 616 484 485 140 139
 501 500 548 551 422 425  64  63  31  32 127 128 705 706 267 270 119 116
 160 157 588 587 359 354 282 283 683 680 305 304 330 331 540 541  22  23
 752 755 263 262 284 281 682 681 364 361 384 381 345 340 374 379 293 296
 224 221 110 113 192 189 740 743 668 671 294 295 222 223 751 756 265 260
 111 112 190 191 108 103 699 704 324 325 685 686 615 618 483 486 144 143
 710 709 742 741 670 669 123 124 372 373 589 586 158 159 603 602 623 622
 177 180 634 635 679 684 285 280 754 753 264 261 744 739 667 672 559 564
  56  51 148 147 272 273 337 336 351 350 765 760 208 213 716 713 492 489
 137 136  89  90 477 480 442 445 478 479 444 443 446 441 476 481 129  33
 321 149 226 227 329 328 168 169  41  40 657 658 511 510 146 145 194 195
   8   9  16  17 505 504 507 502 503 506   1   0 418 417 416 419  24 332
 665 662 663 664 300 301  87  84  85  86 299 302 420 415 303 298 661 666
  83  88 219 214 217 216 218 215 138 599 546 738 406 646 473 333 759 711]
[ckpt] saved /home/tuyue/workspace/lsi-uscc/tasks/chn/ckpt/grad_m2_chn6.npz
[m=2] gradients done in 130.9 s, excitations available: 774

================================================================================
  frac   n_exc    E(lsi-luscc)   ΔE_casci(mH)      t(s)
================================================================================
WARN: LAS states in basis may not be converged (max(|Hdiag-e_states|) = 2.946837e+02)
  0.10      77   -295.62973607       +17.5335   1438.25
[ckpt] saved /home/tuyue/workspace/lsi-uscc/tasks/chn/ckpt/result_m2_frac0.10_chn6.npz
WARN: LAS states in basis may not be converged (max(|Hdiag-e_states|) = 2.946837e+02)
  0.20     155   -295.63283916       +14.4304   2287.49
[ckpt] saved /home/tuyue/workspace/lsi-uscc/tasks/chn/ckpt/result_m2_frac0.20_chn6.npz
WARN: LAS states in basis may not be converged (max(|Hdiag-e_states|) = 2.946837e+02)
  0.30     232   -295.63464967       +12.6199   4075.45
[ckpt] saved /home/tuyue/workspace/lsi-uscc/tasks/chn/ckpt/result_m2_frac0.30_chn6.npz
WARN: LAS states in basis may not be converged (max(|Hdiag-e_states|) = 2.946837e+02)
  0.40     310   -295.64300819        +4.2614   4714.72
[ckpt] saved /home/tuyue/workspace/lsi-uscc/tasks/chn/ckpt/result_m2_frac0.40_chn6.npz
WARN: LAS states in basis may not be converged (max(|Hdiag-e_states|) = 2.946837e+02)
  0.50     387   -295.64710652        +0.1630   5360.38
[ckpt] saved /home/tuyue/workspace/lsi-uscc/tasks/chn/ckpt/result_m2_frac0.50_chn6.npz
WARN: LAS states in basis may not be converged (max(|Hdiag-e_states|) = 2.946837e+02)
  0.60     464   -295.64726005        +0.0095   6692.48
[ckpt] saved /home/tuyue/workspace/lsi-uscc/tasks/chn/ckpt/result_m2_frac0.60_chn6.npz
WARN: LAS states in basis may not be converged (max(|Hdiag-e_states|) = 2.946837e+02)
  0.70     542   -295.64726005        +0.0095  10863.34
[ckpt] saved /home/tuyue/workspace/lsi-uscc/tasks/chn/ckpt/result_m2_frac0.70_chn6.npz
WARN: LAS states in basis may not be converged (max(|Hdiag-e_states|) = 2.946837e+02)
  0.80     619   -295.64726005        +0.0095  11187.82
[ckpt] saved /home/tuyue/workspace/lsi-uscc/tasks/chn/ckpt/result_m2_frac0.80_chn6.npz
WARN: LAS states in basis may not be converged (max(|Hdiag-e_states|) = 2.946837e+02)
  0.90     697   -295.64726005        +0.0095   6462.64
[ckpt] saved /home/tuyue/workspace/lsi-uscc/tasks/chn/ckpt/result_m2_frac0.90_chn6.npz
WARN: LAS states in basis may not be converged (max(|Hdiag-e_states|) = 2.948382e+02)
  1.00     774   -295.64726005        +0.0095   6882.81
[ckpt] saved /home/tuyue/workspace/lsi-uscc/tasks/chn/ckpt/result_m2_frac1.00_chn6.npz

================================================================================
Reference energies:
  CASCI(6,6)  = -295.64726956
  LASSIS      = -295.63181536  (ΔE = +15.4542 mH)
  |lsi'>(m=2) = -295.54038260  (ΔE = +106.8870 mH)

Chemical accuracy threshold: ±1.594 mH

Results saved to chn6_lsi_luscc_m2_frac_sweep.npy
Columns: fraction, n_excitations, e_gs, time_s
