WARN: LAS states in basis may not be converged (max(|Hdiag-e_states|) = 5.355045e+02)
WARN: LAS states in basis may not be converged (max(|Hdiag-e_states|) = 5.357583e+02)
WARN: LAS states in basis may not be converged (max(|Hdiag-e_states|) = 5.357583e+02)
WARN: LAS states in basis may not be converged (max(|Hdiag-e_states|) = 5.357583e+02)

======================================================================
Geometry: stil001
======================================================================
output file: /home/tuyue/workspace/lsi-uscc/tasks/stil/data/stil001.log
LASSCF energy = -537.054958884505
LASSIS energy      = -537.0570168658
LASSIS nroots      = 321
LASSIS time        = 771.22 s
sorted indices: [32 33 37 36  0  1 50 51 30 31 34 35 23 22 39 38 15 14 49 48  3  2 61 60
 29 28 41 40  6  7 64 65 13 12 59 58  8  9 52 53 45 42 19 16 57 54 24 27
  5  4 63 62 44 43 18 17 56 55 25 26 47 46 10 11 20 21]

  Fraction: 0.01 | nexc: 66
  las-luscc energy = -537.0567231756
  las-luscc nroots = 133
  las-luscc time   = 403.97 s
sorted indices: [ 65  66  70  69   2   3  97  96  63  64  67  68  48  47  73  74  36  35
  92  93   5  10 127 122  58  57  77  76  15  16 133 132  32  27 119 114
  19  20 108 109  83  80  42  39 113 110  53  56  13  12 130 129  81  82
  41  40 112 111  54  55  90  89  25  24  43  46  87  84   6   9 124 125
  11  14 128 131   0   1  95  94   7   8 126 123  29  30 115 118 101  98
  99 100  17  18 135 134  26  23  91  88  45  44  86  85  31  28 117 116
 102 103  22  21  51  50 106 105 121 120  37  38  52  49 104 107  33  34
  79  78   4  75  71  72  59  60  62  61]

  Fraction: 0.02 | nexc: 136
  las-luscc energy = -537.0570193395
  las-luscc nroots = 267
  las-luscc time   = 621.02 s
sorted indices: [ 89  88  94  95   2   3 152 153  86  87  92  93  66  67 117 118  50  49
 143 142   7  12 187 182  77  76 121 120  21  22 196 197  41  46 172 177
  29  30 166 167 131 128  61  58 171 168  72  75  15  16 194 191 129 130
  60  59 170 169  73  74 139 140  39  38  62  65 137 134   8  11 184 185
  18  13 190 195   0   1 149 148   9  10 186 183  44  43 176 173 154 157
 155 156  24  23 199 198  40  37 138 141  64  63 136 135  45  42 175 174
 159 158  32  31  69  70 163 164 179 178  51  52  71  68 162 165  48  47
 127 126   4 119 103 104  82  83  85  84 125 124 115 116 114 113  53  96
  27  28 133 132  79  80  78  81 110 112 109 111 101 102 122 123 151 150
   5   6 188 189  19  20  98 100  97  99  56  57 107 106 108 105  91  90
  17  14 192 193  36  33 147 144  25  26 181 180  55  54 160 161  35  34
 146 145]

  Fraction: 0.03 | nexc: 200
  las-luscc energy = -537.0570593203
  las-luscc nroots = 365
  las-luscc time   = 3540.82 s
sorted indices: [110 109 117 118   3   2 193 192 107 108 115 116  85  86 148 149  67  66
 180 181  12   7 240 245  98  97 152 151  21  22 257 256  56  61 228 233
  36  37 222 223 169 166  80  77 224 227  93  96  16  15 252 249 168 167
  79  78 226 225  94  95 178 177  54  53  84  81 175 172  11   8 242 243
  18  13 248 253   0   1 189 188   9  10 244 241  58  59 232 229 198 201
 199 200  23  24 259 258  55  52 179 176  83  82 174 173  60  57 231 230
 206 207  39  38  90  91 219 220 235 234  68  69  92  89 218 221  64  63
 164 163   4 150 130 131 103 104 106 105 157 156 146 147 145 144  70 119
  35  34 171 170 101 100  99 102 141 143 142 140 128 129 154 155 191 190
   5   6 246 247  19  20 121 122 123 120  75  76 134 133 132 135 112 111
  17  14 250 251  47  44 185 182  29  30 237 236  74  73 217 216  46  45
 183 184  25 153 212 215 214 213 255 254  26  27 113 114  88  87 127 125
 124 126 137 138 139 136  33  32 239 238  65  62 162 165  72  71 267 266
 195 196 159 160 208 211 202 205  43  40 265 262 210 209  48  49 203 204
 261 260  42  41 263 264  50  51 186 187 197 194 161 158  28  31]

  Fraction: 0.04 | nexc: 268
  las-luscc energy = -537.0570917386
  las-luscc nroots = 489
  las-luscc time   = 2365.30 s
