#INFO: **** input file is /project/lgagliardi/tuy/qchem/las-uscc-noci/working/hydro/h4_randamp.py ****
# test the distribution of the nearest neighbor excitations

import numpy as np
import pyscf
from pyscf import gto, scf, lib, mcscf
from mrh.my_pyscf.mcscf.lasscf_o0 import LASSCF
from mrh.exploratory.unitary_cc import lasuccsd
from mrh.exploratory.unitary_cc.uccsd_sym0 import get_uccsd_op
from mrh.exploratory.citools import grad, lasci_ominus1
from mrh.exploratory.citools import fockspace

import random


from typing import Iterable, Union
from typing import Dict, List, Any, TypedDict
import copy
import pickle
from enum import Enum
from scipy.linalg import eigh
from scipy import optimize
import sys

from mrh.my_pyscf.tools import molden
from pyscf.tools import molden as pyscf_molden

VERBOSE = 0
result = {}

if len(sys.argv) > 1:
    try:
        AMPLITUDE = float(sys.argv[1])
        print(f"Using AMPLITUDE argument: {AMPLITUDE}")
    except ValueError:
        print("Invalid AMPLITUDE argument, using default value 1.")
        AMPLITUDE = 1
else:
    AMPLITUDE = 1

def flatten(seq: Iterable) -> list:
    result = []
    for item in seq:
        if isinstance(item, (list, tuple, np.ndarray)):
            result.extend(flatten(item))
        else:
            result.append(item)
    return result


def cilas2f(lasci, norb_f, nelec_f):
    ''' nelec (na, nb)'''
    ci_f = []
    for i, ci in enumerate(lasci):
        ci_f.append(fockspace.hilbert2fock(ci, norb_f[i], nelec_f[i])[0])
    return ci_f

class MolConfig(TypedDict):
    # basic
    name : str
    xyz: str
    basis: str
    ncas: List[int]
    nelecas: List[int]
    spinsub: List[int]
    frag_atom_list: Any  # Can be List or Tuple depending on usage
    frag_spin_orb: Any
    adj: List[List[int]]

class TestConfig(TypedDict):
    epsilon: float
    # nearest neighbor parameters
    nn: bool
    # non-orthogonal configuration interaction parameters
    init_method: str # 'random' or 'uscc_opt' or 'load x'
    # max_nx: int  # max number of excitations per configuration
    # min_nc: int
    # test choices
    grad_test: bool
    noci_test: bool  
    frozen: str

def get_Sij(psi_i, psi_j, h):
    """Compute the overlap Sij = <psi_i|psi_j>."""
    ucj, _ = psi_j.hc_x(psi_j.x, h)[1:3]
    uci, _ = psi_i.hc_x(psi_i.x, h)[1:3]
    ucj, uci = ucj.ravel(), uci.ravel()
    Sij = uci.conj().dot(ucj)
    return Sij


def get_Sij_Hij(psi_i, psi_j, h):
    ucj, hucj = psi_j.hc_x (psi_j.x, h)[1:3]
    uci, huci = psi_i.hc_x (psi_i.x, h)[1:3]
    ucj, hucj = ucj.ravel (), hucj.ravel ()
    uci = uci.ravel ()
    Sij = uci.conj ().dot (ucj)
    Hij = uci.conj ().dot (hucj)
    return Sij, Hij


def arr_split(arr, n):
    """Split an array into n nearly equal parts."""
    k, m = divmod(len(arr), n)
    return list(arr[i * k + min(i, m):(i + 1) * k + min(i + 1, m)] for i in range(n))

def print_matrix(mat):
    for row in mat:
        print("  ".join(f"{x:.17f}" for x in row))

def zip_excitations(a_idxs, i_idxs):
    excitations = []
    for a, i in zip(a_idxs, i_idxs):
        excitations.append((tuple(i), tuple(a[::-1])))
    return excitations

def print_excitations(a_idxs, i_idxs):
    excitations = zip_excitations(a_idxs, i_idxs)
    for excitation in excitations:
        print([[int(x) for x in flatten(excitation)]])


def nci_test(a_idxs_selected, i_idxs_selected, g_sel, test_config, mol_config, mol,las, mc_uscc, mf):

    nc = len(a_idxs_selected) + 1
    # we create ci for each excitation
    if VERBOSE >= 1:
        print("Number of CIs: ", nc)

    h1eff,e_core= mc_uscc.get_h1eff(mc_uscc.mo_coeff)
    h2eff = mc_uscc.get_h2eff()
    h = [e_core, h1eff, h2eff]

    las_ucc_trial_cis = []
    
    min_ci_eng = 99999.9
    amps = []
    for i in range(nc):
        if( i == nc -1):
            amplitude = 0 # the last one is the reference state
        else:
            x = random.uniform(-1, 1)
            amplitude = AMPLITUDE * x # we should try different amplitudes

        mc_uscc_ci = mcscf.CASCI(mf, sum(mol_config['ncas']), sum(mol_config['nelecas']))
        mc_uscc_ci.mo_coeff = las.mo_coeff
        mc_uscc_ci.fcisolver = lasuccsd.FCISolver_USCC(mol, a_idxs_selected, i_idxs_selected)
        mc_uscc_ci.fcisolver.norb_f = mol_config['ncas']
        fci = mc_uscc_ci.fcisolver
        las_ci0_f = cilas2f(las.ci, mol_config['ncas'], mol_config['nelecas'])

        norb = sum(mol_config['ncas']) # not sure about this
        nelec = sum(mol_config['nelecas']) # not sure about this
        norb_f = getattr (fci, 'norb_f', [norb])
        psi =  getattr (fci, 'psi', fci.build_psi (las_ci0_f, norb, norb_f, nelec, frozen=test_config['frozen']))

        # we can use line search to find the local minimum with respect to each state        
        start, end, step = -4, 4, 0.2
        amplitude_values = np.arange(start, end + step, step)
        if i < nc - 1:
            # sign = 1 if g_sel[i][0] > 0 else -1
            # psi.x[psi.nconstr + i] = - sign * amplitude # not sure about the + - of the sign, try both
            # amps.append(- sign * amplitude)
            psi.x[psi.nconstr + i] = amplitude # not sure about the + - of the sign, try both
            amps.append(amplitude)

            # lowest_eng = 99999
            # best_amp = 0
            
            # for amp in amplitude_values:
            #     psi.x[psi.nconstr + i] = amp
            #     s, eng = get_Sij_Hij(psi, psi, h)
            #     if eng < lowest_eng:
            #         lowest_eng = eng
            #         best_amp = amp
            
            # psi.x[psi.nconstr + i] = best_amp
            # best_amps.append(best_amp)
        
        energy = psi.energy_tot(psi.x, h)
        if energy < min_ci_eng:
            min_ci_eng = energy

        las_ucc_trial_cis.append(psi)

    result['amps'] = amps   
    
    S = np.zeros((nc, nc), dtype=np.complex128)
    H = np.zeros((nc, nc), dtype=np.complex128)



    # Build S matrix incrementally, discarding linearly dependent CIs
    selected_indices = []
    S_inc = np.zeros((0, 0), dtype=np.complex128)
    threshold = 1e7  # You can adjust this threshold as needed

    for idx, psi in enumerate(las_ucc_trial_cis):
        # Build S matrix for current selection + this CI
        n_sel = len(selected_indices)
        S_new = np.zeros((n_sel + 1, n_sel + 1), dtype=np.complex128)
        # Fill previous block
        if n_sel > 0:
            S_new[:n_sel, :n_sel] = S_inc
            for j, jidx in enumerate(selected_indices):
                S_new[n_sel, j] = get_Sij(psi, las_ucc_trial_cis[jidx], h)
                S_new[j, n_sel] = get_Sij(las_ucc_trial_cis[jidx], psi, h)
        # Diagonal element
        S_new[n_sel, n_sel] = get_Sij(psi, psi, h)
        # Check condition number
        cond = np.linalg.cond(S_new)
        if cond < threshold:
            selected_indices.append(idx)
            S_inc = S_new
        else:
            if VERBOSE >= 1:
                print(f"Discarding CI {idx} due to linear dependence (cond={cond:.2e})")

    # Now, only keep selected CIs for S and H
    nc_sel = len(selected_indices)
    S = np.zeros((nc_sel, nc_sel), dtype=np.complex128)
    H = np.zeros((nc_sel, nc_sel), dtype=np.complex128)
    for i, idx_i in enumerate(selected_indices):
        for j, idx_j in enumerate(selected_indices):
            S[i, j], H[i, j] = get_Sij_Hij(las_ucc_trial_cis[idx_i], las_ucc_trial_cis[idx_j], h)

    if VERBOSE >= 0:
        print(f"Selected {nc_sel} CIs out of {nc} total CIs")
        print("Condition number of S matrix: ", np.linalg.cond(S))

    if VERBOSE >= 1:
        print("S matrix:")
        print_matrix(S)
        print("H matrix:")
        print_matrix(H)

    # print("min_ci_eng: ", min_ci_eng)
    eigvals, eigvecs = eigh(H, S)
    return eigvals[0], eigvecs[0], min_ci_eng   # Take the lowest eigenvalue as the energy



def test(mol_config, test_config,las, mol, mf):


    all_g, g_sel, a_idxs_selected_all, i_idxs_selected_all = grad.get_grad_exact(las, test_config['epsilon'])

    result['all_g'] = all_g
    result['g_sel'] = g_sel

    a_idxs_selected_nn = []
    i_idxs_selected_nn = []
    
    nn_g = []
    if(test_config['nn']):
        nn_g, a_idxs_selected_nn, i_idxs_selected_nn = get_nn_excitations(a_idxs_selected_all, i_idxs_selected_all, all_g, mol_config)
        if test_config['grad_test']:
            result['nn_g'] = nn_g

    result['tot_excitation_count'] = len(a_idxs_selected_all)
    result['excitation_count_nn'] = len(a_idxs_selected_nn)

    #Computing energy through the LAS-UCC kernel using selected excitations
    #==========================================================================================
    
    a_idxs_selected = None
    i_idxs_selected = None

    if test_config['nn']:
        a_idxs_selected = a_idxs_selected_nn
        i_idxs_selected = i_idxs_selected_nn
    else:
        a_idxs_selected = a_idxs_selected_all
        i_idxs_selected = i_idxs_selected_all
    
    if VERBOSE >= 2:
        print("All selected excitations:")
        print_excitations(a_idxs_selected, i_idxs_selected)

    mc_uscc = mcscf.CASCI(mf, sum(mol_config['ncas']), sum(mol_config['nelecas']))
    mc_uscc.mo_coeff = las.mo_coeff
    mc_uscc.fcisolver = lasuccsd.FCISolver_USCC(mol, a_idxs_selected, i_idxs_selected)
    mc_uscc.fcisolver.norb_f = mol_config['ncas'] # number of orbitals in each fragment
    # easily hit the maximal memory limit
    mc_uscc.fcisolver.frozen = test_config['frozen'] if 'frozen' in test_config else None  
    mc_uscc.kernel(ci0 = cilas2f(las.ci, mol_config['ncas'], mol_config['nelecas']))
    if not mc_uscc.converged:
        print('Warning: kernel hasn\'t converged')
    
    if VERBOSE >= 1:
        print("MC-USCC amplitudes: ", mc_uscc.fcisolver.psi.x)

    result['las_uscc_eng'] =  mc_uscc.e_tot 
   
    if test_config['noci_test']:
        result['las_uscc_noci_eng'], result['las_uscc_noci_vec'], result['min_ci_eng'] = nci_test(a_idxs_selected, i_idxs_selected, g_sel, test_config, mol_config, mol,las, mc_uscc, mf)
    
    return result
   



def batch_test(mol_config, test_configs):
    results = []

    # Initializing the molecule with RHF
    #===================================
    symmetry = None
    charge = None
    spin = None
    if 'symmetry' in mol_config:
        symmetry = mol_config['symmetry']
    if 'charge' in mol_config:
        charge = mol_config['charge']
    if 'spin' in mol_config:
        spin = mol_config['spin']

    mol = gto.M(atom=mol_config['xyz'], basis=mol_config['basis'], symmetry = symmetry,
        charge = charge, spin = spin, verbose=4, output=mol_config['output'])
    if 'HF' in mol_config and mol_config['HF'] == 'ROHF':
        mf = scf.ROHF(mol).run()
    else:
        mf = scf.RHF(mol).run()

    # Running LASSCF
    #===================================
    las = LASSCF(mf, mol_config['ncas'], mol_config['nelecas'], spin_sub=mol_config['spinsub'], ouput=None)
    mo_loc = las.localize_init_guess(mol_config['frag_atom_list'], mf.mo_coeff)
    las.kernel(mo_loc)
    
    ref = mcscf.CASCI(mf, sum(mol_config['ncas']), sum(mol_config['nelecas']))
    ref.mo_coeff = las.mo_coeff
    ref.kernel() 

    for test_config in test_configs:
        
        result = test(mol_config, test_config, las, mol, mf)
        results.append(result)
    
    return results, ref.e_tot, las.e_tot



def empty_adj(n):
    return [[0 for _ in range(n)] for _ in range(n)]

def circle_adj(n):
    return [[1 if abs(i - j) == 1 or abs(i - j) == n-1 else 0 for j in range(n)] for i in range(n)]


if __name__ == "__main__":


    data_dir = '../geom'

    with open(data_dir + '/h4.xyz', 'r', encoding='utf-8') as f:
        h4xyz = f.read()

    with open(data_dir + '/h6.xyz', 'r', encoding='utf-8') as f:
        h6xyz = f.read()

    with open(data_dir + '/h8.xyz', 'r', encoding='utf-8') as f:
        h8xyz = f.read()

    with open(data_dir + '/h10.xyz', 'r', encoding='utf-8') as f:
        h10xyz = f.read()


    with open(data_dir + '/c4.xyz', 'r', encoding='utf-8') as f:
        c4xyz = f.read()

    with open(data_dir + '/c6.xyz', 'r', encoding='utf-8') as f:
        c6xyz = f.read()

    with open(data_dir + '/c8.xyz', 'r', encoding='utf-8') as f:
        c8xyz = f.read()

    with open(data_dir + '/c10.xyz', 'r', encoding='utf-8') as f:
        c10xyz = f.read()

    with open(data_dir + '/stil-001.xyz', 'r', encoding='utf-8') as f:
        stil001xyz = f.read()

    with open(data_dir + '/stil-60.xyz', 'r', encoding='utf-8') as f:
        stil60xyz = f.read()

    with open(data_dir + '/stil-90.xyz', 'r', encoding='utf-8') as f:
        stil90xyz = f.read()

    with open(data_dir + '/stil-120.xyz', 'r', encoding='utf-8') as f:
        stil120xyz = f.read()

    with open(data_dir + '/stil-180.xyz', 'r', encoding='utf-8') as f:
        stil180xyz = f.read()       


    # with open(data_dir + '/kremer/kremer-geometry.xyz', 'r', encoding='utf-8') as f:
    #     kremer_xyz = f.read()

    # kremer_basis = {
    #     "Cr": "def2-tzvp",
    #     "O": "def2-svp",
    #     "N": "def2-svp",
    #     "C": "def2-svp",
    #     "H": "def2-svp",
    # }

    # kremer_def2 : MolConfig = {
    #     'name' : 'kremer_def2',
    #     'HF' : 'ROHF',
    #     'xyz' : kremer_xyz,
    #     'basis' : kremer_basis,
    #     'symmetry' : False,
    #     'charge' : 3,
    #     'spin' : 6,
    #     'ncas': [3,3],
    #     'nelecas': [[3,0],[0,3]],
    #     'spinsub': [4,4],
    #     'frag_atom_list': [[0],[1]]
    # }

    h4_sto3g : MolConfig = {
        'name': 'H4_STO3G',
        'xyz': h4xyz,
        'basis': 'sto-3g',
        'ncas': [2, 2],
        'nelecas': [2, 2],
        'spinsub': [1, 1],
        'frag_atom_list': ((0, 1), (2, 3)),
        'output': 'h4_sto3g.out',
    }


    stil_631g_001 : MolConfig = {
        'name': 'STIL_631G_001',
        'xyz': stil001xyz,
        'basis': '631g',
        'ncas': [4,2,4],
        'nelecas': [4,2,4],
        'spinsub': [1, 1, 1],
        'frag_atom_list': [ [1,2,3,4,5,6,15,16,17,18,19] , [0,7, 14,20] , [8,9,10,11,12,13, 21,22,23,24,25] ],
        'frag_spin_orb': {
            0: (0, 1, 2, 3,10,11,12,13),
            1: (4,5,14,15),
            2: (6,7,8,9,16,17,18,19)
        },
        'adj': empty_adj(3),
        'output' : 'stil_631g_001.out',
    }

    stil_631g_60 : MolConfig = {
        'name': 'STIL_631G_60',
        'xyz': stil60xyz,
        'basis': '631g',
        'ncas': [4,2,4],
        'nelecas': [4,2,4],
        'spinsub': [1, 1, 1],
        'frag_atom_list': [ [1,2,3,4,5,6,15,16,17,18,19] , [0,7, 14,20] , [8,9,10,11,12,13, 21,22,23,24,25] ],
        'frag_spin_orb': {
            0: (0, 1, 2, 3,10,11,12,13),
            1: (4,5,14,15),
            2: (6,7,8,9,16,17,18,19)
        },
        'adj': empty_adj(3),
        'output' : 'stil_631g_60.out',
    }

    stil_631g_90 : MolConfig = {
        'name': 'STIL_631G_90',
        'xyz': stil90xyz,
        'basis': '631g',
        'ncas': [4,2,4],
        'nelecas': [4,2,4],
        'spinsub': [1, 1, 1],
        'frag_atom_list': [ [1,2,3,4,5,6,15,16,17,18,19] , [0,7, 14,20] , [8,9,10,11,12,13, 21,22,23,24,25] ],
        'frag_spin_orb': {
            0: (0, 1, 2, 3,10,11,12,13),
            1: (4,5,14,15),
            2: (6,7,8,9,16,17,18,19)
        },
        'adj': empty_adj(3),
        'output' : 'stil_631g_90.out',
    }

    stil_631g_120 : MolConfig = {
        'name': 'STIL_631G_120',
        'xyz': stil120xyz,
        'basis': '631g',
        'ncas': [4,2,4],
        'nelecas': [4,2,4],
        'spinsub': [1, 1, 1],
        'frag_atom_list': [ [1,2,3,4,5,6,15,16,17,18,19] , [0,7, 14,20] , [8,9,10,11,12,13, 21,22,23,24,25] ],
        'frag_spin_orb': {
            0: (0, 1, 2, 3,10,11,12,13),
            1: (4,5,14,15),
            2: (6,7,8,9,16,17,18,19)
        },
        'adj': empty_adj(3),
        'output' : 'stil_631g_120.out',
    }


    stil_631g_180 : MolConfig = {
        'name': 'STIL_631G_180',
        'xyz': stil180xyz,
        'basis': '631g',
        'ncas': [4,2,4],
        'nelecas': [4,2,4],
        'spinsub': [1, 1, 1],
        'frag_atom_list': [ [1,2,3,4,5,6,15,16,17,18,19] , [0,7, 14,20] , [8,9,10,11,12,13, 21,22,23,24,25] ],
        'frag_spin_orb': {
            0: (0, 1, 2, 3,10,11,12,13),
            1: (4,5,14,15),
            2: (6,7,8,9,16,17,18,19)
        },
        'adj': empty_adj(3),
        'output' : 'stil_631g_180.out',
    }

    # This c4 is too small, and I observed numericall error, that H and S have all identical
    # entries however the NOCI energy is lower 
    c4_631g : MolConfig = {
        'name': 'C4_631G',
        'xyz': c4xyz,
        'basis': '631g',
        'ncas': [2,2],
        'nelecas': [2,2],
        'spinsub': [1,1],
        'frag_atom_list':  [[0,2], [3,1]],
        'frag_spin_orb': {
            0: (0,1,4,5),
            1: (2,3,6,7),
        },
        'adj': circle_adj(2), # not sure about this
        'output': 'c4_631g.out',
    }

    c6_631 : MolConfig = {
        'name': 'C6_631G',
        'xyz': c6xyz,
        'basis': '631g',
        'ncas': [2,2,2],
        'nelecas': [2,2,2],
        'spinsub': [1,1,1],
        'frag_atom_list': [[0,2], [10,11], [3,1]], # not sure about this
        'frag_spin_orb': {
            0: (0,1,6,7),
            1: (2,3,8,9),
            2: (4,5,10,11),
        },
        'adj': circle_adj(3),
        'output': 'c6_631g.out',
    }


    c8_631 : MolConfig = {
        'name': 'C8_631G',
        'xyz': c8xyz,
        'basis': '631g',
        'ncas': [2,2,2,2],
        'nelecas': [2,2,2,2],
        'spinsub': [1,1,1,1],
        'frag_atom_list': [[0,2], [10,12], [13,11], [3,1]], 
        'frag_spin_orb': {
            0: (0,1,8,9),
            1: (2,3,10,11),
            2: (4,5,12,13),
            3: (6,7,14,15),
        },
        'adj': circle_adj(3),
        'output': 'c8_631g.out',
    }


    c10_631g : MolConfig = {
        'name': 'C10_631G',
        'xyz': c10xyz,
        'basis': '631g',
        'ncas': [2,2,2,2,2],
        'nelecas': [2,2,2,2,2],
        'spinsub': [1,1,1,1,1],
        'frag_atom_list': [[0,2], [10,12], [18,19], [13,11], [3,1]],
        'frag_spin_orb': {
            0: (0,1,10,11),
            1: (2,3,12,13),
            2: (4,5,14,15),
            3: (6,7,16,17),
            4: (8,9,18,19)
        },
        'adj': circle_adj(5),
        'output': 'c10_631g.out',
    }

    # mol_configs = [stil_631g_001]
    mol_configs = [h4_sto3g]



    nosi_test_01 : TestConfig = {
        'epsilon': 0.01,
        'nn': False,
        'init_method': 'uscc_opt',
        'frozen': 'CI',
        'grad_test': False,
        'noci_test': True
    }
        
    # noci_test_001 = copy.deepcopy(noci_test_01)
    # noci_test_001['epsilon'] = 0.001

    # noci_test_0001 = copy.deepcopy(noci_test_01)
    # noci_test_0001['epsilon'] = 0.0001

    eps = np.array([0.00792607])

    nosi_tests = []
    for thre in eps:
        nosi_test = copy.deepcopy(nosi_test_01)
        nosi_test['epsilon'] = thre
        nosi_tests.append(nosi_test)


    for mol_conf in mol_configs:
        print(f"Molecule {mol_conf['name']}: ")
        mol_results, ref_energy, las_energy = batch_test(mol_conf, nosi_tests)
        
        print(f"CASCI energy: {ref_energy:.17f}")
        print(f"LASSCF energy: {las_energy:.17f}")
        for result in mol_results:
            print(f"Total excitations: {len(result['all_g'])}")
            print(f"Selected excitations: {len(result['g_sel'])}")
            
            # print(f"NN excitations: {result['excitation_count_nn']}")

            if 'las_uscc_eng' in result:
                print(f"LAS-USCCSD-VQE energy: {result['las_uscc_eng']:.17f}")
            if 'las_uscc_noci_eng' in result:
                print(f"LAS-USCCSD-NOSI energy: {result['las_uscc_noci_eng']:.17f}")
            if 'las_uscc_noci_vec' in result:
                print("NOSI vector: ", result['las_uscc_noci_vec'])
            if 'min_ci_eng' in result:
                print(f"Minimum State energy: {result['min_ci_eng']:.17f}")
            if 'g_sel' in result:
                print("Selected gradients:\n", result['g_sel'])
            if 'amps' in result:
                print("Amplitudes:\n", result['amps'])
            print("\n")
        
        print("\n\n")
#INFO: ******************** input file end ********************


System: uname_result(system='Linux', node='midway3-0555.rcc.local', release='4.18.0-305.3.1.el8.x86_64', version='#1 SMP Tue Jun 1 16:14:33 UTC 2021', machine='x86_64')  Threads 16
Python 3.9.19 | packaged by conda-forge | (main, Mar 20 2024, 12:50:21) 
[GCC 12.3.0]
numpy 2.0.2  scipy 1.13.1  h5py 3.14.0
Date: Tue Nov  4 16:07:26 2025
PySCF version 2.9.0
PySCF path  /home/tuy/repo/.venv/lib/python3.9/site-packages/pyscf
mrh path  /home/tuy/repo/mrh
GIT ORIG_HEAD b98c29c0816fd226852111a125e579215dc0ac5e
GIT HEAD (branch master) b49e04f5f5ffc1c27967a615ccab8ecdf1806538

[CONFIG] conf_file None
[INPUT] verbose = 4
[INPUT] num. atoms = 4
[INPUT] num. electrons = 4
[INPUT] charge = 0
[INPUT] spin (= nelec alpha-beta = 2S) = 0
[INPUT] symmetry False subgroup None
[INPUT] Mole.unit = angstrom
[INPUT] Symbol           X                Y                Z      unit          X                Y                Z       unit  Magmom
[INPUT]  1 H      0.000000000000   0.000000000000   0.000000000000 AA    0.000000000000   0.000000000000   0.000000000000 Bohr   0.0
[INPUT]  2 H      1.000000000000   0.000000000000   0.000000000000 AA    1.889726124565   0.000000000000   0.000000000000 Bohr   0.0
[INPUT]  3 H      0.273746762116   2.195450598147   0.100000000000 AA    0.517306407886   4.148800350510   0.188972612457 Bohr   0.0
[INPUT]  4 H      1.232912762116   1.895450598147  -0.100000000000 AA    2.329867455880   3.581882513141  -0.188972612457 Bohr   0.0

nuclear repulsion = 2.023684011863
number of shells = 4
number of NR pGTOs = 12
number of NR cGTOs = 4
basis = sto-3g
ecp = {}
CPU time:         2.58


******** <class 'pyscf.scf.hf.RHF'> ********
method = RHF
initial guess = minao
damping factor = 0
level_shift factor = 0
DIIS = <class 'pyscf.scf.diis.CDIIS'>
diis_start_cycle = 1
diis_space = 8
diis_damp = 0
SCF conv_tol = 1e-09
SCF conv_tol_grad = None
SCF max_cycles = 50
direct_scf = True
direct_scf_tol = 1e-13
chkfile to save SCF result = /scratch/local/jobs/39161356/tmp532zo_id
max_memory 4000 MB (current use 93 MB)
Set gradient conv threshold to 3.16228e-05
Initial guess from minao.
init E= -1.40744620100893
  HOMO = -0.314464427824685  LUMO = 0.288293020083207
cycle= 1 E= -2.10962276943247  delta_E= -0.702  |g|= 0.0119  |ddm|= 1.33
  HOMO = -0.42522991698265  LUMO = 0.398613236269489
cycle= 2 E= -2.10971502625417  delta_E= -9.23e-05  |g|= 0.00292  |ddm|= 0.0224
  HOMO = -0.425305266351521  LUMO = 0.398844883602507
cycle= 3 E= -2.10972127462277  delta_E= -6.25e-06  |g|= 0.000303  |ddm|= 0.00625
  HOMO = -0.425330163808313  LUMO = 0.398840022054193
cycle= 4 E= -2.10972134123365  delta_E= -6.66e-08  |g|= 3.83e-06  |ddm|= 0.000741
  HOMO = -0.425329700493886  LUMO = 0.398839876342736
cycle= 5 E= -2.10972134124433  delta_E= -1.07e-11  |g|= 6.45e-08  |ddm|= 9.22e-06
  HOMO = -0.425329801658021  LUMO = 0.39883993147477
Extra cycle  E= -2.10972134124433  delta_E= -2.66e-15  |g|= 9.4e-09  |ddm|= 1.01e-07
converged SCF energy = -2.10972134124433

******** LASSCF flags ********
CAS (2e+2e, 4o), ncore = 0, nvir = 0
Divided into 2 LAS spaces
LAS 0 : (1e+1e, 2o)
LAS 1 : (1e+1e, 2o)
nroots = 1
max_cycle_macro = 50
max_cycle_micro = 5
conv_tol_grad = 0.0001
max_memory 4000 MB (current use 149 MB)
fragment 0 FCI solver flags:
******** <class 'mrh.my_pyscf.mcscf.addons.get_h1e_zipped_fcisolver.<locals>.FCISolver'> ********
max. cycles = 100
conv_tol = 1e-10
davidson only = False
linear dependence = 1e-14
level shift = 0.001
max iter space = 12
max_memory 4000 MB
nroots = 1
pspace_size = 200
spin = 0
State-average over 1 states with weights [1.0]
fragment 1 FCI solver flags:
******** <class 'mrh.my_pyscf.mcscf.addons.get_h1e_zipped_fcisolver.<locals>.FCISolver'> ********
max. cycles = 100
conv_tol = 1e-10
davidson only = False
linear dependence = 1e-14
level shift = 0.001
max iter space = 12
max_memory 4000 MB
nroots = 1
pspace_size = 200
spin = 0
State-average over 1 states with weights [1.0]
LASCI subspace 0 with no orbsym information
LASCI subspace 1 with no orbsym information
LASCI subspace CI energies: [np.float64(-1.6239327807887585), np.float64(-1.6058997326817737)]
LASCI macro 0 : E = -2.18133051290998 ; |g_int| = 0.0403568085697487 ; |g_ci| = 0.000245435861317755 ; |g_x| = 0
LASCI micro 1 : |x_orb| = 0.0275574406993482 ; |x_ci| = 0.00188872395434629
LASCI micro 2 : |x_orb| = 0.028541601826592 ; |x_ci| = 0.000545072968587402
LASCI micro 3 : |x_orb| = 0.0285482363447307 ; |x_ci| = 0.000437758971181497
LASCI micro 4 : |x_orb| = 0.0285498252774763 ; |x_ci| = 0.000423780048795046
LASCI subspace 0 with no orbsym information
LASCI subspace 1 with no orbsym information
LASCI subspace CI energies: [np.float64(-1.6251031589908758), np.float64(-1.606467591747005)]
LASCI macro 1 : E = -2.18219244988798 ; |g_int| = 0.0201808284303676 ; |g_ci| = 5.66897889240907e-07 ; |g_x| = 0
LASCI micro 1 : |x_orb| = 0.014011620036278 ; |x_ci| = 0.000643852607143502
LASCI micro 2 : |x_orb| = 0.0142520340019701 ; |x_ci| = 0.000236734589973352
LASCI micro 3 : |x_orb| = 0.0142744002368876 ; |x_ci| = 0.000254186107320735
LASCI subspace 0 with no orbsym information
LASCI subspace 1 with no orbsym information
LASCI subspace CI energies: [np.float64(-1.625217887857431), np.float64(-1.6062939023903746)]
LASCI macro 2 : E = -2.18240796578298 ; |g_int| = 0.0100921830987225 ; |g_ci| = 1.49939698254616e-06 ; |g_x| = 0
LASCI micro 1 : |x_orb| = 0.00701084258973719 ; |x_ci| = 0.00032019680061115
LASCI micro 2 : |x_orb| = 0.00712778907733825 ; |x_ci| = 0.000120018130659821
LASCI micro 3 : |x_orb| = 0.00713925219882537 ; |x_ci| = 0.000126687842581831
LASCI subspace 0 with no orbsym information
LASCI subspace 1 with no orbsym information
LASCI subspace CI energies: [np.float64(-1.625228295947535), np.float64(-1.606160123473667)]
LASCI macro 3 : E = -2.18246186650179 ; |g_int| = 0.00504720043178557 ; |g_ci| = 7.83566764648718e-07 ; |g_x| = 0
LASCI micro 1 : |x_orb| = 0.00350784212943012 ; |x_ci| = 0.000159186209084273
LASCI micro 2 : |x_orb| = 0.00356540538655032 ; |x_ci| = 5.98603124965449e-05
LASCI micro 3 : |x_orb| = 0.00357110505299781 ; |x_ci| = 6.31184219965084e-05
LASCI subspace 0 with no orbsym information
LASCI subspace 1 with no orbsym information
LASCI subspace CI energies: [np.float64(-1.625221773527371), np.float64(-1.6060813103837266)]
LASCI macro 4 : E = -2.18247534895077 ; |g_int| = 0.00252414294124276 ; |g_ci| = 3.94461963338493e-07 ; |g_x| = 0
LASCI micro 1 : |x_orb| = 0.00175480900516889 ; |x_ci| = 7.94273478887182e-05
LASCI micro 2 : |x_orb| = 0.00178342402671932 ; |x_ci| = 2.98952823885866e-05
LASCI subspace 0 with no orbsym information
LASCI subspace 1 with no orbsym information
LASCI subspace CI energies: [np.float64(-1.625216098015924), np.float64(-1.606040226015191)]
LASCI macro 5 : E = -2.18247871759886 ; |g_int| = 0.00126441824702255 ; |g_ci| = 3.56773869078714e-06 ; |g_x| = 0
LASCI micro 1 : |x_orb| = 0.000879653302237344 ; |x_ci| = 4.02260328287908e-05
LASCI micro 2 : |x_orb| = 0.000893500940024185 ; |x_ci| = 1.60286184549549e-05
LASCI subspace 0 with no orbsym information
LASCI subspace 1 with no orbsym information
LASCI subspace CI energies: [np.float64(-1.6252116624940534), np.float64(-1.6060173662829844)]
LASCI macro 6 : E = -2.18247956293601 ; |g_int| = 0.000633336354881371 ; |g_ci| = 1.68858248927908e-06 ; |g_x| = 0
LASCI micro 1 : |x_orb| = 0.000439540919073556 ; |x_ci| = 2.21307588721865e-05
LASCI subspace 0 with no orbsym information
LASCI subspace 1 with no orbsym information
LASCI subspace CI energies: [np.float64(-1.625209872238624), np.float64(-1.6060065430581993)]
LASCI macro 7 : E = -2.1824797724709 ; |g_int| = 0.000322927312231553 ; |g_ci| = 1.78773911802038e-06 ; |g_x| = 0
LASCI subspace 0 with no orbsym information
LASCI subspace 1 with no orbsym information
LASCI subspace CI energies: [np.float64(-1.6252092204963149), np.float64(-1.6060013509984132)]
LASCI macro 8 : E = -2.18247981745397 ; |g_int| = 0.000201402072758426 ; |g_ci| = 3.56482048820342e-07 ; |g_x| = 0
LASCI subspace 0 with no orbsym information
LASCI subspace 1 with no orbsym information
LASCI subspace CI energies: [np.float64(-1.6252088523810315), np.float64(-1.6059985421179153)]
LASCI macro 9 : E = -2.18247983494992 ; |g_int| = 0.000125612929957155 ; |g_ci| = 1.72438147565187e-07 ; |g_x| = 0
LASCI subspace 0 with no orbsym information
LASCI subspace 1 with no orbsym information
LASCI subspace CI energies: [np.float64(-1.6252085346562133), np.float64(-1.605996791746432)]
LASCI macro 10 : E = -2.18247984175523 ; |g_int| = 7.83418863795834e-05 ; |g_ci| = 8.82864917020201e-08 ; |g_x| = 0
LASCI converged after 11 cycles
LASCI E = -2.18247984175523 ; |g_int| = 7.83418863795834e-05 ; |g_ci| = 8.82864917020201e-08 ; |g_ext| = 0
Fragment 0 natural orbitals
Natural occ [1.93789483 0.06210517]
Natural orbital (expansion on AOs) in CAS space
               #1        #2       
0 H 1s          -0.58081  -0.99622
1 H 1s          -0.58130   1.00167
2 H 1s           0.04397   0.01710
3 H 1s           0.02575  -0.05850
Fragment 1 natural orbitals
Natural occ [1.93263707 0.06736293]
Natural orbital (expansion on AOs) in CAS space
               #1        #2       
0 H 1s           0.04424   0.00911
1 H 1s           0.02974  -0.06088
2 H 1s          -0.58434  -0.98161
3 H 1s          -0.58385   0.98841
LASCI energy = -2.18247984175523

******** CASCI flags ********
CAS (2e+2e, 4o), ncore = 0, nvir = 0
natorb = False
canonicalization = True
sorting_mo_energy = False
max_memory 4000 (MB)
******** <class 'pyscf.fci.direct_spin1.FCISolver'> ********
max. cycles = 200
conv_tol = 1e-08
davidson only = False
linear dependence = 1e-12
level shift = 0.001
max iter space = 12
max_memory 4000 MB
nroots = 1
pspace_size = 400
spin = None
Density matrix diagonal elements [1.93651834 0.06348416 1.9312664  0.0687311 ]
CASCI converged
CASCI E = -2.18344705489128  E(CI) = -4.20713106675428  S^2 = 0.0000000

******** CASCI flags ********
CAS (2e+2e, 4o), ncore = 0, nvir = 0
natorb = False
canonicalization = True
sorting_mo_energy = False
max_memory 4000 (MB)
******** <class 'mrh.exploratory.unitary_cc.lasuccsd.FCISolver_USCC'> ********
max. cycles = 100
conv_tol = 1e-10
davidson only = False
linear dependence = 1e-14
level shift = 0.001
max iter space = 12
max_memory 4000 MB
nroots = 1
pspace_size = 400
spin = None
LASCI object has 13 degrees of freedom
iteration 0, E = -2.183422, |x| = 2.634475e-02, |g| = 3.288425e-03
iteration 1, E = -2.183425, |x| = 2.670933e-02, |g| = 2.477787e-03
iteration 2, E = -2.183426, |x| = 2.662753e-02, |g| = 1.111270e-03
iteration 3, E = -2.183426, |x| = 2.655521e-02, |g| = 2.300444e-04
iteration 4, E = -2.183426, |x| = 2.658034e-02, |g| = 7.655431e-05
iteration 5, E = -2.183426, |x| = 2.658042e-02, |g| = 2.146141e-05
iteration 6, E = -2.183426, |x| = 2.657802e-02, |g| = 8.895295e-06
iteration 7, E = -2.183426, |x| = 2.657820e-02, |g| = 6.452616e-06
iteration 8, E = -2.183426, |x| = 2.657845e-02, |g| = 9.501980e-07
Fragment 0 local quantum numbers
<N>,<Sz>,<S^2> = 2.000002, 0.000000, 0.000258
Fragment 1 local quantum numbers
<N>,<Sz>,<S^2> = 1.999998, -0.000000, 0.000258
Whole system quantum numbers
<N>,<Sz>,<S^2> = 4.000000, 0.000000, 0.000016
Density matrix diagonal elements [1.93722909 0.06277275 1.93198185 0.06801631]
CASCI converged
CASCI E = -2.18342595282445  E(CI) = -4.20710996468745  S^2 = 0.0000160
