	Command being timed: "python h4_randamp.py 0.1"
	User time (seconds): 3427.50
	System time (seconds): 59.17
	Percent of CPU this job got: 2226%
	Elapsed (wall clock) time (h:mm:ss or m:ss): 2:36.59
	Average shared text size (kbytes): 0
	Average unshared data size (kbytes): 0
	Average stack size (kbytes): 0
	Average total size (kbytes): 0
	Maximum resident set size (kbytes): 160536
	Average resident set size (kbytes): 0
	Major (requiring I/O) page faults: 0
	Minor (reclaiming a frame) page faults: 77445
	Voluntary context switches: 216612
	Involuntary context switches: 24755220
	Swaps: 0
	File system inputs: 0
	File system outputs: 304
	Socket messages sent: 0
	Socket messages received: 0
	Signals delivered: 0
	Page size (bytes): 4096
	Exit status: 0
	Command being timed: "python h4_randamp.py 0.5"
	User time (seconds): 3347.65
	System time (seconds): 55.85
	Percent of CPU this job got: 2222%
	Elapsed (wall clock) time (h:mm:ss or m:ss): 2:33.17
	Average shared text size (kbytes): 0
	Average unshared data size (kbytes): 0
	Average stack size (kbytes): 0
	Average total size (kbytes): 0
	Maximum resident set size (kbytes): 168448
	Average resident set size (kbytes): 0
	Major (requiring I/O) page faults: 0
	Minor (reclaiming a frame) page faults: 73048
	Voluntary context switches: 221467
	Involuntary context switches: 27120337
	Swaps: 0
	File system inputs: 0
	File system outputs: 304
	Socket messages sent: 0
	Socket messages received: 0
	Signals delivered: 0
	Page size (bytes): 4096
	Exit status: 0
	Command being timed: "python h4_randamp.py 1"
	User time (seconds): 3371.11
	System time (seconds): 56.66
	Percent of CPU this job got: 2225%
	Elapsed (wall clock) time (h:mm:ss or m:ss): 2:34.01
	Average shared text size (kbytes): 0
	Average unshared data size (kbytes): 0
	Average stack size (kbytes): 0
	Average total size (kbytes): 0
	Maximum resident set size (kbytes): 160384
	Average resident set size (kbytes): 0
	Major (requiring I/O) page faults: 0
	Minor (reclaiming a frame) page faults: 76644
	Voluntary context switches: 219394
	Involuntary context switches: 25470654
	Swaps: 0
	File system inputs: 0
	File system outputs: 320
	Socket messages sent: 0
	Socket messages received: 0
	Signals delivered: 0
	Page size (bytes): 4096
	Exit status: 0
	Command being timed: "python h4_randamp.py 2"
	User time (seconds): 3195.55
	System time (seconds): 55.02
	Percent of CPU this job got: 2227%
	Elapsed (wall clock) time (h:mm:ss or m:ss): 2:25.92
	Average shared text size (kbytes): 0
	Average unshared data size (kbytes): 0
	Average stack size (kbytes): 0
	Average total size (kbytes): 0
	Maximum resident set size (kbytes): 173192
	Average resident set size (kbytes): 0
	Major (requiring I/O) page faults: 0
	Minor (reclaiming a frame) page faults: 76183
	Voluntary context switches: 204869
	Involuntary context switches: 25836558
	Swaps: 0
	File system inputs: 0
	File system outputs: 320
	Socket messages sent: 0
	Socket messages received: 0
	Signals delivered: 0
	Page size (bytes): 4096
	Exit status: 0
	Command being timed: "python h4_randamp.py 4"
	User time (seconds): 3363.04
	System time (seconds): 56.45
	Percent of CPU this job got: 2235%
	Elapsed (wall clock) time (h:mm:ss or m:ss): 2:32.93
	Average shared text size (kbytes): 0
	Average unshared data size (kbytes): 0
	Average stack size (kbytes): 0
	Average total size (kbytes): 0
	Maximum resident set size (kbytes): 168668
	Average resident set size (kbytes): 0
	Major (requiring I/O) page faults: 0
	Minor (reclaiming a frame) page faults: 77152
	Voluntary context switches: 217538
	Involuntary context switches: 24748882
	Swaps: 0
	File system inputs: 0
	File system outputs: 360
	Socket messages sent: 0
	Socket messages received: 0
	Signals delivered: 0
	Page size (bytes): 4096
	Exit status: 0
