	Command being timed: "python h4.py 0.01"
	User time (seconds): 3109.19
	System time (seconds): 45.47
	Percent of CPU this job got: 2207%
	Elapsed (wall clock) time (h:mm:ss or m:ss): 2:22.87
	Average shared text size (kbytes): 0
	Average unshared data size (kbytes): 0
	Average stack size (kbytes): 0
	Average total size (kbytes): 0
	Maximum resident set size (kbytes): 176832
	Average resident set size (kbytes): 0
	Major (requiring I/O) page faults: 0
	Minor (reclaiming a frame) page faults: 70855
	Voluntary context switches: 221675
	Involuntary context switches: 33162747
	Swaps: 0
	File system inputs: 0
	File system outputs: 160
	Socket messages sent: 0
	Socket messages received: 0
	Signals delivered: 0
	Page size (bytes): 4096
	Exit status: 0
	Command being timed: "python h4.py 0.05"
	User time (seconds): 3243.32
	System time (seconds): 47.39
	Percent of CPU this job got: 2217%
	Elapsed (wall clock) time (h:mm:ss or m:ss): 2:28.36
	Average shared text size (kbytes): 0
	Average unshared data size (kbytes): 0
	Average stack size (kbytes): 0
	Average total size (kbytes): 0
	Maximum resident set size (kbytes): 174324
	Average resident set size (kbytes): 0
	Major (requiring I/O) page faults: 0
	Minor (reclaiming a frame) page faults: 75630
	Voluntary context switches: 232459
	Involuntary context switches: 34775968
	Swaps: 0
	File system inputs: 0
	File system outputs: 160
	Socket messages sent: 0
	Socket messages received: 0
	Signals delivered: 0
	Page size (bytes): 4096
	Exit status: 0
	Command being timed: "python h4.py 0.1"
	User time (seconds): 3143.92
	System time (seconds): 46.45
	Percent of CPU this job got: 2218%
	Elapsed (wall clock) time (h:mm:ss or m:ss): 2:23.78
	Average shared text size (kbytes): 0
	Average unshared data size (kbytes): 0
	Average stack size (kbytes): 0
	Average total size (kbytes): 0
	Maximum resident set size (kbytes): 166516
	Average resident set size (kbytes): 0
	Major (requiring I/O) page faults: 0
	Minor (reclaiming a frame) page faults: 75460
	Voluntary context switches: 225609
	Involuntary context switches: 35016224
	Swaps: 0
	File system inputs: 0
	File system outputs: 160
	Socket messages sent: 0
	Socket messages received: 0
	Signals delivered: 0
	Page size (bytes): 4096
	Exit status: 0
	Command being timed: "python h4.py 0.25"
	User time (seconds): 3262.16
	System time (seconds): 48.58
	Percent of CPU this job got: 2231%
	Elapsed (wall clock) time (h:mm:ss or m:ss): 2:28.38
	Average shared text size (kbytes): 0
	Average unshared data size (kbytes): 0
	Average stack size (kbytes): 0
	Average total size (kbytes): 0
	Maximum resident set size (kbytes): 162612
	Average resident set size (kbytes): 0
	Major (requiring I/O) page faults: 0
	Minor (reclaiming a frame) page faults: 72317
	Voluntary context switches: 233457
	Involuntary context switches: 34828074
	Swaps: 0
	File system inputs: 0
	File system outputs: 160
	Socket messages sent: 0
	Socket messages received: 0
	Signals delivered: 0
	Page size (bytes): 4096
	Exit status: 0
	Command being timed: "python h4.py 0.5"
	User time (seconds): 3064.42
	System time (seconds): 45.59
	Percent of CPU this job got: 2223%
	Elapsed (wall clock) time (h:mm:ss or m:ss): 2:19.89
	Average shared text size (kbytes): 0
	Average unshared data size (kbytes): 0
	Average stack size (kbytes): 0
	Average total size (kbytes): 0
	Maximum resident set size (kbytes): 174344
	Average resident set size (kbytes): 0
	Major (requiring I/O) page faults: 0
	Minor (reclaiming a frame) page faults: 70474
	Voluntary context switches: 220369
	Involuntary context switches: 31647372
	Swaps: 0
	File system inputs: 0
	File system outputs: 160
	Socket messages sent: 0
	Socket messages received: 0
	Signals delivered: 0
	Page size (bytes): 4096
	Exit status: 0
	Command being timed: "python h4.py 1.0"
	User time (seconds): 3069.84
	System time (seconds): 45.39
	Percent of CPU this job got: 2234%
	Elapsed (wall clock) time (h:mm:ss or m:ss): 2:19.43
	Average shared text size (kbytes): 0
	Average unshared data size (kbytes): 0
	Average stack size (kbytes): 0
	Average total size (kbytes): 0
	Maximum resident set size (kbytes): 173300
	Average resident set size (kbytes): 0
	Major (requiring I/O) page faults: 0
	Minor (reclaiming a frame) page faults: 74660
	Voluntary context switches: 216950
	Involuntary context switches: 31578004
	Swaps: 0
	File system inputs: 0
	File system outputs: 160
	Socket messages sent: 0
	Socket messages received: 0
	Signals delivered: 0
	Page size (bytes): 4096
	Exit status: 0
	Command being timed: "python h4.py 2.0"
	User time (seconds): 3297.92
	System time (seconds): 48.94
	Percent of CPU this job got: 2227%
	Elapsed (wall clock) time (h:mm:ss or m:ss): 2:30.24
	Average shared text size (kbytes): 0
	Average unshared data size (kbytes): 0
	Average stack size (kbytes): 0
	Average total size (kbytes): 0
	Maximum resident set size (kbytes): 170928
	Average resident set size (kbytes): 0
	Major (requiring I/O) page faults: 0
	Minor (reclaiming a frame) page faults: 77197
	Voluntary context switches: 237806
	Involuntary context switches: 36295230
	Swaps: 0
	File system inputs: 0
	File system outputs: 160
	Socket messages sent: 0
	Socket messages received: 0
	Signals delivered: 0
	Page size (bytes): 4096
	Exit status: 0
