	Command being timed: "python h4.py -0.01"
	User time (seconds): 3364.31
	System time (seconds): 68.06
	Percent of CPU this job got: 2096%
	Elapsed (wall clock) time (h:mm:ss or m:ss): 2:43.72
	Average shared text size (kbytes): 0
	Average unshared data size (kbytes): 0
	Average stack size (kbytes): 0
	Average total size (kbytes): 0
	Maximum resident set size (kbytes): 164988
	Average resident set size (kbytes): 0
	Major (requiring I/O) page faults: 0
	Minor (reclaiming a frame) page faults: 77494
	Voluntary context switches: 185818
	Involuntary context switches: 20604348
	Swaps: 0
	File system inputs: 0
	File system outputs: 272
	Socket messages sent: 0
	Socket messages received: 0
	Signals delivered: 0
	Page size (bytes): 4096
	Exit status: 0
	Command being timed: "python h4.py -0.05"
	User time (seconds): 3384.70
	System time (seconds): 68.34
	Percent of CPU this job got: 2212%
	Elapsed (wall clock) time (h:mm:ss or m:ss): 2:36.04
	Average shared text size (kbytes): 0
	Average unshared data size (kbytes): 0
	Average stack size (kbytes): 0
	Average total size (kbytes): 0
	Maximum resident set size (kbytes): 165020
	Average resident set size (kbytes): 0
	Major (requiring I/O) page faults: 0
	Minor (reclaiming a frame) page faults: 75337
	Voluntary context switches: 181380
	Involuntary context switches: 21311230
	Swaps: 0
	File system inputs: 0
	File system outputs: 160
	Socket messages sent: 0
	Socket messages received: 0
	Signals delivered: 0
	Page size (bytes): 4096
	Exit status: 0
	Command being timed: "python h4.py -0.1"
	User time (seconds): 3371.28
	System time (seconds): 68.29
	Percent of CPU this job got: 2235%
	Elapsed (wall clock) time (h:mm:ss or m:ss): 2:33.85
	Average shared text size (kbytes): 0
	Average unshared data size (kbytes): 0
	Average stack size (kbytes): 0
	Average total size (kbytes): 0
	Maximum resident set size (kbytes): 172648
	Average resident set size (kbytes): 0
	Major (requiring I/O) page faults: 0
	Minor (reclaiming a frame) page faults: 76573
	Voluntary context switches: 184471
	Involuntary context switches: 23098280
	Swaps: 0
	File system inputs: 0
	File system outputs: 208
	Socket messages sent: 0
	Socket messages received: 0
	Signals delivered: 0
	Page size (bytes): 4096
	Exit status: 0
	Command being timed: "python h4.py -0.25"
	User time (seconds): 3284.62
	System time (seconds): 66.05
	Percent of CPU this job got: 2226%
	Elapsed (wall clock) time (h:mm:ss or m:ss): 2:30.51
	Average shared text size (kbytes): 0
	Average unshared data size (kbytes): 0
	Average stack size (kbytes): 0
	Average total size (kbytes): 0
	Maximum resident set size (kbytes): 168480
	Average resident set size (kbytes): 0
	Major (requiring I/O) page faults: 0
	Minor (reclaiming a frame) page faults: 75942
	Voluntary context switches: 175050
	Involuntary context switches: 20752119
	Swaps: 0
	File system inputs: 0
	File system outputs: 304
	Socket messages sent: 0
	Socket messages received: 0
	Signals delivered: 0
	Page size (bytes): 4096
	Exit status: 0
	Command being timed: "python h4.py -0.5"
	User time (seconds): 3446.37
	System time (seconds): 68.71
	Percent of CPU this job got: 2220%
	Elapsed (wall clock) time (h:mm:ss or m:ss): 2:38.27
	Average shared text size (kbytes): 0
	Average unshared data size (kbytes): 0
	Average stack size (kbytes): 0
	Average total size (kbytes): 0
	Maximum resident set size (kbytes): 164712
	Average resident set size (kbytes): 0
	Major (requiring I/O) page faults: 0
	Minor (reclaiming a frame) page faults: 79219
	Voluntary context switches: 184658
	Involuntary context switches: 21040284
	Swaps: 0
	File system inputs: 0
	File system outputs: 160
	Socket messages sent: 0
	Socket messages received: 0
	Signals delivered: 0
	Page size (bytes): 4096
	Exit status: 0
	Command being timed: "python h4.py -1.0"
	User time (seconds): 3377.75
	System time (seconds): 67.62
	Percent of CPU this job got: 2228%
	Elapsed (wall clock) time (h:mm:ss or m:ss): 2:34.58
	Average shared text size (kbytes): 0
	Average unshared data size (kbytes): 0
	Average stack size (kbytes): 0
	Average total size (kbytes): 0
	Maximum resident set size (kbytes): 164520
	Average resident set size (kbytes): 0
	Major (requiring I/O) page faults: 0
	Minor (reclaiming a frame) page faults: 78406
	Voluntary context switches: 177375
	Involuntary context switches: 20647577
	Swaps: 0
	File system inputs: 0
	File system outputs: 216
	Socket messages sent: 0
	Socket messages received: 0
	Signals delivered: 0
	Page size (bytes): 4096
	Exit status: 0
	Command being timed: "python h4.py -2.0"
	User time (seconds): 3318.80
	System time (seconds): 66.98
	Percent of CPU this job got: 2233%
	Elapsed (wall clock) time (h:mm:ss or m:ss): 2:31.59
	Average shared text size (kbytes): 0
	Average unshared data size (kbytes): 0
	Average stack size (kbytes): 0
	Average total size (kbytes): 0
	Maximum resident set size (kbytes): 162504
	Average resident set size (kbytes): 0
	Major (requiring I/O) page faults: 0
	Minor (reclaiming a frame) page faults: 76439
	Voluntary context switches: 182312
	Involuntary context switches: 22682935
	Swaps: 0
	File system inputs: 0
	File system outputs: 160
	Socket messages sent: 0
	Socket messages received: 0
	Signals delivered: 0
	Page size (bytes): 4096
	Exit status: 0
