	Command being timed: "python h4_gradportion_amps.py 0.5"
	User time (seconds): 3395.69
	System time (seconds): 57.55
	Percent of CPU this job got: 2218%
	Elapsed (wall clock) time (h:mm:ss or m:ss): 2:35.64
	Average shared text size (kbytes): 0
	Average unshared data size (kbytes): 0
	Average stack size (kbytes): 0
	Average total size (kbytes): 0
	Maximum resident set size (kbytes): 162620
	Average resident set size (kbytes): 0
	Major (requiring I/O) page faults: 0
	Minor (reclaiming a frame) page faults: 76449
	Voluntary context switches: 223485
	Involuntary context switches: 28132631
	Swaps: 0
	File system inputs: 0
	File system outputs: 384
	Socket messages sent: 0
	Socket messages received: 0
	Signals delivered: 0
	Page size (bytes): 4096
	Exit status: 0
	Command being timed: "python h4_gradportion_amps.py 1"
	User time (seconds): 3321.75
	System time (seconds): 56.68
	Percent of CPU this job got: 2226%
	Elapsed (wall clock) time (h:mm:ss or m:ss): 2:31.72
	Average shared text size (kbytes): 0
	Average unshared data size (kbytes): 0
	Average stack size (kbytes): 0
	Average total size (kbytes): 0
	Maximum resident set size (kbytes): 164384
	Average resident set size (kbytes): 0
	Major (requiring I/O) page faults: 0
	Minor (reclaiming a frame) page faults: 76488
	Voluntary context switches: 213859
	Involuntary context switches: 27308227
	Swaps: 0
	File system inputs: 0
	File system outputs: 296
	Socket messages sent: 0
	Socket messages received: 0
	Signals delivered: 0
	Page size (bytes): 4096
	Exit status: 0
	Command being timed: "python h4_gradportion_amps.py 2"
	User time (seconds): 3559.53
	System time (seconds): 60.05
	Percent of CPU this job got: 2214%
	Elapsed (wall clock) time (h:mm:ss or m:ss): 2:43.47
	Average shared text size (kbytes): 0
	Average unshared data size (kbytes): 0
	Average stack size (kbytes): 0
	Average total size (kbytes): 0
	Maximum resident set size (kbytes): 166472
	Average resident set size (kbytes): 0
	Major (requiring I/O) page faults: 0
	Minor (reclaiming a frame) page faults: 71442
	Voluntary context switches: 230798
	Involuntary context switches: 28212943
	Swaps: 0
	File system inputs: 0
	File system outputs: 296
	Socket messages sent: 0
	Socket messages received: 0
	Signals delivered: 0
	Page size (bytes): 4096
	Exit status: 0
	Command being timed: "python h4_gradportion_amps.py 4"
	User time (seconds): 3287.45
	System time (seconds): 55.81
	Percent of CPU this job got: 2239%
	Elapsed (wall clock) time (h:mm:ss or m:ss): 2:29.30
	Average shared text size (kbytes): 0
	Average unshared data size (kbytes): 0
	Average stack size (kbytes): 0
	Average total size (kbytes): 0
	Maximum resident set size (kbytes): 162800
	Average resident set size (kbytes): 0
	Major (requiring I/O) page faults: 0
	Minor (reclaiming a frame) page faults: 76993
	Voluntary context switches: 212658
	Involuntary context switches: 25838236
	Swaps: 0
	File system inputs: 0
	File system outputs: 304
	Socket messages sent: 0
	Socket messages received: 0
	Signals delivered: 0
	Page size (bytes): 4096
	Exit status: 0
	Command being timed: "python h4_gradportion_amps.py -0.5"
	User time (seconds): 3284.94
	System time (seconds): 55.95
	Percent of CPU this job got: 2227%
	Elapsed (wall clock) time (h:mm:ss or m:ss): 2:30.01
	Average shared text size (kbytes): 0
	Average unshared data size (kbytes): 0
	Average stack size (kbytes): 0
	Average total size (kbytes): 0
	Maximum resident set size (kbytes): 164152
	Average resident set size (kbytes): 0
	Major (requiring I/O) page faults: 0
	Minor (reclaiming a frame) page faults: 72121
	Voluntary context switches: 209850
	Involuntary context switches: 24809787
	Swaps: 0
	File system inputs: 0
	File system outputs: 312
	Socket messages sent: 0
	Socket messages received: 0
	Signals delivered: 0
	Page size (bytes): 4096
	Exit status: 0
	Command being timed: "python h4_gradportion_amps.py -1"
	User time (seconds): 3356.66
	System time (seconds): 56.74
	Percent of CPU this job got: 2234%
	Elapsed (wall clock) time (h:mm:ss or m:ss): 2:32.78
	Average shared text size (kbytes): 0
	Average unshared data size (kbytes): 0
	Average stack size (kbytes): 0
	Average total size (kbytes): 0
	Maximum resident set size (kbytes): 174704
	Average resident set size (kbytes): 0
	Major (requiring I/O) page faults: 0
	Minor (reclaiming a frame) page faults: 77299
	Voluntary context switches: 215203
	Involuntary context switches: 25816471
	Swaps: 0
	File system inputs: 0
	File system outputs: 296
	Socket messages sent: 0
	Socket messages received: 0
	Signals delivered: 0
	Page size (bytes): 4096
	Exit status: 0
	Command being timed: "python h4_gradportion_amps.py -2.0"
	User time (seconds): 3479.40
	System time (seconds): 58.64
	Percent of CPU this job got: 2224%
	Elapsed (wall clock) time (h:mm:ss or m:ss): 2:39.02
	Average shared text size (kbytes): 0
	Average unshared data size (kbytes): 0
	Average stack size (kbytes): 0
	Average total size (kbytes): 0
	Maximum resident set size (kbytes): 164684
	Average resident set size (kbytes): 0
	Major (requiring I/O) page faults: 0
	Minor (reclaiming a frame) page faults: 79650
	Voluntary context switches: 223360
	Involuntary context switches: 24065855
	Swaps: 0
	File system inputs: 0
	File system outputs: 296
	Socket messages sent: 0
	Socket messages received: 0
	Signals delivered: 0
	Page size (bytes): 4096
	Exit status: 0
	Command being timed: "python h4_gradportion_amps.py -4.0"
	User time (seconds): 3362.90
	System time (seconds): 58.14
	Percent of CPU this job got: 2227%
	Elapsed (wall clock) time (h:mm:ss or m:ss): 2:33.55
	Average shared text size (kbytes): 0
	Average unshared data size (kbytes): 0
	Average stack size (kbytes): 0
	Average total size (kbytes): 0
	Maximum resident set size (kbytes): 172960
	Average resident set size (kbytes): 0
	Major (requiring I/O) page faults: 0
	Minor (reclaiming a frame) page faults: 77874
	Voluntary context switches: 214054
	Involuntary context switches: 26433284
	Swaps: 0
	File system inputs: 0
	File system outputs: 384
	Socket messages sent: 0
	Socket messages received: 0
	Signals delivered: 0
	Page size (bytes): 4096
	Exit status: 0
