	Command being timed: "python h4.py 0.01"
	User time (seconds): 3549.40
	System time (seconds): 49.47
	Percent of CPU this job got: 2075%
	Elapsed (wall clock) time (h:mm:ss or m:ss): 2:53.39
	Average shared text size (kbytes): 0
	Average unshared data size (kbytes): 0
	Average stack size (kbytes): 0
	Average total size (kbytes): 0
	Maximum resident set size (kbytes): 160580
	Average resident set size (kbytes): 0
	Major (requiring I/O) page faults: 0
	Minor (reclaiming a frame) page faults: 74512
	Voluntary context switches: 295168
	Involuntary context switches: 31810698
	Swaps: 0
	File system inputs: 0
	File system outputs: 160
	Socket messages sent: 0
	Socket messages received: 0
	Signals delivered: 0
	Page size (bytes): 4096
	Exit status: 0
	Command being timed: "python h4.py 0.05"
	User time (seconds): 3629.59
	System time (seconds): 51.41
	Percent of CPU this job got: 2239%
	Elapsed (wall clock) time (h:mm:ss or m:ss): 2:44.38
	Average shared text size (kbytes): 0
	Average unshared data size (kbytes): 0
	Average stack size (kbytes): 0
	Average total size (kbytes): 0
	Maximum resident set size (kbytes): 160484
	Average resident set size (kbytes): 0
	Major (requiring I/O) page faults: 0
	Minor (reclaiming a frame) page faults: 79360
	Voluntary context switches: 297603
	Involuntary context switches: 32880335
	Swaps: 0
	File system inputs: 0
	File system outputs: 160
	Socket messages sent: 0
	Socket messages received: 0
	Signals delivered: 0
	Page size (bytes): 4096
	Exit status: 0
	Command being timed: "python h4.py 0.1"
	User time (seconds): 3414.44
	System time (seconds): 49.10
	Percent of CPU this job got: 2286%
	Elapsed (wall clock) time (h:mm:ss or m:ss): 2:31.47
	Average shared text size (kbytes): 0
	Average unshared data size (kbytes): 0
	Average stack size (kbytes): 0
	Average total size (kbytes): 0
	Maximum resident set size (kbytes): 166800
	Average resident set size (kbytes): 0
	Major (requiring I/O) page faults: 0
	Minor (reclaiming a frame) page faults: 75120
	Voluntary context switches: 282596
	Involuntary context switches: 36576702
	Swaps: 0
	File system inputs: 0
	File system outputs: 160
	Socket messages sent: 0
	Socket messages received: 0
	Signals delivered: 0
	Page size (bytes): 4096
	Exit status: 0
	Command being timed: "python h4.py 0.25"
	User time (seconds): 3349.60
	System time (seconds): 48.93
	Percent of CPU this job got: 2278%
	Elapsed (wall clock) time (h:mm:ss or m:ss): 2:29.15
	Average shared text size (kbytes): 0
	Average unshared data size (kbytes): 0
	Average stack size (kbytes): 0
	Average total size (kbytes): 0
	Maximum resident set size (kbytes): 176288
	Average resident set size (kbytes): 0
	Major (requiring I/O) page faults: 0
	Minor (reclaiming a frame) page faults: 73058
	Voluntary context switches: 275230
	Involuntary context switches: 33292063
	Swaps: 0
	File system inputs: 0
	File system outputs: 160
	Socket messages sent: 0
	Socket messages received: 0
	Signals delivered: 0
	Page size (bytes): 4096
	Exit status: 0
	Command being timed: "python h4.py 0.5"
	User time (seconds): 3056.44
	System time (seconds): 43.36
	Percent of CPU this job got: 2280%
	Elapsed (wall clock) time (h:mm:ss or m:ss): 2:15.92
	Average shared text size (kbytes): 0
	Average unshared data size (kbytes): 0
	Average stack size (kbytes): 0
	Average total size (kbytes): 0
	Maximum resident set size (kbytes): 166492
	Average resident set size (kbytes): 0
	Major (requiring I/O) page faults: 0
	Minor (reclaiming a frame) page faults: 70589
	Voluntary context switches: 248729
	Involuntary context switches: 29051073
	Swaps: 0
	File system inputs: 0
	File system outputs: 160
	Socket messages sent: 0
	Socket messages received: 0
	Signals delivered: 0
	Page size (bytes): 4096
	Exit status: 0
	Command being timed: "python h4.py 1.0"
	User time (seconds): 3284.77
	System time (seconds): 45.66
	Percent of CPU this job got: 2245%
	Elapsed (wall clock) time (h:mm:ss or m:ss): 2:28.34
	Average shared text size (kbytes): 0
	Average unshared data size (kbytes): 0
	Average stack size (kbytes): 0
	Average total size (kbytes): 0
	Maximum resident set size (kbytes): 162460
	Average resident set size (kbytes): 0
	Major (requiring I/O) page faults: 0
	Minor (reclaiming a frame) page faults: 75675
	Voluntary context switches: 263783
	Involuntary context switches: 27004111
	Swaps: 0
	File system inputs: 0
	File system outputs: 160
	Socket messages sent: 0
	Socket messages received: 0
	Signals delivered: 0
	Page size (bytes): 4096
	Exit status: 0
	Command being timed: "python h4.py 2.0"
	User time (seconds): 3596.03
	System time (seconds): 47.89
	Percent of CPU this job got: 2167%
	Elapsed (wall clock) time (h:mm:ss or m:ss): 2:48.14
	Average shared text size (kbytes): 0
	Average unshared data size (kbytes): 0
	Average stack size (kbytes): 0
	Average total size (kbytes): 0
	Maximum resident set size (kbytes): 165656
	Average resident set size (kbytes): 0
	Major (requiring I/O) page faults: 0
	Minor (reclaiming a frame) page faults: 76666
	Voluntary context switches: 296230
	Involuntary context switches: 26785743
	Swaps: 0
	File system inputs: 0
	File system outputs: 160
	Socket messages sent: 0
	Socket messages received: 0
	Signals delivered: 0
	Page size (bytes): 4096
	Exit status: 0
