#INFO: **** input file is /project/lgagliardi/tuy/qchem/las-uscc-noci/tasks/polyene/c6.py ****
# run_tests.py

from qtest.test_base import MyNOQIStudy, MolConfig


with open('../geom/c6.xyz', 'r', encoding='utf-8') as f:
    c6xyz = f.read()

c6 = MolConfig(
    name="C6_631G",
    xyz=c6xyz,
    basis="6-31g",
    ncas=[2, 2, 2],
    nelecas=[2, 2, 2],
    spinsub=[1, 1, 1],
    frag_atom_list=((0, 2), (10, 11), (3, 1)),
    output = "data/c6.out",
)

# Instantiate your test class
job = MyNOQIStudy(c6, AMPLITUDE=1.0, VERBOSE=4)
# Run once the SCF -> LASSCF -> CASCI stack
job.run_scf_stack_once()

# Sweep multiple excitation selections without redoing LAS/CAS
energies = job.run_selection_sweep(
    label_prefix="testscan",
    # epsilons=[0.01, 0.001],
    factors=[0.01, 0.02, 0.03, 0.04],
)

# Print or save results
for label, record in energies.items():
    print(f"\n[{label}]")
    for key, val in record.items():
        print(f"{key:>18s}: {val:.12f}")
#INFO: ******************** input file end ********************


System: uname_result(system='Linux', node='midway3-0562.rcc.local', release='4.18.0-305.3.1.el8.x86_64', version='#1 SMP Tue Jun 1 16:14:33 UTC 2021', machine='x86_64')  Threads 1
Python 3.9.19 | packaged by conda-forge | (main, Mar 20 2024, 12:50:21) 
[GCC 12.3.0]
numpy 2.0.2  scipy 1.13.1  h5py 3.14.0
Date: Wed Nov 12 19:23:18 2025
PySCF version 2.10.0
PySCF path  /project/lgagliardi/tuy/qchem/.venv/lib/python3.9/site-packages/pyscf
mrh path  /project/lgagliardi/tuy/qchem/mrh
GIT HEAD (branch master) be911c8ae3c12e66ecff0b83733a890cec0899cf

[CONFIG] conf_file None
[INPUT] verbose = 4
[INPUT] num. atoms = 14
[INPUT] num. electrons = 44
[INPUT] charge = 0
[INPUT] spin (= nelec alpha-beta = 2S) = 0
[INPUT] symmetry False subgroup None
[INPUT] Mole.unit = angstrom
[INPUT] Symbol           X                Y                Z      unit          X                Y                Z       unit  Magmom
[INPUT]  1 C     -3.075055000000   0.167498000000   0.000000000000 AA   -5.811011767974   0.316525346412   0.000000000000 Bohr   0.0
[INPUT]  2 C      3.075055000000  -0.167498000000   0.000000000000 AA    5.811011767974  -0.316525346412   0.000000000000 Bohr   0.0
[INPUT]  3 C     -1.867388000000  -0.418911000000   0.000000000000 AA   -3.528851888299  -0.791627060568   0.000000000000 Bohr   0.0
[INPUT]  4 C      1.867388000000   0.418911000000   0.000000000000 AA    3.528851888299   0.791627060568   0.000000000000 Bohr   0.0
[INPUT]  5 H     -3.180907000000   1.249260000000   0.000000000000 AA   -6.011043057712   2.360759258374   0.000000000000 Bohr   0.0
[INPUT]  6 H      3.180907000000  -1.249260000000   0.000000000000 AA    6.011043057712  -2.360759258374   0.000000000000 Bohr   0.0
[INPUT]  7 H     -3.991128000000  -0.413469000000   0.000000000000 AA   -7.542138848083  -0.781343170998   0.000000000000 Bohr   0.0
[INPUT]  8 H      3.991128000000   0.413469000000   0.000000000000 AA    7.542138848083   0.781343170998   0.000000000000 Bohr   0.0
[INPUT]  9 H     -1.805249000000  -1.507080000000   0.000000000000 AA   -3.411426196645  -2.847968447810   0.000000000000 Bohr   0.0
[INPUT] 10 H      1.805249000000   1.507080000000   0.000000000000 AA    3.411426196645   2.847968447810   0.000000000000 Bohr   0.0
[INPUT] 11 C     -0.606997000000   0.297372000000   0.000000000000 AA   -1.147058088433   0.561951637114   0.000000000000 Bohr   0.0
[INPUT] 12 C      0.606997000000  -0.297372000000   0.000000000000 AA    1.147058088433  -0.561951637114   0.000000000000 Bohr   0.0
[INPUT] 13 H     -0.661631000000   1.386399000000   0.000000000000 AA   -1.250301385522   2.619914409371   0.000000000000 Bohr   0.0
[INPUT] 14 H      0.661631000000  -1.386399000000   0.000000000000 AA    1.250301385522  -2.619914409371   0.000000000000 Bohr   0.0

nuclear repulsion = 193.715997574267
number of shells = 46
number of NR pGTOs = 164
number of NR cGTOs = 70
basis = 6-31g
ecp = {}
CPU time:         1.85


******** <class 'pyscf.scf.hf.RHF'> ********
method = RHF
initial guess = minao
damping factor = 0
level_shift factor = 0
DIIS = <class 'pyscf.scf.diis.CDIIS'>
diis_start_cycle = 1
diis_space = 8
diis_damp = 0
SCF conv_tol = 1e-09
SCF conv_tol_grad = None
SCF max_cycles = 50
direct_scf = True
direct_scf_tol = 1e-13
chkfile to save SCF result = /scratch/local/jobs/40730771/tmphw12d21y
max_memory 4000 MB (current use 109 MB)
Set gradient conv threshold to 3.16228e-05
Initial guess from minao.
init E= -232.969146505087
  HOMO = -0.190230516625178  LUMO = -0.0138813424796715
cycle= 1 E= -231.666676293639  delta_E=  1.3  |g|= 0.353  |ddm|= 3.27
  HOMO = -0.296605929542122  LUMO = 0.066449538649157
cycle= 2 E= -231.719005507544  delta_E= -0.0523  |g|= 0.099  |ddm|= 0.642
  HOMO = -0.277512429268631  LUMO = 0.0962616969029345
cycle= 3 E= -231.72310601612  delta_E= -0.0041  |g|= 0.04  |ddm|= 0.204
  HOMO = -0.285509970219612  LUMO = 0.0913368017676972
cycle= 4 E= -231.723636587453  delta_E= -0.000531  |g|= 0.00769  |ddm|= 0.0609
  HOMO = -0.286791772508799  LUMO = 0.0912398486242751
cycle= 5 E= -231.723666122656  delta_E= -2.95e-05  |g|= 0.00226  |ddm|= 0.0114
  HOMO = -0.286709634657034  LUMO = 0.0919897175430095
cycle= 6 E= -231.72367039796  delta_E= -4.28e-06  |g|= 0.000428  |ddm|= 0.00516
  HOMO = -0.286842942336337  LUMO = 0.0920806364322904
cycle= 7 E= -231.72367063597  delta_E= -2.38e-07  |g|= 6.23e-05  |ddm|= 0.00142
  HOMO = -0.286857483139925  LUMO = 0.0920853363020558
cycle= 8 E= -231.723670639408  delta_E= -3.44e-09  |g|= 1.47e-05  |ddm|= 0.000198
  HOMO = -0.286860836529111  LUMO = 0.0920840194201224
cycle= 9 E= -231.723670639568  delta_E= -1.59e-10  |g|= 4.49e-06  |ddm|= 4.94e-05
  HOMO = -0.286861163987355  LUMO = 0.0920834645315645
Extra cycle  E= -231.723670639579  delta_E= -1.12e-11  |g|= 1.74e-06  |ddm|= 8.96e-06
converged SCF energy = -231.723670639579

******** LASSCF flags ********
CAS (3e+3e, 6o), ncore = 19, nvir = 45
Divided into 3 LAS spaces
LAS 0 : (1e+1e, 2o)
LAS 1 : (1e+1e, 2o)
LAS 2 : (1e+1e, 2o)
nroots = 1
max_cycle_macro = 50
max_cycle_micro = 5
conv_tol_grad = 0.0001
max_memory 4000 MB (current use 234 MB)
fragment 0 FCI solver flags:
******** <class 'mrh.my_pyscf.mcscf.addons.get_h1e_zipped_fcisolver.<locals>.FCISolver'> ********
max. cycles = 100
conv_tol = 1e-10
davidson only = False
linear dependence = 1e-14
level shift = 0.001
max iter space = 12
max_memory 4000 MB
nroots = 1
pspace_size = 200
spin = 0
State-average over 1 states with weights [1.0]
fragment 1 FCI solver flags:
******** <class 'mrh.my_pyscf.mcscf.addons.get_h1e_zipped_fcisolver.<locals>.FCISolver'> ********
max. cycles = 100
conv_tol = 1e-10
davidson only = False
linear dependence = 1e-14
level shift = 0.001
max iter space = 12
max_memory 4000 MB
nroots = 1
pspace_size = 200
spin = 0
State-average over 1 states with weights [1.0]
fragment 2 FCI solver flags:
******** <class 'mrh.my_pyscf.mcscf.addons.get_h1e_zipped_fcisolver.<locals>.FCISolver'> ********
max. cycles = 100
conv_tol = 1e-10
davidson only = False
linear dependence = 1e-14
level shift = 0.001
max iter space = 12
max_memory 4000 MB
nroots = 1
pspace_size = 200
spin = 0
State-average over 1 states with weights [1.0]
LASCI subspace 0 with no orbsym information
LASCI subspace 1 with no orbsym information
LASCI subspace 2 with no orbsym information
LASCI subspace CI energies: [np.float64(-1.2156654539803549), np.float64(-1.2215592621851052), np.float64(-1.2156607145605105)]
LASCI macro 0 : E = -231.713975337543 ; |g_int| = 0.271675306778065 ; |g_ci| = 0.000307491417279454 ; |g_x| = 0
LASCI micro 1 : |x_orb| = 0.254271363947741 ; |x_ci| = 0.0305486667368719
LASCI micro 2 : |x_orb| = 0.307017200469282 ; |x_ci| = 0.0289791266459552
LASCI micro 3 : |x_orb| = 0.30768084167704 ; |x_ci| = 0.0293447833856464
LASCI micro 4 : |x_orb| = 0.30801074696025 ; |x_ci| = 0.029960268850478
LASCI micro 5 : |x_orb| = 0.308015535059942 ; |x_ci| = 0.0301969030490096
LASCI subspace 0 with no orbsym information
LASCI subspace 1 with no orbsym information
LASCI subspace 2 with no orbsym information
LASCI subspace CI energies: [np.float64(-1.2250631911724539), np.float64(-1.2438699584721091), np.float64(-1.225062829839943)]
LASCI macro 1 : E = -231.770203920213 ; |g_int| = 0.137134752249698 ; |g_ci| = 2.68446084113862e-05 ; |g_x| = 0
LASCI micro 1 : |x_orb| = 0.339519282152622 ; |x_ci| = 0.00978072775130638
LASCI micro 2 : |x_orb| = 0.54297567392341 ; |x_ci| = 0.0495303565980525
LASCI micro 3 : |x_orb| = 0.544534463350894 ; |x_ci| = 0.0509857448875808
LASCI micro 4 : |x_orb| = 0.552352791291536 ; |x_ci| = 0.0476004483111795
LASCI micro 5 : |x_orb| = 0.552525472945084 ; |x_ci| = 0.0480382887945356
LASCI subspace 0 with no orbsym information
LASCI subspace 1 with no orbsym information
LASCI subspace 2 with no orbsym information
LASCI subspace CI energies: [np.float64(-1.2322141035078067), np.float64(-1.2454148254492976), np.float64(-1.232213976349136)]
LASCI macro 2 : E = -231.797212617493 ; |g_int| = 0.0618614753898789 ; |g_ci| = 4.72694582967626e-05 ; |g_x| = 0
LASCI micro 1 : |x_orb| = 0.139168246226745 ; |x_ci| = 0.00782912415572616
LASCI micro 2 : |x_orb| = 0.153393345843374 ; |x_ci| = 0.00430678763698291
LASCI micro 3 : |x_orb| = 0.152158263157284 ; |x_ci| = 0.00529226651305374
LASCI micro 4 : |x_orb| = 0.151995896926903 ; |x_ci| = 0.00485989643193088
LASCI micro 5 : |x_orb| = 0.152252594780317 ; |x_ci| = 0.00478586103949264
LASCI subspace 0 with no orbsym information
LASCI subspace 1 with no orbsym information
LASCI subspace 2 with no orbsym information
LASCI subspace CI energies: [np.float64(-1.2327037447262326), np.float64(-1.2442448989622288), np.float64(-1.2327036937073275)]
LASCI macro 3 : E = -231.801315853493 ; |g_int| = 0.0304034558395631 ; |g_ci| = 1.34801565519307e-05 ; |g_x| = 0
LASCI micro 1 : |x_orb| = 0.0634013238626102 ; |x_ci| = 0.00368522152241436
LASCI micro 2 : |x_orb| = 0.0782794427743607 ; |x_ci| = 0.00359154975299425
LASCI micro 3 : |x_orb| = 0.0778065647786173 ; |x_ci| = 0.00379510431904036
LASCI micro 4 : |x_orb| = 0.0771592557548636 ; |x_ci| = 0.00379124006271655
LASCI micro 5 : |x_orb| = 0.0773534859948816 ; |x_ci| = 0.00375064749124306
LASCI subspace 0 with no orbsym information
LASCI subspace 1 with no orbsym information
LASCI subspace 2 with no orbsym information
LASCI subspace CI energies: [np.float64(-1.232478705919218), np.float64(-1.2427036965395408), np.float64(-1.2324786741646712)]
LASCI macro 4 : E = -231.802343408533 ; |g_int| = 0.0151406005092392 ; |g_ci| = 9.00275559890221e-06 ; |g_x| = 0
LASCI micro 1 : |x_orb| = 0.0313112492040827 ; |x_ci| = 0.00149714247498229
LASCI micro 2 : |x_orb| = 0.0406713919476394 ; |x_ci| = 0.00225015064393641
LASCI micro 3 : |x_orb| = 0.0405622608058233 ; |x_ci| = 0.00228401442380839
LASCI micro 4 : |x_orb| = 0.0399147219923866 ; |x_ci| = 0.0023251392621118
LASCI micro 5 : |x_orb| = 0.0400552448987715 ; |x_ci| = 0.00229983655996799
LASCI subspace 0 with no orbsym information
LASCI subspace 1 with no orbsym information
LASCI subspace 2 with no orbsym information
LASCI subspace CI energies: [np.float64(-1.232211728188974), np.float64(-1.2417887486405779), np.float64(-1.2322117082004183)]
LASCI macro 5 : E = -231.802608872357 ; |g_int| = 0.00759644978850191 ; |g_ci| = 4.87386740945421e-06 ; |g_x| = 0
LASCI micro 1 : |x_orb| = 0.0158348984772783 ; |x_ci| = 0.000631535577018898
LASCI micro 2 : |x_orb| = 0.0210980321559052 ; |x_ci| = 0.00128767236320905
LASCI micro 3 : |x_orb| = 0.0211091039484213 ; |x_ci| = 0.00128499948072164
LASCI micro 4 : |x_orb| = 0.0206221150426555 ; |x_ci| = 0.00131813475106297
LASCI micro 5 : |x_orb| = 0.0207137310627897 ; |x_ci| = 0.00130097625398249
LASCI subspace 0 with no orbsym information
LASCI subspace 1 with no orbsym information
LASCI subspace 2 with no orbsym information
LASCI subspace CI energies: [np.float64(-1.2320136360267036), np.float64(-1.2412996951533348), np.float64(-1.2320136237561656)]
LASCI macro 6 : E = -231.802678173953 ; |g_int| = 0.00383391048100705 ; |g_ci| = 2.39895641944278e-06 ; |g_x| = 0
LASCI micro 1 : |x_orb| = 0.00807635929523708 ; |x_ci| = 0.000279538341641291
LASCI micro 2 : |x_orb| = 0.0109072283236296 ; |x_ci| = 0.000707829306163721
LASCI micro 3 : |x_orb| = 0.0109449531027809 ; |x_ci| = 0.000700442623046896
LASCI micro 4 : |x_orb| = 0.0106221728018531 ; |x_ci| = 0.000720885829630616
LASCI micro 5 : |x_orb| = 0.0106700968711646 ; |x_ci| = 0.00070996849602296
LASCI subspace 0 with no orbsym information
LASCI subspace 1 with no orbsym information
LASCI subspace 2 with no orbsym information
LASCI subspace CI energies: [np.float64(-1.231883016920173), np.float64(-1.241041952987476), np.float64(-1.231883009516523)]
LASCI macro 7 : E = -231.802696364606 ; |g_int| = 0.00194620487616416 ; |g_ci| = 1.12560055047122e-06 ; |g_x| = 0
LASCI micro 1 : |x_orb| = 0.00413875383155011 ; |x_ci| = 0.000128128389194955
LASCI micro 2 : |x_orb| = 0.00563027322005153 ; |x_ci| = 0.000381436864467565
LASCI micro 3 : |x_orb| = 0.00566478385463069 ; |x_ci| = 0.000375831441175323
LASCI micro 4 : |x_orb| = 0.00546491917419434 ; |x_ci| = 0.000387250681541373
LASCI micro 5 : |x_orb| = 0.00548386403985901 ; |x_ci| = 0.000380694331633248
LASCI subspace 0 with no orbsym information
LASCI subspace 1 with no orbsym information
LASCI subspace 2 with no orbsym information
LASCI subspace CI energies: [np.float64(-1.231800439566268), np.float64(-1.240905504787218), np.float64(-1.2318004351250225)]
LASCI macro 8 : E = -231.802701162569 ; |g_int| = 0.000993826511791857 ; |g_ci| = 5.11660132845429e-07 ; |g_x| = 0
LASCI micro 1 : |x_orb| = 0.00213013116232684 ; |x_ci| = 5.97844608108279e-05
LASCI micro 2 : |x_orb| = 0.00290858421054423 ; |x_ci| = 0.000203458303598697
LASCI micro 3 : |x_orb| = 0.00293324706828578 ; |x_ci| = 0.000200099909701895
LASCI micro 4 : |x_orb| = 0.00281463355821837 ; |x_ci| = 0.000206168409883165
LASCI subspace 0 with no orbsym information
LASCI subspace 1 with no orbsym information
LASCI subspace 2 with no orbsym information
LASCI subspace CI energies: [np.float64(-1.2317520362180154), np.float64(-1.2408404666441781), np.float64(-1.2317520327898044)]
LASCI macro 9 : E = -231.80270243199 ; |g_int| = 0.000513996168835998 ; |g_ci| = 8.63553972561978e-07 ; |g_x| = 0
LASCI micro 1 : |x_orb| = 0.00109970265297235 ; |x_ci| = 2.77846581998998e-05
LASCI micro 2 : |x_orb| = 0.00150675719528841 ; |x_ci| = 0.000108360476212384
LASCI subspace 0 with no orbsym information
LASCI subspace 1 with no orbsym information
LASCI subspace 2 with no orbsym information
LASCI subspace CI energies: [np.float64(-1.2317212466625644), np.float64(-1.2407952112537228), np.float64(-1.231721244305144)]
LASCI macro 10 : E = -231.802702771563 ; |g_int| = 0.000272669292974849 ; |g_ci| = 4.5202221474659e-07 ; |g_x| = 0
LASCI micro 1 : |x_orb| = 0.000551118300602526 ; |x_ci| = 1.67471906556045e-05
LASCI micro 2 : |x_orb| = 0.000755669500279793 ; |x_ci| = 5.78000675204825e-05
LASCI subspace 0 with no orbsym information
LASCI subspace 1 with no orbsym information
LASCI subspace 2 with no orbsym information
LASCI subspace CI energies: [np.float64(-1.2317033449229768), np.float64(-1.2407727008021174), np.float64(-1.2317033432885232)]
LASCI macro 11 : E = -231.80270286357 ; |g_int| = 0.000148179240623103 ; |g_ci| = 2.92592193170973e-07 ; |g_x| = 0
LASCI subspace 0 with no orbsym information
LASCI subspace 1 with no orbsym information
LASCI subspace 2 with no orbsym information
LASCI subspace CI energies: [np.float64(-1.2316984134517726), np.float64(-1.2407643130159667), np.float64(-1.2316984124706014)]
LASCI macro 12 : E = -231.802702881685 ; |g_int| = 0.000100272810870021 ; |g_ci| = 8.23222290484876e-08 ; |g_x| = 0
LASCI subspace 0 with no orbsym information
LASCI subspace 1 with no orbsym information
LASCI subspace 2 with no orbsym information
LASCI subspace CI energies: [np.float64(-1.2316946835241418), np.float64(-1.240759422370618), np.float64(-1.2316946828506685)]
LASCI macro 13 : E = -231.802702889877 ; |g_int| = 7.28744423406622e-05 ; |g_ci| = 4.83317177334508e-08 ; |g_x| = 0
LASCI converged after 14 cycles
LASCI E = -231.802702889877 ; |g_int| = 7.28744423406622e-05 ; |g_ci| = 4.83317177334508e-08 ; |g_ext| = 0
Fragment 0 natural orbitals
Natural occ [1.91798187 0.08201813]
Natural orbital (expansion on AOs) in CAS space
               #1        #2       
0 C 1s          -0.00000  -0.00000
0 C 2s           0.00000   0.00000
0 C 3s           0.00000   0.00000
0 C 2px          0.00000   0.00000
0 C 2py         -0.00000  -0.00000
0 C 2pz          0.38955   0.56509
0 C 3px          0.00000   0.00000
0 C 3py          0.00000   0.00000
0 C 3pz          0.30253   0.39275
1 C 1s           0.00000  -0.00000
1 C 2s          -0.00000   0.00000
1 C 3s          -0.00000   0.00000
1 C 2px          0.00000  -0.00000
1 C 2py         -0.00000   0.00000
1 C 2pz          0.01794  -0.01599
1 C 3px          0.00000  -0.00000
1 C 3py          0.00000  -0.00000
1 C 3pz          0.02332  -0.01661
2 C 1s          -0.00000   0.00000
2 C 2s           0.00000   0.00000
2 C 3s          -0.00000  -0.00000
2 C 2px         -0.00000  -0.00000
2 C 2py          0.00000  -0.00000
2 C 2pz          0.39275  -0.59275
2 C 3px         -0.00000   0.00000
2 C 3py         -0.00000  -0.00000
2 C 3pz          0.29129  -0.43618
3 C 1s          -0.00000   0.00000
3 C 2s          -0.00000   0.00000
3 C 3s           0.00000  -0.00000
3 C 2px         -0.00000   0.00000
3 C 2py         -0.00000   0.00000
3 C 2pz         -0.00705  -0.01720
3 C 3px         -0.00000   0.00000
3 C 3py         -0.00000   0.00000
3 C 3pz         -0.00088  -0.01867
4 H 1s          -0.00000  -0.00000
4 H 2s          -0.00000  -0.00000
5 H 1s           0.00000  -0.00000
5 H 2s           0.00000  -0.00000
6 H 1s           0.00000   0.00000
6 H 2s           0.00000   0.00000
7 H 1s          -0.00000   0.00000
7 H 2s          -0.00000   0.00000
8 H 1s          -0.00000   0.00000
8 H 2s          -0.00000  -0.00000
9 H 1s          -0.00000   0.00000
9 H 2s           0.00000  -0.00000
10 C 1s         -0.00000  -0.00000
10 C 2s         -0.00000   0.00000
10 C 3s          0.00000  -0.00000
10 C 2px        -0.00000  -0.00000
10 C 2py        -0.00000  -0.00000
10 C 2pz         0.03485   0.08054
10 C 3px        -0.00000  -0.00000
10 C 3py         0.00000   0.00000
10 C 3pz        -0.01685   0.16542
11 C 1s          0.00000  -0.00000
11 C 2s          0.00000  -0.00000
11 C 3s         -0.00000   0.00000
11 C 2px        -0.00000   0.00000
11 C 2py        -0.00000   0.00000
11 C 2pz        -0.05707   0.05162
11 C 3px        -0.00000  -0.00000
11 C 3py        -0.00000   0.00000
11 C 3pz        -0.06603   0.03420
12 H 1s         -0.00000  -0.00000
12 H 2s         -0.00000  -0.00000
13 H 1s          0.00000  -0.00000
13 H 2s          0.00000   0.00000
Fragment 1 natural orbitals
Natural occ [1.93130762 0.06869238]
Natural orbital (expansion on AOs) in CAS space
               #1        #2       
0 C 1s          -0.00000   0.00000
0 C 2s           0.00000   0.00000
0 C 3s          -0.00000  -0.00000
0 C 2px          0.00000  -0.00000
0 C 2py         -0.00000   0.00000
0 C 2pz          0.05280   0.03963
0 C 3px         -0.00000  -0.00000
0 C 3py         -0.00000  -0.00000
0 C 3pz          0.06696   0.01528
1 C 1s           0.00000  -0.00000
1 C 2s           0.00000  -0.00000
1 C 3s          -0.00000   0.00000
1 C 2px         -0.00000  -0.00000
1 C 2py          0.00000   0.00000
1 C 2pz          0.05280  -0.03963
1 C 3px         -0.00000  -0.00000
1 C 3py         -0.00000  -0.00000
1 C 3pz          0.06696  -0.01528
2 C 1s           0.00000  -0.00000
2 C 2s           0.00000   0.00000
2 C 3s          -0.00000   0.00000
2 C 2px         -0.00000  -0.00000
2 C 2py         -0.00000  -0.00000
2 C 2pz         -0.03986   0.08511
2 C 3px          0.00000   0.00000
2 C 3py          0.00000   0.00000
2 C 3pz          0.01099   0.17205
3 C 1s           0.00000   0.00000
3 C 2s           0.00000   0.00000
3 C 3s          -0.00000  -0.00000
3 C 2px          0.00000  -0.00000
3 C 2py          0.00000  -0.00000
3 C 2pz         -0.03986  -0.08511
3 C 3px          0.00000  -0.00000
3 C 3py          0.00000   0.00000
3 C 3pz          0.01099  -0.17205
4 H 1s           0.00000   0.00000
4 H 2s           0.00000   0.00000
5 H 1s          -0.00000  -0.00000
5 H 2s          -0.00000  -0.00000
6 H 1s           0.00000  -0.00000
6 H 2s          -0.00000  -0.00000
7 H 1s           0.00000   0.00000
7 H 2s           0.00000   0.00000
8 H 1s           0.00000   0.00000
8 H 2s           0.00000   0.00000
9 H 1s           0.00000  -0.00000
9 H 2s          -0.00000  -0.00000
10 C 1s          0.00000   0.00000
10 C 2s          0.00000   0.00000
10 C 3s         -0.00000  -0.00000
10 C 2px        -0.00000   0.00000
10 C 2py        -0.00000  -0.00000
10 C 2pz        -0.39003  -0.59193
10 C 3px         0.00000   0.00000
10 C 3py        -0.00000  -0.00000
10 C 3pz        -0.29686  -0.42541
11 C 1s         -0.00000   0.00000
11 C 2s          0.00000  -0.00000
11 C 3s          0.00000  -0.00000
11 C 2px         0.00000  -0.00000
11 C 2py         0.00000   0.00000
11 C 2pz        -0.39003   0.59193
11 C 3px         0.00000   0.00000
11 C 3py        -0.00000  -0.00000
11 C 3pz        -0.29686   0.42541
12 H 1s         -0.00000   0.00000
12 H 2s          0.00000   0.00000
13 H 1s         -0.00000   0.00000
13 H 2s         -0.00000  -0.00000
Fragment 2 natural orbitals
Natural occ [1.91798187 0.08201813]
Natural orbital (expansion on AOs) in CAS space
               #1        #2       
0 C 1s          -0.00000   0.00000
0 C 2s           0.00000  -0.00000
0 C 3s           0.00000  -0.00000
0 C 2px          0.00000  -0.00000
0 C 2py         -0.00000   0.00000
0 C 2pz         -0.01794   0.01599
0 C 3px         -0.00000  -0.00000
0 C 3py         -0.00000  -0.00000
0 C 3pz         -0.02332   0.01661
1 C 1s           0.00000   0.00000
1 C 2s          -0.00000  -0.00000
1 C 3s           0.00000   0.00000
1 C 2px          0.00000   0.00000
1 C 2py         -0.00000  -0.00000
1 C 2pz         -0.38955  -0.56509
1 C 3px          0.00000   0.00000
1 C 3py         -0.00000   0.00000
1 C 3pz         -0.30253  -0.39275
2 C 1s           0.00000  -0.00000
2 C 2s          -0.00000  -0.00000
2 C 3s           0.00000   0.00000
2 C 2px         -0.00000   0.00000
2 C 2py         -0.00000   0.00000
2 C 2pz          0.00705   0.01720
2 C 3px          0.00000  -0.00000
2 C 3py          0.00000   0.00000
2 C 3pz          0.00088   0.01867
3 C 1s           0.00000  -0.00000
3 C 2s          -0.00000  -0.00000
3 C 3s           0.00000   0.00000
3 C 2px         -0.00000  -0.00000
3 C 2py          0.00000  -0.00000
3 C 2pz         -0.39275   0.59275
3 C 3px         -0.00000  -0.00000
3 C 3py          0.00000  -0.00000
3 C 3pz         -0.29129   0.43618
4 H 1s           0.00000   0.00000
4 H 2s           0.00000   0.00000
5 H 1s           0.00000   0.00000
5 H 2s          -0.00000   0.00000
6 H 1s          -0.00000  -0.00000
6 H 2s          -0.00000  -0.00000
7 H 1s           0.00000  -0.00000
7 H 2s           0.00000  -0.00000
8 H 1s           0.00000  -0.00000
8 H 2s           0.00000   0.00000
9 H 1s           0.00000  -0.00000
9 H 2s          -0.00000   0.00000
10 C 1s         -0.00000   0.00000
10 C 2s          0.00000  -0.00000
10 C 3s         -0.00000  -0.00000
10 C 2px         0.00000   0.00000
10 C 2py        -0.00000   0.00000
10 C 2pz         0.05707  -0.05162
10 C 3px         0.00000   0.00000
10 C 3py         0.00000   0.00000
10 C 3pz         0.06603  -0.03420
11 C 1s          0.00000   0.00000
11 C 2s          0.00000  -0.00000
11 C 3s         -0.00000  -0.00000
11 C 2px        -0.00000  -0.00000
11 C 2py        -0.00000  -0.00000
11 C 2pz        -0.03485  -0.08054
11 C 3px         0.00000  -0.00000
11 C 3py        -0.00000  -0.00000
11 C 3pz         0.01685  -0.16542
12 H 1s         -0.00000   0.00000
12 H 2s         -0.00000  -0.00000
13 H 1s          0.00000   0.00000
13 H 2s         -0.00000  -0.00000
LASCI energy = -231.802702889877

******** <class 'pyscf.mcscf.casci.CASCI'> ********
CAS (3e+3e, 6o), ncore = 19, nvir = 45
natorb = False
canonicalization = True
sorting_mo_energy = False
max_memory 4000 MB (current use 249 MB)
******** <class 'pyscf.fci.direct_spin1.FCISolver'> ********
max. cycles = 200
conv_tol = 1e-08
davidson only = False
linear dependence = 1e-12
level shift = 0.001
max iter space = 12
max_memory 4000 MB
nroots = 1
pspace_size = 400
spin = None
Density matrix diagonal elements [1.90166174 0.09869106 1.90150946 0.09778494 1.90166174 0.09869106]
CASCI converged
CASCI E = -231.812763066916  E(CI) = -5.84201468176673  S^2 = 0.0000000

******** <class 'pyscf.mcscf.casci.CASCI'> ********
CAS (3e+3e, 6o), ncore = 19, nvir = 45
natorb = False
canonicalization = True
sorting_mo_energy = False
max_memory 4000 MB (current use 242 MB)
******** <class 'mrh.exploratory.unitary_cc.lasuccsd.FCISolver_USCC'> ********
max. cycles = 100
conv_tol = 1e-10
davidson only = False
linear dependence = 1e-14
level shift = 0.001
max iter space = 12
max_memory 4000 MB
nroots = 1
pspace_size = 400
spin = None
LASCI object has 8 degrees of freedom
iteration 0, E = -231.804364, |x| = 9.036716e-02, |g| = 5.369338e-02
iteration 1, E = -231.805267, |x| = 5.687636e-02, |g| = 1.327634e-03
iteration 2, E = -231.805268, |x| = 5.671938e-02, |g| = 6.930392e-04
iteration 3, E = -231.805268, |x| = 5.677529e-02, |g| = 2.892733e-05
iteration 4, E = -231.805268, |x| = 5.677595e-02, |g| = 1.575796e-05
iteration 5, E = -231.805268, |x| = 5.677562e-02, |g| = 7.582646e-07
Fragment 0 local quantum numbers
<N>,<Sz>,<S^2> = 2.000176, -0.000000, 0.000882
Fragment 1 local quantum numbers
<N>,<Sz>,<S^2> = 1.999220, 0.000215, 0.001587
Fragment 2 local quantum numbers
<N>,<Sz>,<S^2> = 2.000604, -0.000214, 0.000706
Whole system quantum numbers
<N>,<Sz>,<S^2> = 6.000000, 0.000000, 0.000369
Density matrix diagonal elements [1.9165242  0.08365188 1.92754977 0.07166999 1.91724217 0.08336199]
CASCI converged
CASCI E = -231.805267812014  E(CI) = -5.83451942686492  S^2 = 0.0003686

******** <class 'pyscf.mcscf.casci.CASCI'> ********
CAS (3e+3e, 6o), ncore = 19, nvir = 45
natorb = False
canonicalization = True
sorting_mo_energy = False
max_memory 4000 MB (current use 243 MB)
******** <class 'mrh.exploratory.unitary_cc.lasuccsd.FCISolver_USCC'> ********
max. cycles = 100
conv_tol = 1e-10
davidson only = False
linear dependence = 1e-14
level shift = 0.001
max iter space = 12
max_memory 4000 MB
nroots = 1
pspace_size = 400
spin = None
LASCI object has 16 degrees of freedom
iteration 0, E = -231.805391, |x| = 1.167958e-01, |g| = 7.062076e-02
iteration 1, E = -231.806950, |x| = 7.287121e-02, |g| = 1.165827e-03
iteration 2, E = -231.806950, |x| = 7.269080e-02, |g| = 7.371115e-04
iteration 3, E = -231.806951, |x| = 7.272142e-02, |g| = 3.623869e-05
iteration 4, E = -231.806951, |x| = 7.272303e-02, |g| = 1.841830e-05
iteration 5, E = -231.806951, |x| = 7.272254e-02, |g| = 1.469363e-06
Fragment 0 local quantum numbers
<N>,<Sz>,<S^2> = 2.000129, -0.000000, 0.001365
Fragment 1 local quantum numbers
<N>,<Sz>,<S^2> = 1.999990, 0.000125, 0.002624
Fragment 2 local quantum numbers
<N>,<Sz>,<S^2> = 1.999880, -0.000125, 0.001260
Whole system quantum numbers
<N>,<Sz>,<S^2> = 6.000000, 0.000000, 0.000207
Density matrix diagonal elements [1.91562289 0.08450635 1.92609802 0.07389238 1.91578622 0.08409413]
CASCI converged
CASCI E = -231.806950601170  E(CI) = -5.83620221602141  S^2 = 0.0002069

******** <class 'pyscf.mcscf.casci.CASCI'> ********
CAS (3e+3e, 6o), ncore = 19, nvir = 45
natorb = False
canonicalization = True
sorting_mo_energy = False
max_memory 4000 MB (current use 243 MB)
******** <class 'mrh.exploratory.unitary_cc.lasuccsd.FCISolver_USCC'> ********
max. cycles = 100
conv_tol = 1e-10
davidson only = False
linear dependence = 1e-14
level shift = 0.001
max iter space = 12
max_memory 4000 MB
nroots = 1
pspace_size = 400
spin = None
LASCI object has 25 degrees of freedom
iteration 0, E = -231.807837, |x| = 1.323143e-01, |g| = 7.363595e-02
iteration 1, E = -231.809567, |x| = 1.087103e-01, |g| = 8.044448e-03
iteration 2, E = -231.809599, |x| = 1.105284e-01, |g| = 2.039580e-03
iteration 3, E = -231.809601, |x| = 1.119128e-01, |g| = 7.104690e-04
iteration 4, E = -231.809601, |x| = 1.119353e-01, |g| = 1.628661e-04
iteration 5, E = -231.809601, |x| = 1.118624e-01, |g| = 1.467436e-05
iteration 6, E = -231.809601, |x| = 1.118716e-01, |g| = 2.681817e-06
iteration 7, E = -231.809601, |x| = 1.118715e-01, |g| = 1.056023e-06
Fragment 0 local quantum numbers
<N>,<Sz>,<S^2> = 2.000155, -0.000000, 0.004144
Fragment 1 local quantum numbers
<N>,<Sz>,<S^2> = 1.999692, 0.000000, 0.008251
Fragment 2 local quantum numbers
<N>,<Sz>,<S^2> = 2.000153, -0.000000, 0.004119
Whole system quantum numbers
<N>,<Sz>,<S^2> = 6.000000, 0.000000, 0.001967
Density matrix diagonal elements [1.91238005 0.08777455 1.91946774 0.08022474 1.91239955 0.08775338]
CASCI converged
CASCI E = -231.809601096534  E(CI) = -5.83885271138493  S^2 = 0.0019665

******** <class 'pyscf.mcscf.casci.CASCI'> ********
CAS (3e+3e, 6o), ncore = 19, nvir = 45
natorb = False
canonicalization = True
sorting_mo_energy = False
max_memory 4000 MB (current use 244 MB)
******** <class 'mrh.exploratory.unitary_cc.lasuccsd.FCISolver_USCC'> ********
max. cycles = 100
conv_tol = 1e-10
davidson only = False
linear dependence = 1e-14
level shift = 0.001
max iter space = 12
max_memory 4000 MB
nroots = 1
pspace_size = 400
spin = None
LASCI object has 33 degrees of freedom
iteration 0, E = -231.808526, |x| = 1.367354e-01, |g| = 6.972030e-02
iteration 1, E = -231.810143, |x| = 1.131648e-01, |g| = 8.359535e-03
iteration 2, E = -231.810175, |x| = 1.151437e-01, |g| = 3.299656e-03
iteration 3, E = -231.810178, |x| = 1.166233e-01, |g| = 1.476130e-03
iteration 4, E = -231.810178, |x| = 1.166176e-01, |g| = 7.841044e-04
iteration 5, E = -231.810178, |x| = 1.164804e-01, |g| = 3.468836e-04
iteration 6, E = -231.810179, |x| = 1.165076e-01, |g| = 8.869775e-05
iteration 7, E = -231.810179, |x| = 1.165197e-01, |g| = 8.678437e-05
iteration 8, E = -231.810179, |x| = 1.165190e-01, |g| = 5.483973e-05
iteration 9, E = -231.810179, |x| = 1.165139e-01, |g| = 1.204560e-05
iteration 10, E = -231.810179, |x| = 1.165154e-01, |g| = 6.122331e-06
iteration 11, E = -231.810179, |x| = 1.165153e-01, |g| = 9.964147e-07
Fragment 0 local quantum numbers
<N>,<Sz>,<S^2> = 2.000152, -0.000000, 0.004378
Fragment 1 local quantum numbers
<N>,<Sz>,<S^2> = 1.999696, 0.000000, 0.008507
Fragment 2 local quantum numbers
<N>,<Sz>,<S^2> = 2.000152, 0.000000, 0.004348
Whole system quantum numbers
<N>,<Sz>,<S^2> = 6.000000, -0.000000, 0.002061
Density matrix diagonal elements [1.91177829 0.08837375 1.91874274 0.08095303 1.91181901 0.08833318]
CASCI converged
CASCI E = -231.810178507915  E(CI) = -5.83943012276634  S^2 = 0.0020613
