#INFO: **** input file is /project/lgagliardi/tuy/qchem/las-uscc-noci/tasks/polyene/c8.py ****
# run_tests.py

from qtest.test_base import MyNOQIStudy, MolConfig


with open('../geom/c8.xyz', 'r', encoding='utf-8') as f:
    c8xyz = f.read()

c8 = MolConfig(
    name="C8_631G",
    xyz=c8xyz,
    basis="6-31g",
    ncas=[2, 2, 2, 2],
    nelecas=[2, 2, 2, 2],
    spinsub=[1, 1, 1, 1],
    frag_atom_list=((0, 2), (10, 12), (13, 11), (3, 1)),
    output = "data/c8.out",
)

# Instantiate your test class
job = MyNOQIStudy(c8, AMPLITUDE=1.0, VERBOSE=4)
# Run once the SCF -> LASSCF -> CASCI stack
job.run_scf_stack_once()

# Sweep multiple excitation selections without redoing LAS/CAS
energies = job.run_selection_sweep(
    label_prefix="testscan",
    # epsilons=[0.01, 0.001],
    factors=[0.01, 0.02, 0.03, 0.04],
)

# Print or save results
for label, record in energies.items():
    print(f"\n[{label}]")
    for key, val in record.items():
        print(f"{key:>18s}: {val:.12f}")
#INFO: ******************** input file end ********************


System: uname_result(system='Linux', node='midway3-0562.rcc.local', release='4.18.0-305.3.1.el8.x86_64', version='#1 SMP Tue Jun 1 16:14:33 UTC 2021', machine='x86_64')  Threads 1
Python 3.9.19 | packaged by conda-forge | (main, Mar 20 2024, 12:50:21) 
[GCC 12.3.0]
numpy 2.0.2  scipy 1.13.1  h5py 3.14.0
Date: Wed Nov 12 19:24:39 2025
PySCF version 2.10.0
PySCF path  /project/lgagliardi/tuy/qchem/.venv/lib/python3.9/site-packages/pyscf
mrh path  /project/lgagliardi/tuy/qchem/mrh
GIT HEAD (branch master) be911c8ae3c12e66ecff0b83733a890cec0899cf

[CONFIG] conf_file None
[INPUT] verbose = 4
[INPUT] num. atoms = 18
[INPUT] num. electrons = 58
[INPUT] charge = 0
[INPUT] spin (= nelec alpha-beta = 2S) = 0
[INPUT] symmetry False subgroup None
[INPUT] Mole.unit = angstrom
[INPUT] Symbol           X                Y                Z      unit          X                Y                Z       unit  Magmom
[INPUT]  1 C     -4.308669000000   0.197146000000   0.000000000000 AA   -8.142204371404   0.372551946554   0.000000000000 Bohr   0.0
[INPUT]  2 C      4.308669000000  -0.197146000000   0.000000000000 AA    8.142204371404  -0.372551946554   0.000000000000 Bohr   0.0
[INPUT]  3 C     -3.110874000000  -0.411353000000   0.000000000000 AA   -5.878699868030  -0.777344510518   0.000000000000 Bohr   0.0
[INPUT]  4 C      3.110874000000   0.411353000000   0.000000000000 AA    5.878699868030   0.777344510518   0.000000000000 Bohr   0.0
[INPUT]  5 H     -4.394907000000   1.280613000000   0.000000000000 AA   -8.305170572934   2.420007841558   0.000000000000 Bohr   0.0
[INPUT]  6 H      4.394907000000  -1.280613000000   0.000000000000 AA    8.305170572934  -2.420007841558   0.000000000000 Bohr   0.0
[INPUT]  7 H     -5.234940000000  -0.367304000000   0.000000000000 AA   -9.892602878531  -0.694103964457   0.000000000000 Bohr   0.0
[INPUT]  8 H      5.234940000000   0.367304000000   0.000000000000 AA    9.892602878531   0.694103964457   0.000000000000 Bohr   0.0
[INPUT]  9 H     -3.069439000000  -1.500574000000   0.000000000000 AA   -5.800399066059  -2.835673889643   0.000000000000 Bohr   0.0
[INPUT] 10 H      3.069439000000   1.500574000000   0.000000000000 AA    5.800399066059   2.835673889643   0.000000000000 Bohr   0.0
[INPUT] 11 C     -1.839087000000   0.279751000000   0.000000000000 AA   -3.475370749248   0.528652773073   0.000000000000 Bohr   0.0
[INPUT] 12 C      1.839087000000  -0.279751000000   0.000000000000 AA    3.475370749248  -0.528652773073   0.000000000000 Bohr   0.0
[INPUT] 13 C     -0.634371000000  -0.341144000000   0.000000000000 AA   -1.198787451366  -0.644668729039   0.000000000000 Bohr   0.0
[INPUT] 14 C      0.634371000000   0.341144000000   0.000000000000 AA    1.198787451366   0.644668729039   0.000000000000 Bohr   0.0
[INPUT] 15 H     -1.871161000000   1.369551000000   0.000000000000 AA   -3.535981824967   2.588076303624   0.000000000000 Bohr   0.0
[INPUT] 16 H      1.871161000000  -1.369551000000   0.000000000000 AA    3.535981824967  -2.588076303624   0.000000000000 Bohr   0.0
[INPUT] 17 H     -0.607249000000  -1.431263000000   0.000000000000 AA   -1.147534299416  -2.704695082223   0.000000000000 Bohr   0.0
[INPUT] 18 H      0.607249000000   1.431263000000   0.000000000000 AA    1.147534299416   2.704695082223   0.000000000000 Bohr   0.0

nuclear repulsion = 297.315789663908
number of shells = 60
number of NR pGTOs = 216
number of NR cGTOs = 92
basis = 6-31g
ecp = {}
CPU time:         1.16


******** <class 'pyscf.scf.hf.RHF'> ********
method = RHF
initial guess = minao
damping factor = 0
level_shift factor = 0
DIIS = <class 'pyscf.scf.diis.CDIIS'>
diis_start_cycle = 1
diis_space = 8
diis_damp = 0
SCF conv_tol = 1e-09
SCF conv_tol_grad = None
SCF max_cycles = 50
direct_scf = True
direct_scf_tol = 1e-13
chkfile to save SCF result = /scratch/local/jobs/40731123/tmp5jnb8amv
max_memory 4000 MB (current use 107 MB)
Set gradient conv threshold to 3.16228e-05
Initial guess from minao.
init E= -310.398785055943
  HOMO = -0.172485222485817  LUMO = -0.0286198062228854
cycle= 1 E= -308.505847960483  delta_E= 1.89  |g|= 0.41  |ddm|= 3.78
  HOMO = -0.275782064649524  LUMO = 0.0422333943553851
cycle= 2 E= -308.577238681682  delta_E= -0.0714  |g|= 0.115  |ddm|= 0.777
  HOMO = -0.255876789671535  LUMO = 0.0766519278200141
cycle= 3 E= -308.583168462834  delta_E= -0.00593  |g|= 0.0446  |ddm|= 0.25
  HOMO = -0.265719418635005  LUMO = 0.0713162258172277
cycle= 4 E= -308.583896903464  delta_E= -0.000728  |g|= 0.00968  |ddm|= 0.0716
  HOMO = -0.267238985281548  LUMO = 0.071705927545351
cycle= 5 E= -308.583955089679  delta_E= -5.82e-05  |g|= 0.00325  |ddm|= 0.0162
  HOMO = -0.267429437009506  LUMO = 0.0727518834222141
cycle= 6 E= -308.583966211685  delta_E= -1.11e-05  |g|= 0.000736  |ddm|= 0.00863
  HOMO = -0.267626517307478  LUMO = 0.0729106370593029
cycle= 7 E= -308.583966859294  delta_E= -6.48e-07  |g|= 0.000328  |ddm|= 0.00228
  HOMO = -0.267673534680151  LUMO = 0.0729235693757341
cycle= 8 E= -308.583966902818  delta_E= -4.35e-08  |g|= 4.83e-05  |ddm|= 0.000499
  HOMO = -0.267682408168989  LUMO = 0.0729237377326107
cycle= 9 E= -308.583966904358  delta_E= -1.54e-09  |g|= 1.23e-05  |ddm|= 0.000145
  HOMO = -0.267684728854649  LUMO = 0.0729224483940495
cycle= 10 E= -308.583966904461  delta_E= -1.03e-10  |g|= 5.7e-06  |ddm|= 3.52e-05
  HOMO = -0.267685157067025  LUMO = 0.0729219609611878
Extra cycle  E= -308.583966904476  delta_E= -1.59e-11  |g|= 2.18e-06  |ddm|= 1.07e-05
converged SCF energy = -308.583966904476

******** LASSCF flags ********
CAS (4e+4e, 8o), ncore = 25, nvir = 59
Divided into 4 LAS spaces
LAS 0 : (1e+1e, 2o)
LAS 1 : (1e+1e, 2o)
LAS 2 : (1e+1e, 2o)
LAS 3 : (1e+1e, 2o)
nroots = 1
max_cycle_macro = 50
max_cycle_micro = 5
conv_tol_grad = 0.0001
max_memory 4000 MB (current use 274 MB)
fragment 0 FCI solver flags:
******** <class 'mrh.my_pyscf.mcscf.addons.get_h1e_zipped_fcisolver.<locals>.FCISolver'> ********
max. cycles = 100
conv_tol = 1e-10
davidson only = False
linear dependence = 1e-14
level shift = 0.001
max iter space = 12
max_memory 4000 MB
nroots = 1
pspace_size = 200
spin = 0
State-average over 1 states with weights [1.0]
fragment 1 FCI solver flags:
******** <class 'mrh.my_pyscf.mcscf.addons.get_h1e_zipped_fcisolver.<locals>.FCISolver'> ********
max. cycles = 100
conv_tol = 1e-10
davidson only = False
linear dependence = 1e-14
level shift = 0.001
max iter space = 12
max_memory 4000 MB
nroots = 1
pspace_size = 200
spin = 0
State-average over 1 states with weights [1.0]
fragment 2 FCI solver flags:
******** <class 'mrh.my_pyscf.mcscf.addons.get_h1e_zipped_fcisolver.<locals>.FCISolver'> ********
max. cycles = 100
conv_tol = 1e-10
davidson only = False
linear dependence = 1e-14
level shift = 0.001
max iter space = 12
max_memory 4000 MB
nroots = 1
pspace_size = 200
spin = 0
State-average over 1 states with weights [1.0]
fragment 3 FCI solver flags:
******** <class 'mrh.my_pyscf.mcscf.addons.get_h1e_zipped_fcisolver.<locals>.FCISolver'> ********
max. cycles = 100
conv_tol = 1e-10
davidson only = False
linear dependence = 1e-14
level shift = 0.001
max iter space = 12
max_memory 4000 MB
nroots = 1
pspace_size = 200
spin = 0
State-average over 1 states with weights [1.0]
LASCI subspace 0 with no orbsym information
LASCI subspace 1 with no orbsym information
LASCI subspace 2 with no orbsym information
LASCI subspace 3 with no orbsym information
LASCI subspace CI energies: [np.float64(-1.2145531315073008), np.float64(-1.2167460078696632), np.float64(-1.2167411683809934), np.float64(-1.2145470075478055)]
LASCI macro 0 : E = -308.550599030914 ; |g_int| = 0.336365990907754 ; |g_ci| = 0.000690185441955833 ; |g_x| = 0
LASCI micro 1 : |x_orb| = 0.315936388804377 ; |x_ci| = 0.0400735144805847
LASCI micro 2 : |x_orb| = 0.385536332263659 ; |x_ci| = 0.0377607799334346
LASCI micro 3 : |x_orb| = 0.389818543571809 ; |x_ci| = 0.0386546335341935
LASCI micro 4 : |x_orb| = 0.390294750325429 ; |x_ci| = 0.0395538888097782
LASCI micro 5 : |x_orb| = 0.38989968853502 ; |x_ci| = 0.0419250860535245
LASCI subspace 0 with no orbsym information
LASCI subspace 1 with no orbsym information
LASCI subspace 2 with no orbsym information
LASCI subspace 3 with no orbsym information
LASCI subspace CI energies: [np.float64(-1.2239331536443447), np.float64(-1.2403135564787116), np.float64(-1.2403133925229202), np.float64(-1.2239320282041057)]
LASCI macro 1 : E = -308.638030113686 ; |g_int| = 0.168827350931795 ; |g_ci| = 0.000100072156089306 ; |g_x| = 0
LASCI micro 1 : |x_orb| = 0.413656559771853 ; |x_ci| = 0.0109112149997084
LASCI micro 2 : |x_orb| = 0.684532853226157 ; |x_ci| = 0.0649915029338611
LASCI micro 3 : |x_orb| = 0.686179141341278 ; |x_ci| = 0.0663468462485688
LASCI micro 4 : |x_orb| = 0.702228024399441 ; |x_ci| = 0.0646766295024396
LASCI micro 5 : |x_orb| = 0.702050292943968 ; |x_ci| = 0.0642991337821398
LASCI subspace 0 with no orbsym information
LASCI subspace 1 with no orbsym information
LASCI subspace 2 with no orbsym information
LASCI subspace 3 with no orbsym information
LASCI subspace CI energies: [np.float64(-1.231439666476827), np.float64(-1.2440919955829226), np.float64(-1.244091863615916), np.float64(-1.2314393019838992)]
LASCI macro 2 : E = -308.678689844301 ; |g_int| = 0.0748728439015535 ; |g_ci| = 9.49736498717177e-05 ; |g_x| = 0
LASCI micro 1 : |x_orb| = 0.161053480973823 ; |x_ci| = 0.00970252857783314
LASCI micro 2 : |x_orb| = 0.178824941828924 ; |x_ci| = 0.00533130821882986
LASCI micro 3 : |x_orb| = 0.176329803374171 ; |x_ci| = 0.00703653843749066
LASCI micro 4 : |x_orb| = 0.176981203384002 ; |x_ci| = 0.0062781936577792
LASCI micro 5 : |x_orb| = 0.176342540815837 ; |x_ci| = 0.00646120018591036
LASCI subspace 0 with no orbsym information
LASCI subspace 1 with no orbsym information
LASCI subspace 2 with no orbsym information
LASCI subspace 3 with no orbsym information
LASCI subspace CI energies: [np.float64(-1.2320487481445412), np.float64(-1.2421890494284644), np.float64(-1.2421889836602746), np.float64(-1.2320485584352645)]
LASCI macro 3 : E = -308.684545493937 ; |g_int| = 0.0368689054664118 ; |g_ci| = 5.36806508566333e-05 ; |g_x| = 0
LASCI micro 1 : |x_orb| = 0.0735640777608955 ; |x_ci| = 0.00453323931954359
LASCI micro 2 : |x_orb| = 0.0917708009811229 ; |x_ci| = 0.00446359843507956
LASCI micro 3 : |x_orb| = 0.0904066706816834 ; |x_ci| = 0.00504146066436035
LASCI micro 4 : |x_orb| = 0.0902126729400586 ; |x_ci| = 0.00484203748689445
LASCI micro 5 : |x_orb| = 0.0900721099227339 ; |x_ci| = 0.00487518967367063
LASCI subspace 0 with no orbsym information
LASCI subspace 1 with no orbsym information
LASCI subspace 2 with no orbsym information
LASCI subspace 3 with no orbsym information
LASCI subspace CI energies: [np.float64(-1.2317876186225767), np.float64(-1.2403661896169562), np.float64(-1.240366143383616), np.float64(-1.2317874907708828)]
LASCI macro 4 : E = -308.686022443239 ; |g_int| = 0.0184035789852233 ; |g_ci| = 3.13807624444503e-05 ; |g_x| = 0
LASCI micro 1 : |x_orb| = 0.03642496820802 ; |x_ci| = 0.00185895448245413
LASCI micro 2 : |x_orb| = 0.0479480374230019 ; |x_ci| = 0.00281260215440579
LASCI micro 3 : |x_orb| = 0.0473466051956986 ; |x_ci| = 0.003005218411978
LASCI micro 4 : |x_orb| = 0.0467707478198273 ; |x_ci| = 0.00297570770608972
LASCI micro 5 : |x_orb| = 0.046891441566718 ; |x_ci| = 0.00294705620591539
LASCI subspace 0 with no orbsym information
LASCI subspace 1 with no orbsym information
LASCI subspace 2 with no orbsym information
LASCI subspace 3 with no orbsym information
LASCI subspace CI energies: [np.float64(-1.2314684689820101), np.float64(-1.2392085091295952), np.float64(-1.239208479387739), np.float64(-1.231468387462189)]
LASCI macro 5 : E = -308.686406958861 ; |g_int| = 0.00926102080769994 ; |g_ci| = 1.58143451542425e-05 ; |g_x| = 0
LASCI micro 1 : |x_orb| = 0.0184230332826889 ; |x_ci| = 0.000800105753818516
LASCI micro 2 : |x_orb| = 0.02497140964911 ; |x_ci| = 0.00162604695021749
LASCI micro 3 : |x_orb| = 0.0247593544604557 ; |x_ci| = 0.00167872218000442
LASCI micro 4 : |x_orb| = 0.0241499925133027 ; |x_ci| = 0.0016972448975766
LASCI micro 5 : |x_orb| = 0.0242840909776065 ; |x_ci| = 0.00166002726584629
LASCI subspace 0 with no orbsym information
LASCI subspace 1 with no orbsym information
LASCI subspace 2 with no orbsym information
LASCI subspace 3 with no orbsym information
LASCI subspace CI energies: [np.float64(-1.231230383652961), np.float64(-1.2385709639123867), np.float64(-1.238570945960302), np.float64(-1.231230335576007)]
LASCI macro 6 : E = -308.686508074224 ; |g_int| = 0.00469205437020207 ; |g_ci| = 7.16128157236089e-06 ; |g_x| = 0
LASCI micro 1 : |x_orb| = 0.00940515075608623 ; |x_ci| = 0.000363900456447124
LASCI micro 2 : |x_orb| = 0.012958239207601 ; |x_ci| = 0.000902168914404405
LASCI micro 3 : |x_orb| = 0.0129065220148118 ; |x_ci| = 0.000912511277781101
LASCI micro 4 : |x_orb| = 0.0124334575678407 ; |x_ci| = 0.000933207115193906
LASCI micro 5 : |x_orb| = 0.0124933086142671 ; |x_ci| = 0.000907534065623028
LASCI subspace 0 with no orbsym information
LASCI subspace 1 with no orbsym information
LASCI subspace 2 with no orbsym information
LASCI subspace 3 with no orbsym information
LASCI subspace CI energies: [np.float64(-1.2310792937026402), np.float64(-1.2382335943633356), np.float64(-1.2382335838294523), np.float64(-1.2310792666462285)]
LASCI macro 7 : E = -308.686534814138 ; |g_int| = 0.00239125311218446 ; |g_ci| = 2.88043912283934e-06 ; |g_x| = 0
LASCI micro 1 : |x_orb| = 0.00484571969644435 ; |x_ci| = 0.00017089179669338
LASCI micro 2 : |x_orb| = 0.00673165242251748 ; |x_ci| = 0.000489124119198143
LASCI micro 3 : |x_orb| = 0.00672833275541667 ; |x_ci| = 0.0004896783496036
LASCI micro 4 : |x_orb| = 0.00642168066332578 ; |x_ci| = 0.000503000132812305
LASCI micro 5 : |x_orb| = 0.00643017094120898 ; |x_ci| = 0.000488767983915954
LASCI subspace 0 with no orbsym information
LASCI subspace 1 with no orbsym information
LASCI subspace 2 with no orbsym information
LASCI subspace 3 with no orbsym information
LASCI subspace CI energies: [np.float64(-1.230985407105855), np.float64(-1.2380541225487367), np.float64(-1.2380541162777692), np.float64(-1.230985391713343)]
LASCI macro 8 : E = -308.686541928325 ; |g_int| = 0.00122603494291022 ; |g_ci| = 1.09626461688692e-06 ; |g_x| = 0
LASCI micro 1 : |x_orb| = 0.0025193503619858 ; |x_ci| = 8.06772632908061e-05
LASCI micro 2 : |x_orb| = 0.00351221208600721 ; |x_ci| = 0.000261954504544367
LASCI micro 3 : |x_orb| = 0.00351755972907034 ; |x_ci| = 0.000261193168247043
LASCI micro 4 : |x_orb| = 0.00333748846487235 ; |x_ci| = 0.000268654878670973
LASCI micro 5 : |x_orb| = 0.00333162211800935 ; |x_ci| = 0.00026087525126766
LASCI subspace 0 with no orbsym information
LASCI subspace 1 with no orbsym information
LASCI subspace 2 with no orbsym information
LASCI subspace 3 with no orbsym information
LASCI subspace CI energies: [np.float64(-1.2309275627353782), np.float64(-1.2379565689085188), np.float64(-1.2379565650640227), np.float64(-1.230927553706728)]
LASCI macro 9 : E = -308.686543835033 ; |g_int| = 0.000632775095895459 ; |g_ci| = 4.46727052326697e-07 ; |g_x| = 0
LASCI micro 1 : |x_orb| = 0.00131842394537654 ; |x_ci| = 3.77557917049857e-05
LASCI micro 2 : |x_orb| = 0.00183999582465507 ; |x_ci| = 0.00013951990585648
LASCI micro 3 : |x_orb| = 0.00184473237048264 ; |x_ci| = 0.000138939245243098
LASCI subspace 0 with no orbsym information
LASCI subspace 1 with no orbsym information
LASCI subspace 2 with no orbsym information
LASCI subspace 3 with no orbsym information
LASCI subspace CI energies: [np.float64(-1.230895557615575), np.float64(-1.237909695473339), np.float64(-1.237909692517159), np.float64(-1.2308955503295826)]
LASCI macro 10 : E = -308.686544348508 ; |g_int| = 0.000335366118162788 ; |g_ci| = 1.25141624154506e-06 ; |g_x| = 0
LASCI micro 1 : |x_orb| = 0.000651045945409612 ; |x_ci| = 2.45651640828305e-05
LASCI micro 2 : |x_orb| = 0.000911663370247369 ; |x_ci| = 7.50546627399166e-05
LASCI subspace 0 with no orbsym information
LASCI subspace 1 with no orbsym information
LASCI subspace 2 with no orbsym information
LASCI subspace 3 with no orbsym information
LASCI subspace CI energies: [np.float64(-1.230875375492284), np.float64(-1.2378789213413013), np.float64(-1.237878919198475), np.float64(-1.2308753699989858)]
LASCI macro 11 : E = -308.686544488391 ; |g_int| = 0.000181717606644437 ; |g_ci| = 6.53481958554999e-07 ; |g_x| = 0
LASCI subspace 0 with no orbsym information
LASCI subspace 1 with no orbsym information
LASCI subspace 2 with no orbsym information
LASCI subspace 3 with no orbsym information
LASCI subspace CI energies: [np.float64(-1.2308705615215185), np.float64(-1.237867198308289), np.float64(-1.2378671969620427), np.float64(-1.2308705580893236)]
LASCI macro 12 : E = -308.686544514257 ; |g_int| = 0.000126552616119433 ; |g_ci| = 3.18302555898645e-07 ; |g_x| = 0
LASCI subspace 0 with no orbsym information
LASCI subspace 1 with no orbsym information
LASCI subspace 2 with no orbsym information
LASCI subspace 3 with no orbsym information
LASCI subspace CI energies: [np.float64(-1.2308666464659095), np.float64(-1.2378604453493398), np.float64(-1.2378604443999273), np.float64(-1.2308666440316833)]
LASCI macro 13 : E = -308.686544526542 ; |g_int| = 9.45774308292484e-05 ; |g_ci| = 1.9634583931912e-07 ; |g_x| = 0
LASCI converged after 14 cycles
LASCI E = -308.686544526542 ; |g_int| = 9.45774308292484e-05 ; |g_ci| = 1.9634583931912e-07 ; |g_ext| = 0
Fragment 0 natural orbitals
Natural occ [1.9180349 0.0819651]
Natural orbital (expansion on AOs) in CAS space
               #1        #2       
0 C 1s           0.00000   0.00000
0 C 2s          -0.00000  -0.00000
0 C 3s          -0.00000  -0.00000
0 C 2px         -0.00000   0.00000
0 C 2py          0.00000  -0.00000
0 C 2pz          0.38943   0.56490
0 C 3px         -0.00000  -0.00000
0 C 3py          0.00000   0.00000
0 C 3pz          0.30277   0.39228
1 C 1s           0.00000   0.00000
1 C 2s           0.00000   0.00000
1 C 3s          -0.00000  -0.00000
1 C 2px          0.00000   0.00000
1 C 2py          0.00000  -0.00000
1 C 2pz         -0.00746   0.00699
1 C 3px          0.00000   0.00000
1 C 3py         -0.00000  -0.00000
1 C 3pz         -0.00976   0.00805
2 C 1s           0.00000  -0.00000
2 C 2s          -0.00000  -0.00000
2 C 3s          -0.00000   0.00000
2 C 2px          0.00000   0.00000
2 C 2py         -0.00000   0.00000
2 C 2pz          0.39253  -0.59249
2 C 3px         -0.00000  -0.00000
2 C 3py         -0.00000  -0.00000
2 C 3pz          0.29131  -0.43635
3 C 1s          -0.00000   0.00000
3 C 2s          -0.00000   0.00000
3 C 3s           0.00000  -0.00000
3 C 2px         -0.00000   0.00000
3 C 2py         -0.00000   0.00000
3 C 2pz          0.00224   0.00544
3 C 3px          0.00000   0.00000
3 C 3py          0.00000  -0.00000
3 C 3pz          0.00082   0.00584
4 H 1s           0.00000  -0.00000
4 H 2s           0.00000   0.00000
5 H 1s          -0.00000   0.00000
5 H 2s          -0.00000  -0.00000
6 H 1s          -0.00000   0.00000
6 H 2s           0.00000   0.00000
7 H 1s           0.00000  -0.00000
7 H 2s           0.00000  -0.00000
8 H 1s          -0.00000  -0.00000
8 H 2s          -0.00000  -0.00000
9 H 1s          -0.00000   0.00000
9 H 2s          -0.00000   0.00000
10 C 1s         -0.00000  -0.00000
10 C 2s         -0.00000  -0.00000
10 C 3s          0.00000   0.00000
10 C 2px        -0.00000   0.00000
10 C 2py        -0.00000  -0.00000
10 C 2pz         0.03529   0.08109
10 C 3px         0.00000   0.00000
10 C 3py        -0.00000   0.00000
10 C 3pz        -0.01697   0.16674
11 C 1s          0.00000  -0.00000
11 C 2s          0.00000  -0.00000
11 C 3s         -0.00000   0.00000
11 C 2px         0.00000  -0.00000
11 C 2py         0.00000  -0.00000
11 C 2pz         0.01935  -0.01843
11 C 3px         0.00000   0.00000
11 C 3py        -0.00000   0.00000
11 C 3pz         0.02338  -0.01956
12 C 1s          0.00000   0.00000
12 C 2s          0.00000   0.00000
12 C 3s         -0.00000  -0.00000
12 C 2px        -0.00000  -0.00000
12 C 2py        -0.00000   0.00000
12 C 2pz        -0.05740   0.05208
12 C 3px         0.00000   0.00000
12 C 3py        -0.00000  -0.00000
12 C 3pz        -0.06648   0.03483
13 C 1s         -0.00000   0.00000
13 C 2s         -0.00000   0.00000
13 C 3s          0.00000  -0.00000
13 C 2px        -0.00000  -0.00000
13 C 2py        -0.00000  -0.00000
13 C 2pz        -0.00733  -0.01752
13 C 3px         0.00000  -0.00000
13 C 3py        -0.00000   0.00000
13 C 3pz        -0.00023  -0.01963
14 H 1s         -0.00000  -0.00000
14 H 2s         -0.00000  -0.00000
15 H 1s          0.00000   0.00000
15 H 2s         -0.00000   0.00000
16 H 1s          0.00000  -0.00000
16 H 2s          0.00000  -0.00000
17 H 1s          0.00000  -0.00000
17 H 2s          0.00000   0.00000
Fragment 1 natural orbitals
Natural occ [1.93143925 0.06856075]
Natural orbital (expansion on AOs) in CAS space
               #1        #2       
0 C 1s          -0.00000  -0.00000
0 C 2s          -0.00000   0.00000
0 C 3s           0.00000   0.00000
0 C 2px         -0.00000   0.00000
0 C 2py         -0.00000  -0.00000
0 C 2pz          0.05319   0.03973
0 C 3px          0.00000   0.00000
0 C 3py         -0.00000   0.00000
0 C 3pz          0.06779   0.01501
1 C 1s           0.00000   0.00000
1 C 2s           0.00000   0.00000
1 C 3s           0.00000   0.00000
1 C 2px         -0.00000   0.00000
1 C 2py          0.00000  -0.00000
1 C 2pz         -0.01827   0.01479
1 C 3px         -0.00000  -0.00000
1 C 3py         -0.00000   0.00000
1 C 3pz         -0.02420   0.01511
2 C 1s          -0.00000  -0.00000
2 C 2s           0.00000  -0.00000
2 C 3s          -0.00000   0.00000
2 C 2px         -0.00000   0.00000
2 C 2py          0.00000   0.00000
2 C 2pz         -0.04078   0.08575
2 C 3px          0.00000   0.00000
2 C 3py         -0.00000  -0.00000
2 C 3pz          0.01025   0.17333
3 C 1s           0.00000  -0.00000
3 C 2s           0.00000   0.00000
3 C 3s          -0.00000   0.00000
3 C 2px         -0.00000   0.00000
3 C 2py         -0.00000  -0.00000
3 C 2pz          0.00809   0.01744
3 C 3px          0.00000  -0.00000
3 C 3py          0.00000   0.00000
3 C 3pz          0.00193   0.01803
4 H 1s          -0.00000  -0.00000
4 H 2s          -0.00000  -0.00000
5 H 1s          -0.00000   0.00000
5 H 2s          -0.00000   0.00000
6 H 1s           0.00000  -0.00000
6 H 2s           0.00000   0.00000
7 H 1s           0.00000   0.00000
7 H 2s           0.00000   0.00000
8 H 1s          -0.00000  -0.00000
8 H 2s          -0.00000  -0.00000
9 H 1s          -0.00000  -0.00000
9 H 2s          -0.00000  -0.00000
10 C 1s          0.00000   0.00000
10 C 2s         -0.00000   0.00000
10 C 3s          0.00000  -0.00000
10 C 2px         0.00000  -0.00000
10 C 2py         0.00000  -0.00000
10 C 2pz        -0.38975  -0.59171
10 C 3px         0.00000  -0.00000
10 C 3py         0.00000   0.00000
10 C 3pz        -0.29748  -0.42408
11 C 1s         -0.00000   0.00000
11 C 2s         -0.00000   0.00000
11 C 3s          0.00000  -0.00000
11 C 2px         0.00000  -0.00000
11 C 2py         0.00000   0.00000
11 C 2pz         0.05721  -0.04704
11 C 3px         0.00000   0.00000
11 C 3py        -0.00000  -0.00000
11 C 3pz         0.06772  -0.02694
12 C 1s          0.00000  -0.00000
12 C 2s         -0.00000   0.00000
12 C 3s          0.00000   0.00000
12 C 2px         0.00000  -0.00000
12 C 2py        -0.00000   0.00000
12 C 2pz        -0.38902   0.59005
12 C 3px         0.00000  -0.00000
12 C 3py         0.00000  -0.00000
12 C 3pz        -0.29690   0.42541
13 C 1s          0.00000  -0.00000
13 C 2s          0.00000  -0.00000
13 C 3s         -0.00000   0.00000
13 C 2px         0.00000  -0.00000
13 C 2py        -0.00000   0.00000
13 C 2pz        -0.04076  -0.08410
13 C 3px         0.00000   0.00000
13 C 3py         0.00000  -0.00000
13 C 3pz         0.01320  -0.17326
14 H 1s          0.00000  -0.00000
14 H 2s         -0.00000  -0.00000
15 H 1s         -0.00000  -0.00000
15 H 2s         -0.00000  -0.00000
16 H 1s         -0.00000  -0.00000
16 H 2s          0.00000  -0.00000
17 H 1s         -0.00000  -0.00000
17 H 2s         -0.00000  -0.00000
Fragment 2 natural orbitals
Natural occ [1.93143925 0.06856075]
Natural orbital (expansion on AOs) in CAS space
               #1        #2       
0 C 1s          -0.00000   0.00000
0 C 2s          -0.00000   0.00000
0 C 3s           0.00000  -0.00000
0 C 2px          0.00000  -0.00000
0 C 2py         -0.00000   0.00000
0 C 2pz         -0.01827  -0.01479
0 C 3px          0.00000   0.00000
0 C 3py          0.00000   0.00000
0 C 3pz         -0.02420  -0.01511
1 C 1s           0.00000  -0.00000
1 C 2s           0.00000  -0.00000
1 C 3s          -0.00000  -0.00000
1 C 2px         -0.00000  -0.00000
1 C 2py         -0.00000   0.00000
1 C 2pz          0.05319  -0.03973
1 C 3px          0.00000   0.00000
1 C 3py          0.00000  -0.00000
1 C 3pz          0.06779  -0.01501
2 C 1s          -0.00000  -0.00000
2 C 2s          -0.00000   0.00000
2 C 3s          -0.00000   0.00000
2 C 2px         -0.00000  -0.00000
2 C 2py          0.00000  -0.00000
2 C 2pz          0.00809  -0.01744
2 C 3px          0.00000  -0.00000
2 C 3py         -0.00000   0.00000
2 C 3pz          0.00193  -0.01803
3 C 1s          -0.00000   0.00000
3 C 2s          -0.00000  -0.00000
3 C 3s           0.00000  -0.00000
3 C 2px         -0.00000   0.00000
3 C 2py          0.00000   0.00000
3 C 2pz         -0.04078  -0.08575
3 C 3px         -0.00000   0.00000
3 C 3py         -0.00000  -0.00000
3 C 3pz          0.01025  -0.17333
4 H 1s          -0.00000   0.00000
4 H 2s          -0.00000  -0.00000
5 H 1s           0.00000  -0.00000
5 H 2s           0.00000  -0.00000
6 H 1s           0.00000   0.00000
6 H 2s          -0.00000   0.00000
7 H 1s          -0.00000  -0.00000
7 H 2s          -0.00000  -0.00000
8 H 1s          -0.00000   0.00000
8 H 2s          -0.00000   0.00000
9 H 1s           0.00000   0.00000
9 H 2s           0.00000   0.00000
10 C 1s         -0.00000   0.00000
10 C 2s         -0.00000   0.00000
10 C 3s          0.00000  -0.00000
10 C 2px         0.00000   0.00000
10 C 2py        -0.00000   0.00000
10 C 2pz         0.05721   0.04704
10 C 3px        -0.00000   0.00000
10 C 3py         0.00000  -0.00000
10 C 3pz         0.06772   0.02694
11 C 1s          0.00000  -0.00000
11 C 2s          0.00000  -0.00000
11 C 3s         -0.00000   0.00000
11 C 2px         0.00000  -0.00000
11 C 2py        -0.00000  -0.00000
11 C 2pz        -0.38975   0.59171
11 C 3px        -0.00000  -0.00000
11 C 3py        -0.00000   0.00000
11 C 3pz        -0.29748   0.42408
12 C 1s         -0.00000  -0.00000
12 C 2s         -0.00000   0.00000
12 C 3s          0.00000  -0.00000
12 C 2px         0.00000   0.00000
12 C 2py         0.00000   0.00000
12 C 2pz        -0.04076   0.08410
12 C 3px         0.00000  -0.00000
12 C 3py         0.00000  -0.00000
12 C 3pz         0.01320   0.17326
13 C 1s          0.00000   0.00000
13 C 2s         -0.00000  -0.00000
13 C 3s         -0.00000  -0.00000
13 C 2px        -0.00000  -0.00000
13 C 2py        -0.00000   0.00000
13 C 2pz        -0.38902  -0.59005
13 C 3px         0.00000  -0.00000
13 C 3py         0.00000  -0.00000
13 C 3pz        -0.29690  -0.42541
14 H 1s         -0.00000   0.00000
14 H 2s         -0.00000   0.00000
15 H 1s         -0.00000   0.00000
15 H 2s         -0.00000   0.00000
16 H 1s          0.00000  -0.00000
16 H 2s          0.00000  -0.00000
17 H 1s         -0.00000   0.00000
17 H 2s         -0.00000   0.00000
Fragment 3 natural orbitals
Natural occ [1.9180349 0.0819651]
Natural orbital (expansion on AOs) in CAS space
               #1        #2       
0 C 1s           0.00000  -0.00000
0 C 2s           0.00000  -0.00000
0 C 3s          -0.00000   0.00000
0 C 2px          0.00000  -0.00000
0 C 2py          0.00000  -0.00000
0 C 2pz         -0.00746   0.00699
0 C 3px         -0.00000   0.00000
0 C 3py         -0.00000   0.00000
0 C 3pz         -0.00976   0.00805
1 C 1s          -0.00000  -0.00000
1 C 2s          -0.00000  -0.00000
1 C 3s           0.00000   0.00000
1 C 2px          0.00000   0.00000
1 C 2py          0.00000  -0.00000
1 C 2pz          0.38943   0.56490
1 C 3px         -0.00000   0.00000
1 C 3py          0.00000   0.00000
1 C 3pz          0.30277   0.39228
2 C 1s          -0.00000   0.00000
2 C 2s          -0.00000   0.00000
2 C 3s          -0.00000  -0.00000
2 C 2px         -0.00000  -0.00000
2 C 2py         -0.00000   0.00000
2 C 2pz          0.00224   0.00544
2 C 3px          0.00000  -0.00000
2 C 3py          0.00000  -0.00000
2 C 3pz          0.00082   0.00584
3 C 1s           0.00000  -0.00000
3 C 2s           0.00000  -0.00000
3 C 3s          -0.00000   0.00000
3 C 2px         -0.00000   0.00000
3 C 2py          0.00000   0.00000
3 C 2pz          0.39253  -0.59249
3 C 3px          0.00000  -0.00000
3 C 3py          0.00000  -0.00000
3 C 3pz          0.29131  -0.43635
4 H 1s           0.00000  -0.00000
4 H 2s           0.00000  -0.00000
5 H 1s           0.00000   0.00000
5 H 2s           0.00000   0.00000
6 H 1s          -0.00000   0.00000
6 H 2s          -0.00000   0.00000
7 H 1s           0.00000  -0.00000
7 H 2s          -0.00000  -0.00000
8 H 1s           0.00000   0.00000
8 H 2s           0.00000  -0.00000
9 H 1s           0.00000   0.00000
9 H 2s           0.00000   0.00000
10 C 1s          0.00000  -0.00000
10 C 2s          0.00000  -0.00000
10 C 3s         -0.00000   0.00000
10 C 2px         0.00000  -0.00000
10 C 2py         0.00000   0.00000
10 C 2pz         0.01935  -0.01843
10 C 3px        -0.00000  -0.00000
10 C 3py         0.00000  -0.00000
10 C 3pz         0.02338  -0.01956
11 C 1s         -0.00000   0.00000
11 C 2s         -0.00000   0.00000
11 C 3s         -0.00000  -0.00000
11 C 2px        -0.00000  -0.00000
11 C 2py        -0.00000  -0.00000
11 C 2pz         0.03529   0.08109
11 C 3px         0.00000  -0.00000
11 C 3py         0.00000  -0.00000
11 C 3pz        -0.01697   0.16674
12 C 1s         -0.00000   0.00000
12 C 2s         -0.00000   0.00000
12 C 3s          0.00000  -0.00000
12 C 2px        -0.00000  -0.00000
12 C 2py        -0.00000  -0.00000
12 C 2pz        -0.00733  -0.01752
12 C 3px        -0.00000   0.00000
12 C 3py         0.00000   0.00000
12 C 3pz        -0.00023  -0.01963
13 C 1s          0.00000   0.00000
13 C 2s          0.00000   0.00000
13 C 3s         -0.00000  -0.00000
13 C 2px         0.00000   0.00000
13 C 2py         0.00000  -0.00000
13 C 2pz        -0.05740   0.05208
13 C 3px         0.00000   0.00000
13 C 3py        -0.00000   0.00000
13 C 3pz        -0.06648   0.03483
14 H 1s          0.00000   0.00000
14 H 2s          0.00000   0.00000
15 H 1s          0.00000   0.00000
15 H 2s          0.00000   0.00000
16 H 1s          0.00000   0.00000
16 H 2s          0.00000   0.00000
17 H 1s          0.00000   0.00000
17 H 2s          0.00000  -0.00000
LASCI energy = -308.686544526542

******** <class 'pyscf.mcscf.casci.CASCI'> ********
CAS (4e+4e, 8o), ncore = 25, nvir = 59
natorb = False
canonicalization = True
sorting_mo_energy = False
max_memory 4000 MB (current use 285 MB)
******** <class 'pyscf.fci.direct_spin1.FCISolver'> ********
max. cycles = 200
conv_tol = 1e-08
davidson only = False
linear dependence = 1e-12
level shift = 0.001
max iter space = 12
max_memory 4000 MB
nroots = 1
pspace_size = 400
spin = None
Density matrix diagonal elements [1.90109833 0.09930758 1.89980975 0.09978433 1.89980975 0.09978433
 1.90109833 0.09930758]
CASCI converged
CASCI E = -308.702164605701  E(CI) = -8.65317382056787  S^2 = 0.0000000

******** <class 'pyscf.mcscf.casci.CASCI'> ********
CAS (4e+4e, 8o), ncore = 25, nvir = 59
natorb = False
canonicalization = True
sorting_mo_energy = False
max_memory 4000 MB (current use 321 MB)
******** <class 'mrh.exploratory.unitary_cc.lasuccsd.FCISolver_USCC'> ********
max. cycles = 100
conv_tol = 1e-10
davidson only = False
linear dependence = 1e-14
level shift = 0.001
max iter space = 12
max_memory 4000 MB
nroots = 1
pspace_size = 400
spin = None
LASCI object has 27 degrees of freedom
iteration 0, E = -308.690799, |x| = 1.470116e-01, |g| = 8.946867e-02
iteration 1, E = -308.693285, |x| = 9.223429e-02, |g| = 2.534517e-03
iteration 2, E = -308.693287, |x| = 9.171554e-02, |g| = 1.301417e-03
iteration 3, E = -308.693287, |x| = 9.183381e-02, |g| = 1.705890e-04
iteration 4, E = -308.693287, |x| = 9.185247e-02, |g| = 6.164295e-05
iteration 5, E = -308.693287, |x| = 9.184536e-02, |g| = 6.482356e-06
iteration 6, E = -308.693287, |x| = 9.184519e-02, |g| = 4.015197e-06
iteration 7, E = -308.693287, |x| = 9.184535e-02, |g| = 1.385944e-07
Fragment 0 local quantum numbers
<N>,<Sz>,<S^2> = 2.000119, -0.000000, 0.001360
Fragment 1 local quantum numbers
<N>,<Sz>,<S^2> = 1.999882, -0.000000, 0.003056
Fragment 2 local quantum numbers
<N>,<Sz>,<S^2> = 1.999882, -0.000000, 0.003059
Fragment 3 local quantum numbers
<N>,<Sz>,<S^2> = 2.000118, 0.000000, 0.001363
Whole system quantum numbers
<N>,<Sz>,<S^2> = 8.000000, -0.000000, 0.001026
Density matrix diagonal elements [1.91567499 0.08444399 1.92600222 0.07387939 1.92599642 0.07388522
 1.91566744 0.08445034]
CASCI converged
CASCI E = -308.693287415546  E(CI) = -8.64429663041273  S^2 = 0.0010265

******** <class 'pyscf.mcscf.casci.CASCI'> ********
CAS (4e+4e, 8o), ncore = 25, nvir = 59
natorb = False
canonicalization = True
sorting_mo_energy = False
max_memory 4000 MB (current use 322 MB)
******** <class 'mrh.exploratory.unitary_cc.lasuccsd.FCISolver_USCC'> ********
max. cycles = 100
conv_tol = 1e-10
davidson only = False
linear dependence = 1e-14
level shift = 0.001
max iter space = 12
max_memory 4000 MB
nroots = 1
pspace_size = 400
spin = None
LASCI object has 55 degrees of freedom
iteration 0, E = -308.695222, |x| = 1.671345e-01, |g| = 8.542446e-02
iteration 1, E = -308.697613, |x| = 1.381792e-01, |g| = 1.110137e-02
iteration 2, E = -308.697652, |x| = 1.395672e-01, |g| = 7.972935e-03
iteration 3, E = -308.697663, |x| = 1.413890e-01, |g| = 3.693294e-03
iteration 4, E = -308.697666, |x| = 1.415307e-01, |g| = 1.557703e-03
iteration 5, E = -308.697667, |x| = 1.413033e-01, |g| = 4.308951e-04
iteration 6, E = -308.697667, |x| = 1.413220e-01, |g| = 2.810604e-04
iteration 7, E = -308.697667, |x| = 1.413399e-01, |g| = 1.748307e-04
iteration 8, E = -308.697667, |x| = 1.413349e-01, |g| = 4.896733e-05
iteration 9, E = -308.697667, |x| = 1.413320e-01, |g| = 2.198358e-05
iteration 10, E = -308.697667, |x| = 1.413331e-01, |g| = 1.072088e-05
iteration 11, E = -308.697667, |x| = 1.413334e-01, |g| = 5.391981e-06
iteration 12, E = -308.697667, |x| = 1.413332e-01, |g| = 1.795759e-06
Fragment 0 local quantum numbers
<N>,<Sz>,<S^2> = 2.000234, -0.000000, 0.004454
Fragment 1 local quantum numbers
<N>,<Sz>,<S^2> = 1.999765, 0.000000, 0.008349
Fragment 2 local quantum numbers
<N>,<Sz>,<S^2> = 1.999766, -0.000000, 0.008320
Fragment 3 local quantum numbers
<N>,<Sz>,<S^2> = 2.000235, -0.000000, 0.004428
Whole system quantum numbers
<N>,<Sz>,<S^2> = 8.000000, 0.000000, 0.003174
Density matrix diagonal elements [1.91180963 0.08842444 1.91926116 0.08050383 1.91929728 0.0804684
 1.91184875 0.08838652]
CASCI converged
CASCI E = -308.697666728491  E(CI) = -8.64867594335738  S^2 = 0.0031743

******** <class 'pyscf.mcscf.casci.CASCI'> ********
CAS (4e+4e, 8o), ncore = 25, nvir = 59
natorb = False
canonicalization = True
sorting_mo_energy = False
max_memory 4000 MB (current use 322 MB)
******** <class 'mrh.exploratory.unitary_cc.lasuccsd.FCISolver_USCC'> ********
max. cycles = 100
conv_tol = 1e-10
davidson only = False
linear dependence = 1e-14
level shift = 0.001
max iter space = 12
max_memory 4000 MB
nroots = 1
pspace_size = 400
spin = None
LASCI object has 81 degrees of freedom
iteration 0, E = -308.695496, |x| = 1.711571e-01, |g| = 8.914580e-02
iteration 1, E = -308.698043, |x| = 1.405818e-01, |g| = 1.244348e-02
iteration 2, E = -308.698087, |x| = 1.411537e-01, |g| = 8.982345e-03
iteration 3, E = -308.698104, |x| = 1.430970e-01, |g| = 3.487400e-03
iteration 4, E = -308.698106, |x| = 1.435003e-01, |g| = 2.192472e-03
iteration 5, E = -308.698107, |x| = 1.432835e-01, |g| = 6.976781e-04
iteration 6, E = -308.698108, |x| = 1.432442e-01, |g| = 6.423606e-04
iteration 7, E = -308.698109, |x| = 1.432511e-01, |g| = 8.137201e-04
iteration 8, E = -308.698115, |x| = 1.444770e-01, |g| = 3.080243e-03
iteration 9, E = -308.698124, |x| = 1.512091e-01, |g| = 5.182766e-03
iteration 10, E = -308.698141, |x| = 1.742127e-01, |g| = 7.289674e-03
iteration 11, E = -308.698168, |x| = 2.333026e-01, |g| = 8.956469e-03
iteration 12, E = -308.698211, |x| = 3.604301e-01, |g| = 9.451889e-03
iteration 13, E = -308.698255, |x| = 5.976732e-01, |g| = 8.350559e-03
iteration 14, E = -308.698269, |x| = 6.449725e-01, |g| = 4.488694e-03
iteration 15, E = -308.698271, |x| = 6.682782e-01, |g| = 3.132102e-03
iteration 16, E = -308.698273, |x| = 6.454087e-01, |g| = 7.999206e-04
iteration 17, E = -308.698274, |x| = 6.343954e-01, |g| = 5.861868e-04
iteration 18, E = -308.698274, |x| = 6.294690e-01, |g| = 4.491649e-04
iteration 19, E = -308.698274, |x| = 6.273450e-01, |g| = 4.138360e-04
iteration 20, E = -308.698274, |x| = 6.276984e-01, |g| = 5.787769e-04
iteration 21, E = -308.698275, |x| = 6.315616e-01, |g| = 8.404021e-04
iteration 22, E = -308.698276, |x| = 6.410719e-01, |g| = 1.146209e-03
iteration 23, E = -308.698277, |x| = 6.625784e-01, |g| = 1.450820e-03
iteration 24, E = -308.698279, |x| = 7.108281e-01, |g| = 1.500545e-03
iteration 25, E = -308.698279, |x| = 7.414447e-01, |g| = 9.341752e-04
iteration 26, E = -308.698280, |x| = 7.616102e-01, |g| = 3.573195e-04
iteration 27, E = -308.698280, |x| = 7.694847e-01, |g| = 1.636543e-04
iteration 28, E = -308.698280, |x| = 7.696004e-01, |g| = 1.180099e-04
iteration 29, E = -308.698280, |x| = 7.687428e-01, |g| = 1.155635e-04
iteration 30, E = -308.698280, |x| = 7.675186e-01, |g| = 1.222942e-04
iteration 31, E = -308.698280, |x| = 7.659981e-01, |g| = 1.445415e-04
iteration 32, E = -308.698280, |x| = 7.639111e-01, |g| = 1.855221e-04
iteration 33, E = -308.698280, |x| = 7.608802e-01, |g| = 2.604505e-04
iteration 34, E = -308.698281, |x| = 7.564813e-01, |g| = 3.838275e-04
iteration 35, E = -308.698281, |x| = 7.500991e-01, |g| = 5.913675e-04
iteration 36, E = -308.698282, |x| = 7.421100e-01, |g| = 9.304068e-04
iteration 37, E = -308.698284, |x| = 7.360532e-01, |g| = 1.499092e-03
iteration 38, E = -308.698286, |x| = 7.471464e-01, |g| = 2.350945e-03
iteration 39, E = -308.698290, |x| = 7.929474e-01, |g| = 3.256394e-03
iteration 40, E = -308.698297, |x| = 8.795075e-01, |g| = 3.675783e-03
iteration 41, E = -308.698306, |x| = 9.868588e-01, |g| = 2.850137e-03
iteration 42, E = -308.698312, |x| = 1.056547e+00, |g| = 1.245143e-03
iteration 43, E = -308.698313, |x| = 1.086202e+00, |g| = 2.502795e-03
iteration 44, E = -308.698314, |x| = 1.136400e+00, |g| = 1.961773e-03
iteration 45, E = -308.698316, |x| = 1.180867e+00, |g| = 1.539445e-03
iteration 46, E = -308.698318, |x| = 1.251069e+00, |g| = 1.402634e-03
iteration 47, E = -308.698319, |x| = 1.273323e+00, |g| = 1.179695e-03
iteration 48, E = -308.698320, |x| = 1.301215e+00, |g| = 1.028156e-03
iteration 49, E = -308.698321, |x| = 1.316053e+00, |g| = 1.106669e-03
iteration 50, E = -308.698322, |x| = 1.284021e+00, |g| = 7.708594e-04
iteration 51, E = -308.698322, |x| = 1.223618e+00, |g| = 8.954005e-04
iteration 52, E = -308.698322, |x| = 1.206512e+00, |g| = 9.579962e-04
iteration 53, E = -308.698322, |x| = 1.210785e+00, |g| = 7.839618e-04
iteration 54, E = -308.698322, |x| = 1.216436e+00, |g| = 3.781488e-04
iteration 55, E = -308.698322, |x| = 1.224033e+00, |g| = 4.591610e-05
iteration 56, E = -308.698322, |x| = 1.223807e+00, |g| = 1.945849e-05
iteration 57, E = -308.698322, |x| = 1.223576e+00, |g| = 9.818491e-06
iteration 58, E = -308.698322, |x| = 1.223531e+00, |g| = 4.199198e-06
iteration 59, E = -308.698322, |x| = 1.223400e+00, |g| = 2.041400e-06
iteration 60, E = -308.698322, |x| = 1.223123e+00, |g| = 1.836815e-06
Fragment 0 local quantum numbers
<N>,<Sz>,<S^2> = 2.000163, 0.000000, 0.006304
Fragment 1 local quantum numbers
<N>,<Sz>,<S^2> = 1.999842, -0.000000, 0.010231
Fragment 2 local quantum numbers
<N>,<Sz>,<S^2> = 1.999775, 0.000000, 0.008614
Fragment 3 local quantum numbers
<N>,<Sz>,<S^2> = 2.000220, -0.000000, 0.004638
Whole system quantum numbers
<N>,<Sz>,<S^2> = 8.000000, 0.000000, 0.002542
Density matrix diagonal elements [1.9056129  0.09455057 1.91785716 0.08198496 1.91897973 0.08079515
 1.91157194 0.08864759]
CASCI converged
CASCI E = -308.698322456856  E(CI) = -8.64933167172290  S^2 = 0.0025417

******** <class 'pyscf.mcscf.casci.CASCI'> ********
CAS (4e+4e, 8o), ncore = 25, nvir = 59
natorb = False
canonicalization = True
sorting_mo_energy = False
max_memory 4000 MB (current use 325 MB)
******** <class 'mrh.exploratory.unitary_cc.lasuccsd.FCISolver_USCC'> ********
max. cycles = 100
conv_tol = 1e-10
davidson only = False
linear dependence = 1e-14
level shift = 0.001
max iter space = 12
max_memory 4000 MB
nroots = 1
pspace_size = 400
spin = None
LASCI object has 111 degrees of freedom
iteration 0, E = -308.694839, |x| = 1.744717e-01, |g| = 1.028298e-01
iteration 1, E = -308.698025, |x| = 1.390760e-01, |g| = 1.423909e-02
iteration 2, E = -308.698080, |x| = 1.388724e-01, |g| = 9.731686e-03
iteration 3, E = -308.698105, |x| = 1.411047e-01, |g| = 3.024356e-03
iteration 4, E = -308.698107, |x| = 1.417787e-01, |g| = 2.877070e-03
iteration 5, E = -308.698110, |x| = 1.418590e-01, |g| = 1.716049e-03
iteration 6, E = -308.698116, |x| = 1.420865e-01, |g| = 2.065477e-03
iteration 7, E = -308.698127, |x| = 1.432013e-01, |g| = 3.758376e-03
iteration 8, E = -308.698147, |x| = 1.473929e-01, |g| = 5.895856e-03
iteration 9, E = -308.698182, |x| = 1.619372e-01, |g| = 8.633514e-03
iteration 10, E = -308.698238, |x| = 2.081646e-01, |g| = 1.178738e-02
iteration 11, E = -308.698287, |x| = 3.017128e-01, |g| = 1.362017e-02
iteration 12, E = -308.698312, |x| = 3.288096e-01, |g| = 9.660533e-03
iteration 13, E = -308.698333, |x| = 3.380508e-01, |g| = 3.804594e-03
iteration 14, E = -308.698337, |x| = 3.423919e-01, |g| = 2.959218e-03
iteration 15, E = -308.698339, |x| = 3.393088e-01, |g| = 2.253769e-03
iteration 16, E = -308.698343, |x| = 3.365365e-01, |g| = 2.160818e-03
iteration 17, E = -308.698351, |x| = 3.362858e-01, |g| = 2.814649e-03
iteration 18, E = -308.698365, |x| = 3.423905e-01, |g| = 4.027471e-03
iteration 19, E = -308.698392, |x| = 3.584970e-01, |g| = 5.699628e-03
iteration 20, E = -308.698443, |x| = 3.997482e-01, |g| = 8.240657e-03
iteration 21, E = -308.698531, |x| = 5.003996e-01, |g| = 1.162687e-02
iteration 22, E = -308.698624, |x| = 7.336455e-01, |g| = 1.444607e-02
iteration 23, E = -308.698652, |x| = 7.146154e-01, |g| = 9.551768e-03
iteration 24, E = -308.698674, |x| = 7.401121e-01, |g| = 4.050594e-03
iteration 25, E = -308.698683, |x| = 7.581504e-01, |g| = 2.721201e-03
iteration 26, E = -308.698686, |x| = 7.661302e-01, |g| = 2.251749e-03
iteration 27, E = -308.698688, |x| = 7.656278e-01, |g| = 1.362298e-03
iteration 28, E = -308.698691, |x| = 7.695338e-01, |g| = 1.414851e-03
iteration 29, E = -308.698696, |x| = 7.760048e-01, |g| = 2.423298e-03
iteration 30, E = -308.698705, |x| = 7.904265e-01, |g| = 3.605632e-03
iteration 31, E = -308.698720, |x| = 8.176994e-01, |g| = 4.727905e-03
iteration 32, E = -308.698742, |x| = 8.703361e-01, |g| = 4.988358e-03
iteration 33, E = -308.698755, |x| = 9.076948e-01, |g| = 3.186056e-03
iteration 34, E = -308.698758, |x| = 9.234905e-01, |g| = 1.266821e-03
iteration 35, E = -308.698759, |x| = 9.297867e-01, |g| = 6.782902e-04
iteration 36, E = -308.698760, |x| = 9.308539e-01, |g| = 6.957433e-04
iteration 37, E = -308.698761, |x| = 9.316667e-01, |g| = 1.032853e-03
iteration 38, E = -308.698762, |x| = 9.333514e-01, |g| = 1.606730e-03
iteration 39, E = -308.698765, |x| = 9.381798e-01, |g| = 2.495164e-03
iteration 40, E = -308.698769, |x| = 9.510278e-01, |g| = 3.722917e-03
iteration 41, E = -308.698776, |x| = 9.778562e-01, |g| = 5.035790e-03
iteration 42, E = -308.698788, |x| = 1.026907e+00, |g| = 5.922576e-03
iteration 43, E = -308.698806, |x| = 1.114327e+00, |g| = 5.621665e-03
iteration 44, E = -308.698821, |x| = 1.227391e+00, |g| = 2.847570e-03
iteration 45, E = -308.698823, |x| = 1.245351e+00, |g| = 1.066058e-03
iteration 46, E = -308.698824, |x| = 1.244081e+00, |g| = 5.266231e-04
iteration 47, E = -308.698824, |x| = 1.237611e+00, |g| = 4.349765e-04
iteration 48, E = -308.698824, |x| = 1.228092e+00, |g| = 4.764689e-04
iteration 49, E = -308.698825, |x| = 1.218230e+00, |g| = 7.159237e-04
iteration 50, E = -308.698826, |x| = 1.208745e+00, |g| = 1.012197e-03
iteration 51, E = -308.698828, |x| = 1.200539e+00, |g| = 1.340224e-03
iteration 52, E = -308.698830, |x| = 1.197812e+00, |g| = 1.567525e-03
iteration 53, E = -308.698833, |x| = 1.211111e+00, |g| = 1.290277e-03
iteration 54, E = -308.698834, |x| = 1.227519e+00, |g| = 7.378775e-04
iteration 55, E = -308.698834, |x| = 1.245810e+00, |g| = 3.554465e-04
iteration 56, E = -308.698834, |x| = 1.249656e+00, |g| = 3.314338e-04
iteration 57, E = -308.698834, |x| = 1.250823e+00, |g| = 3.311283e-04
iteration 58, E = -308.698835, |x| = 1.251382e+00, |g| = 3.411033e-04
iteration 59, E = -308.698835, |x| = 1.251385e+00, |g| = 3.653504e-04
iteration 60, E = -308.698836, |x| = 1.250233e+00, |g| = 4.302638e-04
iteration 61, E = -308.698837, |x| = 1.246141e+00, |g| = 5.153090e-04
iteration 62, E = -308.698839, |x| = 1.233458e+00, |g| = 6.481516e-04
iteration 63, E = -308.698839, |x| = 1.227437e+00, |g| = 4.468280e-04
iteration 64, E = -308.698840, |x| = 1.220723e+00, |g| = 2.437126e-04
iteration 65, E = -308.698840, |x| = 1.221732e+00, |g| = 2.010901e-04
iteration 66, E = -308.698840, |x| = 1.222772e+00, |g| = 1.925783e-04
iteration 67, E = -308.698840, |x| = 1.224244e+00, |g| = 1.974894e-04
iteration 68, E = -308.698840, |x| = 1.226297e+00, |g| = 2.342780e-04
iteration 69, E = -308.698840, |x| = 1.229572e+00, |g| = 3.008484e-04
iteration 70, E = -308.698841, |x| = 1.235125e+00, |g| = 4.245692e-04
iteration 71, E = -308.698841, |x| = 1.244692e+00, |g| = 5.969355e-04
iteration 72, E = -308.698842, |x| = 1.261925e+00, |g| = 8.259833e-04
iteration 73, E = -308.698843, |x| = 1.269773e+00, |g| = 7.322913e-04
iteration 74, E = -308.698844, |x| = 1.274238e+00, |g| = 3.934967e-04
iteration 75, E = -308.698844, |x| = 1.270689e+00, |g| = 1.539356e-04
iteration 76, E = -308.698844, |x| = 1.268776e+00, |g| = 1.283709e-04
iteration 77, E = -308.698844, |x| = 1.267661e+00, |g| = 1.027259e-04
iteration 78, E = -308.698844, |x| = 1.267072e+00, |g| = 1.105301e-04
iteration 79, E = -308.698844, |x| = 1.266993e+00, |g| = 1.451421e-04
iteration 80, E = -308.698844, |x| = 1.267610e+00, |g| = 2.044479e-04
iteration 81, E = -308.698844, |x| = 1.269666e+00, |g| = 2.942634e-04
iteration 82, E = -308.698844, |x| = 1.274639e+00, |g| = 4.187890e-04
iteration 83, E = -308.698845, |x| = 1.286036e+00, |g| = 5.784911e-04
iteration 84, E = -308.698845, |x| = 1.311133e+00, |g| = 7.133889e-04
iteration 85, E = -308.698846, |x| = 1.329160e+00, |g| = 6.045085e-04
iteration 86, E = -308.698846, |x| = 1.348900e+00, |g| = 2.867702e-04
iteration 87, E = -308.698846, |x| = 1.351228e+00, |g| = 1.677851e-04
iteration 88, E = -308.698846, |x| = 1.348737e+00, |g| = 1.356771e-04
iteration 89, E = -308.698846, |x| = 1.346571e+00, |g| = 1.311039e-04
iteration 90, E = -308.698846, |x| = 1.344356e+00, |g| = 1.304575e-04
iteration 91, E = -308.698846, |x| = 1.342082e+00, |g| = 1.387634e-04
iteration 92, E = -308.698847, |x| = 1.339581e+00, |g| = 1.550245e-04
iteration 93, E = -308.698847, |x| = 1.337291e+00, |g| = 1.973490e-04
iteration 94, E = -308.698847, |x| = 1.336509e+00, |g| = 2.620296e-04
iteration 95, E = -308.698848, |x| = 1.342134e+00, |g| = 3.679134e-04
iteration 96, E = -308.698848, |x| = 1.356810e+00, |g| = 3.734582e-04
iteration 97, E = -308.698849, |x| = 1.377379e+00, |g| = 2.959418e-04
iteration 98, E = -308.698849, |x| = 1.399830e+00, |g| = 1.738884e-04
iteration 99, E = -308.698849, |x| = 1.407625e+00, |g| = 1.559162e-04
iteration 100, E = -308.698849, |x| = 1.410081e+00, |g| = 1.493699e-04
iteration 101, E = -308.698849, |x| = 1.411325e+00, |g| = 1.592278e-04
iteration 102, E = -308.698849, |x| = 1.412502e+00, |g| = 1.800287e-04
iteration 103, E = -308.698849, |x| = 1.414331e+00, |g| = 2.111102e-04
iteration 104, E = -308.698850, |x| = 1.417501e+00, |g| = 2.520243e-04
iteration 105, E = -308.698850, |x| = 1.423357e+00, |g| = 3.118218e-04
iteration 106, E = -308.698851, |x| = 1.434361e+00, |g| = 4.016874e-04
iteration 107, E = -308.698851, |x| = 1.437433e+00, |g| = 3.062092e-04
iteration 108, E = -308.698851, |x| = 1.439108e+00, |g| = 1.624239e-04
iteration 109, E = -308.698851, |x| = 1.437853e+00, |g| = 1.393298e-04
iteration 110, E = -308.698851, |x| = 1.437983e+00, |g| = 9.344733e-05
iteration 111, E = -308.698851, |x| = 1.437643e+00, |g| = 1.089915e-04
iteration 112, E = -308.698852, |x| = 1.437315e+00, |g| = 1.411392e-04
iteration 113, E = -308.698852, |x| = 1.436837e+00, |g| = 1.983749e-04
iteration 114, E = -308.698852, |x| = 1.436577e+00, |g| = 2.827155e-04
iteration 115, E = -308.698852, |x| = 1.436383e+00, |g| = 4.137854e-04
iteration 116, E = -308.698852, |x| = 1.437177e+00, |g| = 6.152555e-04
iteration 117, E = -308.698853, |x| = 1.439286e+00, |g| = 9.321059e-04
iteration 118, E = -308.698854, |x| = 1.445999e+00, |g| = 1.454087e-03
iteration 119, E = -308.698855, |x| = 1.454342e+00, |g| = 1.919729e-03
iteration 120, E = -308.698857, |x| = 1.465339e+00, |g| = 1.894645e-03
iteration 121, E = -308.698859, |x| = 1.479413e+00, |g| = 1.394449e-03
iteration 122, E = -308.698860, |x| = 1.506104e+00, |g| = 2.050504e-03
iteration 123, E = -308.698862, |x| = 1.524483e+00, |g| = 7.687851e-04
iteration 124, E = -308.698863, |x| = 1.552868e+00, |g| = 1.884686e-03
iteration 125, E = -308.698864, |x| = 1.572289e+00, |g| = 1.046179e-03
iteration 126, E = -308.698866, |x| = 1.621226e+00, |g| = 1.001504e-03
iteration 127, E = -308.698867, |x| = 1.655136e+00, |g| = 8.979444e-04
iteration 128, E = -308.698868, |x| = 1.693895e+00, |g| = 1.346290e-03
iteration 129, E = -308.698869, |x| = 1.728676e+00, |g| = 1.163668e-03
iteration 130, E = -308.698870, |x| = 1.774960e+00, |g| = 1.547780e-03
iteration 131, E = -308.698873, |x| = 1.819694e+00, |g| = 1.010589e-03
iteration 132, E = -308.698874, |x| = 1.864600e+00, |g| = 1.865247e-03
iteration 133, E = -308.698876, |x| = 1.898926e+00, |g| = 1.510322e-03
iteration 134, E = -308.698880, |x| = 1.952866e+00, |g| = 9.047647e-04
iteration 135, E = -308.698883, |x| = 2.009282e+00, |g| = 2.085370e-03
iteration 136, E = -308.698887, |x| = 2.036264e+00, |g| = 1.461794e-03
iteration 137, E = -308.698890, |x| = 2.128627e+00, |g| = 2.748532e-03
iteration 138, E = -308.698891, |x| = 2.113505e+00, |g| = 3.440564e-03
iteration 139, E = -308.698892, |x| = 2.117483e+00, |g| = 2.476125e-03
iteration 140, E = -308.698894, |x| = 2.142415e+00, |g| = 1.466555e-03
iteration 141, E = -308.698895, |x| = 2.147665e+00, |g| = 1.249594e-03
iteration 142, E = -308.698895, |x| = 2.136094e+00, |g| = 9.506115e-04
iteration 143, E = -308.698896, |x| = 2.135409e+00, |g| = 7.714315e-04
iteration 144, E = -308.698897, |x| = 2.136144e+00, |g| = 8.954786e-04
iteration 145, E = -308.698898, |x| = 2.135332e+00, |g| = 8.561861e-04
iteration 146, E = -308.698899, |x| = 2.143404e+00, |g| = 7.801665e-04
iteration 147, E = -308.698900, |x| = 2.139659e+00, |g| = 1.005765e-03
iteration 148, E = -308.698903, |x| = 2.142272e+00, |g| = 1.316753e-03
iteration 149, E = -308.698908, |x| = 2.143970e+00, |g| = 1.757218e-03
iteration 150, E = -308.698917, |x| = 2.149807e+00, |g| = 2.310043e-03
iteration 151, E = -308.698927, |x| = 2.140337e+00, |g| = 3.324341e-03
iteration 152, E = -308.698935, |x| = 2.109138e+00, |g| = 2.757016e-03
iteration 153, E = -308.698945, |x| = 2.022307e+00, |g| = 2.770278e-03
iteration 154, E = -308.698950, |x| = 1.960099e+00, |g| = 3.440650e-03
iteration 155, E = -308.698954, |x| = 1.928939e+00, |g| = 2.055374e-03
iteration 156, E = -308.698957, |x| = 1.897104e+00, |g| = 1.044026e-03
iteration 157, E = -308.698958, |x| = 1.856564e+00, |g| = 8.671200e-04
iteration 158, E = -308.698959, |x| = 1.809819e+00, |g| = 8.360544e-04
iteration 159, E = -308.698961, |x| = 1.756734e+00, |g| = 8.107330e-04
iteration 160, E = -308.698962, |x| = 1.720785e+00, |g| = 8.734217e-04
iteration 161, E = -308.698963, |x| = 1.691050e+00, |g| = 6.779655e-04
iteration 162, E = -308.698963, |x| = 1.677432e+00, |g| = 4.983606e-04
iteration 163, E = -308.698963, |x| = 1.686847e+00, |g| = 4.873614e-04
iteration 164, E = -308.698963, |x| = 1.678512e+00, |g| = 4.404363e-04
iteration 165, E = -308.698964, |x| = 1.686892e+00, |g| = 4.945906e-04
iteration 166, E = -308.698964, |x| = 1.700451e+00, |g| = 6.336156e-04
iteration 167, E = -308.698964, |x| = 1.714956e+00, |g| = 7.560647e-04
iteration 168, E = -308.698965, |x| = 1.721104e+00, |g| = 7.601147e-04
iteration 169, E = -308.698966, |x| = 1.720814e+00, |g| = 8.278249e-04
iteration 170, E = -308.698967, |x| = 1.711352e+00, |g| = 1.102948e-03
iteration 171, E = -308.698969, |x| = 1.690500e+00, |g| = 1.636687e-03
iteration 172, E = -308.698971, |x| = 1.668086e+00, |g| = 2.244806e-03
iteration 173, E = -308.698974, |x| = 1.626719e+00, |g| = 1.963510e-03
iteration 174, E = -308.698976, |x| = 1.634304e+00, |g| = 1.396689e-03
iteration 175, E = -308.698977, |x| = 1.636181e+00, |g| = 9.102237e-04
iteration 176, E = -308.698977, |x| = 1.645274e+00, |g| = 5.671762e-04
iteration 177, E = -308.698977, |x| = 1.647678e+00, |g| = 6.070422e-04
iteration 178, E = -308.698978, |x| = 1.642785e+00, |g| = 5.223190e-04
iteration 179, E = -308.698978, |x| = 1.637002e+00, |g| = 6.620441e-04
iteration 180, E = -308.698978, |x| = 1.627571e+00, |g| = 6.619332e-04
iteration 181, E = -308.698979, |x| = 1.616702e+00, |g| = 7.139390e-04
iteration 182, E = -308.698980, |x| = 1.603258e+00, |g| = 9.177012e-04
iteration 183, E = -308.698982, |x| = 1.587371e+00, |g| = 1.271996e-03
iteration 184, E = -308.698985, |x| = 1.572677e+00, |g| = 1.711695e-03
iteration 185, E = -308.698986, |x| = 1.580582e+00, |g| = 1.566858e-03
iteration 186, E = -308.698987, |x| = 1.590238e+00, |g| = 1.033342e-03
iteration 187, E = -308.698987, |x| = 1.600357e+00, |g| = 8.195745e-04
iteration 188, E = -308.698988, |x| = 1.601577e+00, |g| = 5.602265e-04
iteration 189, E = -308.698988, |x| = 1.592429e+00, |g| = 5.478878e-04
iteration 190, E = -308.698989, |x| = 1.576383e+00, |g| = 5.916604e-04
iteration 191, E = -308.698989, |x| = 1.544364e+00, |g| = 5.403906e-04
iteration 192, E = -308.698990, |x| = 1.523285e+00, |g| = 9.194061e-04
iteration 193, E = -308.698990, |x| = 1.502473e+00, |g| = 7.364303e-04
iteration 194, E = -308.698991, |x| = 1.486189e+00, |g| = 9.452495e-04
iteration 195, E = -308.698993, |x| = 1.477727e+00, |g| = 1.099996e-03
iteration 196, E = -308.698995, |x| = 1.467173e+00, |g| = 1.189902e-03
iteration 197, E = -308.698997, |x| = 1.490284e+00, |g| = 1.424908e-03
iteration 198, E = -308.698999, |x| = 1.517350e+00, |g| = 1.312105e-03
iteration 199, E = -308.699001, |x| = 1.516000e+00, |g| = 1.495733e-03
iteration 200, E = -308.699002, |x| = 1.520322e+00, |g| = 9.480660e-04
iteration 201, E = -308.699003, |x| = 1.551480e+00, |g| = 1.302393e-03
iteration 202, E = -308.699005, |x| = 1.556991e+00, |g| = 9.096986e-04
iteration 203, E = -308.699006, |x| = 1.579368e+00, |g| = 1.377372e-03
iteration 204, E = -308.699007, |x| = 1.587090e+00, |g| = 1.760304e-03
iteration 205, E = -308.699009, |x| = 1.600886e+00, |g| = 1.258625e-03
iteration 206, E = -308.699011, |x| = 1.604963e+00, |g| = 1.313158e-03
iteration 207, E = -308.699013, |x| = 1.590667e+00, |g| = 1.074469e-03
iteration 208, E = -308.699014, |x| = 1.591924e+00, |g| = 1.524756e-03
iteration 209, E = -308.699015, |x| = 1.573951e+00, |g| = 1.607803e-03
iteration 210, E = -308.699017, |x| = 1.536869e+00, |g| = 1.709282e-03
iteration 211, E = -308.699018, |x| = 1.502378e+00, |g| = 1.274222e-03
iteration 212, E = -308.699019, |x| = 1.472011e+00, |g| = 7.393525e-04
iteration 213, E = -308.699019, |x| = 1.470025e+00, |g| = 4.908532e-04
iteration 214, E = -308.699019, |x| = 1.471709e+00, |g| = 3.253228e-04
iteration 215, E = -308.699019, |x| = 1.473831e+00, |g| = 3.454450e-04
iteration 216, E = -308.699020, |x| = 1.472182e+00, |g| = 4.582766e-04
iteration 217, E = -308.699020, |x| = 1.470145e+00, |g| = 6.393955e-04
iteration 218, E = -308.699021, |x| = 1.467186e+00, |g| = 8.519731e-04
iteration 219, E = -308.699022, |x| = 1.462521e+00, |g| = 1.108201e-03
iteration 220, E = -308.699024, |x| = 1.455736e+00, |g| = 1.404819e-03
iteration 221, E = -308.699027, |x| = 1.444875e+00, |g| = 1.690238e-03
iteration 222, E = -308.699031, |x| = 1.432699e+00, |g| = 1.769583e-03
iteration 223, E = -308.699033, |x| = 1.428442e+00, |g| = 1.356114e-03
iteration 224, E = -308.699035, |x| = 1.424298e+00, |g| = 7.864466e-04
iteration 225, E = -308.699035, |x| = 1.431585e+00, |g| = 7.476287e-04
iteration 226, E = -308.699036, |x| = 1.434812e+00, |g| = 4.633528e-04
iteration 227, E = -308.699036, |x| = 1.438734e+00, |g| = 3.140264e-04
iteration 228, E = -308.699036, |x| = 1.446598e+00, |g| = 3.356283e-04
iteration 229, E = -308.699036, |x| = 1.450360e+00, |g| = 2.576708e-04
iteration 230, E = -308.699036, |x| = 1.451702e+00, |g| = 2.233772e-04
iteration 231, E = -308.699036, |x| = 1.450981e+00, |g| = 1.840445e-04
iteration 232, E = -308.699036, |x| = 1.445927e+00, |g| = 1.835047e-04
iteration 233, E = -308.699036, |x| = 1.441744e+00, |g| = 2.026557e-04
iteration 234, E = -308.699036, |x| = 1.436305e+00, |g| = 2.417314e-04
iteration 235, E = -308.699036, |x| = 1.430507e+00, |g| = 3.199695e-04
iteration 236, E = -308.699037, |x| = 1.424519e+00, |g| = 4.190210e-04
iteration 237, E = -308.699037, |x| = 1.415483e+00, |g| = 5.185998e-04
iteration 238, E = -308.699038, |x| = 1.403211e+00, |g| = 6.713208e-04
iteration 239, E = -308.699038, |x| = 1.381593e+00, |g| = 8.315589e-04
iteration 240, E = -308.699040, |x| = 1.353272e+00, |g| = 1.185619e-03
iteration 241, E = -308.699041, |x| = 1.323315e+00, |g| = 1.344190e-03
iteration 242, E = -308.699043, |x| = 1.310191e+00, |g| = 1.509371e-03
iteration 243, E = -308.699044, |x| = 1.276912e+00, |g| = 8.175315e-04
iteration 244, E = -308.699044, |x| = 1.286125e+00, |g| = 8.143638e-04
iteration 245, E = -308.699045, |x| = 1.287022e+00, |g| = 4.355434e-04
iteration 246, E = -308.699045, |x| = 1.286184e+00, |g| = 3.095207e-04
iteration 247, E = -308.699045, |x| = 1.281503e+00, |g| = 3.045145e-04
iteration 248, E = -308.699045, |x| = 1.281279e+00, |g| = 2.676272e-04
iteration 249, E = -308.699045, |x| = 1.279375e+00, |g| = 2.075161e-04
iteration 250, E = -308.699045, |x| = 1.275874e+00, |g| = 3.187193e-04
iteration 251, E = -308.699045, |x| = 1.270278e+00, |g| = 5.024887e-04
iteration 252, E = -308.699046, |x| = 1.263340e+00, |g| = 6.838491e-04
iteration 253, E = -308.699046, |x| = 1.253906e+00, |g| = 8.943080e-04
iteration 254, E = -308.699048, |x| = 1.245578e+00, |g| = 1.098010e-03
iteration 255, E = -308.699049, |x| = 1.236718e+00, |g| = 1.275703e-03
iteration 256, E = -308.699051, |x| = 1.240810e+00, |g| = 1.473302e-03
iteration 257, E = -308.699052, |x| = 1.234533e+00, |g| = 1.353832e-03
iteration 258, E = -308.699053, |x| = 1.233944e+00, |g| = 1.290787e-03
iteration 259, E = -308.699055, |x| = 1.245308e+00, |g| = 9.544547e-04
iteration 260, E = -308.699056, |x| = 1.250965e+00, |g| = 5.041136e-04
iteration 261, E = -308.699056, |x| = 1.249952e+00, |g| = 3.599760e-04
iteration 262, E = -308.699056, |x| = 1.250794e+00, |g| = 2.875032e-04
iteration 263, E = -308.699056, |x| = 1.253158e+00, |g| = 2.658394e-04
iteration 264, E = -308.699057, |x| = 1.257027e+00, |g| = 2.659354e-04
iteration 265, E = -308.699057, |x| = 1.262814e+00, |g| = 2.535932e-04
iteration 266, E = -308.699057, |x| = 1.265985e+00, |g| = 2.118954e-04
iteration 267, E = -308.699057, |x| = 1.267613e+00, |g| = 1.869100e-04
iteration 268, E = -308.699057, |x| = 1.268603e+00, |g| = 2.153533e-04
iteration 269, E = -308.699057, |x| = 1.269586e+00, |g| = 3.183429e-04
iteration 270, E = -308.699057, |x| = 1.270122e+00, |g| = 4.663214e-04
iteration 271, E = -308.699057, |x| = 1.270353e+00, |g| = 6.561402e-04
iteration 272, E = -308.699058, |x| = 1.269237e+00, |g| = 8.445868e-04
iteration 273, E = -308.699059, |x| = 1.265196e+00, |g| = 8.249535e-04
iteration 274, E = -308.699059, |x| = 1.259138e+00, |g| = 5.299332e-04
iteration 275, E = -308.699059, |x| = 1.260538e+00, |g| = 3.841171e-04
iteration 276, E = -308.699059, |x| = 1.266098e+00, |g| = 2.796531e-04
iteration 277, E = -308.699060, |x| = 1.270666e+00, |g| = 2.120559e-04
iteration 278, E = -308.699060, |x| = 1.275612e+00, |g| = 1.181183e-04
iteration 279, E = -308.699060, |x| = 1.274438e+00, |g| = 1.182877e-04
iteration 280, E = -308.699060, |x| = 1.273170e+00, |g| = 9.915002e-05
iteration 281, E = -308.699060, |x| = 1.271190e+00, |g| = 7.979645e-05
iteration 282, E = -308.699060, |x| = 1.270298e+00, |g| = 6.526073e-05
iteration 283, E = -308.699060, |x| = 1.270035e+00, |g| = 7.622277e-05
iteration 284, E = -308.699060, |x| = 1.270351e+00, |g| = 1.161972e-04
iteration 285, E = -308.699060, |x| = 1.271103e+00, |g| = 1.708635e-04
iteration 286, E = -308.699060, |x| = 1.272388e+00, |g| = 2.333399e-04
iteration 287, E = -308.699060, |x| = 1.274446e+00, |g| = 3.020758e-04
iteration 288, E = -308.699060, |x| = 1.277858e+00, |g| = 3.767251e-04
iteration 289, E = -308.699060, |x| = 1.283616e+00, |g| = 4.433736e-04
iteration 290, E = -308.699061, |x| = 1.293368e+00, |g| = 4.538982e-04
iteration 291, E = -308.699061, |x| = 1.300470e+00, |g| = 3.330188e-04
iteration 292, E = -308.699061, |x| = 1.303677e+00, |g| = 1.780495e-04
iteration 293, E = -308.699061, |x| = 1.302700e+00, |g| = 9.707715e-05
iteration 294, E = -308.699061, |x| = 1.301507e+00, |g| = 5.911089e-05
iteration 295, E = -308.699061, |x| = 1.300725e+00, |g| = 4.579172e-05
iteration 296, E = -308.699061, |x| = 1.300212e+00, |g| = 6.080881e-05
iteration 297, E = -308.699061, |x| = 1.299976e+00, |g| = 9.657710e-05
iteration 298, E = -308.699061, |x| = 1.300119e+00, |g| = 1.390846e-04
iteration 299, E = -308.699061, |x| = 1.300530e+00, |g| = 1.842382e-04
iteration 300, E = -308.699061, |x| = 1.301354e+00, |g| = 2.396844e-04
iteration 301, E = -308.699061, |x| = 1.302891e+00, |g| = 3.072031e-04
iteration 302, E = -308.699061, |x| = 1.305799e+00, |g| = 3.911552e-04
iteration 303, E = -308.699062, |x| = 1.311599e+00, |g| = 4.873335e-04
iteration 304, E = -308.699062, |x| = 1.322789e+00, |g| = 5.744856e-04
iteration 305, E = -308.699062, |x| = 1.332552e+00, |g| = 5.881645e-04
iteration 306, E = -308.699062, |x| = 1.332606e+00, |g| = 4.268746e-04
iteration 307, E = -308.699062, |x| = 1.333955e+00, |g| = 2.408612e-04
iteration 308, E = -308.699062, |x| = 1.330145e+00, |g| = 2.222318e-04
iteration 309, E = -308.699062, |x| = 1.329441e+00, |g| = 1.871990e-04
iteration 310, E = -308.699063, |x| = 1.329430e+00, |g| = 1.065544e-04
iteration 311, E = -308.699063, |x| = 1.332140e+00, |g| = 4.552878e-05
iteration 312, E = -308.699063, |x| = 1.334239e+00, |g| = 5.063410e-05
iteration 313, E = -308.699063, |x| = 1.335897e+00, |g| = 5.002419e-05
iteration 314, E = -308.699063, |x| = 1.337383e+00, |g| = 5.673877e-05
iteration 315, E = -308.699063, |x| = 1.338866e+00, |g| = 6.886199e-05
iteration 316, E = -308.699063, |x| = 1.340773e+00, |g| = 8.842302e-05
iteration 317, E = -308.699063, |x| = 1.343514e+00, |g| = 1.168967e-04
iteration 318, E = -308.699063, |x| = 1.347858e+00, |g| = 1.568990e-04
iteration 319, E = -308.699063, |x| = 1.355040e+00, |g| = 2.112454e-04
iteration 320, E = -308.699063, |x| = 1.367208e+00, |g| = 2.780571e-04
iteration 321, E = -308.699063, |x| = 1.386840e+00, |g| = 3.355730e-04
iteration 322, E = -308.699063, |x| = 1.394399e+00, |g| = 3.058616e-04
iteration 323, E = -308.699063, |x| = 1.398648e+00, |g| = 1.725079e-04
iteration 324, E = -308.699063, |x| = 1.390623e+00, |g| = 1.097245e-04
iteration 325, E = -308.699063, |x| = 1.385607e+00, |g| = 5.282922e-05
iteration 326, E = -308.699063, |x| = 1.383682e+00, |g| = 2.244953e-05
iteration 327, E = -308.699063, |x| = 1.383540e+00, |g| = 1.729865e-05
iteration 328, E = -308.699063, |x| = 1.383692e+00, |g| = 2.183461e-05
iteration 329, E = -308.699063, |x| = 1.383786e+00, |g| = 3.031400e-05
iteration 330, E = -308.699063, |x| = 1.384051e+00, |g| = 4.050368e-05
iteration 331, E = -308.699063, |x| = 1.384435e+00, |g| = 5.238364e-05
iteration 332, E = -308.699063, |x| = 1.385048e+00, |g| = 6.524032e-05
iteration 333, E = -308.699063, |x| = 1.386133e+00, |g| = 8.520976e-05
iteration 334, E = -308.699064, |x| = 1.387988e+00, |g| = 1.052795e-04
iteration 335, E = -308.699064, |x| = 1.391407e+00, |g| = 1.391548e-04
iteration 336, E = -308.699064, |x| = 1.397032e+00, |g| = 1.448079e-04
iteration 337, E = -308.699064, |x| = 1.401471e+00, |g| = 1.572553e-04
iteration 338, E = -308.699064, |x| = 1.404417e+00, |g| = 9.646395e-05
iteration 339, E = -308.699064, |x| = 1.404194e+00, |g| = 5.694403e-05
iteration 340, E = -308.699064, |x| = 1.403520e+00, |g| = 2.522125e-05
iteration 341, E = -308.699064, |x| = 1.403050e+00, |g| = 1.842518e-05
iteration 342, E = -308.699064, |x| = 1.403126e+00, |g| = 1.551641e-05
iteration 343, E = -308.699064, |x| = 1.403340e+00, |g| = 1.572374e-05
iteration 344, E = -308.699064, |x| = 1.403478e+00, |g| = 1.776791e-05
iteration 345, E = -308.699064, |x| = 1.403579e+00, |g| = 2.504975e-05
iteration 346, E = -308.699064, |x| = 1.403617e+00, |g| = 3.777826e-05
iteration 347, E = -308.699064, |x| = 1.403602e+00, |g| = 5.693069e-05
iteration 348, E = -308.699064, |x| = 1.403515e+00, |g| = 8.455703e-05
iteration 349, E = -308.699064, |x| = 1.403316e+00, |g| = 1.237897e-04
iteration 350, E = -308.699064, |x| = 1.402956e+00, |g| = 1.772853e-04
iteration 351, E = -308.699064, |x| = 1.402354e+00, |g| = 2.425427e-04
iteration 352, E = -308.699064, |x| = 1.401364e+00, |g| = 2.974243e-04
iteration 353, E = -308.699064, |x| = 1.399505e+00, |g| = 2.797549e-04
iteration 354, E = -308.699064, |x| = 1.396131e+00, |g| = 1.845458e-04
iteration 355, E = -308.699064, |x| = 1.393659e+00, |g| = 7.801931e-05
iteration 356, E = -308.699064, |x| = 1.392826e+00, |g| = 3.692238e-05
iteration 357, E = -308.699064, |x| = 1.393329e+00, |g| = 3.601299e-05
iteration 358, E = -308.699064, |x| = 1.393353e+00, |g| = 1.822377e-05
iteration 359, E = -308.699064, |x| = 1.393252e+00, |g| = 2.026126e-05
iteration 360, E = -308.699064, |x| = 1.393168e+00, |g| = 3.217287e-05
iteration 361, E = -308.699064, |x| = 1.392857e+00, |g| = 4.548015e-05
iteration 362, E = -308.699064, |x| = 1.392463e+00, |g| = 5.886860e-05
iteration 363, E = -308.699064, |x| = 1.391665e+00, |g| = 7.305977e-05
iteration 364, E = -308.699064, |x| = 1.390516e+00, |g| = 8.756654e-05
iteration 365, E = -308.699064, |x| = 1.388463e+00, |g| = 1.039483e-04
iteration 366, E = -308.699064, |x| = 1.385868e+00, |g| = 1.225793e-04
iteration 367, E = -308.699064, |x| = 1.383157e+00, |g| = 1.297504e-04
iteration 368, E = -308.699064, |x| = 1.383045e+00, |g| = 8.034325e-05
iteration 369, E = -308.699064, |x| = 1.380821e+00, |g| = 5.135501e-05
iteration 370, E = -308.699064, |x| = 1.383986e+00, |g| = 7.559396e-05
iteration 371, E = -308.699064, |x| = 1.382942e+00, |g| = 2.240134e-05
iteration 372, E = -308.699064, |x| = 1.383226e+00, |g| = 2.351624e-05
iteration 373, E = -308.699064, |x| = 1.383975e+00, |g| = 1.685399e-05
iteration 374, E = -308.699064, |x| = 1.384572e+00, |g| = 1.096108e-05
iteration 375, E = -308.699064, |x| = 1.384757e+00, |g| = 1.290504e-05
iteration 376, E = -308.699064, |x| = 1.384792e+00, |g| = 2.103798e-05
iteration 377, E = -308.699064, |x| = 1.384714e+00, |g| = 2.613994e-05
iteration 378, E = -308.699064, |x| = 1.384571e+00, |g| = 3.234704e-05
iteration 379, E = -308.699064, |x| = 1.384341e+00, |g| = 3.952217e-05
iteration 380, E = -308.699064, |x| = 1.383949e+00, |g| = 4.960757e-05
iteration 381, E = -308.699064, |x| = 1.383256e+00, |g| = 6.377002e-05
iteration 382, E = -308.699064, |x| = 1.382003e+00, |g| = 8.414496e-05
iteration 383, E = -308.699064, |x| = 1.379747e+00, |g| = 1.113388e-04
iteration 384, E = -308.699064, |x| = 1.375841e+00, |g| = 1.407308e-04
iteration 385, E = -308.699064, |x| = 1.371930e+00, |g| = 1.412136e-04
iteration 386, E = -308.699064, |x| = 1.368272e+00, |g| = 1.015097e-04
iteration 387, E = -308.699064, |x| = 1.366513e+00, |g| = 3.908019e-05
iteration 388, E = -308.699064, |x| = 1.366643e+00, |g| = 1.359664e-05
iteration 389, E = -308.699064, |x| = 1.366990e+00, |g| = 8.326302e-06
iteration 390, E = -308.699064, |x| = 1.367141e+00, |g| = 8.756559e-06
iteration 391, E = -308.699064, |x| = 1.367213e+00, |g| = 7.420508e-06
iteration 392, E = -308.699064, |x| = 1.367279e+00, |g| = 7.576663e-06
iteration 393, E = -308.699064, |x| = 1.367361e+00, |g| = 1.170383e-05
iteration 394, E = -308.699064, |x| = 1.367477e+00, |g| = 2.075307e-05
iteration 395, E = -308.699064, |x| = 1.367627e+00, |g| = 3.590492e-05
iteration 396, E = -308.699064, |x| = 1.367772e+00, |g| = 5.674962e-05
iteration 397, E = -308.699064, |x| = 1.367786e+00, |g| = 7.989361e-05
iteration 398, E = -308.699064, |x| = 1.367547e+00, |g| = 1.008933e-04
iteration 399, E = -308.699064, |x| = 1.366931e+00, |g| = 1.185698e-04
iteration 400, E = -308.699064, |x| = 1.365713e+00, |g| = 1.300500e-04
iteration 401, E = -308.699064, |x| = 1.363543e+00, |g| = 1.319303e-04
iteration 402, E = -308.699064, |x| = 1.361510e+00, |g| = 1.270408e-04
iteration 403, E = -308.699064, |x| = 1.360981e+00, |g| = 8.398882e-05
iteration 404, E = -308.699064, |x| = 1.361489e+00, |g| = 3.732055e-05
iteration 405, E = -308.699064, |x| = 1.361783e+00, |g| = 2.650845e-05
iteration 406, E = -308.699064, |x| = 1.361850e+00, |g| = 1.033670e-05
iteration 407, E = -308.699064, |x| = 1.361759e+00, |g| = 8.456036e-06
iteration 408, E = -308.699064, |x| = 1.361678e+00, |g| = 9.017694e-06
iteration 409, E = -308.699064, |x| = 1.361564e+00, |g| = 1.196147e-05
iteration 410, E = -308.699064, |x| = 1.361421e+00, |g| = 1.825095e-05
iteration 411, E = -308.699064, |x| = 1.361220e+00, |g| = 2.949661e-05
iteration 412, E = -308.699064, |x| = 1.360956e+00, |g| = 4.779971e-05
iteration 413, E = -308.699064, |x| = 1.360633e+00, |g| = 7.568131e-05
iteration 414, E = -308.699064, |x| = 1.360355e+00, |g| = 1.125583e-04
iteration 415, E = -308.699064, |x| = 1.360373e+00, |g| = 1.506812e-04
iteration 416, E = -308.699064, |x| = 1.361131e+00, |g| = 1.793481e-04
iteration 417, E = -308.699064, |x| = 1.363509e+00, |g| = 1.818059e-04
iteration 418, E = -308.699064, |x| = 1.369075e+00, |g| = 1.195751e-04
iteration 419, E = -308.699064, |x| = 1.371221e+00, |g| = 7.335391e-05
iteration 420, E = -308.699064, |x| = 1.373056e+00, |g| = 1.628479e-05
iteration 421, E = -308.699064, |x| = 1.372518e+00, |g| = 1.983240e-05
iteration 422, E = -308.699064, |x| = 1.372402e+00, |g| = 9.962666e-06
iteration 423, E = -308.699064, |x| = 1.371988e+00, |g| = 1.079664e-05
iteration 424, E = -308.699064, |x| = 1.371548e+00, |g| = 1.564189e-05
iteration 425, E = -308.699064, |x| = 1.371175e+00, |g| = 2.131326e-05
iteration 426, E = -308.699064, |x| = 1.370853e+00, |g| = 2.737624e-05
iteration 427, E = -308.699064, |x| = 1.370561e+00, |g| = 3.452694e-05
iteration 428, E = -308.699064, |x| = 1.370293e+00, |g| = 4.347800e-05
iteration 429, E = -308.699064, |x| = 1.370115e+00, |g| = 5.521572e-05
iteration 430, E = -308.699064, |x| = 1.370204e+00, |g| = 7.014345e-05
iteration 431, E = -308.699064, |x| = 1.371070e+00, |g| = 8.761475e-05
iteration 432, E = -308.699064, |x| = 1.373113e+00, |g| = 9.230299e-05
iteration 433, E = -308.699064, |x| = 1.375522e+00, |g| = 6.883793e-05
iteration 434, E = -308.699064, |x| = 1.378671e+00, |g| = 1.914838e-05
iteration 435, E = -308.699064, |x| = 1.379686e+00, |g| = 5.901172e-06
iteration 436, E = -308.699064, |x| = 1.379637e+00, |g| = 3.789024e-06
iteration 437, E = -308.699064, |x| = 1.379658e+00, |g| = 3.222937e-06
iteration 438, E = -308.699064, |x| = 1.379665e+00, |g| = 3.452064e-06
iteration 439, E = -308.699064, |x| = 1.379720e+00, |g| = 4.698154e-06
iteration 440, E = -308.699064, |x| = 1.379822e+00, |g| = 6.772749e-06
iteration 441, E = -308.699064, |x| = 1.379984e+00, |g| = 9.884767e-06
iteration 442, E = -308.699064, |x| = 1.380227e+00, |g| = 1.422392e-05
iteration 443, E = -308.699064, |x| = 1.380564e+00, |g| = 2.024296e-05
iteration 444, E = -308.699064, |x| = 1.381011e+00, |g| = 2.812882e-05
iteration 445, E = -308.699064, |x| = 1.381546e+00, |g| = 3.827593e-05
iteration 446, E = -308.699064, |x| = 1.382137e+00, |g| = 5.056088e-05
iteration 447, E = -308.699064, |x| = 1.382653e+00, |g| = 6.529617e-05
iteration 448, E = -308.699064, |x| = 1.382858e+00, |g| = 8.163723e-05
iteration 449, E = -308.699064, |x| = 1.382090e+00, |g| = 9.829456e-05
iteration 450, E = -308.699064, |x| = 1.378919e+00, |g| = 1.061668e-04
iteration 451, E = -308.699064, |x| = 1.370859e+00, |g| = 7.647990e-05
iteration 452, E = -308.699064, |x| = 1.362513e+00, |g| = 5.985489e-05
iteration 453, E = -308.699064, |x| = 1.363832e+00, |g| = 2.066333e-05
iteration 454, E = -308.699064, |x| = 1.363230e+00, |g| = 1.245238e-05
iteration 455, E = -308.699064, |x| = 1.362839e+00, |g| = 6.800725e-06
iteration 456, E = -308.699064, |x| = 1.362882e+00, |g| = 5.453191e-06
iteration 457, E = -308.699064, |x| = 1.362927e+00, |g| = 6.265473e-06
iteration 458, E = -308.699064, |x| = 1.362922e+00, |g| = 8.974405e-06
iteration 459, E = -308.699064, |x| = 1.362881e+00, |g| = 1.266314e-05
iteration 460, E = -308.699064, |x| = 1.362813e+00, |g| = 1.677713e-05
iteration 461, E = -308.699064, |x| = 1.362680e+00, |g| = 2.212642e-05
iteration 462, E = -308.699064, |x| = 1.362472e+00, |g| = 2.874651e-05
iteration 463, E = -308.699064, |x| = 1.362086e+00, |g| = 3.727489e-05
iteration 464, E = -308.699064, |x| = 1.361469e+00, |g| = 4.637653e-05
iteration 465, E = -308.699065, |x| = 1.360322e+00, |g| = 5.130973e-05
iteration 466, E = -308.699065, |x| = 1.360026e+00, |g| = 4.442977e-05
iteration 467, E = -308.699065, |x| = 1.359671e+00, |g| = 2.118720e-05
iteration 468, E = -308.699065, |x| = 1.360881e+00, |g| = 1.079349e-05
iteration 469, E = -308.699065, |x| = 1.360874e+00, |g| = 5.895486e-06
iteration 470, E = -308.699065, |x| = 1.361119e+00, |g| = 3.417904e-06
iteration 471, E = -308.699065, |x| = 1.361397e+00, |g| = 1.684154e-06
Fragment 0 local quantum numbers
<N>,<Sz>,<S^2> = 2.000125, -0.000016, 0.007178
Fragment 1 local quantum numbers
<N>,<Sz>,<S^2> = 1.999558, 0.000037, 0.013068
Fragment 2 local quantum numbers
<N>,<Sz>,<S^2> = 1.999823, 0.000005, 0.012728
Fragment 3 local quantum numbers
<N>,<Sz>,<S^2> = 2.000494, -0.000026, 0.006694
Whole system quantum numbers
<N>,<Sz>,<S^2> = 8.000000, 0.000000, 0.000901
Density matrix diagonal elements [1.90515274 0.09497237 1.90763725 0.09192026 1.90819484 0.09162862
 1.90591404 0.09457989]
CASCI converged
CASCI E = -308.699064512860  E(CI) = -8.65007372772681  S^2 = 0.0009013
