#INFO: **** input file is /home/jinx/repo/qchem/las-uscc-noqe/tasks/hydro/h4.py ****
# run_tests.py

from qtest.test_base import MyNOQIStudy, MolConfig


import os
pwd = os.path.dirname(os.path.abspath(__file__))
with open(f'{pwd}/../geom/h4.xyz', 'r', encoding='utf-8') as f:
    h4xyz = f.read()


h4 = MolConfig(
    name="H4_STO3G",
    xyz=h4xyz,
    basis="sto-3g",
    ncas=[2, 1],
    nelecas=[2, 2],
    spinsub=[1, 1],
    frag_atom_list=((0, 1), (2, 3)),
    output = f"{pwd}/data/h4.out",
)

# Instantiate your test class
job = MyNOQIStudy(h4, AMPLITUDE=1.0, VERBOSE=4)

# Run once the SCF -> LASSCF -> CASCI stack
job.run_scf_stack_once()

# Sweep multiple excitation selections without redoing LAS/CAS
energies = job.run_selection_sweep(
    label_prefix="testscan",
    epsilons=[0.001],
    # epsilons=[0.01, 0.001],
    # factors=[0.1],
)

# Print or save results
for label, record in energies.items():
    print(f"\n[{label}]")
    for key, val in record.items():
        print(f"{key:>18s}: {val:.12f}")
#INFO: ******************** input file end ********************


System: uname_result(system='Linux', node='sun', release='6.6.87.2-microsoft-standard-WSL2', version='#1 SMP PREEMPT_DYNAMIC Thu Jun  5 18:30:46 UTC 2025', machine='x86_64')  Threads 16
Python 3.12.3 (main, Aug 14 2025, 17:47:21) [GCC 13.3.0]
numpy 2.3.1  scipy 1.16.0  h5py 3.14.0
Date: Sun Nov 23 14:13:04 2025
PySCF version 2.9.0
PySCF path  /home/jinx/repo/qchem/.venv/lib/python3.12/site-packages/pyscf
mrh path  /home/jinx/repo/qchem/mrh
GIT ORIG_HEAD b49e04f5f5ffc1c27967a615ccab8ecdf1806538
GIT HEAD (branch master) be911c8ae3c12e66ecff0b83733a890cec0899cf

[CONFIG] conf_file None
[INPUT] verbose = 4
[INPUT] num. atoms = 4
[INPUT] num. electrons = 4
[INPUT] charge = 0
[INPUT] spin (= nelec alpha-beta = 2S) = 0
[INPUT] symmetry False subgroup None
[INPUT] Mole.unit = angstrom
[INPUT] Symbol           X                Y                Z      unit          X                Y                Z       unit  Magmom
[INPUT]  1 H      0.000000000000   0.000000000000   0.000000000000 AA    0.000000000000   0.000000000000   0.000000000000 Bohr   0.0
[INPUT]  2 H      1.000000000000   0.000000000000   0.000000000000 AA    1.889726124565   0.000000000000   0.000000000000 Bohr   0.0
[INPUT]  3 H      0.273746762116   2.195450598147   0.100000000000 AA    0.517306407886   4.148800350510   0.188972612457 Bohr   0.0
[INPUT]  4 H      1.232912762116   1.895450598147  -0.100000000000 AA    2.329867455880   3.581882513141  -0.188972612457 Bohr   0.0

nuclear repulsion = 2.023684011863
number of shells = 4
number of NR pGTOs = 12
number of NR cGTOs = 4
basis = sto-3g
ecp = {}
CPU time:         2.63


******** <class 'pyscf.scf.hf.RHF'> ********
method = RHF
initial guess = minao
damping factor = 0
level_shift factor = 0
DIIS = <class 'pyscf.scf.diis.CDIIS'>
diis_start_cycle = 1
diis_space = 8
diis_damp = 0
SCF conv_tol = 1e-09
SCF conv_tol_grad = None
SCF max_cycles = 50
direct_scf = True
direct_scf_tol = 1e-13
chkfile to save SCF result = /tmp/tmp0sb_1jqb
max_memory 4000 MB (current use 138 MB)
Set gradient conv threshold to 3.16228e-05
Initial guess from minao.
init E= -1.40744620100893
  HOMO = -0.314464427824686  LUMO = 0.288293020083207
cycle= 1 E= -2.10962276943247  delta_E= -0.702  |g|= 0.0119  |ddm|= 1.33
  HOMO = -0.42522991698265  LUMO = 0.398613236269489
cycle= 2 E= -2.10971502625417  delta_E= -9.23e-05  |g|= 0.00292  |ddm|= 0.0224
  HOMO = -0.42530526635152  LUMO = 0.398844883602508
cycle= 3 E= -2.10972127462277  delta_E= -6.25e-06  |g|= 0.000303  |ddm|= 0.00625
  HOMO = -0.425330163808313  LUMO = 0.398840022054193
cycle= 4 E= -2.10972134123365  delta_E= -6.66e-08  |g|= 3.83e-06  |ddm|= 0.000741
  HOMO = -0.425329700493885  LUMO = 0.398839876342737
cycle= 5 E= -2.10972134124433  delta_E= -1.07e-11  |g|= 6.45e-08  |ddm|= 9.22e-06
  HOMO = -0.425329801658021  LUMO = 0.39883993147477
Extra cycle  E= -2.10972134124433  delta_E= -3.55e-15  |g|= 9.4e-09  |ddm|= 1.01e-07
converged SCF energy = -2.10972134124433

******** LASSCF flags ********
CAS (2e+2e, 3o), ncore = 0, nvir = 1
Divided into 2 LAS spaces
LAS 0 : (1e+1e, 2o)
LAS 1 : (1e+1e, 1o)
nroots = 1
max_cycle_macro = 50
max_cycle_micro = 5
conv_tol_grad = 0.0001
max_memory 4000 MB (current use 158 MB)
fragment 0 FCI solver flags:
******** <class 'mrh.my_pyscf.mcscf.addons.get_h1e_zipped_fcisolver.<locals>.FCISolver'> ********
max. cycles = 100
conv_tol = 1e-10
davidson only = False
linear dependence = 1e-14
level shift = 0.001
max iter space = 12
max_memory 4000 MB
nroots = 1
pspace_size = 200
spin = 0
State-average over 1 states with weights [1.0]
fragment 1 FCI solver flags:
******** <class 'mrh.my_pyscf.mcscf.addons.get_h1e_zipped_fcisolver.<locals>.FCISolver'> ********
max. cycles = 100
conv_tol = 1e-10
davidson only = False
linear dependence = 1e-14
level shift = 0.001
max iter space = 12
max_memory 4000 MB
nroots = 1
pspace_size = 200
spin = 0
State-average over 1 states with weights [1.0]
LASCI subspace 0 with no orbsym information
LASCI subspace 1 with no orbsym information
LASCI subspace CI energies: [np.float64(-1.625961683958221), np.float64(-1.5676052771991986)]
LASCI macro 0 : E = -2.14304786070887 ; |g_int| = 0.0582188375942375 ; |g_ci| = 5.60549593332267e-16 ; |g_x| = 0
LASCI micro 1 : |x_orb| = 0.0676722792399046 ; |x_ci| = 0.00267002165700794
LASCI micro 2 : |x_orb| = 0.0750833720903854 ; |x_ci| = 0.00151224193096443
LASCI micro 3 : |x_orb| = 0.0757003554685052 ; |x_ci| = 0.00145787290624824
LASCI micro 4 : |x_orb| = 0.0741549173367247 ; |x_ci| = 0.00153763645325323
LASCI micro 5 : |x_orb| = 0.0741264980213116 ; |x_ci| = 0.0014912749575028
LASCI subspace 0 with no orbsym information
LASCI subspace 1 with no orbsym information
LASCI subspace CI energies: [np.float64(-1.6201626456462663), np.float64(-1.5735031547286185)]
LASCI macro 1 : E = -2.14492422976293 ; |g_int| = 0.0290627223195494 ; |g_ci| = 1.83427529358239e-15 ; |g_x| = 0
LASCI micro 1 : |x_orb| = 0.0348583971524808 ; |x_ci| = 0.00141816122397839
LASCI micro 2 : |x_orb| = 0.0372915163098174 ; |x_ci| = 0.000586898760282221
LASCI micro 3 : |x_orb| = 0.0376470893617638 ; |x_ci| = 0.000555225093881395
LASCI micro 4 : |x_orb| = 0.036751598371299 ; |x_ci| = 0.000608801732789673
LASCI micro 5 : |x_orb| = 0.0367026161273781 ; |x_ci| = 0.000565554070902234
LASCI subspace 0 with no orbsym information
LASCI subspace 1 with no orbsym information
LASCI subspace CI energies: [np.float64(-1.616558718309021), np.float64(-1.5754900294802012)]
LASCI macro 2 : E = -2.14539074092589 ; |g_int| = 0.0145448558399838 ; |g_ci| = 1.3387774083785e-15 ; |g_x| = 0
LASCI micro 1 : |x_orb| = 0.017897520417067 ; |x_ci| = 0.000674978143722226
LASCI micro 2 : |x_orb| = 0.0187905402304578 ; |x_ci| = 0.000259191808399275
LASCI micro 3 : |x_orb| = 0.0189708261477804 ; |x_ci| = 0.000238860567656804
LASCI subspace 0 with no orbsym information
LASCI subspace 1 with no orbsym information
LASCI subspace CI energies: [np.float64(-1.614491971937298), np.float64(-1.5763453305496242)]
LASCI macro 3 : E = -2.14550818464277 ; |g_int| = 0.00727863614228169 ; |g_ci| = 1.01986564115787e-15 ; |g_x| = 0
LASCI micro 1 : |x_orb| = 0.00888473491373066 ; |x_ci| = 0.000314538004242518
LASCI micro 2 : |x_orb| = 0.00922235391207582 ; |x_ci| = 0.000120429070408006
LASCI micro 3 : |x_orb| = 0.00930891023297424 ; |x_ci| = 0.000109029851574384
LASCI subspace 0 with no orbsym information
LASCI subspace 1 with no orbsym information
LASCI subspace CI energies: [np.float64(-1.6134428384284247), np.float64(-1.5767127524650577)]
LASCI macro 4 : E = -2.14553742836337 ; |g_int| = 0.00363941362775402 ; |g_ci| = 9.13412423751373e-16 ; |g_x| = 0
LASCI micro 1 : |x_orb| = 0.00438029588889241 ; |x_ci| = 0.000149221720255602
LASCI micro 2 : |x_orb| = 0.00452084857389755 ; |x_ci| = 5.79905529625549e-05
LASCI micro 3 : |x_orb| = 0.00456233907564497 ; |x_ci| = 5.21999185263259e-05
LASCI subspace 0 with no orbsym information
LASCI subspace 1 with no orbsym information
LASCI subspace CI energies: [np.float64(-1.612921310877376), np.float64(-1.5768789743019958)]
LASCI macro 5 : E = -2.14554469737403 ; |g_int| = 0.00181887334161103 ; |g_ci| = 5.05724055001057e-16 ; |g_x| = 0
LASCI micro 1 : |x_orb| = 0.00215239588620065 ; |x_ci| = 7.19740657091273e-05
LASCI micro 2 : |x_orb| = 0.00221446491296177 ; |x_ci| = 2.83910666862652e-05
LASCI subspace 0 with no orbsym information
LASCI subspace 1 with no orbsym information
LASCI subspace CI energies: [np.float64(-1.61266724472011), np.float64(-1.576954063003403)]
LASCI macro 6 : E = -2.14554649811436 ; |g_int| = 0.000911132596287519 ; |g_ci| = 1.11023255370492e-15 ; |g_x| = 0
LASCI micro 1 : |x_orb| = 0.00106557931744725 ; |x_ci| = 3.535889466376e-05
LASCI subspace 0 with no orbsym information
LASCI subspace 1 with no orbsym information
LASCI subspace CI energies: [np.float64(-1.612544582928636), np.float64(-1.5769898685850725)]
LASCI macro 7 : E = -2.14554694121321 ; |g_int| = 0.000465973167288614 ; |g_ci| = 6.09438749814186e-16 ; |g_x| = 0
LASCI subspace 0 with no orbsym information
LASCI subspace 1 with no orbsym information
LASCI subspace CI energies: [np.float64(-1.6124913205235667), np.float64(-1.5770065740601726)]
LASCI macro 8 : E = -2.14554704387939 ; |g_int| = 0.000271614022834915 ; |g_ci| = 1.30636401140856e-15 ; |g_x| = 0
LASCI subspace 0 with no orbsym information
LASCI subspace 1 with no orbsym information
LASCI subspace CI energies: [np.float64(-1.6124607322657663), np.float64(-1.5770154483068042)]
LASCI macro 9 : E = -2.14554707888091 ; |g_int| = 0.000161780684466185 ; |g_ci| = 3.64890846544073e-16 ; |g_x| = 0
LASCI subspace 0 with no orbsym information
LASCI subspace 1 with no orbsym information
LASCI subspace CI energies: [np.float64(-1.6124431039915315), np.float64(-1.5770204940760506)]
LASCI macro 10 : E = -2.14554709128139 ; |g_int| = 9.80651505217334e-05 ; |g_ci| = 1.13184575291198e-15 ; |g_x| = 0
LASCI converged after 11 cycles
LASCI E = -2.14554709128139 ; |g_int| = 9.80651505217334e-05 ; |g_ci| = 1.13184575291198e-15 ; |g_ext| = 0
Fragment 0 natural orbitals
Natural occ [1.93631982 0.06368018]
Natural orbital (expansion on AOs) in CAS space
               #1        #2       
0 H 1s          -0.58230  -0.99528
1 H 1s          -0.58204   0.99870
2 H 1s           0.07723  -0.01942
3 H 1s           0.05624  -0.02302
Fragment 1 natural orbitals
Natural occ [2.]
Natural orbital (expansion on AOs) in CAS space
               #1       
0 H 1s           0.01358
1 H 1s          -0.00326
2 H 1s          -0.58141
3 H 1s          -0.58117
LASCI energy = -2.14554709128139

******** CASCI flags ********
CAS (2e+2e, 3o), ncore = 0, nvir = 1
natorb = False
canonicalization = True
sorting_mo_energy = False
max_memory 4000 (MB)
******** <class 'pyscf.fci.direct_spin1.FCISolver'> ********
max. cycles = 200
conv_tol = 1e-08
davidson only = False
linear dependence = 1e-12
level shift = 0.001
max iter space = 12
max_memory 4000 MB
nroots = 1
pspace_size = 400
spin = None
Density matrix diagonal elements [1.93631986 0.06368026 1.99999988]
CASCI converged
CASCI E = -2.14554722426905  E(CI) = -4.16923123613205  S^2 = 0.0000000

******** CASCI flags ********
CAS (2e+2e, 3o), ncore = 0, nvir = 1
natorb = False
canonicalization = True
sorting_mo_energy = False
max_memory 4000 (MB)
******** <class 'mrh.exploratory.unitary_cc.lasuccsd.FCISolver_USCC'> ********
max. cycles = 100
conv_tol = 1e-10
davidson only = False
linear dependence = 1e-14
level shift = 0.001
max iter space = 12
max_memory 4000 MB
nroots = 1
pspace_size = 400
spin = None
LASCI object has 2 degrees of freedom
iteration 0, E = -2.145547, |x| = 2.449826e-04, |g| = 1.588588e-10
Fragment 0 local quantum numbers
<N>,<Sz>,<S^2> = 2.000000, 0.000000, 0.000000
Fragment 1 local quantum numbers
<N>,<Sz>,<S^2> = 2.000000, 0.000000, 0.000000
Whole system quantum numbers
<N>,<Sz>,<S^2> = 4.000000, 0.000000, 0.000000
Density matrix diagonal elements [1.93631982 0.0636803  1.99999988]
CASCI converged
CASCI E = -2.14554722046818  E(CI) = -4.16923123233118  S^2 = 0.0000000
