ERROR: Unable to locate a modulefile for 'cmake/4.3'
Loading gcc/10.2.0
  ERROR: gcc/10.2.0 cannot be loaded due to a conflict.
    HINT: Might try "module unload gcc" first.

Loading mpich/3.4.3+gcc-10.2.0
  ERROR: Load of requirement 'gcc/10.2.0' failed
python: can't open file 'lassis_4frag_s.py': [Errno 2] No such file or directory
Command exited with non-zero status 2
	Command being timed: "python lassis_4frag_s.py"
	User time (seconds): 0.03
	System time (seconds): 0.01
	Percent of CPU this job got: 90%
	Elapsed (wall clock) time (h:mm:ss or m:ss): 0:00.05
	Average shared text size (kbytes): 0
	Average unshared data size (kbytes): 0
	Average stack size (kbytes): 0
	Average total size (kbytes): 0
	Maximum resident set size (kbytes): 22148
	Average resident set size (kbytes): 0
	Major (requiring I/O) page faults: 0
	Minor (reclaiming a frame) page faults: 2747
	Voluntary context switches: 93
	Involuntary context switches: 0
	Swaps: 0
	File system inputs: 0
	File system outputs: 0
	Socket messages sent: 0
	Socket messages received: 0
	Signals delivered: 0
	Page size (bytes): 4096
	Exit status: 2
