ERROR: Unable to locate a modulefile for 'cmake/4.3'
Loading gcc/10.2.0
  ERROR: gcc/10.2.0 cannot be loaded due to a conflict.
    HINT: Might try "module unload gcc" first.

Loading mpich/3.4.3+gcc-10.2.0
  ERROR: Load of requirement 'gcc/10.2.0' failed
WARN: Even tempered Gaussians are generated as DF auxbasis for  Fe
WARN: LASSIS max_cycle_macro is deprecated. Set cisolver_attr_charge_hops['max_cycle'] in the future
Traceback (most recent call last):
  File "lassis_4frag_s19.py", line 55, in <module>
    e, si = lsi.run(opt=1)
TypeError: cannot unpack non-iterable LASSIS object
Command exited with non-zero status 1
	Command being timed: "python lassis_4frag_s19.py"
	User time (seconds): 19701.75
	System time (seconds): 89.18
	Percent of CPU this job got: 2575%
	Elapsed (wall clock) time (h:mm:ss or m:ss): 12:48.45
	Average shared text size (kbytes): 0
	Average unshared data size (kbytes): 0
	Average stack size (kbytes): 0
	Average total size (kbytes): 0
	Maximum resident set size (kbytes): 10678112
	Average resident set size (kbytes): 0
	Major (requiring I/O) page faults: 0
	Minor (reclaiming a frame) page faults: 6236188
	Voluntary context switches: 418070
	Involuntary context switches: 69982
	Swaps: 0
	File system inputs: 0
	File system outputs: 416512
	Socket messages sent: 0
	Socket messages received: 0
	Signals delivered: 0
	Page size (bytes): 4096
	Exit status: 1
