#INFO: **** input file is /project/lgagliardi/tuy/qchem/las-uscc-noci/working/polyene/c4_631g_rand.py ****
# test the distribution of the nearest neighbor excitations

import numpy as np
import pyscf
from pyscf import gto, scf, lib, mcscf
from mrh.my_pyscf.mcscf.lasscf_o0 import LASSCF
from mrh.exploratory.unitary_cc import lasuccsd
from mrh.exploratory.unitary_cc.uccsd_sym0 import get_uccsd_op
from mrh.exploratory.citools import grad, lasci_ominus1
from mrh.exploratory.citools import fockspace


from typing import Iterable, Union
from typing import Dict, List, Any, TypedDict
import copy
import pickle
from enum import Enum
from scipy.linalg import eigh
from scipy import optimize
import sys
import random
VERBOSE = 0
result = {}
if len(sys.argv) > 1:
    try:
        AMPLITUDE = float(sys.argv[1])
        print(f"Using AMPLITUDE argument: {AMPLITUDE}")
    except ValueError:
        print("Invalid AMPLITUDE argument, using default value 1.")
        AMPLITUDE = 1
else:
    AMPLITUDE = 1

def flatten(seq: Iterable) -> list:
    result = []
    for item in seq:
        if isinstance(item, (list, tuple, np.ndarray)):
            result.extend(flatten(item))
        else:
            result.append(item)
    return result


def cilas2f(lasci, norb_f, nelec_f):
    ''' nelec (na, nb)'''
    ci_f = []
    for i, ci in enumerate(lasci):
        ci_f.append(fockspace.hilbert2fock(ci, norb_f[i], nelec_f[i])[0])
    return ci_f

class MolConfig(TypedDict):
    # basic
    name : str
    xyz: str
    basis: str
    ncas: List[int]
    nelecas: List[int]
    spinsub: List[int]
    frag_atom_list: Any  # Can be List or Tuple depending on usage
    frag_spin_orb: Any
    adj: List[List[int]]

class TestConfig(TypedDict):
    epsilon: float
    # nearest neighbor parameters
    factor: None
    nn: bool
    # non-orthogonal configuration interaction parameters
    init_method: str # 'random' or 'uscc_opt' or 'load x'
    # max_nx: int  # max number of excitations per configuration
    # min_nc: int
    # test choices
    grad_test: bool
    noci_test: bool  
    frozen: str

def get_Sij(psi_i, psi_j, h):
    """Compute the overlap Sij = <psi_i|psi_j>."""
    ucj, _ = psi_j.hc_x(psi_j.x, h)[1:3]
    uci, _ = psi_i.hc_x(psi_i.x, h)[1:3]
    ucj, uci = ucj.ravel(), uci.ravel()
    Sij = uci.conj().dot(ucj)
    return Sij


def get_Sij_Hij(psi_i, psi_j, h):
    ucj, hucj = psi_j.hc_x (psi_j.x, h)[1:3]
    uci, huci = psi_i.hc_x (psi_i.x, h)[1:3]
    ucj, hucj = ucj.ravel (), hucj.ravel ()
    uci = uci.ravel ()
    Sij = uci.conj ().dot (ucj)
    Hij = uci.conj ().dot (hucj)
    return Sij, Hij


def arr_split(arr, n):
    """Split an array into n nearly equal parts."""
    k, m = divmod(len(arr), n)
    return list(arr[i * k + min(i, m):(i + 1) * k + min(i + 1, m)] for i in range(n))

def print_matrix(mat):
    for row in mat:
        print("  ".join(f"{x:.17f}" for x in row))

def zip_excitations(a_idxs, i_idxs):
    excitations = []
    for a, i in zip(a_idxs, i_idxs):
        excitations.append((tuple(i), tuple(a[::-1])))
    return excitations

def print_excitations(a_idxs, i_idxs):
    excitations = zip_excitations(a_idxs, i_idxs)
    for excitation in excitations:
        print([[int(x) for x in flatten(excitation)]])


def nci_test(a_idxs_selected, i_idxs_selected, test_config, mol_config, mol,las, mc_uscc, mf):

    nc = len(a_idxs_selected) + 1
    # we create ci for each excitation
    if VERBOSE >= 1:
        print("Number of CIs: ", nc)

    h1eff,e_core= mc_uscc.get_h1eff(mc_uscc.mo_coeff)
    h2eff = mc_uscc.get_h2eff()

    las_ucc_trial_cis = []
    
    min_ci_eng = 99999.9
    amps = []
    for i in range(nc):
        if( i == nc -1):
            amplitude = 0 # the last one is the reference state
        else:
            x = random.uniform(-1, 1)
            amplitude = AMPLITUDE * x # we should try different amplitudes

        mc_uscc_ci = mcscf.CASCI(mf, sum(mol_config['ncas']), sum(mol_config['nelecas']))
        mc_uscc_ci.mo_coeff = las.mo_coeff
        mc_uscc_ci.fcisolver = lasuccsd.FCISolver_USCC(mol, a_idxs_selected, i_idxs_selected)
        mc_uscc_ci.fcisolver.norb_f = mol_config['ncas']
        fci = mc_uscc_ci.fcisolver
        las_ci0_f = cilas2f(las.ci, mol_config['ncas'], mol_config['nelecas'])

        norb = sum(mol_config['ncas']) # not sure about this
        nelec = sum(mol_config['nelecas']) # not sure about this
        norb_f = getattr (fci, 'norb_f', [norb])
        psi =  getattr (fci, 'psi', fci.build_psi (las_ci0_f, norb, norb_f, nelec, frozen=test_config['frozen']))
        
        if i < nc - 1:
            psi.x[psi.nconstr + i] = amplitude
            amps.append(amplitude)

        energy = psi.energy_tot(psi.x, [e_core, h1eff, h2eff])
        if energy < min_ci_eng:
            min_ci_eng = energy

        las_ucc_trial_cis.append(psi)
        
    result['amps'] = amps
    S = np.zeros((nc, nc), dtype=np.complex128)
    H = np.zeros((nc, nc), dtype=np.complex128)
    h = [e_core, h1eff, h2eff]


    # Build S matrix incrementally, discarding linearly dependent CIs
    selected_indices = []
    S_inc = np.zeros((0, 0), dtype=np.complex128)
    threshold = 1e5  # You can adjust this threshold as needed

    for idx, psi in enumerate(las_ucc_trial_cis):
        # Build S matrix for current selection + this CI
        n_sel = len(selected_indices)
        S_new = np.zeros((n_sel + 1, n_sel + 1), dtype=np.complex128)
        # Fill previous block
        if n_sel > 0:
            S_new[:n_sel, :n_sel] = S_inc
            for j, jidx in enumerate(selected_indices):
                S_new[n_sel, j] = get_Sij(psi, las_ucc_trial_cis[jidx], h)
                S_new[j, n_sel] = get_Sij(las_ucc_trial_cis[jidx], psi, h)
        # Diagonal element
        S_new[n_sel, n_sel] = get_Sij(psi, psi, h)
        # Check condition number
        cond = np.linalg.cond(S_new)
        if cond < threshold:
            selected_indices.append(idx)
            S_inc = S_new
        else:
            if VERBOSE >= 1:
                print(f"Discarding CI {idx} due to linear dependence (cond={cond:.2e})")

    # Now, only keep selected CIs for S and H
    nc_sel = len(selected_indices)
    S = np.zeros((nc_sel, nc_sel), dtype=np.complex128)
    H = np.zeros((nc_sel, nc_sel), dtype=np.complex128)
    for i, idx_i in enumerate(selected_indices):
        for j, idx_j in enumerate(selected_indices):
            S[i, j], H[i, j] = get_Sij_Hij(las_ucc_trial_cis[idx_i], las_ucc_trial_cis[idx_j], h)

    if VERBOSE >= 0:
        print(f"Selected {nc_sel} CIs out of {nc} total CIs")
        print("Condition number of S matrix: ", np.linalg.cond(S))

    if VERBOSE >= 1:
        print("S matrix:")
        print_matrix(S)
        print("H matrix:")
        print_matrix(H)

    # print("min_ci_eng: ", min_ci_eng)
    eigvals, eigvecs = eigh(H, S)
    return eigvals[0], eigvecs[0], min_ci_eng   # Take the lowest eigenvalue as the energy



def test(mol_config, test_config, las, mol, mf):

    eps = test_config['epsilon']
    if test_config['factor'] is not None: # if there is factor then use factor to select epsilon
        all_g_, g_sel_, a_idxs_all_, i_idxs_all_ = grad.get_grad_exact(las, 0)
        sortg = np.sort(abs(all_g_))
        n = len(all_g_)
        thre_idx = int(np.floor(test_config['factor'] * n))
        eps= sortg[-thre_idx]

    all_g, g_sel, a_idxs_selected_all, i_idxs_selected_all = grad.get_grad_exact(las, eps)

    # if test_config['grad_test']:
    #     result['all_g'] = all_g
    result['all_g'] = all_g
    result['g_sel'] = g_sel

    a_idxs_selected_nn = []
    i_idxs_selected_nn = []
    
    nn_g = []
    if(test_config['nn']):
        nn_g, a_idxs_selected_nn, i_idxs_selected_nn = get_nn_excitations(a_idxs_selected_all, i_idxs_selected_all, all_g, mol_config)
        if test_config['grad_test']:
            result['nn_g'] = nn_g

    result['tot_excitation_count'] = len(a_idxs_selected_all)
    result['excitation_count_nn'] = len(a_idxs_selected_nn)

    #Computing energy through the LAS-UCC kernel using selected excitations
    #==========================================================================================
    
    a_idxs_selected = None
    i_idxs_selected = None

    if test_config['nn']:
        a_idxs_selected = a_idxs_selected_nn
        i_idxs_selected = i_idxs_selected_nn
    else:
        a_idxs_selected = a_idxs_selected_all
        i_idxs_selected = i_idxs_selected_all
    
    if VERBOSE >= 2:
        print("All selected excitations:")
        print_excitations(a_idxs_selected, i_idxs_selected)

    mc_uscc = mcscf.CASCI(mf, sum(mol_config['ncas']), sum(mol_config['nelecas']))
    mc_uscc.mo_coeff = las.mo_coeff
    mc_uscc.fcisolver = lasuccsd.FCISolver_USCC(mol, a_idxs_selected, i_idxs_selected)
    mc_uscc.fcisolver.norb_f = mol_config['ncas'] # number of orbitals in each fragment
    # easily hit the maximal memory limit
    mc_uscc.fcisolver.frozen = test_config['frozen'] if 'frozen' in test_config else None  
    mc_uscc.kernel(ci0 = cilas2f(las.ci, mol_config['ncas'], mol_config['nelecas']))
    if not mc_uscc.converged:
        print('Warning: kernel hasn\'t converged')
    
    if VERBOSE >= 1:
        print("MC-USCC amplitudes: ", mc_uscc.fcisolver.psi.x)

    result['las_uscc_eng'] =  mc_uscc.e_tot 
   
    if test_config['noci_test']:
        result['las_uscc_noci_eng'], result['las_uscc_noci_vec'], result['min_ci_eng'] = nci_test(a_idxs_selected, i_idxs_selected, test_config, mol_config, mol,las, mc_uscc, mf)
    
    return result
   



def batch_test(mol_config, test_configs):
    results = []

    # Initializing the molecule with RHF
    #===================================
    symmetry = None
    charge = None
    spin = None
    if 'symmetry' in mol_config:
        symmetry = mol_config['symmetry']
    if 'charge' in mol_config:
        charge = mol_config['charge']
    if 'spin' in mol_config:
        spin = mol_config['spin']

    mol = gto.M(atom=mol_config['xyz'], basis=mol_config['basis'], symmetry = symmetry,
        charge = charge, spin = spin, verbose=4, output=mol_config['output'])
    if 'HF' in mol_config and mol_config['HF'] == 'ROHF':
        mf = scf.ROHF(mol).run()
    else:
        mf = scf.RHF(mol).run()

    # Running LASSCF
    #===================================
    las = LASSCF(mf, mol_config['ncas'], mol_config['nelecas'], spin_sub=mol_config['spinsub'], ouput=None)
    mo_loc = las.localize_init_guess(mol_config['frag_atom_list'], mf.mo_coeff)
    las.kernel(mo_loc)
    
    ref = mcscf.CASCI(mf, sum(mol_config['ncas']), sum(mol_config['nelecas']))
    ref.mo_coeff = las.mo_coeff
    ref.kernel() 

    for test_config in test_configs:
        
        result = test(mol_config, test_config, las, mol, mf)
        results.append(result)
    
    return results, ref.e_tot, las.e_tot



def empty_adj(n):
    return [[0 for _ in range(n)] for _ in range(n)]

def circle_adj(n):
    return [[1 if abs(i - j) == 1 or abs(i - j) == n-1 else 0 for j in range(n)] for i in range(n)]


if __name__ == "__main__":


    data_dir = '../geom'

    with open(data_dir + '/h4.xyz', 'r', encoding='utf-8') as f:
        h4xyz = f.read()

    with open(data_dir + '/h6.xyz', 'r', encoding='utf-8') as f:
        h6xyz = f.read()

    with open(data_dir + '/h8.xyz', 'r', encoding='utf-8') as f:
        h8xyz = f.read()

    with open(data_dir + '/h10.xyz', 'r', encoding='utf-8') as f:
        h10xyz = f.read()


    with open(data_dir + '/c4.xyz', 'r', encoding='utf-8') as f:
        c4xyz = f.read()

    with open(data_dir + '/c6.xyz', 'r', encoding='utf-8') as f:
        c6xyz = f.read()

    with open(data_dir + '/c8.xyz', 'r', encoding='utf-8') as f:
        c8xyz = f.read()

    with open(data_dir + '/c10.xyz', 'r', encoding='utf-8') as f:
        c10xyz = f.read()

    with open(data_dir + '/stil-001.xyz', 'r', encoding='utf-8') as f:
        stil001xyz = f.read()

    with open(data_dir + '/stil-60.xyz', 'r', encoding='utf-8') as f:
        stil60xyz = f.read()

    with open(data_dir + '/stil-90.xyz', 'r', encoding='utf-8') as f:
        stil90xyz = f.read()

    with open(data_dir + '/stil-120.xyz', 'r', encoding='utf-8') as f:
        stil120xyz = f.read()

    with open(data_dir + '/stil-180.xyz', 'r', encoding='utf-8') as f:
        stil180xyz = f.read()       


    # with open(data_dir + '/kremer/kremer-geometry.xyz', 'r', encoding='utf-8') as f:
    #     kremer_xyz = f.read()

    # kremer_basis = {
    #     "Cr": "def2-tzvp",
    #     "O": "def2-svp",
    #     "N": "def2-svp",
    #     "C": "def2-svp",
    #     "H": "def2-svp",
    # }

    # kremer_def2 : MolConfig = {
    #     'name' : 'kremer_def2',
    #     'HF' : 'ROHF',
    #     'xyz' : kremer_xyz,
    #     'basis' : kremer_basis,
    #     'symmetry' : False,
    #     'charge' : 3,
    #     'spin' : 6,
    #     'ncas': [3,3],
    #     'nelecas': [[3,0],[0,3]],
    #     'spinsub': [4,4],
    #     'frag_atom_list': [[0],[1]]
    # }

    h4_sto3g : MolConfig = {
        'name': 'H4_STO3G',
        'xyz': h4xyz,
        'basis': 'sto-3g',
        'ncas': [2, 2],
        'nelecas': [2, 2],
        'spinsub': [1, 1],
        'frag_atom_list': ((0, 1), (2, 3)),
        'output': 'h4_sto3g.out',
    }


    stil_631g_001 : MolConfig = {
        'name': 'STIL_631G_001',
        'xyz': stil001xyz,
        'basis': '631g',
        'ncas': [4,2,4],
        'nelecas': [4,2,4],
        'spinsub': [1, 1, 1],
        'frag_atom_list': [ [1,2,3,4,5,6,15,16,17,18,19] , [0,7, 14,20] , [8,9,10,11,12,13, 21,22,23,24,25] ],
        'frag_spin_orb': {
            0: (0, 1, 2, 3,10,11,12,13),
            1: (4,5,14,15),
            2: (6,7,8,9,16,17,18,19)
        },
        'adj': empty_adj(3),
        'output' : 'stil_631g_001.out',
    }

    stil_631g_60 : MolConfig = {
        'name': 'STIL_631G_60',
        'xyz': stil60xyz,
        'basis': '631g',
        'ncas': [4,2,4],
        'nelecas': [4,2,4],
        'spinsub': [1, 1, 1],
        'frag_atom_list': [ [1,2,3,4,5,6,15,16,17,18,19] , [0,7, 14,20] , [8,9,10,11,12,13, 21,22,23,24,25] ],
        'frag_spin_orb': {
            0: (0, 1, 2, 3,10,11,12,13),
            1: (4,5,14,15),
            2: (6,7,8,9,16,17,18,19)
        },
        'adj': empty_adj(3),
        'output' : 'stil_631g_60.out',
    }

    stil_631g_90 : MolConfig = {
        'name': 'STIL_631G_90',
        'xyz': stil90xyz,
        'basis': '631g',
        'ncas': [4,2,4],
        'nelecas': [4,2,4],
        'spinsub': [1, 1, 1],
        'frag_atom_list': [ [1,2,3,4,5,6,15,16,17,18,19] , [0,7, 14,20] , [8,9,10,11,12,13, 21,22,23,24,25] ],
        'frag_spin_orb': {
            0: (0, 1, 2, 3,10,11,12,13),
            1: (4,5,14,15),
            2: (6,7,8,9,16,17,18,19)
        },
        'adj': empty_adj(3),
        'output' : 'stil_631g_90.out',
    }

    stil_631g_120 : MolConfig = {
        'name': 'STIL_631G_120',
        'xyz': stil120xyz,
        'basis': '631g',
        'ncas': [4,2,4],
        'nelecas': [4,2,4],
        'spinsub': [1, 1, 1],
        'frag_atom_list': [ [1,2,3,4,5,6,15,16,17,18,19] , [0,7, 14,20] , [8,9,10,11,12,13, 21,22,23,24,25] ],
        'frag_spin_orb': {
            0: (0, 1, 2, 3,10,11,12,13),
            1: (4,5,14,15),
            2: (6,7,8,9,16,17,18,19)
        },
        'adj': empty_adj(3),
        'output' : 'stil_631g_120.out',
    }


    stil_631g_180 : MolConfig = {
        'name': 'STIL_631G_180',
        'xyz': stil180xyz,
        'basis': '631g',
        'ncas': [4,2,4],
        'nelecas': [4,2,4],
        'spinsub': [1, 1, 1],
        'frag_atom_list': [ [1,2,3,4,5,6,15,16,17,18,19] , [0,7, 14,20] , [8,9,10,11,12,13, 21,22,23,24,25] ],
        'frag_spin_orb': {
            0: (0, 1, 2, 3,10,11,12,13),
            1: (4,5,14,15),
            2: (6,7,8,9,16,17,18,19)
        },
        'adj': empty_adj(3),
        'output' : 'stil_631g_180.out',
    }

    # This c4 is too small, and I observed numericall error, that H and S have all identical
    # entries however the NOCI energy is lower 
    c4_631g : MolConfig = {
        'name': 'C4_631G',
        'xyz': c4xyz,
        'basis': '631g',
        'ncas': [2,2],
        'nelecas': [2,2],
        'spinsub': [1,1],
        'frag_atom_list':  [[0,2], [3,1]],
        'frag_spin_orb': {
            0: (0,1,4,5),
            1: (2,3,6,7),
        },
        'adj': circle_adj(2), # not sure about this
        'output': 'c4_631g.out',
    }

    c6_631g : MolConfig = {
        'name': 'C6_631G',
        'xyz': c6xyz,
        'basis': '631g',
        'ncas': [2,2,2],
        'nelecas': [2,2,2],
        'spinsub': [1,1,1],
        'frag_atom_list': [[0,2], [10,11], [3,1]], # not sure about this
        'frag_spin_orb': {
            0: (0,1,6,7),
            1: (2,3,8,9),
            2: (4,5,10,11),
        },
        'adj': circle_adj(3),
        'output': 'c6_631g.out',
    }


    c8_631g : MolConfig = {
        'name': 'C8_631G',
        'xyz': c8xyz,
        'basis': '631g',
        'ncas': [2,2,2,2],
        'nelecas': [2,2,2,2],
        'spinsub': [1,1,1,1],
        'frag_atom_list': [[0,2], [10,12], [13,11], [3,1]], 
        'frag_spin_orb': {
            0: (0,1,8,9),
            1: (2,3,10,11),
            2: (4,5,12,13),
            3: (6,7,14,15),
        },
        'adj': circle_adj(3),
        'output': 'c8_631g.out',
    }


    c10_631g : MolConfig = {
        'name': 'C10_631G',
        'xyz': c10xyz,
        'basis': '631g',
        'ncas': [2,2,2,2,2],
        'nelecas': [2,2,2,2,2],
        'spinsub': [1,1,1,1,1],
        'frag_atom_list': [[0,2], [10,12], [18,19], [13,11], [3,1]],
        'frag_spin_orb': {
            0: (0,1,10,11),
            1: (2,3,12,13),
            2: (4,5,14,15),
            3: (6,7,16,17),
            4: (8,9,18,19)
        },
        'adj': circle_adj(5),
        'output': 'c10_631g.out',
    }

    mol_configs = [c4_631g]
    # mol_configs = [h4_sto3g]



    nosi_test_01 : TestConfig = {
        'epsilon': 0.01,
        'factor': None,
        'nn': False,
        'init_method': 'uscc_opt',
        'frozen': 'CI',
        'grad_test': False,
        'noci_test': True
    }
        
    # noci_test_001 = copy.deepcopy(noci_test_01)
    # noci_test_001['epsilon'] = 0.001

    # noci_test_0001 = copy.deepcopy(noci_test_01)
    # noci_test_0001['epsilon'] = 0.0001

    # all_g, g_sel, a_idxs_selected_all, i_idxs_selected_all = grad.get_grad_exact(las, 0)
    # sortg = np.sort(abs(g))
    # n = len(g)
    # eps = np.zeros(15)
    factors = np.arange(0.01, 0.16, 0.01)
    # x = np.array([int(np.floor(f * n)) for f in factors])

    # for i in range(10):
    #     eps[i] = sortg[-x[i]]

    # print ("Epsilons = ", eps)


    nosi_tests = []

    for i in range(10):
        nosi_test = copy.deepcopy(nosi_test_01)
        nosi_test['factor'] = factors[i]
        nosi_tests.append(nosi_test)

    for mol_conf in mol_configs:
        print(f"Molecule {mol_conf['name']}: ")
        mol_results, ref_energy, las_energy = batch_test(mol_conf, nosi_tests)
        
        print(f"CASCI energy: {ref_energy:.17f}")
        print(f"LASSCF energy: {las_energy:.17f}")
        for result in mol_results:
            print(f"Total excitations: {len(result['all_g'])}")
            print(f"Selected excitations: {len(result['g_sel'])}")
            
            # print(f"NN excitations: {result['excitation_count_nn']}")

            if 'las_uscc_eng' in result:
                print(f"LAS-USCCSD-VQE energy: {result['las_uscc_eng']:.17f}")
            if 'las_uscc_noci_eng' in result:
                print(f"LAS-USCCSD-NOSI energy: {result['las_uscc_noci_eng']:.17f}")
            # if 'tot_g' in result:
            #     print(f"Total gradient norm: {np.linalg.norm(result['tot_g']):.17f}")
            # if 'nn_g' in result:
            #     print(f"NN gradient norm: {np.linalg.norm(result['nn_g']):.17f}")
            if 'las_uscc_noci_vec' in result:
                print("NOSI vector: ", result['las_uscc_noci_vec'])
            if 'min_ci_eng' in result:
                print(f"Minimum State energy: {result['min_ci_eng']:.17f}")
            if 'amps' in result:
                print("Amplitudes:\n", result['amps'])
            print("\n")
        
        print("\n\n")
#INFO: ******************** input file end ********************


System: uname_result(system='Linux', node='midway3-0545.rcc.local', release='4.18.0-305.3.1.el8.x86_64', version='#1 SMP Tue Jun 1 16:14:33 UTC 2021', machine='x86_64')  Threads 16
Python 3.9.19 | packaged by conda-forge | (main, Mar 20 2024, 12:50:21) 
[GCC 12.3.0]
numpy 2.0.2  scipy 1.13.1  h5py 3.14.0
Date: Thu Nov  6 21:58:23 2025
PySCF version 2.9.0
PySCF path  /home/tuy/repo/.venv/lib/python3.9/site-packages/pyscf
mrh path  /home/tuy/repo/mrh
GIT ORIG_HEAD b98c29c0816fd226852111a125e579215dc0ac5e
GIT HEAD (branch master) b49e04f5f5ffc1c27967a615ccab8ecdf1806538

[CONFIG] conf_file None
[INPUT] verbose = 4
[INPUT] num. atoms = 10
[INPUT] num. electrons = 30
[INPUT] charge = 0
[INPUT] spin (= nelec alpha-beta = 2S) = 0
[INPUT] symmetry False subgroup None
[INPUT] Mole.unit = angstrom
[INPUT] Symbol           X                Y                Z      unit          X                Y                Z       unit  Magmom
[INPUT]  1 C      1.855098000000   0.114866000000   0.000000000000 AA    3.505627154228   0.217065281024   0.000000000000 Bohr   0.0
[INPUT]  2 C     -1.855098000000  -0.114866000000   0.000000000000 AA   -3.505627154228  -0.217065281024   0.000000000000 Bohr   0.0
[INPUT]  3 C      0.643269000000  -0.423208000000   0.000000000000 AA    1.215602234423  -0.799747213725   0.000000000000 Bohr   0.0
[INPUT]  4 C     -0.643269000000   0.423208000000   0.000000000000 AA   -1.215602234423   0.799747213725   0.000000000000 Bohr   0.0
[INPUT]  5 H      2.022642000000   1.200276000000   0.000000000000 AA    3.822239428043   2.268192913888   0.000000000000 Bohr   0.0
[INPUT]  6 H     -2.022642000000  -1.200276000000   0.000000000000 AA   -3.822239428043  -2.268192913888   0.000000000000 Bohr   0.0
[INPUT]  7 H      2.772605000000  -0.488763000000   0.000000000000 AA    5.239464101600  -0.923628209821   0.000000000000 Bohr   0.0
[INPUT]  8 H     -2.772605000000   0.488763000000   0.000000000000 AA   -5.239464101600   0.923628209821   0.000000000000 Bohr   0.0
[INPUT]  9 H      0.475726000000  -1.508617000000   0.000000000000 AA    0.898991850335  -2.850872956863   0.000000000000 Bohr   0.0
[INPUT] 10 H     -0.475726000000   1.508617000000   0.000000000000 AA   -0.898991850335   2.850872956863   0.000000000000 Bohr   0.0

nuclear repulsion = 102.461544916166
number of shells = 32
number of NR pGTOs = 112
number of NR cGTOs = 48
basis = 631g
ecp = {}
CPU time:         2.69


******** <class 'pyscf.scf.hf.RHF'> ********
method = RHF
initial guess = minao
damping factor = 0
level_shift factor = 0
DIIS = <class 'pyscf.scf.diis.CDIIS'>
diis_start_cycle = 1
diis_space = 8
diis_damp = 0
SCF conv_tol = 1e-09
SCF conv_tol_grad = None
SCF max_cycles = 50
direct_scf = True
direct_scf_tol = 1e-13
chkfile to save SCF result = /scratch/local/jobs/39642296/tmpasvmqhok
max_memory 4000 MB (current use 97 MB)
Set gradient conv threshold to 3.16228e-05
Initial guess from minao.
init E= -155.416250433212
  HOMO = -0.22709867398958  LUMO = 0.0219449353877451
cycle= 1 E= -154.82251823438  delta_E= 0.594  |g|= 0.285  |ddm|= 2.65
  HOMO = -0.339628080459832  LUMO = 0.113253695651493
cycle= 2 E= -154.855812108444  delta_E= -0.0333  |g|= 0.0792  |ddm|= 0.455
  HOMO = -0.321140166683524  LUMO = 0.136396315138309
cycle= 3 E= -154.858223403484  delta_E= -0.00241  |g|= 0.0315  |ddm|= 0.141
  HOMO = -0.326831268785611  LUMO = 0.131887179209666
cycle= 4 E= -154.858523545819  delta_E= -0.0003  |g|= 0.00527  |ddm|= 0.042
  HOMO = -0.327634021896976  LUMO = 0.13144244338549
cycle= 5 E= -154.85853302661  delta_E= -9.48e-06  |g|= 0.00127  |ddm|= 0.00622
  HOMO = -0.3272913172599  LUMO = 0.131870268054613
cycle= 6 E= -154.858533786942  delta_E= -7.6e-07  |g|= 0.000148  |ddm|= 0.00212
  HOMO = -0.327302975856828  LUMO = 0.131899543031606
cycle= 7 E= -154.858533806512  delta_E= -1.96e-08  |g|= 2.16e-05  |ddm|= 0.000467
  HOMO = -0.32730325952289  LUMO = 0.131905529715749
cycle= 8 E= -154.858533806931  delta_E= -4.18e-10  |g|= 2.73e-06  |ddm|= 5.94e-05
  HOMO = -0.327303538711643  LUMO = 0.13190586508993
Extra cycle  E= -154.858533806937  delta_E= -5.91e-12  |g|= 9.8e-07  |ddm|= 5.99e-06
converged SCF energy = -154.858533806937

******** LASSCF flags ********
CAS (2e+2e, 4o), ncore = 13, nvir = 31
Divided into 2 LAS spaces
LAS 0 : (1e+1e, 2o)
LAS 1 : (1e+1e, 2o)
nroots = 1
max_cycle_macro = 50
max_cycle_micro = 5
conv_tol_grad = 0.0001
max_memory 4000 MB (current use 190 MB)
fragment 0 FCI solver flags:
******** <class 'mrh.my_pyscf.mcscf.addons.get_h1e_zipped_fcisolver.<locals>.FCISolver'> ********
max. cycles = 100
conv_tol = 1e-10
davidson only = False
linear dependence = 1e-14
level shift = 0.001
max iter space = 12
max_memory 4000 MB
nroots = 1
pspace_size = 200
spin = 0
State-average over 1 states with weights [1.0]
fragment 1 FCI solver flags:
******** <class 'mrh.my_pyscf.mcscf.addons.get_h1e_zipped_fcisolver.<locals>.FCISolver'> ********
max. cycles = 100
conv_tol = 1e-10
davidson only = False
linear dependence = 1e-14
level shift = 0.001
max iter space = 12
max_memory 4000 MB
nroots = 1
pspace_size = 200
spin = 0
State-average over 1 states with weights [1.0]
LASCI subspace 0 with no orbsym information
LASCI subspace 1 with no orbsym information
LASCI subspace CI energies: [np.float64(-1.2249296747885667), np.float64(-1.2249296747885718)]
LASCI macro 0 : E = -154.870879900139 ; |g_int| = 0.169906535933429 ; |g_ci| = 0.000230919876553139 ; |g_x| = 0
LASCI micro 1 : |x_orb| = 0.362284179556628 ; |x_ci| = 0.0110579766871052
LASCI micro 2 : |x_orb| = 0.709966629091783 ; |x_ci| = 0.0855721472895641
LASCI micro 3 : |x_orb| = 0.728396675861052 ; |x_ci| = 0.0920132300239872
LASCI micro 4 : |x_orb| = 0.764512051507191 ; |x_ci| = 0.0824329081808375
LASCI micro 5 : |x_orb| = 0.766995438613987 ; |x_ci| = 0.0794894311285202
LASCI subspace 0 with no orbsym information
LASCI subspace 1 with no orbsym information
LASCI subspace CI energies: [np.float64(-1.2418639918096046), np.float64(-1.2418639921404997)]
LASCI macro 1 : E = -154.909875313234 ; |g_int| = 0.0664266909635633 ; |g_ci| = 0.00021506398542871 ; |g_x| = 0
LASCI micro 1 : |x_orb| = 0.07858607855947 ; |x_ci| = 0.00729787177333511
LASCI micro 2 : |x_orb| = 0.0901667851793329 ; |x_ci| = 0.00474553314755494
LASCI micro 3 : |x_orb| = 0.090139198454181 ; |x_ci| = 0.00495408173730914
LASCI micro 4 : |x_orb| = 0.0905317230172958 ; |x_ci| = 0.00496194994700472
LASCI micro 5 : |x_orb| = 0.0903429697993525 ; |x_ci| = 0.00513450850771422
LASCI subspace 0 with no orbsym information
LASCI subspace 1 with no orbsym information
LASCI subspace CI energies: [np.float64(-1.2433260286683971), np.float64(-1.2433260289591543)]
LASCI macro 2 : E = -154.913295405695 ; |g_int| = 0.0330367369206359 ; |g_ci| = 1.43888143972766e-05 ; |g_x| = 0
LASCI micro 1 : |x_orb| = 0.0378013752020938 ; |x_ci| = 0.00362601767565201
LASCI micro 2 : |x_orb| = 0.0444300967549549 ; |x_ci| = 0.00243787958842377
LASCI micro 3 : |x_orb| = 0.0443435864844067 ; |x_ci| = 0.00263629015954189
LASCI micro 4 : |x_orb| = 0.0444056563573679 ; |x_ci| = 0.00249349432273473
LASCI micro 5 : |x_orb| = 0.0441440984666243 ; |x_ci| = 0.00248617906037518
LASCI subspace 0 with no orbsym information
LASCI subspace 1 with no orbsym information
LASCI subspace CI energies: [np.float64(-1.2430292419025073), np.float64(-1.2430292421372315)]
LASCI macro 3 : E = -154.914136373779 ; |g_int| = 0.0165421712680227 ; |g_ci| = 2.66606297730797e-06 ; |g_x| = 0
LASCI micro 1 : |x_orb| = 0.0187965681958244 ; |x_ci| = 0.00182261359522291
LASCI micro 2 : |x_orb| = 0.022454473438662 ; |x_ci| = 0.00129258902200166
LASCI micro 3 : |x_orb| = 0.0223843208192823 ; |x_ci| = 0.00138841517026753
LASCI micro 4 : |x_orb| = 0.0223797152171665 ; |x_ci| = 0.00130187975017625
LASCI micro 5 : |x_orb| = 0.022192392207408 ; |x_ci| = 0.001274792092423
LASCI subspace 0 with no orbsym information
LASCI subspace 1 with no orbsym information
LASCI subspace CI energies: [np.float64(-1.2426801743303724), np.float64(-1.2426801744945775)]
LASCI macro 4 : E = -154.914347973401 ; |g_int| = 0.00830624309614928 ; |g_ci| = 4.6637727067722e-07 ; |g_x| = 0
LASCI micro 1 : |x_orb| = 0.00946431398674435 ; |x_ci| = 0.000913223786960736
LASCI micro 2 : |x_orb| = 0.0114691637646761 ; |x_ci| = 0.00068913436339875
LASCI micro 3 : |x_orb| = 0.0114315478902548 ; |x_ci| = 0.000726862187541911
LASCI micro 4 : |x_orb| = 0.0114016807700077 ; |x_ci| = 0.000690400882012059
LASCI micro 5 : |x_orb| = 0.0112874555157507 ; |x_ci| = 0.000675129328692505
LASCI subspace 0 with no orbsym information
LASCI subspace 1 with no orbsym information
LASCI subspace CI energies: [np.float64(-1.242448754940969), np.float64(-1.2424487550529961)]
LASCI macro 5 : E = -154.914401662585 ; |g_int| = 0.00417882196116471 ; |g_ci| = 7.58227298545397e-08 ; |g_x| = 0
LASCI micro 1 : |x_orb| = 0.00479758027447831 ; |x_ci| = 0.000454853615665547
LASCI micro 2 : |x_orb| = 0.00589091238564644 ; |x_ci| = 0.000368444430801451
LASCI micro 3 : |x_orb| = 0.00587791383637701 ; |x_ci| = 0.000378752410404856
LASCI micro 4 : |x_orb| = 0.00584171645996807 ; |x_ci| = 0.000369502800808836
LASCI micro 5 : |x_orb| = 0.00577669392371061 ; |x_ci| = 0.000364503306528021
LASCI subspace 0 with no orbsym information
LASCI subspace 1 with no orbsym information
LASCI subspace CI energies: [np.float64(-1.2423152449097334), np.float64(-1.2423152449857966)]
LASCI macro 6 : E = -154.914415347245 ; |g_int| = 0.00210616282563702 ; |g_ci| = 1.8141995219144e-08 ; |g_x| = 0
LASCI micro 1 : |x_orb| = 0.00244310649039641 ; |x_ci| = 0.000225029632563388
LASCI micro 2 : |x_orb| = 0.00303674330785928 ; |x_ci| = 0.000197309728048427
LASCI micro 3 : |x_orb| = 0.00303682323664902 ; |x_ci| = 0.000197258204465324
LASCI micro 4 : |x_orb| = 0.00300432229928483 ; |x_ci| = 0.000198903800257947
LASCI subspace 0 with no orbsym information
LASCI subspace 1 with no orbsym information
LASCI subspace CI energies: [np.float64(-1.2422352536916001), np.float64(-1.2422352537287713)]
LASCI macro 7 : E = -154.914418858053 ; |g_int| = 0.00105536114743127 ; |g_ci| = 2.75186013644063e-07 ; |g_x| = 0
LASCI micro 1 : |x_orb| = 0.00123384506910905 ; |x_ci| = 0.000111346535572016
LASCI micro 2 : |x_orb| = 0.00155369218430404 ; |x_ci| = 0.000105388570076389
LASCI subspace 0 with no orbsym information
LASCI subspace 1 with no orbsym information
LASCI subspace CI energies: [np.float64(-1.2422114701782294), np.float64(-1.2422114702052922)]
LASCI macro 8 : E = -154.914419750687 ; |g_int| = 0.000526345564837395 ; |g_ci| = 2.56488202627252e-06 ; |g_x| = 0
LASCI micro 1 : |x_orb| = 0.000619747998330402 ; |x_ci| = 5.68410590484516e-05
LASCI micro 2 : |x_orb| = 0.000785386704215987 ; |x_ci| = 5.42439047024774e-05
LASCI subspace 0 with no orbsym information
LASCI subspace 1 with no orbsym information
LASCI subspace CI energies: [np.float64(-1.2421893488684685), np.float64(-1.2421893488869458)]
LASCI macro 9 : E = -154.914419978445 ; |g_int| = 0.000265711529709742 ; |g_ci| = 1.22346367367015e-06 ; |g_x| = 0
LASCI subspace 0 with no orbsym information
LASCI subspace 1 with no orbsym information
LASCI subspace CI energies: [np.float64(-1.2421786869875615), np.float64(-1.2421786870009832)]
LASCI macro 10 : E = -154.914420022647 ; |g_int| = 0.000167088615417219 ; |g_ci| = 5.5931551679001e-07 ; |g_x| = 0
LASCI subspace 0 with no orbsym information
LASCI subspace 1 with no orbsym information
LASCI subspace CI energies: [np.float64(-1.242172916585802), np.float64(-1.2421729165962034)]
LASCI macro 11 : E = -154.914420041054 ; |g_int| = 0.000112355844361976 ; |g_ci| = 3.48648637416956e-07 ; |g_x| = 0
LASCI subspace 0 with no orbsym information
LASCI subspace 1 with no orbsym information
LASCI subspace CI energies: [np.float64(-1.2421691215049524), np.float64(-1.2421691215129922)]
LASCI macro 12 : E = -154.914420049414 ; |g_int| = 7.89666312302511e-05 ; |g_ci| = 2.06982827085337e-07 ; |g_x| = 0
LASCI converged after 13 cycles
LASCI E = -154.914420049414 ; |g_int| = 7.89666312302511e-05 ; |g_ci| = 2.06982827085337e-07 ; |g_ext| = 0
Fragment 0 natural orbitals
Natural occ [1.91769978 0.08230022]
Natural orbital (expansion on AOs) in CAS space
               #1        #2       
0 C 1s           0.00000   0.00000
0 C 2s           0.00000  -0.00000
0 C 3s          -0.00000  -0.00000
0 C 2px          0.00000   0.00000
0 C 2py          0.00000   0.00000
0 C 2pz         -0.39279  -0.56929
0 C 3px          0.00000   0.00000
0 C 3py         -0.00000  -0.00000
0 C 3pz         -0.29957  -0.39407
1 C 1s           0.00000  -0.00000
1 C 2s           0.00000  -0.00000
1 C 3s          -0.00000  -0.00000
1 C 2px         -0.00000  -0.00000
1 C 2py          0.00000  -0.00000
1 C 2pz          0.04638  -0.03906
1 C 3px          0.00000  -0.00000
1 C 3py         -0.00000   0.00000
1 C 3pz          0.05665  -0.01975
2 C 1s          -0.00000  -0.00000
2 C 2s          -0.00000  -0.00000
2 C 3s           0.00000   0.00000
2 C 2px         -0.00000   0.00000
2 C 2py         -0.00000   0.00000
2 C 2pz         -0.39500   0.59439
2 C 3px          0.00000   0.00000
2 C 3py          0.00000   0.00000
2 C 3pz         -0.28694   0.42647
3 C 1s           0.00000   0.00000
3 C 2s           0.00000   0.00000
3 C 3s          -0.00000  -0.00000
3 C 2px          0.00000  -0.00000
3 C 2py         -0.00000   0.00000
3 C 2pz         -0.02633  -0.07293
3 C 3px         -0.00000  -0.00000
3 C 3py         -0.00000  -0.00000
3 C 3pz          0.01051  -0.13824
4 H 1s           0.00000   0.00000
4 H 2s           0.00000   0.00000
5 H 1s          -0.00000   0.00000
5 H 2s          -0.00000   0.00000
6 H 1s          -0.00000   0.00000
6 H 2s          -0.00000  -0.00000
7 H 1s           0.00000  -0.00000
7 H 2s           0.00000  -0.00000
8 H 1s           0.00000   0.00000
8 H 2s           0.00000   0.00000
9 H 1s           0.00000   0.00000
9 H 2s           0.00000   0.00000
Fragment 1 natural orbitals
Natural occ [1.91769978 0.08230022]
Natural orbital (expansion on AOs) in CAS space
               #1        #2       
0 C 1s          -0.00000   0.00000
0 C 2s          -0.00000  -0.00000
0 C 3s          -0.00000   0.00000
0 C 2px          0.00000   0.00000
0 C 2py         -0.00000   0.00000
0 C 2pz         -0.04638   0.03906
0 C 3px         -0.00000  -0.00000
0 C 3py          0.00000  -0.00000
0 C 3pz         -0.05665   0.01975
1 C 1s           0.00000   0.00000
1 C 2s          -0.00000   0.00000
1 C 3s          -0.00000  -0.00000
1 C 2px         -0.00000  -0.00000
1 C 2py         -0.00000  -0.00000
1 C 2pz          0.39279   0.56929
1 C 3px         -0.00000  -0.00000
1 C 3py          0.00000  -0.00000
1 C 3pz          0.29957   0.39407
2 C 1s           0.00000  -0.00000
2 C 2s           0.00000  -0.00000
2 C 3s          -0.00000   0.00000
2 C 2px         -0.00000  -0.00000
2 C 2py          0.00000  -0.00000
2 C 2pz          0.02633   0.07293
2 C 3px          0.00000  -0.00000
2 C 3py         -0.00000   0.00000
2 C 3pz         -0.01051   0.13824
3 C 1s          -0.00000  -0.00000
3 C 2s          -0.00000   0.00000
3 C 3s           0.00000   0.00000
3 C 2px         -0.00000  -0.00000
3 C 2py          0.00000  -0.00000
3 C 2pz          0.39500  -0.59439
3 C 3px          0.00000  -0.00000
3 C 3py         -0.00000   0.00000
3 C 3pz          0.28694  -0.42647
4 H 1s          -0.00000   0.00000
4 H 2s          -0.00000   0.00000
5 H 1s           0.00000  -0.00000
5 H 2s           0.00000  -0.00000
6 H 1s           0.00000  -0.00000
6 H 2s           0.00000  -0.00000
7 H 1s          -0.00000   0.00000
7 H 2s          -0.00000   0.00000
8 H 1s          -0.00000   0.00000
8 H 2s          -0.00000   0.00000
9 H 1s           0.00000  -0.00000
9 H 2s           0.00000  -0.00000
LASCI energy = -154.914420049414

******** CASCI flags ********
CAS (2e+2e, 4o), ncore = 13, nvir = 31
natorb = False
canonicalization = True
sorting_mo_energy = False
max_memory 4000 (MB)
******** <class 'pyscf.fci.direct_spin1.FCISolver'> ********
max. cycles = 200
conv_tol = 1e-08
davidson only = False
linear dependence = 1e-12
level shift = 0.001
max iter space = 12
max_memory 4000 MB
nroots = 1
pspace_size = 400
spin = None
Density matrix diagonal elements [1.90793481 0.09206519 1.90793481 0.09206519]
CASCI converged
CASCI E = -154.917645453943  E(CI) = -3.31290974616212  S^2 = 0.0000000

******** CASCI flags ********
CAS (2e+2e, 4o), ncore = 13, nvir = 31
natorb = False
canonicalization = True
sorting_mo_energy = False
max_memory 4000 (MB)
******** <class 'mrh.exploratory.unitary_cc.lasuccsd.FCISolver_USCC'> ********
max. cycles = 100
conv_tol = 1e-10
davidson only = False
linear dependence = 1e-14
level shift = 0.001
max iter space = 12
max_memory 4000 MB
nroots = 1
pspace_size = 400
spin = None
LASCI object has 1 degrees of freedom
Fragment 0 local quantum numbers
<N>,<Sz>,<S^2> = 2.000000, 0.000000, 0.000000
Fragment 1 local quantum numbers
<N>,<Sz>,<S^2> = 2.000000, 0.000000, 0.000000
Whole system quantum numbers
<N>,<Sz>,<S^2> = 4.000000, 0.000000, 0.000000
Density matrix diagonal elements [1.91769978 0.08230022 1.91769978 0.08230022]
CASCI converged
CASCI E = -154.914420049414  E(CI) = -3.30968434163353  S^2 = 0.0000000

******** CASCI flags ********
CAS (2e+2e, 4o), ncore = 13, nvir = 31
natorb = False
canonicalization = True
sorting_mo_energy = False
max_memory 4000 (MB)
******** <class 'mrh.exploratory.unitary_cc.lasuccsd.FCISolver_USCC'> ********
max. cycles = 100
conv_tol = 1e-10
davidson only = False
linear dependence = 1e-14
level shift = 0.001
max iter space = 12
max_memory 4000 MB
nroots = 1
pspace_size = 400
spin = None
LASCI object has 3 degrees of freedom
iteration 0, E = -154.914921, |x| = 4.340784e-02, |g| = 2.032099e-02
iteration 1, E = -154.915061, |x| = 2.956654e-02, |g| = 1.735404e-05
iteration 2, E = -154.915061, |x| = 2.955526e-02, |g| = 2.372676e-06
iteration 3, E = -154.915061, |x| = 2.955504e-02, |g| = 7.989473e-07
Fragment 0 local quantum numbers
<N>,<Sz>,<S^2> = 2.000801, 0.000000, 0.000402
Fragment 1 local quantum numbers
<N>,<Sz>,<S^2> = 1.999199, -0.000000, 0.000402
Whole system quantum numbers
<N>,<Sz>,<S^2> = 4.000000, -0.000000, 0.000000
Density matrix diagonal elements [1.91769978 0.08310154 1.91609714 0.08310154]
CASCI converged
CASCI E = -154.915061484532  E(CI) = -3.31032577675165  S^2 = 0.0000000

******** CASCI flags ********
CAS (2e+2e, 4o), ncore = 13, nvir = 31
natorb = False
canonicalization = True
sorting_mo_energy = False
max_memory 4000 (MB)
******** <class 'mrh.exploratory.unitary_cc.lasuccsd.FCISolver_USCC'> ********
max. cycles = 100
conv_tol = 1e-10
davidson only = False
linear dependence = 1e-14
level shift = 0.001
max iter space = 12
max_memory 4000 MB
nroots = 1
pspace_size = 400
spin = None
LASCI object has 3 degrees of freedom
iteration 0, E = -154.914921, |x| = 4.340784e-02, |g| = 2.032099e-02
iteration 1, E = -154.915061, |x| = 2.956654e-02, |g| = 1.735404e-05
iteration 2, E = -154.915061, |x| = 2.955526e-02, |g| = 2.372676e-06
iteration 3, E = -154.915061, |x| = 2.955504e-02, |g| = 7.989472e-07
Fragment 0 local quantum numbers
<N>,<Sz>,<S^2> = 2.000801, 0.000000, 0.000402
Fragment 1 local quantum numbers
<N>,<Sz>,<S^2> = 1.999199, -0.000000, 0.000402
Whole system quantum numbers
<N>,<Sz>,<S^2> = 4.000000, 0.000000, 0.000000
Density matrix diagonal elements [1.91769978 0.08310154 1.91609714 0.08310154]
CASCI converged
CASCI E = -154.915061484532  E(CI) = -3.31032577675168  S^2 = 0.0000000

******** CASCI flags ********
CAS (2e+2e, 4o), ncore = 13, nvir = 31
natorb = False
canonicalization = True
sorting_mo_energy = False
max_memory 4000 (MB)
******** <class 'mrh.exploratory.unitary_cc.lasuccsd.FCISolver_USCC'> ********
max. cycles = 100
conv_tol = 1e-10
davidson only = False
linear dependence = 1e-14
level shift = 0.001
max iter space = 12
max_memory 4000 MB
nroots = 1
pspace_size = 400
spin = None
LASCI object has 5 degrees of freedom
iteration 0, E = -154.915169, |x| = 6.138796e-02, |g| = 3.696612e-02
iteration 1, E = -154.915596, |x| = 3.831546e-02, |g| = 1.960888e-05
iteration 2, E = -154.915596, |x| = 3.830431e-02, |g| = 4.623211e-06
iteration 3, E = -154.915596, |x| = 3.830381e-02, |g| = 1.399094e-06
Fragment 0 local quantum numbers
<N>,<Sz>,<S^2> = 2.000000, -0.000000, 0.000733
Fragment 1 local quantum numbers
<N>,<Sz>,<S^2> = 2.000000, 0.000000, 0.000733
Whole system quantum numbers
<N>,<Sz>,<S^2> = 4.000000, -0.000000, 0.000000
Density matrix diagonal elements [1.91635376 0.08364624 1.91635376 0.08364624]
CASCI converged
CASCI E = -154.915595911297  E(CI) = -3.31086020351691  S^2 = 0.0000000

******** CASCI flags ********
CAS (2e+2e, 4o), ncore = 13, nvir = 31
natorb = False
canonicalization = True
sorting_mo_energy = False
max_memory 4000 (MB)
******** <class 'mrh.exploratory.unitary_cc.lasuccsd.FCISolver_USCC'> ********
max. cycles = 100
conv_tol = 1e-10
davidson only = False
linear dependence = 1e-14
level shift = 0.001
max iter space = 12
max_memory 4000 MB
nroots = 1
pspace_size = 400
spin = None
LASCI object has 9 degrees of freedom
iteration 0, E = -154.915598, |x| = 7.631932e-02, |g| = 4.541937e-02
iteration 1, E = -154.916246, |x| = 4.786607e-02, |g| = 5.137386e-04
iteration 2, E = -154.916246, |x| = 4.782492e-02, |g| = 3.381010e-04
iteration 3, E = -154.916246, |x| = 4.783433e-02, |g| = 2.931817e-07
Fragment 0 local quantum numbers
<N>,<Sz>,<S^2> = 2.000000, 0.000000, 0.001142
Fragment 1 local quantum numbers
<N>,<Sz>,<S^2> = 2.000000, -0.000000, 0.001142
Whole system quantum numbers
<N>,<Sz>,<S^2> = 4.000000, 0.000000, 0.000000
Density matrix diagonal elements [1.91560106 0.08439894 1.91560106 0.08439894]
CASCI converged
CASCI E = -154.916245640657  E(CI) = -3.31150993287653  S^2 = 0.0000000

******** CASCI flags ********
CAS (2e+2e, 4o), ncore = 13, nvir = 31
natorb = False
canonicalization = True
sorting_mo_energy = False
max_memory 4000 (MB)
******** <class 'mrh.exploratory.unitary_cc.lasuccsd.FCISolver_USCC'> ********
max. cycles = 100
conv_tol = 1e-10
davidson only = False
linear dependence = 1e-14
level shift = 0.001
max iter space = 12
max_memory 4000 MB
nroots = 1
pspace_size = 400
spin = None
LASCI object has 9 degrees of freedom
iteration 0, E = -154.915598, |x| = 7.631932e-02, |g| = 4.541937e-02
iteration 1, E = -154.916246, |x| = 4.786607e-02, |g| = 5.137386e-04
iteration 2, E = -154.916246, |x| = 4.782492e-02, |g| = 3.381010e-04
iteration 3, E = -154.916246, |x| = 4.783433e-02, |g| = 2.931817e-07
Fragment 0 local quantum numbers
<N>,<Sz>,<S^2> = 2.000000, 0.000000, 0.001142
Fragment 1 local quantum numbers
<N>,<Sz>,<S^2> = 2.000000, -0.000000, 0.001142
Whole system quantum numbers
<N>,<Sz>,<S^2> = 4.000000, 0.000000, 0.000000
Density matrix diagonal elements [1.91560106 0.08439894 1.91560106 0.08439894]
CASCI converged
CASCI E = -154.916245640657  E(CI) = -3.31150993287656  S^2 = 0.0000000

******** CASCI flags ********
CAS (2e+2e, 4o), ncore = 13, nvir = 31
natorb = False
canonicalization = True
sorting_mo_energy = False
max_memory 4000 (MB)
******** <class 'mrh.exploratory.unitary_cc.lasuccsd.FCISolver_USCC'> ********
max. cycles = 100
conv_tol = 1e-10
davidson only = False
linear dependence = 1e-14
level shift = 0.001
max iter space = 12
max_memory 4000 MB
nroots = 1
pspace_size = 400
spin = None
LASCI object has 9 degrees of freedom
iteration 0, E = -154.915598, |x| = 7.631932e-02, |g| = 4.541937e-02
iteration 1, E = -154.916246, |x| = 4.786607e-02, |g| = 5.137386e-04
iteration 2, E = -154.916246, |x| = 4.782492e-02, |g| = 3.381010e-04
iteration 3, E = -154.916246, |x| = 4.783433e-02, |g| = 2.931817e-07
Fragment 0 local quantum numbers
<N>,<Sz>,<S^2> = 2.000000, 0.000000, 0.001142
Fragment 1 local quantum numbers
<N>,<Sz>,<S^2> = 2.000000, -0.000000, 0.001142
Whole system quantum numbers
<N>,<Sz>,<S^2> = 4.000000, 0.000000, 0.000000
Density matrix diagonal elements [1.91560106 0.08439894 1.91560106 0.08439894]
CASCI converged
CASCI E = -154.916245640657  E(CI) = -3.31150993287653  S^2 = 0.0000000

******** CASCI flags ********
CAS (2e+2e, 4o), ncore = 13, nvir = 31
natorb = False
canonicalization = True
sorting_mo_energy = False
max_memory 4000 (MB)
******** <class 'mrh.exploratory.unitary_cc.lasuccsd.FCISolver_USCC'> ********
max. cycles = 100
conv_tol = 1e-10
davidson only = False
linear dependence = 1e-14
level shift = 0.001
max iter space = 12
max_memory 4000 MB
nroots = 1
pspace_size = 400
spin = None
LASCI object has 11 degrees of freedom
iteration 0, E = -154.915872, |x| = 8.051301e-02, |g| = 4.567998e-02
iteration 1, E = -154.916527, |x| = 5.292272e-02, |g| = 1.423504e-03
iteration 2, E = -154.916528, |x| = 5.258241e-02, |g| = 4.306942e-04
iteration 3, E = -154.916528, |x| = 5.265764e-02, |g| = 1.100977e-04
iteration 4, E = -154.916528, |x| = 5.267064e-02, |g| = 2.771802e-05
iteration 5, E = -154.916528, |x| = 5.266421e-02, |g| = 1.210536e-06
Fragment 0 local quantum numbers
<N>,<Sz>,<S^2> = 2.000000, 0.000000, 0.001551
Fragment 1 local quantum numbers
<N>,<Sz>,<S^2> = 2.000000, -0.000000, 0.001551
Whole system quantum numbers
<N>,<Sz>,<S^2> = 4.000000, 0.000000, 0.000821
Density matrix diagonal elements [1.91515718 0.08484282 1.91515718 0.08484282]
CASCI converged
CASCI E = -154.916528079850  E(CI) = -3.31179237206950  S^2 = 0.0008214

******** CASCI flags ********
CAS (2e+2e, 4o), ncore = 13, nvir = 31
natorb = False
canonicalization = True
sorting_mo_energy = False
max_memory 4000 (MB)
******** <class 'mrh.exploratory.unitary_cc.lasuccsd.FCISolver_USCC'> ********
max. cycles = 100
conv_tol = 1e-10
davidson only = False
linear dependence = 1e-14
level shift = 0.001
max iter space = 12
max_memory 4000 MB
nroots = 1
pspace_size = 400
spin = None
LASCI object has 13 degrees of freedom
iteration 0, E = -154.916334, |x| = 8.263369e-02, |g| = 4.628040e-02
iteration 1, E = -154.917024, |x| = 6.536511e-02, |g| = 5.323591e-03
iteration 2, E = -154.917041, |x| = 6.713667e-02, |g| = 1.257019e-03
iteration 3, E = -154.917042, |x| = 6.840443e-02, |g| = 4.987683e-04
iteration 4, E = -154.917042, |x| = 6.842107e-02, |g| = 1.210949e-04
iteration 5, E = -154.917042, |x| = 6.836045e-02, |g| = 9.083922e-06
iteration 6, E = -154.917042, |x| = 6.836802e-02, |g| = 7.403194e-07
Fragment 0 local quantum numbers
<N>,<Sz>,<S^2> = 2.000000, -0.000000, 0.003000
Fragment 1 local quantum numbers
<N>,<Sz>,<S^2> = 2.000000, 0.000000, 0.003000
Whole system quantum numbers
<N>,<Sz>,<S^2> = 4.000000, 0.000000, 0.000520
Density matrix diagonal elements [1.91341982 0.08658018 1.91341982 0.08658018]
CASCI converged
CASCI E = -154.917042198124  E(CI) = -3.31230649034330  S^2 = 0.0005202

******** CASCI flags ********
CAS (2e+2e, 4o), ncore = 13, nvir = 31
natorb = False
canonicalization = True
sorting_mo_energy = False
max_memory 4000 (MB)
******** <class 'mrh.exploratory.unitary_cc.lasuccsd.FCISolver_USCC'> ********
max. cycles = 100
conv_tol = 1e-10
davidson only = False
linear dependence = 1e-14
level shift = 0.001
max iter space = 12
max_memory 4000 MB
nroots = 1
pspace_size = 400
spin = None
LASCI object has 14 degrees of freedom
iteration 0, E = -154.916399, |x| = 8.329620e-02, |g| = 4.569045e-02
iteration 1, E = -154.917077, |x| = 6.607668e-02, |g| = 5.587470e-03
iteration 2, E = -154.917093, |x| = 6.782368e-02, |g| = 3.247821e-03
iteration 3, E = -154.917096, |x| = 6.864675e-02, |g| = 7.546003e-04
iteration 4, E = -154.917096, |x| = 6.914778e-02, |g| = 2.671917e-04
iteration 5, E = -154.917096, |x| = 6.910899e-02, |g| = 6.746642e-05
iteration 6, E = -154.917096, |x| = 6.908716e-02, |g| = 1.133266e-05
iteration 7, E = -154.917096, |x| = 6.909312e-02, |g| = 9.186160e-07
Fragment 0 local quantum numbers
<N>,<Sz>,<S^2> = 2.000137, 0.000000, 0.003030
Fragment 1 local quantum numbers
<N>,<Sz>,<S^2> = 1.999863, -0.000000, 0.003030
Whole system quantum numbers
<N>,<Sz>,<S^2> = 4.000000, 0.000000, 0.000530
Density matrix diagonal elements [1.91340541 0.08673147 1.9132521  0.08661102]
CASCI converged
CASCI E = -154.917095871600  E(CI) = -3.31236016381951  S^2 = 0.0005296
