	Command being timed: "python c4_631g_gradsign.py -0.01"
	User time (seconds): 9456.38
	System time (seconds): 138.43
	Percent of CPU this job got: 2266%
	Elapsed (wall clock) time (h:mm:ss or m:ss): 7:03.40
	Average shared text size (kbytes): 0
	Average unshared data size (kbytes): 0
	Average stack size (kbytes): 0
	Average total size (kbytes): 0
	Maximum resident set size (kbytes): 239500
	Average resident set size (kbytes): 0
	Major (requiring I/O) page faults: 0
	Minor (reclaiming a frame) page faults: 198480
	Voluntary context switches: 663114
	Involuntary context switches: 101275407
	Swaps: 0
	File system inputs: 0
	File system outputs: 256
	Socket messages sent: 0
	Socket messages received: 0
	Signals delivered: 0
	Page size (bytes): 4096
	Exit status: 0
	Command being timed: "python c4_631g_gradsign.py -0.05"
	User time (seconds): 12777.14
	System time (seconds): 186.06
	Percent of CPU this job got: 2270%
	Elapsed (wall clock) time (h:mm:ss or m:ss): 9:31.03
	Average shared text size (kbytes): 0
	Average unshared data size (kbytes): 0
	Average stack size (kbytes): 0
	Average total size (kbytes): 0
	Maximum resident set size (kbytes): 199372
	Average resident set size (kbytes): 0
	Major (requiring I/O) page faults: 0
	Minor (reclaiming a frame) page faults: 178300
	Voluntary context switches: 891467
	Involuntary context switches: 133833164
	Swaps: 0
	File system inputs: 0
	File system outputs: 256
	Socket messages sent: 0
	Socket messages received: 0
	Signals delivered: 0
	Page size (bytes): 4096
	Exit status: 0
	Command being timed: "python c4_631g_gradsign.py -0.1"
	User time (seconds): 9333.21
	System time (seconds): 135.20
	Percent of CPU this job got: 2261%
	Elapsed (wall clock) time (h:mm:ss or m:ss): 6:58.67
	Average shared text size (kbytes): 0
	Average unshared data size (kbytes): 0
	Average stack size (kbytes): 0
	Average total size (kbytes): 0
	Maximum resident set size (kbytes): 197432
	Average resident set size (kbytes): 0
	Major (requiring I/O) page faults: 0
	Minor (reclaiming a frame) page faults: 169036
	Voluntary context switches: 640803
	Involuntary context switches: 101621018
	Swaps: 0
	File system inputs: 0
	File system outputs: 256
	Socket messages sent: 0
	Socket messages received: 0
	Signals delivered: 0
	Page size (bytes): 4096
	Exit status: 0
	Command being timed: "python c4_631g_gradsign.py -0.25"
	User time (seconds): 13044.39
	System time (seconds): 188.66
	Percent of CPU this job got: 2278%
	Elapsed (wall clock) time (h:mm:ss or m:ss): 9:40.85
	Average shared text size (kbytes): 0
	Average unshared data size (kbytes): 0
	Average stack size (kbytes): 0
	Average total size (kbytes): 0
	Maximum resident set size (kbytes): 201116
	Average resident set size (kbytes): 0
	Major (requiring I/O) page faults: 0
	Minor (reclaiming a frame) page faults: 170550
	Voluntary context switches: 905390
	Involuntary context switches: 133962747
	Swaps: 0
	File system inputs: 0
	File system outputs: 256
	Socket messages sent: 0
	Socket messages received: 0
	Signals delivered: 0
	Page size (bytes): 4096
	Exit status: 0
	Command being timed: "python c4_631g_gradsign.py -0.5"
	User time (seconds): 13373.67
	System time (seconds): 192.58
	Percent of CPU this job got: 2276%
	Elapsed (wall clock) time (h:mm:ss or m:ss): 9:56.05
	Average shared text size (kbytes): 0
	Average unshared data size (kbytes): 0
	Average stack size (kbytes): 0
	Average total size (kbytes): 0
	Maximum resident set size (kbytes): 197476
	Average resident set size (kbytes): 0
	Major (requiring I/O) page faults: 0
	Minor (reclaiming a frame) page faults: 183922
	Voluntary context switches: 932451
	Involuntary context switches: 132383819
	Swaps: 0
	File system inputs: 0
	File system outputs: 256
	Socket messages sent: 0
	Socket messages received: 0
	Signals delivered: 0
	Page size (bytes): 4096
	Exit status: 0
	Command being timed: "python c4_631g_gradsign.py -1"
	User time (seconds): 13002.50
	System time (seconds): 187.41
	Percent of CPU this job got: 2276%
	Elapsed (wall clock) time (h:mm:ss or m:ss): 9:39.47
	Average shared text size (kbytes): 0
	Average unshared data size (kbytes): 0
	Average stack size (kbytes): 0
	Average total size (kbytes): 0
	Maximum resident set size (kbytes): 201144
	Average resident set size (kbytes): 0
	Major (requiring I/O) page faults: 0
	Minor (reclaiming a frame) page faults: 170387
	Voluntary context switches: 910943
	Involuntary context switches: 133593070
	Swaps: 0
	File system inputs: 0
	File system outputs: 256
	Socket messages sent: 0
	Socket messages received: 0
	Signals delivered: 0
	Page size (bytes): 4096
	Exit status: 0
	Command being timed: "python c4_631g_gradsign.py -2"
	User time (seconds): 12434.93
	System time (seconds): 180.15
	Percent of CPU this job got: 2269%
	Elapsed (wall clock) time (h:mm:ss or m:ss): 9:15.85
	Average shared text size (kbytes): 0
	Average unshared data size (kbytes): 0
	Average stack size (kbytes): 0
	Average total size (kbytes): 0
	Maximum resident set size (kbytes): 201528
	Average resident set size (kbytes): 0
	Major (requiring I/O) page faults: 0
	Minor (reclaiming a frame) page faults: 180695
	Voluntary context switches: 870529
	Involuntary context switches: 129938826
	Swaps: 0
	File system inputs: 0
	File system outputs: 256
	Socket messages sent: 0
	Socket messages received: 0
	Signals delivered: 0
	Page size (bytes): 4096
	Exit status: 0
