	Command being timed: "python c6_631g_gradsign.py -0.01"
	User time (seconds): 95500.49
	System time (seconds): 1301.15
	Percent of CPU this job got: 2159%
	Elapsed (wall clock) time (h:mm:ss or m:ss): 1:14:41
	Average shared text size (kbytes): 0
	Average unshared data size (kbytes): 0
	Average stack size (kbytes): 0
	Average total size (kbytes): 0
	Maximum resident set size (kbytes): 279584
	Average resident set size (kbytes): 0
	Major (requiring I/O) page faults: 0
	Minor (reclaiming a frame) page faults: 328119
	Voluntary context switches: 7217589
	Involuntary context switches: 645704240
	Swaps: 0
	File system inputs: 0
	File system outputs: 376
	Socket messages sent: 0
	Socket messages received: 0
	Signals delivered: 0
	Page size (bytes): 4096
	Exit status: 0
	Command being timed: "python c6_631g_gradsign.py -0.05"
	User time (seconds): 179285.87
	System time (seconds): 2456.43
	Percent of CPU this job got: 2180%
	Elapsed (wall clock) time (h:mm:ss or m:ss): 2:18:55
	Average shared text size (kbytes): 0
	Average unshared data size (kbytes): 0
	Average stack size (kbytes): 0
	Average total size (kbytes): 0
	Maximum resident set size (kbytes): 272136
	Average resident set size (kbytes): 0
	Major (requiring I/O) page faults: 0
	Minor (reclaiming a frame) page faults: 481280
	Voluntary context switches: 13592415
	Involuntary context switches: 1246759804
	Swaps: 0
	File system inputs: 0
	File system outputs: 1016
	Socket messages sent: 0
	Socket messages received: 0
	Signals delivered: 0
	Page size (bytes): 4096
	Exit status: 0
	Command being timed: "python c6_631g_gradsign.py -0.1"
	User time (seconds): 257597.23
	System time (seconds): 3617.55
	Percent of CPU this job got: 2211%
	Elapsed (wall clock) time (h:mm:ss or m:ss): 3:16:53
	Average shared text size (kbytes): 0
	Average unshared data size (kbytes): 0
	Average stack size (kbytes): 0
	Average total size (kbytes): 0
	Maximum resident set size (kbytes): 270440
	Average resident set size (kbytes): 0
	Major (requiring I/O) page faults: 0
	Minor (reclaiming a frame) page faults: 454617
	Voluntary context switches: 19479098
	Involuntary context switches: 1929227722
	Swaps: 0
	File system inputs: 0
	File system outputs: 984
	Socket messages sent: 0
	Socket messages received: 0
	Signals delivered: 0
	Page size (bytes): 4096
	Exit status: 0
	Command being timed: "python c6_631g_gradsign.py -0.25"
	User time (seconds): 324521.05
	System time (seconds): 4590.70
	Percent of CPU this job got: 2236%
	Elapsed (wall clock) time (h:mm:ss or m:ss): 4:05:14
	Average shared text size (kbytes): 0
	Average unshared data size (kbytes): 0
	Average stack size (kbytes): 0
	Average total size (kbytes): 0
	Maximum resident set size (kbytes): 275228
	Average resident set size (kbytes): 0
	Major (requiring I/O) page faults: 0
	Minor (reclaiming a frame) page faults: 536444
	Voluntary context switches: 24552353
	Involuntary context switches: 2568052190
	Swaps: 0
	File system inputs: 0
	File system outputs: 1016
	Socket messages sent: 0
	Socket messages received: 0
	Signals delivered: 0
	Page size (bytes): 4096
	Exit status: 0
	Command being timed: "python c6_631g_gradsign.py -0.5"
	User time (seconds): 373455.49
	System time (seconds): 5354.56
	Percent of CPU this job got: 2098%
	Elapsed (wall clock) time (h:mm:ss or m:ss): 5:00:51
	Average shared text size (kbytes): 0
	Average unshared data size (kbytes): 0
	Average stack size (kbytes): 0
	Average total size (kbytes): 0
	Maximum resident set size (kbytes): 278080
	Average resident set size (kbytes): 0
	Major (requiring I/O) page faults: 0
	Minor (reclaiming a frame) page faults: 643646
	Voluntary context switches: 25310676
	Involuntary context switches: 2090935153
	Swaps: 0
	File system inputs: 0
	File system outputs: 1008
	Socket messages sent: 0
	Socket messages received: 0
	Signals delivered: 0
	Page size (bytes): 4096
	Exit status: 0
	Command being timed: "python c6_631g_gradsign.py -1.0"
	User time (seconds): 381716.40
	System time (seconds): 5188.69
	Percent of CPU this job got: 2188%
	Elapsed (wall clock) time (h:mm:ss or m:ss): 4:54:40
	Average shared text size (kbytes): 0
	Average unshared data size (kbytes): 0
	Average stack size (kbytes): 0
	Average total size (kbytes): 0
	Maximum resident set size (kbytes): 306120
	Average resident set size (kbytes): 0
	Major (requiring I/O) page faults: 0
	Minor (reclaiming a frame) page faults: 744919
	Voluntary context switches: 28277713
	Involuntary context switches: 2409219616
	Swaps: 0
	File system inputs: 0
	File system outputs: 376
	Socket messages sent: 0
	Socket messages received: 0
	Signals delivered: 0
	Page size (bytes): 4096
	Exit status: 0
	Command being timed: "python c6_631g_gradsign.py -2.0"
	User time (seconds): 352675.15
	System time (seconds): 4930.85
	Percent of CPU this job got: 2207%
	Elapsed (wall clock) time (h:mm:ss or m:ss): 4:29:57
	Average shared text size (kbytes): 0
	Average unshared data size (kbytes): 0
	Average stack size (kbytes): 0
	Average total size (kbytes): 0
	Maximum resident set size (kbytes): 274608
	Average resident set size (kbytes): 0
	Major (requiring I/O) page faults: 0
	Minor (reclaiming a frame) page faults: 612344
	Voluntary context switches: 26664017
	Involuntary context switches: 2431737001
	Swaps: 0
	File system inputs: 0
	File system outputs: 392
	Socket messages sent: 0
	Socket messages received: 0
	Signals delivered: 0
	Page size (bytes): 4096
	Exit status: 0
