	Command being timed: "python c6_631g_gradportion.py 0.5"
	User time (seconds): 92843.60
	System time (seconds): 1202.45
	Percent of CPU this job got: 2079%
	Elapsed (wall clock) time (h:mm:ss or m:ss): 1:15:23
	Average shared text size (kbytes): 0
	Average unshared data size (kbytes): 0
	Average stack size (kbytes): 0
	Average total size (kbytes): 0
	Maximum resident set size (kbytes): 283712
	Average resident set size (kbytes): 0
	Major (requiring I/O) page faults: 0
	Minor (reclaiming a frame) page faults: 367066
	Voluntary context switches: 7660020
	Involuntary context switches: 674016482
	Swaps: 0
	File system inputs: 0
	File system outputs: 1120
	Socket messages sent: 0
	Socket messages received: 0
	Signals delivered: 0
	Page size (bytes): 4096
	Exit status: 0
	Command being timed: "python c6_631g_gradportion.py 1"
	User time (seconds): 107044.79
	System time (seconds): 1359.97
	Percent of CPU this job got: 2097%
	Elapsed (wall clock) time (h:mm:ss or m:ss): 1:26:09
	Average shared text size (kbytes): 0
	Average unshared data size (kbytes): 0
	Average stack size (kbytes): 0
	Average total size (kbytes): 0
	Maximum resident set size (kbytes): 279252
	Average resident set size (kbytes): 0
	Major (requiring I/O) page faults: 0
	Minor (reclaiming a frame) page faults: 377208
	Voluntary context switches: 8717163
	Involuntary context switches: 758562103
	Swaps: 0
	File system inputs: 0
	File system outputs: 992
	Socket messages sent: 0
	Socket messages received: 0
	Signals delivered: 0
	Page size (bytes): 4096
	Exit status: 0
	Command being timed: "python c6_631g_gradportion.py 2"
	User time (seconds): 167702.73
	System time (seconds): 2180.30
	Percent of CPU this job got: 2096%
	Elapsed (wall clock) time (h:mm:ss or m:ss): 2:15:01
	Average shared text size (kbytes): 0
	Average unshared data size (kbytes): 0
	Average stack size (kbytes): 0
	Average total size (kbytes): 0
	Maximum resident set size (kbytes): 274140
	Average resident set size (kbytes): 0
	Major (requiring I/O) page faults: 0
	Minor (reclaiming a frame) page faults: 454063
	Voluntary context switches: 13483737
	Involuntary context switches: 1267637967
	Swaps: 0
	File system inputs: 0
	File system outputs: 984
	Socket messages sent: 0
	Socket messages received: 0
	Signals delivered: 0
	Page size (bytes): 4096
	Exit status: 0
	Command being timed: "python c6_631g_gradportion.py 4"
	User time (seconds): 208375.52
	System time (seconds): 2644.80
	Percent of CPU this job got: 2093%
	Elapsed (wall clock) time (h:mm:ss or m:ss): 2:47:59
	Average shared text size (kbytes): 0
	Average unshared data size (kbytes): 0
	Average stack size (kbytes): 0
	Average total size (kbytes): 0
	Maximum resident set size (kbytes): 276972
	Average resident set size (kbytes): 0
	Major (requiring I/O) page faults: 0
	Minor (reclaiming a frame) page faults: 421747
	Voluntary context switches: 16652765
	Involuntary context switches: 1334881317
	Swaps: 0
	File system inputs: 0
	File system outputs: 1120
	Socket messages sent: 0
	Socket messages received: 0
	Signals delivered: 0
	Page size (bytes): 4096
	Exit status: 0
	Command being timed: "python c6_631g_gradportion.py -0.5"
	User time (seconds): 90127.07
	System time (seconds): 1138.51
	Percent of CPU this job got: 2100%
	Elapsed (wall clock) time (h:mm:ss or m:ss): 1:12:25
	Average shared text size (kbytes): 0
	Average unshared data size (kbytes): 0
	Average stack size (kbytes): 0
	Average total size (kbytes): 0
	Maximum resident set size (kbytes): 272840
	Average resident set size (kbytes): 0
	Major (requiring I/O) page faults: 0
	Minor (reclaiming a frame) page faults: 338081
	Voluntary context switches: 7159480
	Involuntary context switches: 578873860
	Swaps: 0
	File system inputs: 0
	File system outputs: 992
	Socket messages sent: 0
	Socket messages received: 0
	Signals delivered: 0
	Page size (bytes): 4096
	Exit status: 0
	Command being timed: "python c6_631g_gradportion.py -1"
	User time (seconds): 101312.00
	System time (seconds): 1292.38
	Percent of CPU this job got: 2107%
	Elapsed (wall clock) time (h:mm:ss or m:ss): 1:21:08
	Average shared text size (kbytes): 0
	Average unshared data size (kbytes): 0
	Average stack size (kbytes): 0
	Average total size (kbytes): 0
	Maximum resident set size (kbytes): 320840
	Average resident set size (kbytes): 0
	Major (requiring I/O) page faults: 0
	Minor (reclaiming a frame) page faults: 435039
	Voluntary context switches: 8017768
	Involuntary context switches: 660758739
	Swaps: 0
	File system inputs: 0
	File system outputs: 1016
	Socket messages sent: 0
	Socket messages received: 0
	Signals delivered: 0
	Page size (bytes): 4096
	Exit status: 0
	Command being timed: "python c6_631g_gradportion.py -2"
	User time (seconds): 147508.22
	System time (seconds): 1986.80
	Percent of CPU this job got: 2129%
	Elapsed (wall clock) time (h:mm:ss or m:ss): 1:57:00
	Average shared text size (kbytes): 0
	Average unshared data size (kbytes): 0
	Average stack size (kbytes): 0
	Average total size (kbytes): 0
	Maximum resident set size (kbytes): 317000
	Average resident set size (kbytes): 0
	Major (requiring I/O) page faults: 0
	Minor (reclaiming a frame) page faults: 442823
	Voluntary context switches: 10279768
	Involuntary context switches: 1023414603
	Swaps: 0
	File system inputs: 0
	File system outputs: 992
	Socket messages sent: 0
	Socket messages received: 0
	Signals delivered: 0
	Page size (bytes): 4096
	Exit status: 0
	Command being timed: "python c6_631g_gradportion.py -4"
	User time (seconds): 213288.44
	System time (seconds): 2883.23
	Percent of CPU this job got: 2127%
	Elapsed (wall clock) time (h:mm:ss or m:ss): 2:49:21
	Average shared text size (kbytes): 0
	Average unshared data size (kbytes): 0
	Average stack size (kbytes): 0
	Average total size (kbytes): 0
	Maximum resident set size (kbytes): 277212
	Average resident set size (kbytes): 0
	Major (requiring I/O) page faults: 0
	Minor (reclaiming a frame) page faults: 512870
	Voluntary context switches: 14458903
	Involuntary context switches: 1391949885
	Swaps: 0
	File system inputs: 0
	File system outputs: 1016
	Socket messages sent: 0
	Socket messages received: 0
	Signals delivered: 0
	Page size (bytes): 4096
	Exit status: 0
