	Command being timed: "python c6_631g_gradsign.py 0.01"
	User time (seconds): 96932.72
	System time (seconds): 1587.75
	Percent of CPU this job got: 2145%
	Elapsed (wall clock) time (h:mm:ss or m:ss): 1:16:32
	Average shared text size (kbytes): 0
	Average unshared data size (kbytes): 0
	Average stack size (kbytes): 0
	Average total size (kbytes): 0
	Maximum resident set size (kbytes): 324280
	Average resident set size (kbytes): 0
	Major (requiring I/O) page faults: 0
	Minor (reclaiming a frame) page faults: 372203
	Voluntary context switches: 5729023
	Involuntary context switches: 401759146
	Swaps: 0
	File system inputs: 0
	File system outputs: 1016
	Socket messages sent: 0
	Socket messages received: 0
	Signals delivered: 0
	Page size (bytes): 4096
	Exit status: 0
	Command being timed: "python c6_631g_gradsign.py 0.05"
	User time (seconds): 154238.57
	System time (seconds): 2061.25
	Percent of CPU this job got: 2206%
	Elapsed (wall clock) time (h:mm:ss or m:ss): 1:58:02
	Average shared text size (kbytes): 0
	Average unshared data size (kbytes): 0
	Average stack size (kbytes): 0
	Average total size (kbytes): 0
	Maximum resident set size (kbytes): 281972
	Average resident set size (kbytes): 0
	Major (requiring I/O) page faults: 0
	Minor (reclaiming a frame) page faults: 406797
	Voluntary context switches: 9431728
	Involuntary context switches: 899429910
	Swaps: 0
	File system inputs: 0
	File system outputs: 984
	Socket messages sent: 0
	Socket messages received: 0
	Signals delivered: 0
	Page size (bytes): 4096
	Exit status: 0
	Command being timed: "python c6_631g_gradsign.py 0.1"
	User time (seconds): 298612.05
	System time (seconds): 4144.87
	Percent of CPU this job got: 2221%
	Elapsed (wall clock) time (h:mm:ss or m:ss): 3:47:08
	Average shared text size (kbytes): 0
	Average unshared data size (kbytes): 0
	Average stack size (kbytes): 0
	Average total size (kbytes): 0
	Maximum resident set size (kbytes): 330372
	Average resident set size (kbytes): 0
	Major (requiring I/O) page faults: 0
	Minor (reclaiming a frame) page faults: 607384
	Voluntary context switches: 18440763
	Involuntary context switches: 1788874868
	Swaps: 0
	File system inputs: 0
	File system outputs: 984
	Socket messages sent: 0
	Socket messages received: 0
	Signals delivered: 0
	Page size (bytes): 4096
	Exit status: 0
	Command being timed: "python c6_631g_gradsign.py 0.25"
	User time (seconds): 319795.36
	System time (seconds): 4726.90
	Percent of CPU this job got: 2212%
	Elapsed (wall clock) time (h:mm:ss or m:ss): 4:04:26
	Average shared text size (kbytes): 0
	Average unshared data size (kbytes): 0
	Average stack size (kbytes): 0
	Average total size (kbytes): 0
	Maximum resident set size (kbytes): 287776
	Average resident set size (kbytes): 0
	Major (requiring I/O) page faults: 0
	Minor (reclaiming a frame) page faults: 485861
	Voluntary context switches: 19401266
	Involuntary context switches: 1753641842
	Swaps: 0
	File system inputs: 0
	File system outputs: 984
	Socket messages sent: 0
	Socket messages received: 0
	Signals delivered: 0
	Page size (bytes): 4096
	Exit status: 0
	Command being timed: "python c6_631g_gradsign.py 0.5"
	User time (seconds): 407394.61
	System time (seconds): 6987.60
	Percent of CPU this job got: 2161%
	Elapsed (wall clock) time (h:mm:ss or m:ss): 5:19:30
	Average shared text size (kbytes): 0
	Average unshared data size (kbytes): 0
	Average stack size (kbytes): 0
	Average total size (kbytes): 0
	Maximum resident set size (kbytes): 272100
	Average resident set size (kbytes): 0
	Major (requiring I/O) page faults: 0
	Minor (reclaiming a frame) page faults: 712945
	Voluntary context switches: 21221269
	Involuntary context switches: 1429204077
	Swaps: 0
	File system inputs: 0
	File system outputs: 1064
	Socket messages sent: 0
	Socket messages received: 0
	Signals delivered: 0
	Page size (bytes): 4096
	Exit status: 0
	Command being timed: "python c6_631g_gradsign.py 1.0"
	User time (seconds): 422282.37
	System time (seconds): 7226.20
	Percent of CPU this job got: 2167%
	Elapsed (wall clock) time (h:mm:ss or m:ss): 5:30:20
	Average shared text size (kbytes): 0
	Average unshared data size (kbytes): 0
	Average stack size (kbytes): 0
	Average total size (kbytes): 0
	Maximum resident set size (kbytes): 271608
	Average resident set size (kbytes): 0
	Major (requiring I/O) page faults: 0
	Minor (reclaiming a frame) page faults: 720557
	Voluntary context switches: 22796221
	Involuntary context switches: 1552024316
	Swaps: 0
	File system inputs: 0
	File system outputs: 376
	Socket messages sent: 0
	Socket messages received: 0
	Signals delivered: 0
	Page size (bytes): 4096
	Exit status: 0
	Command being timed: "python c6_631g_gradsign.py 2.0"
	User time (seconds): 415283.73
	System time (seconds): 7102.35
	Percent of CPU this job got: 2166%
	Elapsed (wall clock) time (h:mm:ss or m:ss): 5:25:00
	Average shared text size (kbytes): 0
	Average unshared data size (kbytes): 0
	Average stack size (kbytes): 0
	Average total size (kbytes): 0
	Maximum resident set size (kbytes): 280152
	Average resident set size (kbytes): 0
	Major (requiring I/O) page faults: 0
	Minor (reclaiming a frame) page faults: 783719
	Voluntary context switches: 22481514
	Involuntary context switches: 1511401191
	Swaps: 0
	File system inputs: 0
	File system outputs: 984
	Socket messages sent: 0
	Socket messages received: 0
	Signals delivered: 0
	Page size (bytes): 4096
	Exit status: 0
