	Command being timed: "python c4_631g_gradsign.py 0.01"
	User time (seconds): 11431.82
	System time (seconds): 228.74
	Percent of CPU this job got: 2200%
	Elapsed (wall clock) time (h:mm:ss or m:ss): 8:49.96
	Average shared text size (kbytes): 0
	Average unshared data size (kbytes): 0
	Average stack size (kbytes): 0
	Average total size (kbytes): 0
	Maximum resident set size (kbytes): 196140
	Average resident set size (kbytes): 0
	Major (requiring I/O) page faults: 0
	Minor (reclaiming a frame) page faults: 185081
	Voluntary context switches: 612541
	Involuntary context switches: 75221184
	Swaps: 0
	File system inputs: 0
	File system outputs: 336
	Socket messages sent: 0
	Socket messages received: 0
	Signals delivered: 0
	Page size (bytes): 4096
	Exit status: 0
	Command being timed: "python c4_631g_gradsign.py 0.05"
	User time (seconds): 14585.56
	System time (seconds): 289.14
	Percent of CPU this job got: 2206%
	Elapsed (wall clock) time (h:mm:ss or m:ss): 11:14.09
	Average shared text size (kbytes): 0
	Average unshared data size (kbytes): 0
	Average stack size (kbytes): 0
	Average total size (kbytes): 0
	Maximum resident set size (kbytes): 195192
	Average resident set size (kbytes): 0
	Major (requiring I/O) page faults: 0
	Minor (reclaiming a frame) page faults: 177561
	Voluntary context switches: 797048
	Involuntary context switches: 89606074
	Swaps: 0
	File system inputs: 0
	File system outputs: 256
	Socket messages sent: 0
	Socket messages received: 0
	Signals delivered: 0
	Page size (bytes): 4096
	Exit status: 0
	Command being timed: "python c4_631g_gradsign.py 0.1"
	User time (seconds): 22024.55
	System time (seconds): 338.41
	Percent of CPU this job got: 1892%
	Elapsed (wall clock) time (h:mm:ss or m:ss): 19:41.43
	Average shared text size (kbytes): 0
	Average unshared data size (kbytes): 0
	Average stack size (kbytes): 0
	Average total size (kbytes): 0
	Maximum resident set size (kbytes): 240276
	Average resident set size (kbytes): 0
	Major (requiring I/O) page faults: 0
	Minor (reclaiming a frame) page faults: 135011
	Voluntary context switches: 1621767
	Involuntary context switches: 81749154
	Swaps: 0
	File system inputs: 0
	File system outputs: 272
	Socket messages sent: 0
	Socket messages received: 0
	Signals delivered: 0
	Page size (bytes): 4096
	Exit status: 0
	Command being timed: "python c4_631g_gradsign.py 0.25"
	User time (seconds): 20756.54
	System time (seconds): 328.68
	Percent of CPU this job got: 1922%
	Elapsed (wall clock) time (h:mm:ss or m:ss): 18:16.61
	Average shared text size (kbytes): 0
	Average unshared data size (kbytes): 0
	Average stack size (kbytes): 0
	Average total size (kbytes): 0
	Maximum resident set size (kbytes): 199100
	Average resident set size (kbytes): 0
	Major (requiring I/O) page faults: 0
	Minor (reclaiming a frame) page faults: 201061
	Voluntary context switches: 1514187
	Involuntary context switches: 81659631
	Swaps: 0
	File system inputs: 0
	File system outputs: 728
	Socket messages sent: 0
	Socket messages received: 0
	Signals delivered: 0
	Page size (bytes): 4096
	Exit status: 0
	Command being timed: "python c4_631g_gradsign.py 0.5"
	User time (seconds): 22775.26
	System time (seconds): 338.22
	Percent of CPU this job got: 1877%
	Elapsed (wall clock) time (h:mm:ss or m:ss): 20:30.79
	Average shared text size (kbytes): 0
	Average unshared data size (kbytes): 0
	Average stack size (kbytes): 0
	Average total size (kbytes): 0
	Maximum resident set size (kbytes): 193980
	Average resident set size (kbytes): 0
	Major (requiring I/O) page faults: 0
	Minor (reclaiming a frame) page faults: 199288
	Voluntary context switches: 1720414
	Involuntary context switches: 80034813
	Swaps: 0
	File system inputs: 0
	File system outputs: 400
	Socket messages sent: 0
	Socket messages received: 0
	Signals delivered: 0
	Page size (bytes): 4096
	Exit status: 0
	Command being timed: "python c4_631g_gradsign.py 1"
	User time (seconds): 20300.31
	System time (seconds): 323.77
	Percent of CPU this job got: 1932%
	Elapsed (wall clock) time (h:mm:ss or m:ss): 17:46.97
	Average shared text size (kbytes): 0
	Average unshared data size (kbytes): 0
	Average stack size (kbytes): 0
	Average total size (kbytes): 0
	Maximum resident set size (kbytes): 196888
	Average resident set size (kbytes): 0
	Major (requiring I/O) page faults: 0
	Minor (reclaiming a frame) page faults: 189962
	Voluntary context switches: 1488101
	Involuntary context switches: 84171219
	Swaps: 0
	File system inputs: 0
	File system outputs: 400
	Socket messages sent: 0
	Socket messages received: 0
	Signals delivered: 0
	Page size (bytes): 4096
	Exit status: 0
	Command being timed: "python c4_631g_gradsign.py 2"
	User time (seconds): 22336.78
	System time (seconds): 345.53
	Percent of CPU this job got: 1905%
	Elapsed (wall clock) time (h:mm:ss or m:ss): 19:50.43
	Average shared text size (kbytes): 0
	Average unshared data size (kbytes): 0
	Average stack size (kbytes): 0
	Average total size (kbytes): 0
	Maximum resident set size (kbytes): 236208
	Average resident set size (kbytes): 0
	Major (requiring I/O) page faults: 0
	Minor (reclaiming a frame) page faults: 212430
	Voluntary context switches: 1651229
	Involuntary context switches: 84041007
	Swaps: 0
	File system inputs: 0
	File system outputs: 256
	Socket messages sent: 0
	Socket messages received: 0
	Signals delivered: 0
	Page size (bytes): 4096
	Exit status: 0
