	Command being timed: "python c4_631g.py 0.01"
	User time (seconds): 12026.64
	System time (seconds): 156.04
	Percent of CPU this job got: 2008%
	Elapsed (wall clock) time (h:mm:ss or m:ss): 10:06.64
	Average shared text size (kbytes): 0
	Average unshared data size (kbytes): 0
	Average stack size (kbytes): 0
	Average total size (kbytes): 0
	Maximum resident set size (kbytes): 250560
	Average resident set size (kbytes): 0
	Major (requiring I/O) page faults: 0
	Minor (reclaiming a frame) page faults: 205503
	Voluntary context switches: 942162
	Involuntary context switches: 112003267
	Swaps: 0
	File system inputs: 32
	File system outputs: 400
	Socket messages sent: 0
	Socket messages received: 0
	Signals delivered: 0
	Page size (bytes): 4096
	Exit status: 0
	Command being timed: "python c4_631g.py 0.05"
	User time (seconds): 11773.13
	System time (seconds): 170.44
	Percent of CPU this job got: 2122%
	Elapsed (wall clock) time (h:mm:ss or m:ss): 9:22.68
	Average shared text size (kbytes): 0
	Average unshared data size (kbytes): 0
	Average stack size (kbytes): 0
	Average total size (kbytes): 0
	Maximum resident set size (kbytes): 197612
	Average resident set size (kbytes): 0
	Major (requiring I/O) page faults: 0
	Minor (reclaiming a frame) page faults: 176671
	Voluntary context switches: 829970
	Involuntary context switches: 143280599
	Swaps: 0
	File system inputs: 0
	File system outputs: 256
	Socket messages sent: 0
	Socket messages received: 0
	Signals delivered: 0
	Page size (bytes): 4096
	Exit status: 0
	Command being timed: "python c4_631g.py 0.1"
	User time (seconds): 21136.21
	System time (seconds): 226.90
	Percent of CPU this job got: 1893%
	Elapsed (wall clock) time (h:mm:ss or m:ss): 18:48.09
	Average shared text size (kbytes): 0
	Average unshared data size (kbytes): 0
	Average stack size (kbytes): 0
	Average total size (kbytes): 0
	Maximum resident set size (kbytes): 243000
	Average resident set size (kbytes): 0
	Major (requiring I/O) page faults: 0
	Minor (reclaiming a frame) page faults: 174796
	Voluntary context switches: 1755755
	Involuntary context switches: 128588312
	Swaps: 0
	File system inputs: 0
	File system outputs: 256
	Socket messages sent: 0
	Socket messages received: 0
	Signals delivered: 0
	Page size (bytes): 4096
	Exit status: 0
Traceback (most recent call last):
  File "/project/lgagliardi/tuy/qchem/las-uscc-noci/working/polyene/c4_631g.py", line 618, in <module>
    mol_results, ref_energy, las_energy = batch_test(mol_conf, nosi_tests)
  File "/project/lgagliardi/tuy/qchem/las-uscc-noci/working/polyene/c4_631g.py", line 318, in batch_test
    result = test(mol_config, test_config, las, mol, mf)
  File "/project/lgagliardi/tuy/qchem/las-uscc-noci/working/polyene/c4_631g.py", line 277, in test
    result['las_uscc_noci_eng'], result['las_uscc_noci_vec'], result['min_ci_eng'] = nci_test(a_idxs_selected, i_idxs_selected, test_config, mol_config, mol,las, mc_uscc, mf)
  File "/project/lgagliardi/tuy/qchem/las-uscc-noci/working/polyene/c4_631g.py", line 158, in nci_test
    result['amps'] = amps
NameError: name 'result' is not defined
Command exited with non-zero status 1
	Command being timed: "python c4_631g.py 0.25"
	User time (seconds): 628.11
	System time (seconds): 7.89
	Percent of CPU this job got: 1897%
	Elapsed (wall clock) time (h:mm:ss or m:ss): 0:33.51
	Average shared text size (kbytes): 0
	Average unshared data size (kbytes): 0
	Average stack size (kbytes): 0
	Average total size (kbytes): 0
	Maximum resident set size (kbytes): 242696
	Average resident set size (kbytes): 0
	Major (requiring I/O) page faults: 0
	Minor (reclaiming a frame) page faults: 66118
	Voluntary context switches: 47521
	Involuntary context switches: 2882748
	Swaps: 0
	File system inputs: 0
	File system outputs: 256
	Socket messages sent: 0
	Socket messages received: 0
	Signals delivered: 0
	Page size (bytes): 4096
	Exit status: 1
Traceback (most recent call last):
  File "/project/lgagliardi/tuy/qchem/las-uscc-noci/working/polyene/c4_631g.py", line 618, in <module>
    mol_results, ref_energy, las_energy = batch_test(mol_conf, nosi_tests)
  File "/project/lgagliardi/tuy/qchem/las-uscc-noci/working/polyene/c4_631g.py", line 318, in batch_test
    result = test(mol_config, test_config, las, mol, mf)
  File "/project/lgagliardi/tuy/qchem/las-uscc-noci/working/polyene/c4_631g.py", line 277, in test
    result['las_uscc_noci_eng'], result['las_uscc_noci_vec'], result['min_ci_eng'] = nci_test(a_idxs_selected, i_idxs_selected, test_config, mol_config, mol,las, mc_uscc, mf)
  File "/project/lgagliardi/tuy/qchem/las-uscc-noci/working/polyene/c4_631g.py", line 158, in nci_test
    result['amps'] = amps
NameError: name 'result' is not defined
Command exited with non-zero status 1
	Command being timed: "python c4_631g.py 0.5"
	User time (seconds): 476.80
	System time (seconds): 6.85
	Percent of CPU this job got: 2065%
	Elapsed (wall clock) time (h:mm:ss or m:ss): 0:23.41
	Average shared text size (kbytes): 0
	Average unshared data size (kbytes): 0
	Average stack size (kbytes): 0
	Average total size (kbytes): 0
	Maximum resident set size (kbytes): 241236
	Average resident set size (kbytes): 0
	Major (requiring I/O) page faults: 0
	Minor (reclaiming a frame) page faults: 61423
	Voluntary context switches: 32054
	Involuntary context switches: 4311159
	Swaps: 0
	File system inputs: 0
	File system outputs: 256
	Socket messages sent: 0
	Socket messages received: 0
	Signals delivered: 0
	Page size (bytes): 4096
	Exit status: 1
Traceback (most recent call last):
  File "/project/lgagliardi/tuy/qchem/las-uscc-noci/working/polyene/c4_631g.py", line 618, in <module>
    mol_results, ref_energy, las_energy = batch_test(mol_conf, nosi_tests)
  File "/project/lgagliardi/tuy/qchem/las-uscc-noci/working/polyene/c4_631g.py", line 318, in batch_test
    result = test(mol_config, test_config, las, mol, mf)
  File "/project/lgagliardi/tuy/qchem/las-uscc-noci/working/polyene/c4_631g.py", line 277, in test
    result['las_uscc_noci_eng'], result['las_uscc_noci_vec'], result['min_ci_eng'] = nci_test(a_idxs_selected, i_idxs_selected, test_config, mol_config, mol,las, mc_uscc, mf)
  File "/project/lgagliardi/tuy/qchem/las-uscc-noci/working/polyene/c4_631g.py", line 158, in nci_test
    result['amps'] = amps
NameError: name 'result' is not defined
Command exited with non-zero status 1
	Command being timed: "python c4_631g.py 1.0"
	User time (seconds): 448.27
	System time (seconds): 5.84
	Percent of CPU this job got: 1994%
	Elapsed (wall clock) time (h:mm:ss or m:ss): 0:22.76
	Average shared text size (kbytes): 0
	Average unshared data size (kbytes): 0
	Average stack size (kbytes): 0
	Average total size (kbytes): 0
	Maximum resident set size (kbytes): 202148
	Average resident set size (kbytes): 0
	Major (requiring I/O) page faults: 0
	Minor (reclaiming a frame) page faults: 59258
	Voluntary context switches: 32547
	Involuntary context switches: 3781450
	Swaps: 0
	File system inputs: 0
	File system outputs: 256
	Socket messages sent: 0
	Socket messages received: 0
	Signals delivered: 0
	Page size (bytes): 4096
	Exit status: 1
Traceback (most recent call last):
  File "/project/lgagliardi/tuy/qchem/las-uscc-noci/working/polyene/c4_631g.py", line 618, in <module>
    mol_results, ref_energy, las_energy = batch_test(mol_conf, nosi_tests)
  File "/project/lgagliardi/tuy/qchem/las-uscc-noci/working/polyene/c4_631g.py", line 318, in batch_test
    result = test(mol_config, test_config, las, mol, mf)
  File "/project/lgagliardi/tuy/qchem/las-uscc-noci/working/polyene/c4_631g.py", line 277, in test
    result['las_uscc_noci_eng'], result['las_uscc_noci_vec'], result['min_ci_eng'] = nci_test(a_idxs_selected, i_idxs_selected, test_config, mol_config, mol,las, mc_uscc, mf)
  File "/project/lgagliardi/tuy/qchem/las-uscc-noci/working/polyene/c4_631g.py", line 158, in nci_test
    result['amps'] = amps
NameError: name 'result' is not defined
Command exited with non-zero status 1
	Command being timed: "python c4_631g.py 2.0"
	User time (seconds): 541.36
	System time (seconds): 7.35
	Percent of CPU this job got: 2027%
	Elapsed (wall clock) time (h:mm:ss or m:ss): 0:27.06
	Average shared text size (kbytes): 0
	Average unshared data size (kbytes): 0
	Average stack size (kbytes): 0
	Average total size (kbytes): 0
	Maximum resident set size (kbytes): 245100
	Average resident set size (kbytes): 0
	Major (requiring I/O) page faults: 0
	Minor (reclaiming a frame) page faults: 63569
	Voluntary context switches: 37174
	Involuntary context switches: 2982848
	Swaps: 0
	File system inputs: 0
	File system outputs: 256
	Socket messages sent: 0
	Socket messages received: 0
	Signals delivered: 0
	Page size (bytes): 4096
	Exit status: 1
