Traceback (most recent call last):
  File "/project/lgagliardi/tuy/qchem/las-uscc-noci/working/polyene/c6_631g_rand.py", line 619, in <module>
    mol_results, ref_energy, las_energy = batch_test(mol_conf, nosi_tests)
  File "/project/lgagliardi/tuy/qchem/las-uscc-noci/working/polyene/c6_631g_rand.py", line 319, in batch_test
    result = test(mol_config, test_config, las, mol, mf)
  File "/project/lgagliardi/tuy/qchem/las-uscc-noci/working/polyene/c6_631g_rand.py", line 278, in test
    result['las_uscc_noci_eng'], result['las_uscc_noci_vec'], result['min_ci_eng'] = nci_test(a_idxs_selected, i_idxs_selected, test_config, mol_config, mol,las, mc_uscc, mf)
  File "/project/lgagliardi/tuy/qchem/las-uscc-noci/working/polyene/c6_631g_rand.py", line 159, in nci_test
    result['amps'] = amps
NameError: name 'result' is not defined
Command exited with non-zero status 1
	Command being timed: "python c6_631g_rand.py 0.1"
	User time (seconds): 1038.69
	System time (seconds): 9.72
	Percent of CPU this job got: 1720%
	Elapsed (wall clock) time (h:mm:ss or m:ss): 1:00.92
	Average shared text size (kbytes): 0
	Average unshared data size (kbytes): 0
	Average stack size (kbytes): 0
	Average total size (kbytes): 0
	Maximum resident set size (kbytes): 273328
	Average resident set size (kbytes): 0
	Major (requiring I/O) page faults: 0
	Minor (reclaiming a frame) page faults: 103371
	Voluntary context switches: 115991
	Involuntary context switches: 9086514
	Swaps: 0
	File system inputs: 0
	File system outputs: 584
	Socket messages sent: 0
	Socket messages received: 0
	Signals delivered: 0
	Page size (bytes): 4096
	Exit status: 1
Traceback (most recent call last):
  File "/project/lgagliardi/tuy/qchem/las-uscc-noci/working/polyene/c6_631g_rand.py", line 619, in <module>
    mol_results, ref_energy, las_energy = batch_test(mol_conf, nosi_tests)
  File "/project/lgagliardi/tuy/qchem/las-uscc-noci/working/polyene/c6_631g_rand.py", line 319, in batch_test
    result = test(mol_config, test_config, las, mol, mf)
  File "/project/lgagliardi/tuy/qchem/las-uscc-noci/working/polyene/c6_631g_rand.py", line 278, in test
    result['las_uscc_noci_eng'], result['las_uscc_noci_vec'], result['min_ci_eng'] = nci_test(a_idxs_selected, i_idxs_selected, test_config, mol_config, mol,las, mc_uscc, mf)
  File "/project/lgagliardi/tuy/qchem/las-uscc-noci/working/polyene/c6_631g_rand.py", line 159, in nci_test
    result['amps'] = amps
NameError: name 'result' is not defined
Command exited with non-zero status 1
	Command being timed: "python c6_631g_rand.py 0.5"
	User time (seconds): 794.56
	System time (seconds): 9.37
	Percent of CPU this job got: 1907%
	Elapsed (wall clock) time (h:mm:ss or m:ss): 0:42.13
	Average shared text size (kbytes): 0
	Average unshared data size (kbytes): 0
	Average stack size (kbytes): 0
	Average total size (kbytes): 0
	Maximum resident set size (kbytes): 311020
	Average resident set size (kbytes): 0
	Major (requiring I/O) page faults: 0
	Minor (reclaiming a frame) page faults: 104326
	Voluntary context switches: 67608
	Involuntary context switches: 4885071
	Swaps: 0
	File system inputs: 0
	File system outputs: 1192
	Socket messages sent: 0
	Socket messages received: 0
	Signals delivered: 0
	Page size (bytes): 4096
	Exit status: 1
Traceback (most recent call last):
  File "/project/lgagliardi/tuy/qchem/las-uscc-noci/working/polyene/c6_631g_rand.py", line 619, in <module>
    mol_results, ref_energy, las_energy = batch_test(mol_conf, nosi_tests)
  File "/project/lgagliardi/tuy/qchem/las-uscc-noci/working/polyene/c6_631g_rand.py", line 319, in batch_test
    result = test(mol_config, test_config, las, mol, mf)
  File "/project/lgagliardi/tuy/qchem/las-uscc-noci/working/polyene/c6_631g_rand.py", line 278, in test
    result['las_uscc_noci_eng'], result['las_uscc_noci_vec'], result['min_ci_eng'] = nci_test(a_idxs_selected, i_idxs_selected, test_config, mol_config, mol,las, mc_uscc, mf)
  File "/project/lgagliardi/tuy/qchem/las-uscc-noci/working/polyene/c6_631g_rand.py", line 159, in nci_test
    result['amps'] = amps
NameError: name 'result' is not defined
Command exited with non-zero status 1
	Command being timed: "python c6_631g_rand.py 1"
	User time (seconds): 826.25
	System time (seconds): 9.60
	Percent of CPU this job got: 1902%
	Elapsed (wall clock) time (h:mm:ss or m:ss): 0:43.94
	Average shared text size (kbytes): 0
	Average unshared data size (kbytes): 0
	Average stack size (kbytes): 0
	Average total size (kbytes): 0
	Maximum resident set size (kbytes): 265372
	Average resident set size (kbytes): 0
	Major (requiring I/O) page faults: 0
	Minor (reclaiming a frame) page faults: 91627
	Voluntary context switches: 73238
	Involuntary context switches: 5802314
	Swaps: 0
	File system inputs: 0
	File system outputs: 1184
	Socket messages sent: 0
	Socket messages received: 0
	Signals delivered: 0
	Page size (bytes): 4096
	Exit status: 1
Traceback (most recent call last):
  File "/project/lgagliardi/tuy/qchem/las-uscc-noci/working/polyene/c6_631g_rand.py", line 619, in <module>
    mol_results, ref_energy, las_energy = batch_test(mol_conf, nosi_tests)
  File "/project/lgagliardi/tuy/qchem/las-uscc-noci/working/polyene/c6_631g_rand.py", line 319, in batch_test
    result = test(mol_config, test_config, las, mol, mf)
  File "/project/lgagliardi/tuy/qchem/las-uscc-noci/working/polyene/c6_631g_rand.py", line 278, in test
    result['las_uscc_noci_eng'], result['las_uscc_noci_vec'], result['min_ci_eng'] = nci_test(a_idxs_selected, i_idxs_selected, test_config, mol_config, mol,las, mc_uscc, mf)
  File "/project/lgagliardi/tuy/qchem/las-uscc-noci/working/polyene/c6_631g_rand.py", line 159, in nci_test
    result['amps'] = amps
NameError: name 'result' is not defined
Command exited with non-zero status 1
	Command being timed: "python c6_631g_rand.py 2"
	User time (seconds): 817.64
	System time (seconds): 9.69
	Percent of CPU this job got: 1903%
	Elapsed (wall clock) time (h:mm:ss or m:ss): 0:43.46
	Average shared text size (kbytes): 0
	Average unshared data size (kbytes): 0
	Average stack size (kbytes): 0
	Average total size (kbytes): 0
	Maximum resident set size (kbytes): 266396
	Average resident set size (kbytes): 0
	Major (requiring I/O) page faults: 0
	Minor (reclaiming a frame) page faults: 102838
	Voluntary context switches: 68496
	Involuntary context switches: 4549521
	Swaps: 0
	File system inputs: 0
	File system outputs: 1160
	Socket messages sent: 0
	Socket messages received: 0
	Signals delivered: 0
	Page size (bytes): 4096
	Exit status: 1
Traceback (most recent call last):
  File "/project/lgagliardi/tuy/qchem/las-uscc-noci/working/polyene/c6_631g_rand.py", line 619, in <module>
    mol_results, ref_energy, las_energy = batch_test(mol_conf, nosi_tests)
  File "/project/lgagliardi/tuy/qchem/las-uscc-noci/working/polyene/c6_631g_rand.py", line 319, in batch_test
    result = test(mol_config, test_config, las, mol, mf)
  File "/project/lgagliardi/tuy/qchem/las-uscc-noci/working/polyene/c6_631g_rand.py", line 278, in test
    result['las_uscc_noci_eng'], result['las_uscc_noci_vec'], result['min_ci_eng'] = nci_test(a_idxs_selected, i_idxs_selected, test_config, mol_config, mol,las, mc_uscc, mf)
  File "/project/lgagliardi/tuy/qchem/las-uscc-noci/working/polyene/c6_631g_rand.py", line 159, in nci_test
    result['amps'] = amps
NameError: name 'result' is not defined
Command exited with non-zero status 1
	Command being timed: "python c6_631g_rand.py 4"
	User time (seconds): 837.15
	System time (seconds): 9.39
	Percent of CPU this job got: 1884%
	Elapsed (wall clock) time (h:mm:ss or m:ss): 0:44.92
	Average shared text size (kbytes): 0
	Average unshared data size (kbytes): 0
	Average stack size (kbytes): 0
	Average total size (kbytes): 0
	Maximum resident set size (kbytes): 292412
	Average resident set size (kbytes): 0
	Major (requiring I/O) page faults: 0
	Minor (reclaiming a frame) page faults: 103831
	Voluntary context switches: 75679
	Involuntary context switches: 5605065
	Swaps: 0
	File system inputs: 0
	File system outputs: 1160
	Socket messages sent: 0
	Socket messages received: 0
	Signals delivered: 0
	Page size (bytes): 4096
	Exit status: 1
Traceback (most recent call last):
  File "/project/lgagliardi/tuy/qchem/las-uscc-noci/working/polyene/c6_631g_rand.py", line 619, in <module>
    mol_results, ref_energy, las_energy = batch_test(mol_conf, nosi_tests)
  File "/project/lgagliardi/tuy/qchem/las-uscc-noci/working/polyene/c6_631g_rand.py", line 319, in batch_test
    result = test(mol_config, test_config, las, mol, mf)
  File "/project/lgagliardi/tuy/qchem/las-uscc-noci/working/polyene/c6_631g_rand.py", line 278, in test
    result['las_uscc_noci_eng'], result['las_uscc_noci_vec'], result['min_ci_eng'] = nci_test(a_idxs_selected, i_idxs_selected, test_config, mol_config, mol,las, mc_uscc, mf)
  File "/project/lgagliardi/tuy/qchem/las-uscc-noci/working/polyene/c6_631g_rand.py", line 159, in nci_test
    result['amps'] = amps
NameError: name 'result' is not defined
Command exited with non-zero status 1
	Command being timed: "python c6_631g_rand.py 10"
	User time (seconds): 774.28
	System time (seconds): 9.81
	Percent of CPU this job got: 1954%
	Elapsed (wall clock) time (h:mm:ss or m:ss): 0:40.11
	Average shared text size (kbytes): 0
	Average unshared data size (kbytes): 0
	Average stack size (kbytes): 0
	Average total size (kbytes): 0
	Maximum resident set size (kbytes): 311144
	Average resident set size (kbytes): 0
	Major (requiring I/O) page faults: 0
	Minor (reclaiming a frame) page faults: 107810
	Voluntary context switches: 64455
	Involuntary context switches: 6062935
	Swaps: 0
	File system inputs: 0
	File system outputs: 1008
	Socket messages sent: 0
	Socket messages received: 0
	Signals delivered: 0
	Page size (bytes): 4096
	Exit status: 1
