	Command being timed: "python c6_631g_rand.py 0.1"
	User time (seconds): 140411.24
	System time (seconds): 2811.32
	Percent of CPU this job got: 2171%
	Elapsed (wall clock) time (h:mm:ss or m:ss): 1:49:54
	Average shared text size (kbytes): 0
	Average unshared data size (kbytes): 0
	Average stack size (kbytes): 0
	Average total size (kbytes): 0
	Maximum resident set size (kbytes): 265992
	Average resident set size (kbytes): 0
	Major (requiring I/O) page faults: 0
	Minor (reclaiming a frame) page faults: 392610
	Voluntary context switches: 5985868
	Involuntary context switches: 456505074
	Swaps: 0
	File system inputs: 0
	File system outputs: 1008
	Socket messages sent: 0
	Socket messages received: 0
	Signals delivered: 0
	Page size (bytes): 4096
	Exit status: 0
	Command being timed: "python c6_631g_rand.py 0.5"
	User time (seconds): 255249.42
	System time (seconds): 4955.73
	Percent of CPU this job got: 2197%
	Elapsed (wall clock) time (h:mm:ss or m:ss): 3:17:20
	Average shared text size (kbytes): 0
	Average unshared data size (kbytes): 0
	Average stack size (kbytes): 0
	Average total size (kbytes): 0
	Maximum resident set size (kbytes): 314952
	Average resident set size (kbytes): 0
	Major (requiring I/O) page faults: 0
	Minor (reclaiming a frame) page faults: 543077
	Voluntary context switches: 14426244
	Involuntary context switches: 1011581101
	Swaps: 0
	File system inputs: 0
	File system outputs: 984
	Socket messages sent: 0
	Socket messages received: 0
	Signals delivered: 0
	Page size (bytes): 4096
	Exit status: 0
	Command being timed: "python c6_631g_rand.py 1"
	User time (seconds): 255977.32
	System time (seconds): 4962.94
	Percent of CPU this job got: 2213%
	Elapsed (wall clock) time (h:mm:ss or m:ss): 3:16:27
	Average shared text size (kbytes): 0
	Average unshared data size (kbytes): 0
	Average stack size (kbytes): 0
	Average total size (kbytes): 0
	Maximum resident set size (kbytes): 318624
	Average resident set size (kbytes): 0
	Major (requiring I/O) page faults: 0
	Minor (reclaiming a frame) page faults: 520216
	Voluntary context switches: 16448823
	Involuntary context switches: 1183954440
	Swaps: 0
	File system inputs: 0
	File system outputs: 816
	Socket messages sent: 0
	Socket messages received: 0
	Signals delivered: 0
	Page size (bytes): 4096
	Exit status: 0
	Command being timed: "python c6_631g_rand.py 2"
	User time (seconds): 383283.59
	System time (seconds): 7333.65
	Percent of CPU this job got: 2213%
	Elapsed (wall clock) time (h:mm:ss or m:ss): 4:54:10
	Average shared text size (kbytes): 0
	Average unshared data size (kbytes): 0
	Average stack size (kbytes): 0
	Average total size (kbytes): 0
	Maximum resident set size (kbytes): 266416
	Average resident set size (kbytes): 0
	Major (requiring I/O) page faults: 0
	Minor (reclaiming a frame) page faults: 569539
	Voluntary context switches: 24550948
	Involuntary context switches: 1725634251
	Swaps: 0
	File system inputs: 0
	File system outputs: 1016
	Socket messages sent: 0
	Socket messages received: 0
	Signals delivered: 0
	Page size (bytes): 4096
	Exit status: 0
	Command being timed: "python c6_631g_rand.py 4"
	User time (seconds): 338688.65
	System time (seconds): 6683.24
	Percent of CPU this job got: 2199%
	Elapsed (wall clock) time (h:mm:ss or m:ss): 4:21:41
	Average shared text size (kbytes): 0
	Average unshared data size (kbytes): 0
	Average stack size (kbytes): 0
	Average total size (kbytes): 0
	Maximum resident set size (kbytes): 322868
	Average resident set size (kbytes): 0
	Major (requiring I/O) page faults: 0
	Minor (reclaiming a frame) page faults: 644790
	Voluntary context switches: 19182678
	Involuntary context switches: 1391651271
	Swaps: 0
	File system inputs: 0
	File system outputs: 1016
	Socket messages sent: 0
	Socket messages received: 0
	Signals delivered: 0
	Page size (bytes): 4096
	Exit status: 0
	Command being timed: "python c6_631g_rand.py 10"
	User time (seconds): 405892.60
	System time (seconds): 7905.38
	Percent of CPU this job got: 2206%
	Elapsed (wall clock) time (h:mm:ss or m:ss): 5:12:36
	Average shared text size (kbytes): 0
	Average unshared data size (kbytes): 0
	Average stack size (kbytes): 0
	Average total size (kbytes): 0
	Maximum resident set size (kbytes): 267400
	Average resident set size (kbytes): 0
	Major (requiring I/O) page faults: 0
	Minor (reclaiming a frame) page faults: 552296
	Voluntary context switches: 24657022
	Involuntary context switches: 1710286444
	Swaps: 0
	File system inputs: 0
	File system outputs: 376
	Socket messages sent: 0
	Socket messages received: 0
	Signals delivered: 0
	Page size (bytes): 4096
	Exit status: 0
