	Command being timed: "python c4_631g_gradportion.py 0.5"
	User time (seconds): 17368.81
	System time (seconds): 172.42
	Percent of CPU this job got: 1784%
	Elapsed (wall clock) time (h:mm:ss or m:ss): 16:23.20
	Average shared text size (kbytes): 0
	Average unshared data size (kbytes): 0
	Average stack size (kbytes): 0
	Average total size (kbytes): 0
	Maximum resident set size (kbytes): 213428
	Average resident set size (kbytes): 0
	Major (requiring I/O) page faults: 0
	Minor (reclaiming a frame) page faults: 226191
	Voluntary context switches: 1471004
	Involuntary context switches: 89915555
	Swaps: 0
	File system inputs: 0
	File system outputs: 256
	Socket messages sent: 0
	Socket messages received: 0
	Signals delivered: 0
	Page size (bytes): 4096
	Exit status: 0
	Command being timed: "python c4_631g_gradportion.py 1"
	User time (seconds): 18116.83
	System time (seconds): 202.53
	Percent of CPU this job got: 1885%
	Elapsed (wall clock) time (h:mm:ss or m:ss): 16:11.74
	Average shared text size (kbytes): 0
	Average unshared data size (kbytes): 0
	Average stack size (kbytes): 0
	Average total size (kbytes): 0
	Maximum resident set size (kbytes): 248464
	Average resident set size (kbytes): 0
	Major (requiring I/O) page faults: 0
	Minor (reclaiming a frame) page faults: 200591
	Voluntary context switches: 1372143
	Involuntary context switches: 106255960
	Swaps: 0
	File system inputs: 0
	File system outputs: 256
	Socket messages sent: 0
	Socket messages received: 0
	Signals delivered: 0
	Page size (bytes): 4096
	Exit status: 0
	Command being timed: "python c4_631g_gradportion.py 2"
	User time (seconds): 21083.29
	System time (seconds): 206.42
	Percent of CPU this job got: 1803%
	Elapsed (wall clock) time (h:mm:ss or m:ss): 19:40.64
	Average shared text size (kbytes): 0
	Average unshared data size (kbytes): 0
	Average stack size (kbytes): 0
	Average total size (kbytes): 0
	Maximum resident set size (kbytes): 195108
	Average resident set size (kbytes): 0
	Major (requiring I/O) page faults: 0
	Minor (reclaiming a frame) page faults: 214471
	Voluntary context switches: 1729929
	Involuntary context switches: 96304375
	Swaps: 0
	File system inputs: 0
	File system outputs: 384
	Socket messages sent: 0
	Socket messages received: 0
	Signals delivered: 0
	Page size (bytes): 4096
	Exit status: 0
	Command being timed: "python c4_631g_gradportion.py 4"
	User time (seconds): 15201.22
	System time (seconds): 176.89
	Percent of CPU this job got: 1919%
	Elapsed (wall clock) time (h:mm:ss or m:ss): 13:21.04
	Average shared text size (kbytes): 0
	Average unshared data size (kbytes): 0
	Average stack size (kbytes): 0
	Average total size (kbytes): 0
	Maximum resident set size (kbytes): 242756
	Average resident set size (kbytes): 0
	Major (requiring I/O) page faults: 0
	Minor (reclaiming a frame) page faults: 187185
	Voluntary context switches: 1096169
	Involuntary context switches: 102544152
	Swaps: 0
	File system inputs: 0
	File system outputs: 400
	Socket messages sent: 0
	Socket messages received: 0
	Signals delivered: 0
	Page size (bytes): 4096
	Exit status: 0
	Command being timed: "python c4_631g_gradportion.py -0.5"
	User time (seconds): 11237.46
	System time (seconds): 125.87
	Percent of CPU this job got: 1927%
	Elapsed (wall clock) time (h:mm:ss or m:ss): 9:49.47
	Average shared text size (kbytes): 0
	Average unshared data size (kbytes): 0
	Average stack size (kbytes): 0
	Average total size (kbytes): 0
	Maximum resident set size (kbytes): 209252
	Average resident set size (kbytes): 0
	Major (requiring I/O) page faults: 0
	Minor (reclaiming a frame) page faults: 151332
	Voluntary context switches: 762977
	Involuntary context switches: 77133256
	Swaps: 0
	File system inputs: 0
	File system outputs: 256
	Socket messages sent: 0
	Socket messages received: 0
	Signals delivered: 0
	Page size (bytes): 4096
	Exit status: 0
	Command being timed: "python c4_631g_gradportion.py -1"
	User time (seconds): 21920.91
	System time (seconds): 192.07
	Percent of CPU this job got: 1713%
	Elapsed (wall clock) time (h:mm:ss or m:ss): 21:30.60
	Average shared text size (kbytes): 0
	Average unshared data size (kbytes): 0
	Average stack size (kbytes): 0
	Average total size (kbytes): 0
	Maximum resident set size (kbytes): 275292
	Average resident set size (kbytes): 0
	Major (requiring I/O) page faults: 0
	Minor (reclaiming a frame) page faults: 242876
	Voluntary context switches: 1710172
	Involuntary context switches: 97749184
	Swaps: 0
	File system inputs: 0
	File system outputs: 256
	Socket messages sent: 0
	Socket messages received: 0
	Signals delivered: 0
	Page size (bytes): 4096
	Exit status: 0
	Command being timed: "python c4_631g_gradportion.py -2"
	User time (seconds): 22725.80
	System time (seconds): 201.05
	Percent of CPU this job got: 1771%
	Elapsed (wall clock) time (h:mm:ss or m:ss): 21:33.95
	Average shared text size (kbytes): 0
	Average unshared data size (kbytes): 0
	Average stack size (kbytes): 0
	Average total size (kbytes): 0
	Maximum resident set size (kbytes): 260876
	Average resident set size (kbytes): 0
	Major (requiring I/O) page faults: 0
	Minor (reclaiming a frame) page faults: 262545
	Voluntary context switches: 1716916
	Involuntary context switches: 76442014
	Swaps: 0
	File system inputs: 0
	File system outputs: 256
	Socket messages sent: 0
	Socket messages received: 0
	Signals delivered: 0
	Page size (bytes): 4096
	Exit status: 0
	Command being timed: "python c4_631g_gradportion.py -4"
	User time (seconds): 22197.30
	System time (seconds): 200.93
	Percent of CPU this job got: 1793%
	Elapsed (wall clock) time (h:mm:ss or m:ss): 20:48.64
	Average shared text size (kbytes): 0
	Average unshared data size (kbytes): 0
	Average stack size (kbytes): 0
	Average total size (kbytes): 0
	Maximum resident set size (kbytes): 201408
	Average resident set size (kbytes): 0
	Major (requiring I/O) page faults: 0
	Minor (reclaiming a frame) page faults: 142039
	Voluntary context switches: 1638741
	Involuntary context switches: 88848433
	Swaps: 0
	File system inputs: 0
	File system outputs: 256
	Socket messages sent: 0
	Socket messages received: 0
	Signals delivered: 0
	Page size (bytes): 4096
	Exit status: 0
