	Command being timed: "python c4_631g_rand.py 0.1"
	User time (seconds): 13293.39
	System time (seconds): 281.45
	Percent of CPU this job got: 2235%
	Elapsed (wall clock) time (h:mm:ss or m:ss): 10:07.24
	Average shared text size (kbytes): 0
	Average unshared data size (kbytes): 0
	Average stack size (kbytes): 0
	Average total size (kbytes): 0
	Maximum resident set size (kbytes): 242436
	Average resident set size (kbytes): 0
	Major (requiring I/O) page faults: 0
	Minor (reclaiming a frame) page faults: 181432
	Voluntary context switches: 844182
	Involuntary context switches: 95428817
	Swaps: 0
	File system inputs: 0
	File system outputs: 568
	Socket messages sent: 0
	Socket messages received: 0
	Signals delivered: 0
	Page size (bytes): 4096
	Exit status: 0
	Command being timed: "python c4_631g_rand.py 0.5"
	User time (seconds): 16327.09
	System time (seconds): 322.22
	Percent of CPU this job got: 2219%
	Elapsed (wall clock) time (h:mm:ss or m:ss): 12:30.14
	Average shared text size (kbytes): 0
	Average unshared data size (kbytes): 0
	Average stack size (kbytes): 0
	Average total size (kbytes): 0
	Maximum resident set size (kbytes): 200948
	Average resident set size (kbytes): 0
	Major (requiring I/O) page faults: 0
	Minor (reclaiming a frame) page faults: 206975
	Voluntary context switches: 769318
	Involuntary context switches: 98859051
	Swaps: 0
	File system inputs: 0
	File system outputs: 568
	Socket messages sent: 0
	Socket messages received: 0
	Signals delivered: 0
	Page size (bytes): 4096
	Exit status: 0
	Command being timed: "python c4_631g_rand.py 1"
	User time (seconds): 15487.28
	System time (seconds): 307.88
	Percent of CPU this job got: 2230%
	Elapsed (wall clock) time (h:mm:ss or m:ss): 11:48.03
	Average shared text size (kbytes): 0
	Average unshared data size (kbytes): 0
	Average stack size (kbytes): 0
	Average total size (kbytes): 0
	Maximum resident set size (kbytes): 199568
	Average resident set size (kbytes): 0
	Major (requiring I/O) page faults: 0
	Minor (reclaiming a frame) page faults: 189663
	Voluntary context switches: 738263
	Involuntary context switches: 92791693
	Swaps: 0
	File system inputs: 0
	File system outputs: 256
	Socket messages sent: 0
	Socket messages received: 0
	Signals delivered: 0
	Page size (bytes): 4096
	Exit status: 0
	Command being timed: "python c4_631g_rand.py 2"
	User time (seconds): 16138.45
	System time (seconds): 317.49
	Percent of CPU this job got: 2226%
	Elapsed (wall clock) time (h:mm:ss or m:ss): 12:19.05
	Average shared text size (kbytes): 0
	Average unshared data size (kbytes): 0
	Average stack size (kbytes): 0
	Average total size (kbytes): 0
	Maximum resident set size (kbytes): 201568
	Average resident set size (kbytes): 0
	Major (requiring I/O) page faults: 0
	Minor (reclaiming a frame) page faults: 193634
	Voluntary context switches: 773573
	Involuntary context switches: 98519972
	Swaps: 0
	File system inputs: 0
	File system outputs: 568
	Socket messages sent: 0
	Socket messages received: 0
	Signals delivered: 0
	Page size (bytes): 4096
	Exit status: 0
	Command being timed: "python c4_631g_rand.py 4"
	User time (seconds): 16227.50
	System time (seconds): 321.68
	Percent of CPU this job got: 2227%
	Elapsed (wall clock) time (h:mm:ss or m:ss): 12:23.01
	Average shared text size (kbytes): 0
	Average unshared data size (kbytes): 0
	Average stack size (kbytes): 0
	Average total size (kbytes): 0
	Maximum resident set size (kbytes): 236316
	Average resident set size (kbytes): 0
	Major (requiring I/O) page faults: 0
	Minor (reclaiming a frame) page faults: 151710
	Voluntary context switches: 766750
	Involuntary context switches: 95804158
	Swaps: 0
	File system inputs: 0
	File system outputs: 712
	Socket messages sent: 0
	Socket messages received: 0
	Signals delivered: 0
	Page size (bytes): 4096
	Exit status: 0
	Command being timed: "python c4_631g_rand.py 10"
	User time (seconds): 16170.32
	System time (seconds): 321.34
	Percent of CPU this job got: 2227%
	Elapsed (wall clock) time (h:mm:ss or m:ss): 12:20.40
	Average shared text size (kbytes): 0
	Average unshared data size (kbytes): 0
	Average stack size (kbytes): 0
	Average total size (kbytes): 0
	Maximum resident set size (kbytes): 206760
	Average resident set size (kbytes): 0
	Major (requiring I/O) page faults: 0
	Minor (reclaiming a frame) page faults: 188527
	Voluntary context switches: 768773
	Involuntary context switches: 99901457
	Swaps: 0
	File system inputs: 0
	File system outputs: 688
	Socket messages sent: 0
	Socket messages received: 0
	Signals delivered: 0
	Page size (bytes): 4096
	Exit status: 0
