Traceback (most recent call last):
  File "/project/lgagliardi/tuy/qchem/las-uscc-noci/working/polyene/c6_631g_gradsign.py", line 620, in <module>
    mol_results, ref_energy, las_energy = batch_test(mol_conf, nosi_tests)
  File "/project/lgagliardi/tuy/qchem/las-uscc-noci/working/polyene/c6_631g_gradsign.py", line 320, in batch_test
    result = test(mol_config, test_config, las, mol, mf)
  File "/project/lgagliardi/tuy/qchem/las-uscc-noci/working/polyene/c6_631g_gradsign.py", line 279, in test
    result['las_uscc_noci_eng'], result['las_uscc_noci_vec'], result['min_ci_eng'] = nci_test(a_idxs_selected, i_idxs_selected, g_sel, test_config, mol_config, mol,las, mc_uscc, mf)
  File "/project/lgagliardi/tuy/qchem/las-uscc-noci/working/polyene/c6_631g_gradsign.py", line 135, in nci_test
    psi.x[psi.nconstr + i] = sign * amplitude # not sure about the + - of the sign, try both
UnboundLocalError: local variable 'amplitude' referenced before assignment
Command exited with non-zero status 1
	Command being timed: "python c6_631g_gradsign.py 0.01"
	User time (seconds): 739.86
	System time (seconds): 10.35
	Percent of CPU this job got: 1863%
	Elapsed (wall clock) time (h:mm:ss or m:ss): 0:40.25
	Average shared text size (kbytes): 0
	Average unshared data size (kbytes): 0
	Average stack size (kbytes): 0
	Average total size (kbytes): 0
	Maximum resident set size (kbytes): 326060
	Average resident set size (kbytes): 0
	Major (requiring I/O) page faults: 0
	Minor (reclaiming a frame) page faults: 109442
	Voluntary context switches: 40881
	Involuntary context switches: 5952260
	Swaps: 0
	File system inputs: 0
	File system outputs: 584
	Socket messages sent: 0
	Socket messages received: 0
	Signals delivered: 0
	Page size (bytes): 4096
	Exit status: 1
Traceback (most recent call last):
  File "/project/lgagliardi/tuy/qchem/las-uscc-noci/working/polyene/c6_631g_gradsign.py", line 620, in <module>
    mol_results, ref_energy, las_energy = batch_test(mol_conf, nosi_tests)
  File "/project/lgagliardi/tuy/qchem/las-uscc-noci/working/polyene/c6_631g_gradsign.py", line 320, in batch_test
    result = test(mol_config, test_config, las, mol, mf)
  File "/project/lgagliardi/tuy/qchem/las-uscc-noci/working/polyene/c6_631g_gradsign.py", line 279, in test
    result['las_uscc_noci_eng'], result['las_uscc_noci_vec'], result['min_ci_eng'] = nci_test(a_idxs_selected, i_idxs_selected, g_sel, test_config, mol_config, mol,las, mc_uscc, mf)
  File "/project/lgagliardi/tuy/qchem/las-uscc-noci/working/polyene/c6_631g_gradsign.py", line 135, in nci_test
    psi.x[psi.nconstr + i] = sign * amplitude # not sure about the + - of the sign, try both
UnboundLocalError: local variable 'amplitude' referenced before assignment
Command exited with non-zero status 1
	Command being timed: "python c6_631g_gradsign.py 0.05"
	User time (seconds): 749.70
	System time (seconds): 10.44
	Percent of CPU this job got: 1878%
	Elapsed (wall clock) time (h:mm:ss or m:ss): 0:40.46
	Average shared text size (kbytes): 0
	Average unshared data size (kbytes): 0
	Average stack size (kbytes): 0
	Average total size (kbytes): 0
	Maximum resident set size (kbytes): 308152
	Average resident set size (kbytes): 0
	Major (requiring I/O) page faults: 0
	Minor (reclaiming a frame) page faults: 99284
	Voluntary context switches: 43567
	Involuntary context switches: 6509209
	Swaps: 0
	File system inputs: 0
	File system outputs: 376
	Socket messages sent: 0
	Socket messages received: 0
	Signals delivered: 0
	Page size (bytes): 4096
	Exit status: 1
Traceback (most recent call last):
  File "/project/lgagliardi/tuy/qchem/las-uscc-noci/working/polyene/c6_631g_gradsign.py", line 620, in <module>
    mol_results, ref_energy, las_energy = batch_test(mol_conf, nosi_tests)
  File "/project/lgagliardi/tuy/qchem/las-uscc-noci/working/polyene/c6_631g_gradsign.py", line 320, in batch_test
    result = test(mol_config, test_config, las, mol, mf)
  File "/project/lgagliardi/tuy/qchem/las-uscc-noci/working/polyene/c6_631g_gradsign.py", line 279, in test
    result['las_uscc_noci_eng'], result['las_uscc_noci_vec'], result['min_ci_eng'] = nci_test(a_idxs_selected, i_idxs_selected, g_sel, test_config, mol_config, mol,las, mc_uscc, mf)
  File "/project/lgagliardi/tuy/qchem/las-uscc-noci/working/polyene/c6_631g_gradsign.py", line 135, in nci_test
    psi.x[psi.nconstr + i] = sign * amplitude # not sure about the + - of the sign, try both
UnboundLocalError: local variable 'amplitude' referenced before assignment
Command exited with non-zero status 1
	Command being timed: "python c6_631g_gradsign.py 0.1"
	User time (seconds): 746.79
	System time (seconds): 10.23
	Percent of CPU this job got: 1846%
	Elapsed (wall clock) time (h:mm:ss or m:ss): 0:40.99
	Average shared text size (kbytes): 0
	Average unshared data size (kbytes): 0
	Average stack size (kbytes): 0
	Average total size (kbytes): 0
	Maximum resident set size (kbytes): 268032
	Average resident set size (kbytes): 0
	Major (requiring I/O) page faults: 0
	Minor (reclaiming a frame) page faults: 105400
	Voluntary context switches: 44313
	Involuntary context switches: 6739108
	Swaps: 0
	File system inputs: 0
	File system outputs: 376
	Socket messages sent: 0
	Socket messages received: 0
	Signals delivered: 0
	Page size (bytes): 4096
	Exit status: 1
Traceback (most recent call last):
  File "/project/lgagliardi/tuy/qchem/las-uscc-noci/working/polyene/c6_631g_gradsign.py", line 620, in <module>
    mol_results, ref_energy, las_energy = batch_test(mol_conf, nosi_tests)
  File "/project/lgagliardi/tuy/qchem/las-uscc-noci/working/polyene/c6_631g_gradsign.py", line 320, in batch_test
    result = test(mol_config, test_config, las, mol, mf)
  File "/project/lgagliardi/tuy/qchem/las-uscc-noci/working/polyene/c6_631g_gradsign.py", line 279, in test
    result['las_uscc_noci_eng'], result['las_uscc_noci_vec'], result['min_ci_eng'] = nci_test(a_idxs_selected, i_idxs_selected, g_sel, test_config, mol_config, mol,las, mc_uscc, mf)
  File "/project/lgagliardi/tuy/qchem/las-uscc-noci/working/polyene/c6_631g_gradsign.py", line 135, in nci_test
    psi.x[psi.nconstr + i] = sign * amplitude # not sure about the + - of the sign, try both
UnboundLocalError: local variable 'amplitude' referenced before assignment
Command exited with non-zero status 1
	Command being timed: "python c6_631g_gradsign.py 0.25"
	User time (seconds): 718.15
	System time (seconds): 9.80
	Percent of CPU this job got: 1939%
	Elapsed (wall clock) time (h:mm:ss or m:ss): 0:37.52
	Average shared text size (kbytes): 0
	Average unshared data size (kbytes): 0
	Average stack size (kbytes): 0
	Average total size (kbytes): 0
	Maximum resident set size (kbytes): 308208
	Average resident set size (kbytes): 0
	Major (requiring I/O) page faults: 0
	Minor (reclaiming a frame) page faults: 106859
	Voluntary context switches: 40400
	Involuntary context switches: 6122340
	Swaps: 0
	File system inputs: 0
	File system outputs: 376
	Socket messages sent: 0
	Socket messages received: 0
	Signals delivered: 0
	Page size (bytes): 4096
	Exit status: 1
Traceback (most recent call last):
  File "/project/lgagliardi/tuy/qchem/las-uscc-noci/working/polyene/c6_631g_gradsign.py", line 620, in <module>
    mol_results, ref_energy, las_energy = batch_test(mol_conf, nosi_tests)
  File "/project/lgagliardi/tuy/qchem/las-uscc-noci/working/polyene/c6_631g_gradsign.py", line 320, in batch_test
    result = test(mol_config, test_config, las, mol, mf)
  File "/project/lgagliardi/tuy/qchem/las-uscc-noci/working/polyene/c6_631g_gradsign.py", line 279, in test
    result['las_uscc_noci_eng'], result['las_uscc_noci_vec'], result['min_ci_eng'] = nci_test(a_idxs_selected, i_idxs_selected, g_sel, test_config, mol_config, mol,las, mc_uscc, mf)
  File "/project/lgagliardi/tuy/qchem/las-uscc-noci/working/polyene/c6_631g_gradsign.py", line 135, in nci_test
    psi.x[psi.nconstr + i] = sign * amplitude # not sure about the + - of the sign, try both
UnboundLocalError: local variable 'amplitude' referenced before assignment
Command exited with non-zero status 1
	Command being timed: "python c6_631g_gradsign.py 0.5"
	User time (seconds): 736.81
	System time (seconds): 10.53
	Percent of CPU this job got: 1916%
	Elapsed (wall clock) time (h:mm:ss or m:ss): 0:38.99
	Average shared text size (kbytes): 0
	Average unshared data size (kbytes): 0
	Average stack size (kbytes): 0
	Average total size (kbytes): 0
	Maximum resident set size (kbytes): 268048
	Average resident set size (kbytes): 0
	Major (requiring I/O) page faults: 0
	Minor (reclaiming a frame) page faults: 100687
	Voluntary context switches: 42762
	Involuntary context switches: 6473774
	Swaps: 0
	File system inputs: 0
	File system outputs: 584
	Socket messages sent: 0
	Socket messages received: 0
	Signals delivered: 0
	Page size (bytes): 4096
	Exit status: 1
Traceback (most recent call last):
  File "/project/lgagliardi/tuy/qchem/las-uscc-noci/working/polyene/c6_631g_gradsign.py", line 620, in <module>
    mol_results, ref_energy, las_energy = batch_test(mol_conf, nosi_tests)
  File "/project/lgagliardi/tuy/qchem/las-uscc-noci/working/polyene/c6_631g_gradsign.py", line 320, in batch_test
    result = test(mol_config, test_config, las, mol, mf)
  File "/project/lgagliardi/tuy/qchem/las-uscc-noci/working/polyene/c6_631g_gradsign.py", line 279, in test
    result['las_uscc_noci_eng'], result['las_uscc_noci_vec'], result['min_ci_eng'] = nci_test(a_idxs_selected, i_idxs_selected, g_sel, test_config, mol_config, mol,las, mc_uscc, mf)
  File "/project/lgagliardi/tuy/qchem/las-uscc-noci/working/polyene/c6_631g_gradsign.py", line 135, in nci_test
    psi.x[psi.nconstr + i] = sign * amplitude # not sure about the + - of the sign, try both
UnboundLocalError: local variable 'amplitude' referenced before assignment
Command exited with non-zero status 1
	Command being timed: "python c6_631g_gradsign.py 1.0"
	User time (seconds): 711.32
	System time (seconds): 10.46
	Percent of CPU this job got: 1849%
	Elapsed (wall clock) time (h:mm:ss or m:ss): 0:39.02
	Average shared text size (kbytes): 0
	Average unshared data size (kbytes): 0
	Average stack size (kbytes): 0
	Average total size (kbytes): 0
	Maximum resident set size (kbytes): 322696
	Average resident set size (kbytes): 0
	Major (requiring I/O) page faults: 0
	Minor (reclaiming a frame) page faults: 107961
	Voluntary context switches: 40943
	Involuntary context switches: 7155380
	Swaps: 0
	File system inputs: 0
	File system outputs: 376
	Socket messages sent: 0
	Socket messages received: 0
	Signals delivered: 0
	Page size (bytes): 4096
	Exit status: 1
Traceback (most recent call last):
  File "/project/lgagliardi/tuy/qchem/las-uscc-noci/working/polyene/c6_631g_gradsign.py", line 620, in <module>
    mol_results, ref_energy, las_energy = batch_test(mol_conf, nosi_tests)
  File "/project/lgagliardi/tuy/qchem/las-uscc-noci/working/polyene/c6_631g_gradsign.py", line 320, in batch_test
    result = test(mol_config, test_config, las, mol, mf)
  File "/project/lgagliardi/tuy/qchem/las-uscc-noci/working/polyene/c6_631g_gradsign.py", line 279, in test
    result['las_uscc_noci_eng'], result['las_uscc_noci_vec'], result['min_ci_eng'] = nci_test(a_idxs_selected, i_idxs_selected, g_sel, test_config, mol_config, mol,las, mc_uscc, mf)
  File "/project/lgagliardi/tuy/qchem/las-uscc-noci/working/polyene/c6_631g_gradsign.py", line 135, in nci_test
    psi.x[psi.nconstr + i] = sign * amplitude # not sure about the + - of the sign, try both
UnboundLocalError: local variable 'amplitude' referenced before assignment
Command exited with non-zero status 1
	Command being timed: "python c6_631g_gradsign.py 2.0"
	User time (seconds): 729.00
	System time (seconds): 10.26
	Percent of CPU this job got: 1860%
	Elapsed (wall clock) time (h:mm:ss or m:ss): 0:39.73
	Average shared text size (kbytes): 0
	Average unshared data size (kbytes): 0
	Average stack size (kbytes): 0
	Average total size (kbytes): 0
	Maximum resident set size (kbytes): 320744
	Average resident set size (kbytes): 0
	Major (requiring I/O) page faults: 0
	Minor (reclaiming a frame) page faults: 92850
	Voluntary context switches: 42030
	Involuntary context switches: 6884526
	Swaps: 0
	File system inputs: 0
	File system outputs: 576
	Socket messages sent: 0
	Socket messages received: 0
	Signals delivered: 0
	Page size (bytes): 4096
	Exit status: 1
