Traceback (most recent call last):
  File "/project/lgagliardi/tuy/qchem/las-uscc-noci/working/polyene/c4_631g_gradsign.py", line 621, in <module>
    mol_results, ref_energy, las_energy = batch_test(mol_conf, nosi_tests)
  File "/project/lgagliardi/tuy/qchem/las-uscc-noci/working/polyene/c4_631g_gradsign.py", line 321, in batch_test
    result = test(mol_config, test_config, las, mol, mf)
  File "/project/lgagliardi/tuy/qchem/las-uscc-noci/working/polyene/c4_631g_gradsign.py", line 280, in test
    result['las_uscc_noci_eng'], result['las_uscc_noci_vec'], result['min_ci_eng'] = nci_test(a_idxs_selected, i_idxs_selected, g_sel, test_config, mol_config, mol,las, mc_uscc, mf)
  File "/project/lgagliardi/tuy/qchem/las-uscc-noci/working/polyene/c4_631g_gradsign.py", line 136, in nci_test
    psi.x[psi.nconstr + i] = sign * amplitude # not sure about the + - of the sign, try both
UnboundLocalError: local variable 'psi' referenced before assignment
Command exited with non-zero status 1
	Command being timed: "python c4_631g_gradsign.py 0.01"
	User time (seconds): 698.60
	System time (seconds): 10.05
	Percent of CPU this job got: 2039%
	Elapsed (wall clock) time (h:mm:ss or m:ss): 0:34.74
	Average shared text size (kbytes): 0
	Average unshared data size (kbytes): 0
	Average stack size (kbytes): 0
	Average total size (kbytes): 0
	Maximum resident set size (kbytes): 272500
	Average resident set size (kbytes): 0
	Major (requiring I/O) page faults: 0
	Minor (reclaiming a frame) page faults: 96876
	Voluntary context switches: 46272
	Involuntary context switches: 1712919
	Swaps: 0
	File system inputs: 0
	File system outputs: 520
	Socket messages sent: 0
	Socket messages received: 0
	Signals delivered: 0
	Page size (bytes): 4096
	Exit status: 1
Traceback (most recent call last):
  File "/project/lgagliardi/tuy/qchem/las-uscc-noci/working/polyene/c4_631g_gradsign.py", line 621, in <module>
    mol_results, ref_energy, las_energy = batch_test(mol_conf, nosi_tests)
  File "/project/lgagliardi/tuy/qchem/las-uscc-noci/working/polyene/c4_631g_gradsign.py", line 321, in batch_test
    result = test(mol_config, test_config, las, mol, mf)
  File "/project/lgagliardi/tuy/qchem/las-uscc-noci/working/polyene/c4_631g_gradsign.py", line 280, in test
    result['las_uscc_noci_eng'], result['las_uscc_noci_vec'], result['min_ci_eng'] = nci_test(a_idxs_selected, i_idxs_selected, g_sel, test_config, mol_config, mol,las, mc_uscc, mf)
  File "/project/lgagliardi/tuy/qchem/las-uscc-noci/working/polyene/c4_631g_gradsign.py", line 136, in nci_test
    psi.x[psi.nconstr + i] = sign * amplitude # not sure about the + - of the sign, try both
UnboundLocalError: local variable 'psi' referenced before assignment
Command exited with non-zero status 1
	Command being timed: "python c4_631g_gradsign.py 0.05"
	User time (seconds): 658.21
	System time (seconds): 10.38
	Percent of CPU this job got: 2073%
	Elapsed (wall clock) time (h:mm:ss or m:ss): 0:32.24
	Average shared text size (kbytes): 0
	Average unshared data size (kbytes): 0
	Average stack size (kbytes): 0
	Average total size (kbytes): 0
	Maximum resident set size (kbytes): 288804
	Average resident set size (kbytes): 0
	Major (requiring I/O) page faults: 0
	Minor (reclaiming a frame) page faults: 84621
	Voluntary context switches: 44001
	Involuntary context switches: 4567296
	Swaps: 0
	File system inputs: 0
	File system outputs: 496
	Socket messages sent: 0
	Socket messages received: 0
	Signals delivered: 0
	Page size (bytes): 4096
	Exit status: 1
Traceback (most recent call last):
  File "/project/lgagliardi/tuy/qchem/las-uscc-noci/working/polyene/c4_631g_gradsign.py", line 621, in <module>
    mol_results, ref_energy, las_energy = batch_test(mol_conf, nosi_tests)
  File "/project/lgagliardi/tuy/qchem/las-uscc-noci/working/polyene/c4_631g_gradsign.py", line 321, in batch_test
    result = test(mol_config, test_config, las, mol, mf)
  File "/project/lgagliardi/tuy/qchem/las-uscc-noci/working/polyene/c4_631g_gradsign.py", line 280, in test
    result['las_uscc_noci_eng'], result['las_uscc_noci_vec'], result['min_ci_eng'] = nci_test(a_idxs_selected, i_idxs_selected, g_sel, test_config, mol_config, mol,las, mc_uscc, mf)
  File "/project/lgagliardi/tuy/qchem/las-uscc-noci/working/polyene/c4_631g_gradsign.py", line 136, in nci_test
    psi.x[psi.nconstr + i] = sign * amplitude # not sure about the + - of the sign, try both
UnboundLocalError: local variable 'psi' referenced before assignment
Command exited with non-zero status 1
	Command being timed: "python c4_631g_gradsign.py 0.1"
	User time (seconds): 680.32
	System time (seconds): 10.19
	Percent of CPU this job got: 2069%
	Elapsed (wall clock) time (h:mm:ss or m:ss): 0:33.36
	Average shared text size (kbytes): 0
	Average unshared data size (kbytes): 0
	Average stack size (kbytes): 0
	Average total size (kbytes): 0
	Maximum resident set size (kbytes): 271120
	Average resident set size (kbytes): 0
	Major (requiring I/O) page faults: 0
	Minor (reclaiming a frame) page faults: 78590
	Voluntary context switches: 45462
	Involuntary context switches: 3493492
	Swaps: 0
	File system inputs: 0
	File system outputs: 560
	Socket messages sent: 0
	Socket messages received: 0
	Signals delivered: 0
	Page size (bytes): 4096
	Exit status: 1
Traceback (most recent call last):
  File "/project/lgagliardi/tuy/qchem/las-uscc-noci/working/polyene/c4_631g_gradsign.py", line 621, in <module>
    mol_results, ref_energy, las_energy = batch_test(mol_conf, nosi_tests)
  File "/project/lgagliardi/tuy/qchem/las-uscc-noci/working/polyene/c4_631g_gradsign.py", line 321, in batch_test
    result = test(mol_config, test_config, las, mol, mf)
  File "/project/lgagliardi/tuy/qchem/las-uscc-noci/working/polyene/c4_631g_gradsign.py", line 280, in test
    result['las_uscc_noci_eng'], result['las_uscc_noci_vec'], result['min_ci_eng'] = nci_test(a_idxs_selected, i_idxs_selected, g_sel, test_config, mol_config, mol,las, mc_uscc, mf)
  File "/project/lgagliardi/tuy/qchem/las-uscc-noci/working/polyene/c4_631g_gradsign.py", line 136, in nci_test
    psi.x[psi.nconstr + i] = sign * amplitude # not sure about the + - of the sign, try both
UnboundLocalError: local variable 'psi' referenced before assignment
Command exited with non-zero status 1
	Command being timed: "python c4_631g_gradsign.py 0.25"
	User time (seconds): 667.06
	System time (seconds): 10.11
	Percent of CPU this job got: 2043%
	Elapsed (wall clock) time (h:mm:ss or m:ss): 0:33.13
	Average shared text size (kbytes): 0
	Average unshared data size (kbytes): 0
	Average stack size (kbytes): 0
	Average total size (kbytes): 0
	Maximum resident set size (kbytes): 276024
	Average resident set size (kbytes): 0
	Major (requiring I/O) page faults: 0
	Minor (reclaiming a frame) page faults: 94590
	Voluntary context switches: 44192
	Involuntary context switches: 4061226
	Swaps: 0
	File system inputs: 0
	File system outputs: 536
	Socket messages sent: 0
	Socket messages received: 0
	Signals delivered: 0
	Page size (bytes): 4096
	Exit status: 1
Traceback (most recent call last):
  File "/project/lgagliardi/tuy/qchem/las-uscc-noci/working/polyene/c4_631g_gradsign.py", line 621, in <module>
    print(f"Molecule {mol_conf['name']}: ")
  File "/project/lgagliardi/tuy/qchem/las-uscc-noci/working/polyene/c4_631g_gradsign.py", line 321, in batch_test
    
  File "/project/lgagliardi/tuy/qchem/las-uscc-noci/working/polyene/c4_631g_gradsign.py", line 280, in test
    if test_config['noci_test']:
  File "/project/lgagliardi/tuy/qchem/las-uscc-noci/working/polyene/c4_631g_gradsign.py", line 136, in nci_test
    
UnboundLocalError: local variable 'psi' referenced before assignment
Command exited with non-zero status 1
	Command being timed: "python c4_631g_gradsign.py 0.5"
	User time (seconds): 668.92
	System time (seconds): 10.10
	Percent of CPU this job got: 2095%
	Elapsed (wall clock) time (h:mm:ss or m:ss): 0:32.40
	Average shared text size (kbytes): 0
	Average unshared data size (kbytes): 0
	Average stack size (kbytes): 0
	Average total size (kbytes): 0
	Maximum resident set size (kbytes): 311288
	Average resident set size (kbytes): 0
	Major (requiring I/O) page faults: 0
	Minor (reclaiming a frame) page faults: 99995
	Voluntary context switches: 44196
	Involuntary context switches: 3385300
	Swaps: 0
	File system inputs: 0
	File system outputs: 648
	Socket messages sent: 0
	Socket messages received: 0
	Signals delivered: 0
	Page size (bytes): 4096
	Exit status: 1
Traceback (most recent call last):
  File "/project/lgagliardi/tuy/qchem/las-uscc-noci/working/polyene/c4_631g_gradsign.py", line 622, in <module>
    print(f"LASSCF energy: {las_energy:.17f}")
  File "/project/lgagliardi/tuy/qchem/las-uscc-noci/working/polyene/c4_631g_gradsign.py", line 322, in batch_test
    return results, ref.e_tot, las.e_tot
  File "/project/lgagliardi/tuy/qchem/las-uscc-noci/working/polyene/c4_631g_gradsign.py", line 281, in test
    
  File "/project/lgagliardi/tuy/qchem/las-uscc-noci/working/polyene/c4_631g_gradsign.py", line 137, in nci_test
    mc_uscc_ci = mcscf.CASCI(mf, sum(mol_config['ncas']), sum(mol_config['nelecas']))
UnboundLocalError: local variable 'psi' referenced before assignment
Command exited with non-zero status 1
	Command being timed: "python c4_631g_gradsign.py 1.0"
	User time (seconds): 890.31
	System time (seconds): 10.70
	Percent of CPU this job got: 1869%
	Elapsed (wall clock) time (h:mm:ss or m:ss): 0:48.18
	Average shared text size (kbytes): 0
	Average unshared data size (kbytes): 0
	Average stack size (kbytes): 0
	Average total size (kbytes): 0
	Maximum resident set size (kbytes): 317688
	Average resident set size (kbytes): 0
	Major (requiring I/O) page faults: 0
	Minor (reclaiming a frame) page faults: 102651
	Voluntary context switches: 68690
	Involuntary context switches: 4217739
	Swaps: 0
	File system inputs: 0
	File system outputs: 648
	Socket messages sent: 0
	Socket messages received: 0
	Signals delivered: 0
	Page size (bytes): 4096
	Exit status: 1
	Command being timed: "python c4_631g_gradsign.py 2.0"
	User time (seconds): 273459.63
	System time (seconds): 4192.59
	Percent of CPU this job got: 2190%
	Elapsed (wall clock) time (h:mm:ss or m:ss): 3:31:12
	Average shared text size (kbytes): 0
	Average unshared data size (kbytes): 0
	Average stack size (kbytes): 0
	Average total size (kbytes): 0
	Maximum resident set size (kbytes): 278576
	Average resident set size (kbytes): 0
	Major (requiring I/O) page faults: 0
	Minor (reclaiming a frame) page faults: 1370125
	Voluntary context switches: 17262386
	Involuntary context switches: 1190979291
	Swaps: 0
	File system inputs: 0
	File system outputs: 704
	Socket messages sent: 0
	Socket messages received: 0
	Signals delivered: 0
	Page size (bytes): 4096
	Exit status: 0
