	Command being timed: "python c6_631g.py 0.01"
	User time (seconds): 98140.63
	System time (seconds): 1334.36
	Percent of CPU this job got: 2021%
	Elapsed (wall clock) time (h:mm:ss or m:ss): 1:22:01
	Average shared text size (kbytes): 0
	Average unshared data size (kbytes): 0
	Average stack size (kbytes): 0
	Average total size (kbytes): 0
	Maximum resident set size (kbytes): 268964
	Average resident set size (kbytes): 0
	Major (requiring I/O) page faults: 0
	Minor (reclaiming a frame) page faults: 628740
	Voluntary context switches: 6702817
	Involuntary context switches: 328796038
	Swaps: 0
	File system inputs: 0
	File system outputs: 520
	Socket messages sent: 0
	Socket messages received: 0
	Signals delivered: 0
	Page size (bytes): 4096
	Exit status: 0
	Command being timed: "python c6_631g.py 0.05"
	User time (seconds): 162467.76
	System time (seconds): 2424.03
	Percent of CPU this job got: 2146%
	Elapsed (wall clock) time (h:mm:ss or m:ss): 2:08:03
	Average shared text size (kbytes): 0
	Average unshared data size (kbytes): 0
	Average stack size (kbytes): 0
	Average total size (kbytes): 0
	Maximum resident set size (kbytes): 320072
	Average resident set size (kbytes): 0
	Major (requiring I/O) page faults: 0
	Minor (reclaiming a frame) page faults: 1088392
	Voluntary context switches: 10110540
	Involuntary context switches: 463542976
	Swaps: 0
	File system inputs: 0
	File system outputs: 520
	Socket messages sent: 0
	Socket messages received: 0
	Signals delivered: 0
	Page size (bytes): 4096
	Exit status: 0
	Command being timed: "python c6_631g.py 0.1"
	User time (seconds): 210652.76
	System time (seconds): 3107.51
	Percent of CPU this job got: 2121%
	Elapsed (wall clock) time (h:mm:ss or m:ss): 2:47:54
	Average shared text size (kbytes): 0
	Average unshared data size (kbytes): 0
	Average stack size (kbytes): 0
	Average total size (kbytes): 0
	Maximum resident set size (kbytes): 317464
	Average resident set size (kbytes): 0
	Major (requiring I/O) page faults: 0
	Minor (reclaiming a frame) page faults: 1596321
	Voluntary context switches: 13424225
	Involuntary context switches: 613980029
	Swaps: 0
	File system inputs: 0
	File system outputs: 560
	Socket messages sent: 0
	Socket messages received: 0
	Signals delivered: 0
	Page size (bytes): 4096
	Exit status: 0
	Command being timed: "python c6_631g.py 0.25"
	User time (seconds): 348419.69
	System time (seconds): 5317.57
	Percent of CPU this job got: 2161%
	Elapsed (wall clock) time (h:mm:ss or m:ss): 4:32:44
	Average shared text size (kbytes): 0
	Average unshared data size (kbytes): 0
	Average stack size (kbytes): 0
	Average total size (kbytes): 0
	Maximum resident set size (kbytes): 314648
	Average resident set size (kbytes): 0
	Major (requiring I/O) page faults: 0
	Minor (reclaiming a frame) page faults: 1849250
	Voluntary context switches: 21420383
	Involuntary context switches: 758985203
	Swaps: 0
	File system inputs: 0
	File system outputs: 496
	Socket messages sent: 0
	Socket messages received: 0
	Signals delivered: 0
	Page size (bytes): 4096
	Exit status: 0
	Command being timed: "python c6_631g.py 0.5"
	User time (seconds): 299097.80
	System time (seconds): 4251.67
	Percent of CPU this job got: 2068%
	Elapsed (wall clock) time (h:mm:ss or m:ss): 4:04:22
	Average shared text size (kbytes): 0
	Average unshared data size (kbytes): 0
	Average stack size (kbytes): 0
	Average total size (kbytes): 0
	Maximum resident set size (kbytes): 315184
	Average resident set size (kbytes): 0
	Major (requiring I/O) page faults: 0
	Minor (reclaiming a frame) page faults: 1605043
	Voluntary context switches: 18822963
	Involuntary context switches: 795286908
	Swaps: 0
	File system inputs: 0
	File system outputs: 520
	Socket messages sent: 0
	Socket messages received: 0
	Signals delivered: 0
	Page size (bytes): 4096
	Exit status: 0
	Command being timed: "python c6_631g.py 1.0"
	User time (seconds): 393727.53
	System time (seconds): 5469.59
	Percent of CPU this job got: 2061%
	Elapsed (wall clock) time (h:mm:ss or m:ss): 5:22:45
	Average shared text size (kbytes): 0
	Average unshared data size (kbytes): 0
	Average stack size (kbytes): 0
	Average total size (kbytes): 0
	Maximum resident set size (kbytes): 270484
	Average resident set size (kbytes): 0
	Major (requiring I/O) page faults: 0
	Minor (reclaiming a frame) page faults: 1320901
	Voluntary context switches: 25114881
	Involuntary context switches: 956778204
	Swaps: 0
	File system inputs: 0
	File system outputs: 496
	Socket messages sent: 0
	Socket messages received: 0
	Signals delivered: 0
	Page size (bytes): 4096
	Exit status: 0
	Command being timed: "python c6_631g.py 2.0"
	User time (seconds): 386513.51
	System time (seconds): 5549.45
	Percent of CPU this job got: 2062%
	Elapsed (wall clock) time (h:mm:ss or m:ss): 5:16:49
	Average shared text size (kbytes): 0
	Average unshared data size (kbytes): 0
	Average stack size (kbytes): 0
	Average total size (kbytes): 0
	Maximum resident set size (kbytes): 281276
	Average resident set size (kbytes): 0
	Major (requiring I/O) page faults: 0
	Minor (reclaiming a frame) page faults: 1431839
	Voluntary context switches: 24658541
	Involuntary context switches: 973034368
	Swaps: 0
	File system inputs: 0
	File system outputs: 680
	Socket messages sent: 0
	Socket messages received: 0
	Signals delivered: 0
	Page size (bytes): 4096
	Exit status: 0
