Traceback (most recent call last):
  File "/project/lgagliardi/tuy/qchem/las-uscc-noci/working/polyene/c4_631g_gradsign.py", line 620, in <module>
    mol_results, ref_energy, las_energy = batch_test(mol_conf, nosi_tests)
  File "/project/lgagliardi/tuy/qchem/las-uscc-noci/working/polyene/c4_631g_gradsign.py", line 320, in batch_test
    result = test(mol_config, test_config, las, mol, mf)
  File "/project/lgagliardi/tuy/qchem/las-uscc-noci/working/polyene/c4_631g_gradsign.py", line 279, in test
    result['las_uscc_noci_eng'], result['las_uscc_noci_vec'], result['min_ci_eng'] = nci_test(a_idxs_selected, i_idxs_selected, g_sel, test_config, mol_config, mol,las, mc_uscc, mf)
  File "/project/lgagliardi/tuy/qchem/las-uscc-noci/working/polyene/c4_631g_gradsign.py", line 135, in nci_test
    psi.x[psi.nconstr + i] = sign * amplitude # not sure about the + - of the sign, try both
UnboundLocalError: local variable 'amplitude' referenced before assignment
Command exited with non-zero status 1
	Command being timed: "python c4_631g_gradsign.py 0.01"
	User time (seconds): 802.48
	System time (seconds): 10.70
	Percent of CPU this job got: 1873%
	Elapsed (wall clock) time (h:mm:ss or m:ss): 0:43.41
	Average shared text size (kbytes): 0
	Average unshared data size (kbytes): 0
	Average stack size (kbytes): 0
	Average total size (kbytes): 0
	Maximum resident set size (kbytes): 280868
	Average resident set size (kbytes): 0
	Major (requiring I/O) page faults: 0
	Minor (reclaiming a frame) page faults: 106944
	Voluntary context switches: 56253
	Involuntary context switches: 4306439
	Swaps: 0
	File system inputs: 0
	File system outputs: 568
	Socket messages sent: 0
	Socket messages received: 0
	Signals delivered: 0
	Page size (bytes): 4096
	Exit status: 1
Traceback (most recent call last):
  File "/project/lgagliardi/tuy/qchem/las-uscc-noci/working/polyene/c4_631g_gradsign.py", line 620, in <module>
    mol_results, ref_energy, las_energy = batch_test(mol_conf, nosi_tests)
  File "/project/lgagliardi/tuy/qchem/las-uscc-noci/working/polyene/c4_631g_gradsign.py", line 320, in batch_test
    result = test(mol_config, test_config, las, mol, mf)
  File "/project/lgagliardi/tuy/qchem/las-uscc-noci/working/polyene/c4_631g_gradsign.py", line 279, in test
    result['las_uscc_noci_eng'], result['las_uscc_noci_vec'], result['min_ci_eng'] = nci_test(a_idxs_selected, i_idxs_selected, g_sel, test_config, mol_config, mol,las, mc_uscc, mf)
  File "/project/lgagliardi/tuy/qchem/las-uscc-noci/working/polyene/c4_631g_gradsign.py", line 135, in nci_test
    psi.x[psi.nconstr + i] = sign * amplitude # not sure about the + - of the sign, try both
UnboundLocalError: local variable 'amplitude' referenced before assignment
Command exited with non-zero status 1
	Command being timed: "python c4_631g_gradsign.py 0.05"
	User time (seconds): 916.37
	System time (seconds): 11.22
	Percent of CPU this job got: 1779%
	Elapsed (wall clock) time (h:mm:ss or m:ss): 0:52.12
	Average shared text size (kbytes): 0
	Average unshared data size (kbytes): 0
	Average stack size (kbytes): 0
	Average total size (kbytes): 0
	Maximum resident set size (kbytes): 331204
	Average resident set size (kbytes): 0
	Major (requiring I/O) page faults: 0
	Minor (reclaiming a frame) page faults: 112594
	Voluntary context switches: 70615
	Involuntary context switches: 5000307
	Swaps: 0
	File system inputs: 0
	File system outputs: 576
	Socket messages sent: 0
	Socket messages received: 0
	Signals delivered: 0
	Page size (bytes): 4096
	Exit status: 1
Traceback (most recent call last):
  File "/project/lgagliardi/tuy/qchem/las-uscc-noci/working/polyene/c4_631g_gradsign.py", line 620, in <module>
    mol_results, ref_energy, las_energy = batch_test(mol_conf, nosi_tests)
  File "/project/lgagliardi/tuy/qchem/las-uscc-noci/working/polyene/c4_631g_gradsign.py", line 320, in batch_test
    result = test(mol_config, test_config, las, mol, mf)
  File "/project/lgagliardi/tuy/qchem/las-uscc-noci/working/polyene/c4_631g_gradsign.py", line 279, in test
    result['las_uscc_noci_eng'], result['las_uscc_noci_vec'], result['min_ci_eng'] = nci_test(a_idxs_selected, i_idxs_selected, g_sel, test_config, mol_config, mol,las, mc_uscc, mf)
  File "/project/lgagliardi/tuy/qchem/las-uscc-noci/working/polyene/c4_631g_gradsign.py", line 135, in nci_test
    psi.x[psi.nconstr + i] = sign * amplitude # not sure about the + - of the sign, try both
UnboundLocalError: local variable 'amplitude' referenced before assignment
Command exited with non-zero status 1
	Command being timed: "python c4_631g_gradsign.py 0.1"
	User time (seconds): 877.70
	System time (seconds): 10.38
	Percent of CPU this job got: 1813%
	Elapsed (wall clock) time (h:mm:ss or m:ss): 0:48.95
	Average shared text size (kbytes): 0
	Average unshared data size (kbytes): 0
	Average stack size (kbytes): 0
	Average total size (kbytes): 0
	Maximum resident set size (kbytes): 308352
	Average resident set size (kbytes): 0
	Major (requiring I/O) page faults: 0
	Minor (reclaiming a frame) page faults: 87623
	Voluntary context switches: 64898
	Involuntary context switches: 3551518
	Swaps: 0
	File system inputs: 0
	File system outputs: 552
	Socket messages sent: 0
	Socket messages received: 0
	Signals delivered: 0
	Page size (bytes): 4096
	Exit status: 1
Traceback (most recent call last):
  File "/project/lgagliardi/tuy/qchem/las-uscc-noci/working/polyene/c4_631g_gradsign.py", line 620, in <module>
    mol_results, ref_energy, las_energy = batch_test(mol_conf, nosi_tests)
  File "/project/lgagliardi/tuy/qchem/las-uscc-noci/working/polyene/c4_631g_gradsign.py", line 320, in batch_test
    result = test(mol_config, test_config, las, mol, mf)
  File "/project/lgagliardi/tuy/qchem/las-uscc-noci/working/polyene/c4_631g_gradsign.py", line 279, in test
    result['las_uscc_noci_eng'], result['las_uscc_noci_vec'], result['min_ci_eng'] = nci_test(a_idxs_selected, i_idxs_selected, g_sel, test_config, mol_config, mol,las, mc_uscc, mf)
  File "/project/lgagliardi/tuy/qchem/las-uscc-noci/working/polyene/c4_631g_gradsign.py", line 135, in nci_test
    psi.x[psi.nconstr + i] = sign * amplitude # not sure about the + - of the sign, try both
UnboundLocalError: local variable 'amplitude' referenced before assignment
Command exited with non-zero status 1
	Command being timed: "python c4_631g_gradsign.py 0.25"
	User time (seconds): 647.37
	System time (seconds): 10.03
	Percent of CPU this job got: 2027%
	Elapsed (wall clock) time (h:mm:ss or m:ss): 0:32.43
	Average shared text size (kbytes): 0
	Average unshared data size (kbytes): 0
	Average stack size (kbytes): 0
	Average total size (kbytes): 0
	Maximum resident set size (kbytes): 280272
	Average resident set size (kbytes): 0
	Major (requiring I/O) page faults: 0
	Minor (reclaiming a frame) page faults: 89838
	Voluntary context switches: 41373
	Involuntary context switches: 4835628
	Swaps: 0
	File system inputs: 0
	File system outputs: 376
	Socket messages sent: 0
	Socket messages received: 0
	Signals delivered: 0
	Page size (bytes): 4096
	Exit status: 1
Traceback (most recent call last):
  File "/project/lgagliardi/tuy/qchem/las-uscc-noci/working/polyene/c4_631g_gradsign.py", line 620, in <module>
    mol_results, ref_energy, las_energy = batch_test(mol_conf, nosi_tests)
  File "/project/lgagliardi/tuy/qchem/las-uscc-noci/working/polyene/c4_631g_gradsign.py", line 320, in batch_test
    result = test(mol_config, test_config, las, mol, mf)
  File "/project/lgagliardi/tuy/qchem/las-uscc-noci/working/polyene/c4_631g_gradsign.py", line 279, in test
    result['las_uscc_noci_eng'], result['las_uscc_noci_vec'], result['min_ci_eng'] = nci_test(a_idxs_selected, i_idxs_selected, g_sel, test_config, mol_config, mol,las, mc_uscc, mf)
  File "/project/lgagliardi/tuy/qchem/las-uscc-noci/working/polyene/c4_631g_gradsign.py", line 135, in nci_test
    psi.x[psi.nconstr + i] = sign * amplitude # not sure about the + - of the sign, try both
UnboundLocalError: local variable 'amplitude' referenced before assignment
Command exited with non-zero status 1
	Command being timed: "python c4_631g_gradsign.py 0.5"
	User time (seconds): 730.76
	System time (seconds): 10.24
	Percent of CPU this job got: 1951%
	Elapsed (wall clock) time (h:mm:ss or m:ss): 0:37.97
	Average shared text size (kbytes): 0
	Average unshared data size (kbytes): 0
	Average stack size (kbytes): 0
	Average total size (kbytes): 0
	Maximum resident set size (kbytes): 261936
	Average resident set size (kbytes): 0
	Major (requiring I/O) page faults: 0
	Minor (reclaiming a frame) page faults: 80535
	Voluntary context switches: 51305
	Involuntary context switches: 6623479
	Swaps: 0
	File system inputs: 0
	File system outputs: 376
	Socket messages sent: 0
	Socket messages received: 0
	Signals delivered: 0
	Page size (bytes): 4096
	Exit status: 1
Traceback (most recent call last):
  File "/project/lgagliardi/tuy/qchem/las-uscc-noci/working/polyene/c4_631g_gradsign.py", line 620, in <module>
    mol_results, ref_energy, las_energy = batch_test(mol_conf, nosi_tests)
  File "/project/lgagliardi/tuy/qchem/las-uscc-noci/working/polyene/c4_631g_gradsign.py", line 320, in batch_test
    result = test(mol_config, test_config, las, mol, mf)
  File "/project/lgagliardi/tuy/qchem/las-uscc-noci/working/polyene/c4_631g_gradsign.py", line 279, in test
    result['las_uscc_noci_eng'], result['las_uscc_noci_vec'], result['min_ci_eng'] = nci_test(a_idxs_selected, i_idxs_selected, g_sel, test_config, mol_config, mol,las, mc_uscc, mf)
  File "/project/lgagliardi/tuy/qchem/las-uscc-noci/working/polyene/c4_631g_gradsign.py", line 135, in nci_test
    psi.x[psi.nconstr + i] = sign * amplitude # not sure about the + - of the sign, try both
UnboundLocalError: local variable 'amplitude' referenced before assignment
Command exited with non-zero status 1
	Command being timed: "python c4_631g_gradsign.py 1.0"
	User time (seconds): 818.58
	System time (seconds): 10.55
	Percent of CPU this job got: 1877%
	Elapsed (wall clock) time (h:mm:ss or m:ss): 0:44.15
	Average shared text size (kbytes): 0
	Average unshared data size (kbytes): 0
	Average stack size (kbytes): 0
	Average total size (kbytes): 0
	Maximum resident set size (kbytes): 321348
	Average resident set size (kbytes): 0
	Major (requiring I/O) page faults: 0
	Minor (reclaiming a frame) page faults: 102527
	Voluntary context switches: 58257
	Involuntary context switches: 4200199
	Swaps: 0
	File system inputs: 0
	File system outputs: 576
	Socket messages sent: 0
	Socket messages received: 0
	Signals delivered: 0
	Page size (bytes): 4096
	Exit status: 1
Traceback (most recent call last):
  File "/project/lgagliardi/tuy/qchem/las-uscc-noci/working/polyene/c4_631g_gradsign.py", line 620, in <module>
    mol_results, ref_energy, las_energy = batch_test(mol_conf, nosi_tests)
  File "/project/lgagliardi/tuy/qchem/las-uscc-noci/working/polyene/c4_631g_gradsign.py", line 320, in batch_test
    result = test(mol_config, test_config, las, mol, mf)
  File "/project/lgagliardi/tuy/qchem/las-uscc-noci/working/polyene/c4_631g_gradsign.py", line 279, in test
    result['las_uscc_noci_eng'], result['las_uscc_noci_vec'], result['min_ci_eng'] = nci_test(a_idxs_selected, i_idxs_selected, g_sel, test_config, mol_config, mol,las, mc_uscc, mf)
  File "/project/lgagliardi/tuy/qchem/las-uscc-noci/working/polyene/c4_631g_gradsign.py", line 135, in nci_test
    psi.x[psi.nconstr + i] = sign * amplitude # not sure about the + - of the sign, try both
UnboundLocalError: local variable 'amplitude' referenced before assignment
Command exited with non-zero status 1
	Command being timed: "python c4_631g_gradsign.py 2.0"
	User time (seconds): 735.32
	System time (seconds): 10.34
	Percent of CPU this job got: 1994%
	Elapsed (wall clock) time (h:mm:ss or m:ss): 0:37.38
	Average shared text size (kbytes): 0
	Average unshared data size (kbytes): 0
	Average stack size (kbytes): 0
	Average total size (kbytes): 0
	Maximum resident set size (kbytes): 342120
	Average resident set size (kbytes): 0
	Major (requiring I/O) page faults: 0
	Minor (reclaiming a frame) page faults: 104497
	Voluntary context switches: 47831
	Involuntary context switches: 4266755
	Swaps: 0
	File system inputs: 0
	File system outputs: 376
	Socket messages sent: 0
	Socket messages received: 0
	Signals delivered: 0
	Page size (bytes): 4096
	Exit status: 1
