	Command being timed: "python c4_631g.py -0.01"
	User time (seconds): 9263.95
	System time (seconds): 134.23
	Percent of CPU this job got: 2094%
	Elapsed (wall clock) time (h:mm:ss or m:ss): 7:28.81
	Average shared text size (kbytes): 0
	Average unshared data size (kbytes): 0
	Average stack size (kbytes): 0
	Average total size (kbytes): 0
	Maximum resident set size (kbytes): 246724
	Average resident set size (kbytes): 0
	Major (requiring I/O) page faults: 0
	Minor (reclaiming a frame) page faults: 181020
	Voluntary context switches: 612505
	Involuntary context switches: 94431761
	Swaps: 0
	File system inputs: 0
	File system outputs: 256
	Socket messages sent: 0
	Socket messages received: 0
	Signals delivered: 0
	Page size (bytes): 4096
	Exit status: 0
	Command being timed: "python c4_631g.py -0.05"
	User time (seconds): 12095.94
	System time (seconds): 179.93
	Percent of CPU this job got: 2117%
	Elapsed (wall clock) time (h:mm:ss or m:ss): 9:39.69
	Average shared text size (kbytes): 0
	Average unshared data size (kbytes): 0
	Average stack size (kbytes): 0
	Average total size (kbytes): 0
	Maximum resident set size (kbytes): 236548
	Average resident set size (kbytes): 0
	Major (requiring I/O) page faults: 0
	Minor (reclaiming a frame) page faults: 195736
	Voluntary context switches: 808913
	Involuntary context switches: 134462598
	Swaps: 0
	File system inputs: 0
	File system outputs: 256
	Socket messages sent: 0
	Socket messages received: 0
	Signals delivered: 0
	Page size (bytes): 4096
	Exit status: 0
	Command being timed: "python c4_631g.py -0.1"
	User time (seconds): 11974.90
	System time (seconds): 175.81
	Percent of CPU this job got: 2116%
	Elapsed (wall clock) time (h:mm:ss or m:ss): 9:34.07
	Average shared text size (kbytes): 0
	Average unshared data size (kbytes): 0
	Average stack size (kbytes): 0
	Average total size (kbytes): 0
	Maximum resident set size (kbytes): 198324
	Average resident set size (kbytes): 0
	Major (requiring I/O) page faults: 0
	Minor (reclaiming a frame) page faults: 195385
	Voluntary context switches: 791221
	Involuntary context switches: 129932165
	Swaps: 0
	File system inputs: 0
	File system outputs: 256
	Socket messages sent: 0
	Socket messages received: 0
	Signals delivered: 0
	Page size (bytes): 4096
	Exit status: 0
	Command being timed: "python c4_631g.py -0.25"
	User time (seconds): 12961.39
	System time (seconds): 189.42
	Percent of CPU this job got: 2122%
	Elapsed (wall clock) time (h:mm:ss or m:ss): 10:19.67
	Average shared text size (kbytes): 0
	Average unshared data size (kbytes): 0
	Average stack size (kbytes): 0
	Average total size (kbytes): 0
	Maximum resident set size (kbytes): 234376
	Average resident set size (kbytes): 0
	Major (requiring I/O) page faults: 0
	Minor (reclaiming a frame) page faults: 182888
	Voluntary context switches: 860538
	Involuntary context switches: 136656366
	Swaps: 0
	File system inputs: 0
	File system outputs: 256
	Socket messages sent: 0
	Socket messages received: 0
	Signals delivered: 0
	Page size (bytes): 4096
	Exit status: 0
  File "/project/lgagliardi/tuy/qchem/las-uscc-noci/working/polyene/c4_631g.py", line 636
    if ''
         ^
SyntaxError: invalid syntax
Command exited with non-zero status 1
	Command being timed: "python c4_631g.py -0.5"
	User time (seconds): 0.03
	System time (seconds): 0.00
	Percent of CPU this job got: 80%
	Elapsed (wall clock) time (h:mm:ss or m:ss): 0:00.05
	Average shared text size (kbytes): 0
	Average unshared data size (kbytes): 0
	Average stack size (kbytes): 0
	Average total size (kbytes): 0
	Maximum resident set size (kbytes): 17108
	Average resident set size (kbytes): 0
	Major (requiring I/O) page faults: 0
	Minor (reclaiming a frame) page faults: 1800
	Voluntary context switches: 71
	Involuntary context switches: 1
	Swaps: 0
	File system inputs: 0
	File system outputs: 0
	Socket messages sent: 0
	Socket messages received: 0
	Signals delivered: 0
	Page size (bytes): 4096
	Exit status: 1
  File "/project/lgagliardi/tuy/qchem/las-uscc-noci/working/polyene/c4_631g.py", line 636
    if ''
         ^
SyntaxError: invalid syntax
Command exited with non-zero status 1
	Command being timed: "python c4_631g.py -1.0"
	User time (seconds): 0.02
	System time (seconds): 0.00
	Percent of CPU this job got: 93%
	Elapsed (wall clock) time (h:mm:ss or m:ss): 0:00.02
	Average shared text size (kbytes): 0
	Average unshared data size (kbytes): 0
	Average stack size (kbytes): 0
	Average total size (kbytes): 0
	Maximum resident set size (kbytes): 17184
	Average resident set size (kbytes): 0
	Major (requiring I/O) page faults: 0
	Minor (reclaiming a frame) page faults: 1797
	Voluntary context switches: 62
	Involuntary context switches: 1
	Swaps: 0
	File system inputs: 0
	File system outputs: 0
	Socket messages sent: 0
	Socket messages received: 0
	Signals delivered: 0
	Page size (bytes): 4096
	Exit status: 1
  File "/project/lgagliardi/tuy/qchem/las-uscc-noci/working/polyene/c4_631g.py", line 636
    if ''
         ^
SyntaxError: invalid syntax
Command exited with non-zero status 1
	Command being timed: "python c4_631g.py -2.0"
	User time (seconds): 0.02
	System time (seconds): 0.00
	Percent of CPU this job got: 96%
	Elapsed (wall clock) time (h:mm:ss or m:ss): 0:00.02
	Average shared text size (kbytes): 0
	Average unshared data size (kbytes): 0
	Average stack size (kbytes): 0
	Average total size (kbytes): 0
	Maximum resident set size (kbytes): 12168
	Average resident set size (kbytes): 0
	Major (requiring I/O) page faults: 0
	Minor (reclaiming a frame) page faults: 2061
	Voluntary context switches: 62
	Involuntary context switches: 1
	Swaps: 0
	File system inputs: 0
	File system outputs: 0
	Socket messages sent: 0
	Socket messages received: 0
	Signals delivered: 0
	Page size (bytes): 4096
	Exit status: 1
