Traceback (most recent call last):
  File "/project/lgagliardi/tuy/qchem/las-uscc-noci/working/polyene/c6_631g_gradsign.py", line 620, in <module>
    mol_results, ref_energy, las_energy = batch_test(mol_conf, nosi_tests)
  File "/project/lgagliardi/tuy/qchem/las-uscc-noci/working/polyene/c6_631g_gradsign.py", line 320, in batch_test
    result = test(mol_config, test_config, las, mol, mf)
  File "/project/lgagliardi/tuy/qchem/las-uscc-noci/working/polyene/c6_631g_gradsign.py", line 279, in test
    result['las_uscc_noci_eng'], result['las_uscc_noci_vec'], result['min_ci_eng'] = nci_test(a_idxs_selected, i_idxs_selected, g_sel, test_config, mol_config, mol,las, mc_uscc, mf)
  File "/project/lgagliardi/tuy/qchem/las-uscc-noci/working/polyene/c6_631g_gradsign.py", line 135, in nci_test
    psi.x[psi.nconstr + i] = sign * amplitude # not sure about the + - of the sign, try both
UnboundLocalError: local variable 'amplitude' referenced before assignment
Command exited with non-zero status 1
	Command being timed: "python c6_631g_gradsign.py 0.01"
	User time (seconds): 705.70
	System time (seconds): 11.86
	Percent of CPU this job got: 1571%
	Elapsed (wall clock) time (h:mm:ss or m:ss): 0:45.64
	Average shared text size (kbytes): 0
	Average unshared data size (kbytes): 0
	Average stack size (kbytes): 0
	Average total size (kbytes): 0
	Maximum resident set size (kbytes): 320296
	Average resident set size (kbytes): 0
	Major (requiring I/O) page faults: 0
	Minor (reclaiming a frame) page faults: 101426
	Voluntary context switches: 45332
	Involuntary context switches: 4473397
	Swaps: 0
	File system inputs: 0
	File system outputs: 984
	Socket messages sent: 0
	Socket messages received: 0
	Signals delivered: 0
	Page size (bytes): 4096
	Exit status: 1
Traceback (most recent call last):
  File "/project/lgagliardi/tuy/qchem/las-uscc-noci/working/polyene/c6_631g_gradsign.py", line 620, in <module>
    mol_results, ref_energy, las_energy = batch_test(mol_conf, nosi_tests)
  File "/project/lgagliardi/tuy/qchem/las-uscc-noci/working/polyene/c6_631g_gradsign.py", line 320, in batch_test
    result = test(mol_config, test_config, las, mol, mf)
  File "/project/lgagliardi/tuy/qchem/las-uscc-noci/working/polyene/c6_631g_gradsign.py", line 279, in test
    result['las_uscc_noci_eng'], result['las_uscc_noci_vec'], result['min_ci_eng'] = nci_test(a_idxs_selected, i_idxs_selected, g_sel, test_config, mol_config, mol,las, mc_uscc, mf)
  File "/project/lgagliardi/tuy/qchem/las-uscc-noci/working/polyene/c6_631g_gradsign.py", line 135, in nci_test
    psi.x[psi.nconstr + i] = sign * amplitude # not sure about the + - of the sign, try both
UnboundLocalError: local variable 'amplitude' referenced before assignment
Command exited with non-zero status 1
	Command being timed: "python c6_631g_gradsign.py 0.05"
	User time (seconds): 728.71
	System time (seconds): 12.02
	Percent of CPU this job got: 1964%
	Elapsed (wall clock) time (h:mm:ss or m:ss): 0:37.70
	Average shared text size (kbytes): 0
	Average unshared data size (kbytes): 0
	Average stack size (kbytes): 0
	Average total size (kbytes): 0
	Maximum resident set size (kbytes): 279056
	Average resident set size (kbytes): 0
	Major (requiring I/O) page faults: 0
	Minor (reclaiming a frame) page faults: 91493
	Voluntary context switches: 45670
	Involuntary context switches: 4514819
	Swaps: 0
	File system inputs: 0
	File system outputs: 1144
	Socket messages sent: 0
	Socket messages received: 0
	Signals delivered: 0
	Page size (bytes): 4096
	Exit status: 1
Traceback (most recent call last):
  File "/project/lgagliardi/tuy/qchem/las-uscc-noci/working/polyene/c6_631g_gradsign.py", line 620, in <module>
    mol_results, ref_energy, las_energy = batch_test(mol_conf, nosi_tests)
  File "/project/lgagliardi/tuy/qchem/las-uscc-noci/working/polyene/c6_631g_gradsign.py", line 320, in batch_test
    result = test(mol_config, test_config, las, mol, mf)
  File "/project/lgagliardi/tuy/qchem/las-uscc-noci/working/polyene/c6_631g_gradsign.py", line 279, in test
    result['las_uscc_noci_eng'], result['las_uscc_noci_vec'], result['min_ci_eng'] = nci_test(a_idxs_selected, i_idxs_selected, g_sel, test_config, mol_config, mol,las, mc_uscc, mf)
  File "/project/lgagliardi/tuy/qchem/las-uscc-noci/working/polyene/c6_631g_gradsign.py", line 135, in nci_test
    psi.x[psi.nconstr + i] = sign * amplitude # not sure about the + - of the sign, try both
UnboundLocalError: local variable 'amplitude' referenced before assignment
Command exited with non-zero status 1
	Command being timed: "python c6_631g_gradsign.py 0.1"
	User time (seconds): 696.22
	System time (seconds): 10.91
	Percent of CPU this job got: 2049%
	Elapsed (wall clock) time (h:mm:ss or m:ss): 0:34.50
	Average shared text size (kbytes): 0
	Average unshared data size (kbytes): 0
	Average stack size (kbytes): 0
	Average total size (kbytes): 0
	Maximum resident set size (kbytes): 312276
	Average resident set size (kbytes): 0
	Major (requiring I/O) page faults: 0
	Minor (reclaiming a frame) page faults: 97607
	Voluntary context switches: 43780
	Involuntary context switches: 4433739
	Swaps: 0
	File system inputs: 0
	File system outputs: 1008
	Socket messages sent: 0
	Socket messages received: 0
	Signals delivered: 0
	Page size (bytes): 4096
	Exit status: 1
Traceback (most recent call last):
  File "/project/lgagliardi/tuy/qchem/las-uscc-noci/working/polyene/c6_631g_gradsign.py", line 620, in <module>
    mol_results, ref_energy, las_energy = batch_test(mol_conf, nosi_tests)
  File "/project/lgagliardi/tuy/qchem/las-uscc-noci/working/polyene/c6_631g_gradsign.py", line 320, in batch_test
    result = test(mol_config, test_config, las, mol, mf)
  File "/project/lgagliardi/tuy/qchem/las-uscc-noci/working/polyene/c6_631g_gradsign.py", line 279, in test
    result['las_uscc_noci_eng'], result['las_uscc_noci_vec'], result['min_ci_eng'] = nci_test(a_idxs_selected, i_idxs_selected, g_sel, test_config, mol_config, mol,las, mc_uscc, mf)
  File "/project/lgagliardi/tuy/qchem/las-uscc-noci/working/polyene/c6_631g_gradsign.py", line 135, in nci_test
    psi.x[psi.nconstr + i] = sign * amplitude # not sure about the + - of the sign, try both
UnboundLocalError: local variable 'amplitude' referenced before assignment
Command exited with non-zero status 1
	Command being timed: "python c6_631g_gradsign.py 0.25"
	User time (seconds): 713.31
	System time (seconds): 11.45
	Percent of CPU this job got: 2010%
	Elapsed (wall clock) time (h:mm:ss or m:ss): 0:36.05
	Average shared text size (kbytes): 0
	Average unshared data size (kbytes): 0
	Average stack size (kbytes): 0
	Average total size (kbytes): 0
	Maximum resident set size (kbytes): 279400
	Average resident set size (kbytes): 0
	Major (requiring I/O) page faults: 0
	Minor (reclaiming a frame) page faults: 97364
	Voluntary context switches: 45057
	Involuntary context switches: 4643165
	Swaps: 0
	File system inputs: 0
	File system outputs: 1008
	Socket messages sent: 0
	Socket messages received: 0
	Signals delivered: 0
	Page size (bytes): 4096
	Exit status: 1
Traceback (most recent call last):
  File "/project/lgagliardi/tuy/qchem/las-uscc-noci/working/polyene/c6_631g_gradsign.py", line 620, in <module>
    mol_results, ref_energy, las_energy = batch_test(mol_conf, nosi_tests)
  File "/project/lgagliardi/tuy/qchem/las-uscc-noci/working/polyene/c6_631g_gradsign.py", line 320, in batch_test
    result = test(mol_config, test_config, las, mol, mf)
  File "/project/lgagliardi/tuy/qchem/las-uscc-noci/working/polyene/c6_631g_gradsign.py", line 279, in test
    result['las_uscc_noci_eng'], result['las_uscc_noci_vec'], result['min_ci_eng'] = nci_test(a_idxs_selected, i_idxs_selected, g_sel, test_config, mol_config, mol,las, mc_uscc, mf)
  File "/project/lgagliardi/tuy/qchem/las-uscc-noci/working/polyene/c6_631g_gradsign.py", line 135, in nci_test
    psi.x[psi.nconstr + i] = sign * amplitude # not sure about the + - of the sign, try both
UnboundLocalError: local variable 'amplitude' referenced before assignment
Command exited with non-zero status 1
	Command being timed: "python c6_631g_gradsign.py 0.5"
	User time (seconds): 706.74
	System time (seconds): 11.98
	Percent of CPU this job got: 2017%
	Elapsed (wall clock) time (h:mm:ss or m:ss): 0:35.62
	Average shared text size (kbytes): 0
	Average unshared data size (kbytes): 0
	Average stack size (kbytes): 0
	Average total size (kbytes): 0
	Maximum resident set size (kbytes): 272148
	Average resident set size (kbytes): 0
	Major (requiring I/O) page faults: 0
	Minor (reclaiming a frame) page faults: 90616
	Voluntary context switches: 42596
	Involuntary context switches: 4928122
	Swaps: 0
	File system inputs: 0
	File system outputs: 984
	Socket messages sent: 0
	Socket messages received: 0
	Signals delivered: 0
	Page size (bytes): 4096
	Exit status: 1
Traceback (most recent call last):
  File "/project/lgagliardi/tuy/qchem/las-uscc-noci/working/polyene/c6_631g_gradsign.py", line 620, in <module>
    mol_results, ref_energy, las_energy = batch_test(mol_conf, nosi_tests)
  File "/project/lgagliardi/tuy/qchem/las-uscc-noci/working/polyene/c6_631g_gradsign.py", line 320, in batch_test
    result = test(mol_config, test_config, las, mol, mf)
  File "/project/lgagliardi/tuy/qchem/las-uscc-noci/working/polyene/c6_631g_gradsign.py", line 279, in test
    result['las_uscc_noci_eng'], result['las_uscc_noci_vec'], result['min_ci_eng'] = nci_test(a_idxs_selected, i_idxs_selected, g_sel, test_config, mol_config, mol,las, mc_uscc, mf)
  File "/project/lgagliardi/tuy/qchem/las-uscc-noci/working/polyene/c6_631g_gradsign.py", line 135, in nci_test
    psi.x[psi.nconstr + i] = sign * amplitude # not sure about the + - of the sign, try both
UnboundLocalError: local variable 'amplitude' referenced before assignment
Command exited with non-zero status 1
	Command being timed: "python c6_631g_gradsign.py 1.0"
	User time (seconds): 722.67
	System time (seconds): 12.05
	Percent of CPU this job got: 2006%
	Elapsed (wall clock) time (h:mm:ss or m:ss): 0:36.62
	Average shared text size (kbytes): 0
	Average unshared data size (kbytes): 0
	Average stack size (kbytes): 0
	Average total size (kbytes): 0
	Maximum resident set size (kbytes): 310856
	Average resident set size (kbytes): 0
	Major (requiring I/O) page faults: 0
	Minor (reclaiming a frame) page faults: 99653
	Voluntary context switches: 43931
	Involuntary context switches: 4796290
	Swaps: 0
	File system inputs: 0
	File system outputs: 984
	Socket messages sent: 0
	Socket messages received: 0
	Signals delivered: 0
	Page size (bytes): 4096
	Exit status: 1
Traceback (most recent call last):
  File "/project/lgagliardi/tuy/qchem/las-uscc-noci/working/polyene/c6_631g_gradsign.py", line 620, in <module>
    mol_results, ref_energy, las_energy = batch_test(mol_conf, nosi_tests)
  File "/project/lgagliardi/tuy/qchem/las-uscc-noci/working/polyene/c6_631g_gradsign.py", line 320, in batch_test
    result = test(mol_config, test_config, las, mol, mf)
  File "/project/lgagliardi/tuy/qchem/las-uscc-noci/working/polyene/c6_631g_gradsign.py", line 279, in test
    result['las_uscc_noci_eng'], result['las_uscc_noci_vec'], result['min_ci_eng'] = nci_test(a_idxs_selected, i_idxs_selected, g_sel, test_config, mol_config, mol,las, mc_uscc, mf)
  File "/project/lgagliardi/tuy/qchem/las-uscc-noci/working/polyene/c6_631g_gradsign.py", line 135, in nci_test
    psi.x[psi.nconstr + i] = sign * amplitude # not sure about the + - of the sign, try both
UnboundLocalError: local variable 'amplitude' referenced before assignment
Command exited with non-zero status 1
	Command being timed: "python c6_631g_gradsign.py 2.0"
	User time (seconds): 697.61
	System time (seconds): 11.83
	Percent of CPU this job got: 2038%
	Elapsed (wall clock) time (h:mm:ss or m:ss): 0:34.80
	Average shared text size (kbytes): 0
	Average unshared data size (kbytes): 0
	Average stack size (kbytes): 0
	Average total size (kbytes): 0
	Maximum resident set size (kbytes): 317240
	Average resident set size (kbytes): 0
	Major (requiring I/O) page faults: 0
	Minor (reclaiming a frame) page faults: 98998
	Voluntary context switches: 40853
	Involuntary context switches: 4528852
	Swaps: 0
	File system inputs: 0
	File system outputs: 984
	Socket messages sent: 0
	Socket messages received: 0
	Signals delivered: 0
	Page size (bytes): 4096
	Exit status: 1
