	Command being timed: "python c6_631g.py -0.01"
	User time (seconds): 96199.01
	System time (seconds): 1376.76
	Percent of CPU this job got: 2171%
	Elapsed (wall clock) time (h:mm:ss or m:ss): 1:14:53
	Average shared text size (kbytes): 0
	Average unshared data size (kbytes): 0
	Average stack size (kbytes): 0
	Average total size (kbytes): 0
	Maximum resident set size (kbytes): 327476
	Average resident set size (kbytes): 0
	Major (requiring I/O) page faults: 0
	Minor (reclaiming a frame) page faults: 397099
	Voluntary context switches: 5839444
	Involuntary context switches: 498374776
	Swaps: 0
	File system inputs: 32
	File system outputs: 376
	Socket messages sent: 0
	Socket messages received: 0
	Signals delivered: 0
	Page size (bytes): 4096
	Exit status: 0
	Command being timed: "python c6_631g.py -0.05"
	User time (seconds): 180530.86
	System time (seconds): 2579.84
	Percent of CPU this job got: 2173%
	Elapsed (wall clock) time (h:mm:ss or m:ss): 2:20:25
	Average shared text size (kbytes): 0
	Average unshared data size (kbytes): 0
	Average stack size (kbytes): 0
	Average total size (kbytes): 0
	Maximum resident set size (kbytes): 318856
	Average resident set size (kbytes): 0
	Major (requiring I/O) page faults: 0
	Minor (reclaiming a frame) page faults: 460241
	Voluntary context switches: 11057534
	Involuntary context switches: 980508275
	Swaps: 0
	File system inputs: 0
	File system outputs: 376
	Socket messages sent: 0
	Socket messages received: 0
	Signals delivered: 0
	Page size (bytes): 4096
	Exit status: 0
	Command being timed: "python c6_631g.py -0.1"
	User time (seconds): 206065.25
	System time (seconds): 2812.21
	Percent of CPU this job got: 2196%
	Elapsed (wall clock) time (h:mm:ss or m:ss): 2:38:30
	Average shared text size (kbytes): 0
	Average unshared data size (kbytes): 0
	Average stack size (kbytes): 0
	Average total size (kbytes): 0
	Maximum resident set size (kbytes): 326900
	Average resident set size (kbytes): 0
	Major (requiring I/O) page faults: 0
	Minor (reclaiming a frame) page faults: 515389
	Voluntary context switches: 12677773
	Involuntary context switches: 1127552220
	Swaps: 0
	File system inputs: 0
	File system outputs: 376
	Socket messages sent: 0
	Socket messages received: 0
	Signals delivered: 0
	Page size (bytes): 4096
	Exit status: 0
	Command being timed: "python c6_631g.py -0.25"
	User time (seconds): 351813.27
	System time (seconds): 4829.47
	Percent of CPU this job got: 2219%
	Elapsed (wall clock) time (h:mm:ss or m:ss): 4:27:50
	Average shared text size (kbytes): 0
	Average unshared data size (kbytes): 0
	Average stack size (kbytes): 0
	Average total size (kbytes): 0
	Maximum resident set size (kbytes): 274332
	Average resident set size (kbytes): 0
	Major (requiring I/O) page faults: 0
	Minor (reclaiming a frame) page faults: 545667
	Voluntary context switches: 21654767
	Involuntary context switches: 2071768763
	Swaps: 0
	File system inputs: 0
	File system outputs: 376
	Socket messages sent: 0
	Socket messages received: 0
	Signals delivered: 0
	Page size (bytes): 4096
	Exit status: 0
	Command being timed: "python c6_631g.py -0.5"
	User time (seconds): 331219.95
	System time (seconds): 5356.79
	Percent of CPU this job got: 2178%
	Elapsed (wall clock) time (h:mm:ss or m:ss): 4:17:31
	Average shared text size (kbytes): 0
	Average unshared data size (kbytes): 0
	Average stack size (kbytes): 0
	Average total size (kbytes): 0
	Maximum resident set size (kbytes): 282188
	Average resident set size (kbytes): 0
	Major (requiring I/O) page faults: 0
	Minor (reclaiming a frame) page faults: 525004
	Voluntary context switches: 17524303
	Involuntary context switches: 1466114684
	Swaps: 0
	File system inputs: 0
	File system outputs: 376
	Socket messages sent: 0
	Socket messages received: 0
	Signals delivered: 0
	Page size (bytes): 4096
	Exit status: 0
	Command being timed: "python c6_631g.py -1.0"
	User time (seconds): 409584.23
	System time (seconds): 7163.70
	Percent of CPU this job got: 2162%
	Elapsed (wall clock) time (h:mm:ss or m:ss): 5:21:09
	Average shared text size (kbytes): 0
	Average unshared data size (kbytes): 0
	Average stack size (kbytes): 0
	Average total size (kbytes): 0
	Maximum resident set size (kbytes): 328044
	Average resident set size (kbytes): 0
	Major (requiring I/O) page faults: 0
	Minor (reclaiming a frame) page faults: 773412
	Voluntary context switches: 22818900
	Involuntary context switches: 1633936159
	Swaps: 0
	File system inputs: 0
	File system outputs: 680
	Socket messages sent: 0
	Socket messages received: 0
	Signals delivered: 0
	Page size (bytes): 4096
	Exit status: 0
	Command being timed: "python c6_631g.py -2.0"
	User time (seconds): 387902.48
	System time (seconds): 7048.86
	Percent of CPU this job got: 2116%
	Elapsed (wall clock) time (h:mm:ss or m:ss): 5:10:57
	Average shared text size (kbytes): 0
	Average unshared data size (kbytes): 0
	Average stack size (kbytes): 0
	Average total size (kbytes): 0
	Maximum resident set size (kbytes): 327212
	Average resident set size (kbytes): 0
	Major (requiring I/O) page faults: 0
	Minor (reclaiming a frame) page faults: 782637
	Voluntary context switches: 21427474
	Involuntary context switches: 1206140806
	Swaps: 0
	File system inputs: 0
	File system outputs: 584
	Socket messages sent: 0
	Socket messages received: 0
	Signals delivered: 0
	Page size (bytes): 4096
	Exit status: 0
