Traceback (most recent call last):
  File "/project/lgagliardi/tuy/qchem/las-uscc-noci/working/polyene/c6_631g_gradsign.py", line 620, in <module>
    mol_results, ref_energy, las_energy = batch_test(mol_conf, nosi_tests)
  File "/project/lgagliardi/tuy/qchem/las-uscc-noci/working/polyene/c6_631g_gradsign.py", line 320, in batch_test
    result = test(mol_config, test_config, las, mol, mf)
  File "/project/lgagliardi/tuy/qchem/las-uscc-noci/working/polyene/c6_631g_gradsign.py", line 279, in test
    result['las_uscc_noci_eng'], result['las_uscc_noci_vec'], result['min_ci_eng'] = nci_test(a_idxs_selected, i_idxs_selected, g_sel, test_config, mol_config, mol,las, mc_uscc, mf)
  File "/project/lgagliardi/tuy/qchem/las-uscc-noci/working/polyene/c6_631g_gradsign.py", line 135, in nci_test
    psi.x[psi.nconstr + i] = sign * amplitude # not sure about the + - of the sign, try both
UnboundLocalError: local variable 'amplitude' referenced before assignment
Command exited with non-zero status 1
	Command being timed: "python c6_631g_gradsign.py -0.01"
	User time (seconds): 681.11
	System time (seconds): 9.55
	Percent of CPU this job got: 2108%
	Elapsed (wall clock) time (h:mm:ss or m:ss): 0:32.75
	Average shared text size (kbytes): 0
	Average unshared data size (kbytes): 0
	Average stack size (kbytes): 0
	Average total size (kbytes): 0
	Maximum resident set size (kbytes): 313492
	Average resident set size (kbytes): 0
	Major (requiring I/O) page faults: 0
	Minor (reclaiming a frame) page faults: 93758
	Voluntary context switches: 55675
	Involuntary context switches: 6894675
	Swaps: 0
	File system inputs: 0
	File system outputs: 512
	Socket messages sent: 0
	Socket messages received: 0
	Signals delivered: 0
	Page size (bytes): 4096
	Exit status: 1
Traceback (most recent call last):
  File "/project/lgagliardi/tuy/qchem/las-uscc-noci/working/polyene/c6_631g_gradsign.py", line 620, in <module>
    mol_results, ref_energy, las_energy = batch_test(mol_conf, nosi_tests)
  File "/project/lgagliardi/tuy/qchem/las-uscc-noci/working/polyene/c6_631g_gradsign.py", line 320, in batch_test
    result = test(mol_config, test_config, las, mol, mf)
  File "/project/lgagliardi/tuy/qchem/las-uscc-noci/working/polyene/c6_631g_gradsign.py", line 279, in test
    result['las_uscc_noci_eng'], result['las_uscc_noci_vec'], result['min_ci_eng'] = nci_test(a_idxs_selected, i_idxs_selected, g_sel, test_config, mol_config, mol,las, mc_uscc, mf)
  File "/project/lgagliardi/tuy/qchem/las-uscc-noci/working/polyene/c6_631g_gradsign.py", line 135, in nci_test
    psi.x[psi.nconstr + i] = sign * amplitude # not sure about the + - of the sign, try both
UnboundLocalError: local variable 'amplitude' referenced before assignment
Command exited with non-zero status 1
	Command being timed: "python c6_631g_gradsign.py -0.05"
	User time (seconds): 669.64
	System time (seconds): 9.37
	Percent of CPU this job got: 2102%
	Elapsed (wall clock) time (h:mm:ss or m:ss): 0:32.30
	Average shared text size (kbytes): 0
	Average unshared data size (kbytes): 0
	Average stack size (kbytes): 0
	Average total size (kbytes): 0
	Maximum resident set size (kbytes): 275584
	Average resident set size (kbytes): 0
	Major (requiring I/O) page faults: 0
	Minor (reclaiming a frame) page faults: 93332
	Voluntary context switches: 53298
	Involuntary context switches: 5342748
	Swaps: 0
	File system inputs: 0
	File system outputs: 584
	Socket messages sent: 0
	Socket messages received: 0
	Signals delivered: 0
	Page size (bytes): 4096
	Exit status: 1
Traceback (most recent call last):
  File "/project/lgagliardi/tuy/qchem/las-uscc-noci/working/polyene/c6_631g_gradsign.py", line 620, in <module>
    mol_results, ref_energy, las_energy = batch_test(mol_conf, nosi_tests)
  File "/project/lgagliardi/tuy/qchem/las-uscc-noci/working/polyene/c6_631g_gradsign.py", line 320, in batch_test
    result = test(mol_config, test_config, las, mol, mf)
  File "/project/lgagliardi/tuy/qchem/las-uscc-noci/working/polyene/c6_631g_gradsign.py", line 279, in test
    result['las_uscc_noci_eng'], result['las_uscc_noci_vec'], result['min_ci_eng'] = nci_test(a_idxs_selected, i_idxs_selected, g_sel, test_config, mol_config, mol,las, mc_uscc, mf)
  File "/project/lgagliardi/tuy/qchem/las-uscc-noci/working/polyene/c6_631g_gradsign.py", line 135, in nci_test
    psi.x[psi.nconstr + i] = sign * amplitude # not sure about the + - of the sign, try both
UnboundLocalError: local variable 'amplitude' referenced before assignment
Command exited with non-zero status 1
	Command being timed: "python c6_631g_gradsign.py -0.1"
	User time (seconds): 664.53
	System time (seconds): 9.47
	Percent of CPU this job got: 2088%
	Elapsed (wall clock) time (h:mm:ss or m:ss): 0:32.27
	Average shared text size (kbytes): 0
	Average unshared data size (kbytes): 0
	Average stack size (kbytes): 0
	Average total size (kbytes): 0
	Maximum resident set size (kbytes): 281052
	Average resident set size (kbytes): 0
	Major (requiring I/O) page faults: 0
	Minor (reclaiming a frame) page faults: 106443
	Voluntary context switches: 52259
	Involuntary context switches: 5744999
	Swaps: 0
	File system inputs: 0
	File system outputs: 376
	Socket messages sent: 0
	Socket messages received: 0
	Signals delivered: 0
	Page size (bytes): 4096
	Exit status: 1
Traceback (most recent call last):
  File "/project/lgagliardi/tuy/qchem/las-uscc-noci/working/polyene/c6_631g_gradsign.py", line 620, in <module>
    mol_results, ref_energy, las_energy = batch_test(mol_conf, nosi_tests)
  File "/project/lgagliardi/tuy/qchem/las-uscc-noci/working/polyene/c6_631g_gradsign.py", line 320, in batch_test
    result = test(mol_config, test_config, las, mol, mf)
  File "/project/lgagliardi/tuy/qchem/las-uscc-noci/working/polyene/c6_631g_gradsign.py", line 279, in test
    result['las_uscc_noci_eng'], result['las_uscc_noci_vec'], result['min_ci_eng'] = nci_test(a_idxs_selected, i_idxs_selected, g_sel, test_config, mol_config, mol,las, mc_uscc, mf)
  File "/project/lgagliardi/tuy/qchem/las-uscc-noci/working/polyene/c6_631g_gradsign.py", line 135, in nci_test
    psi.x[psi.nconstr + i] = sign * amplitude # not sure about the + - of the sign, try both
UnboundLocalError: local variable 'amplitude' referenced before assignment
Command exited with non-zero status 1
	Command being timed: "python c6_631g_gradsign.py -0.25"
	User time (seconds): 697.28
	System time (seconds): 8.55
	Percent of CPU this job got: 2029%
	Elapsed (wall clock) time (h:mm:ss or m:ss): 0:34.77
	Average shared text size (kbytes): 0
	Average unshared data size (kbytes): 0
	Average stack size (kbytes): 0
	Average total size (kbytes): 0
	Maximum resident set size (kbytes): 296968
	Average resident set size (kbytes): 0
	Major (requiring I/O) page faults: 0
	Minor (reclaiming a frame) page faults: 102459
	Voluntary context switches: 56129
	Involuntary context switches: 3425314
	Swaps: 0
	File system inputs: 0
	File system outputs: 376
	Socket messages sent: 0
	Socket messages received: 0
	Signals delivered: 0
	Page size (bytes): 4096
	Exit status: 1
Traceback (most recent call last):
  File "/project/lgagliardi/tuy/qchem/las-uscc-noci/working/polyene/c6_631g_gradsign.py", line 620, in <module>
    mol_results, ref_energy, las_energy = batch_test(mol_conf, nosi_tests)
  File "/project/lgagliardi/tuy/qchem/las-uscc-noci/working/polyene/c6_631g_gradsign.py", line 320, in batch_test
    result = test(mol_config, test_config, las, mol, mf)
  File "/project/lgagliardi/tuy/qchem/las-uscc-noci/working/polyene/c6_631g_gradsign.py", line 279, in test
    result['las_uscc_noci_eng'], result['las_uscc_noci_vec'], result['min_ci_eng'] = nci_test(a_idxs_selected, i_idxs_selected, g_sel, test_config, mol_config, mol,las, mc_uscc, mf)
  File "/project/lgagliardi/tuy/qchem/las-uscc-noci/working/polyene/c6_631g_gradsign.py", line 135, in nci_test
    psi.x[psi.nconstr + i] = sign * amplitude # not sure about the + - of the sign, try both
UnboundLocalError: local variable 'amplitude' referenced before assignment
Command exited with non-zero status 1
	Command being timed: "python c6_631g_gradsign.py -0.5"
	User time (seconds): 666.42
	System time (seconds): 9.09
	Percent of CPU this job got: 2098%
	Elapsed (wall clock) time (h:mm:ss or m:ss): 0:32.19
	Average shared text size (kbytes): 0
	Average unshared data size (kbytes): 0
	Average stack size (kbytes): 0
	Average total size (kbytes): 0
	Maximum resident set size (kbytes): 313280
	Average resident set size (kbytes): 0
	Major (requiring I/O) page faults: 0
	Minor (reclaiming a frame) page faults: 108495
	Voluntary context switches: 51469
	Involuntary context switches: 3664437
	Swaps: 0
	File system inputs: 0
	File system outputs: 760
	Socket messages sent: 0
	Socket messages received: 0
	Signals delivered: 0
	Page size (bytes): 4096
	Exit status: 1
Traceback (most recent call last):
  File "/project/lgagliardi/tuy/qchem/las-uscc-noci/working/polyene/c6_631g_gradsign.py", line 620, in <module>
    mol_results, ref_energy, las_energy = batch_test(mol_conf, nosi_tests)
  File "/project/lgagliardi/tuy/qchem/las-uscc-noci/working/polyene/c6_631g_gradsign.py", line 320, in batch_test
    result = test(mol_config, test_config, las, mol, mf)
  File "/project/lgagliardi/tuy/qchem/las-uscc-noci/working/polyene/c6_631g_gradsign.py", line 279, in test
    result['las_uscc_noci_eng'], result['las_uscc_noci_vec'], result['min_ci_eng'] = nci_test(a_idxs_selected, i_idxs_selected, g_sel, test_config, mol_config, mol,las, mc_uscc, mf)
  File "/project/lgagliardi/tuy/qchem/las-uscc-noci/working/polyene/c6_631g_gradsign.py", line 135, in nci_test
    psi.x[psi.nconstr + i] = sign * amplitude # not sure about the + - of the sign, try both
UnboundLocalError: local variable 'amplitude' referenced before assignment
Command exited with non-zero status 1
	Command being timed: "python c6_631g_gradsign.py -1.0"
	User time (seconds): 678.33
	System time (seconds): 9.43
	Percent of CPU this job got: 2075%
	Elapsed (wall clock) time (h:mm:ss or m:ss): 0:33.14
	Average shared text size (kbytes): 0
	Average unshared data size (kbytes): 0
	Average stack size (kbytes): 0
	Average total size (kbytes): 0
	Maximum resident set size (kbytes): 317876
	Average resident set size (kbytes): 0
	Major (requiring I/O) page faults: 0
	Minor (reclaiming a frame) page faults: 97400
	Voluntary context switches: 54457
	Involuntary context switches: 5048328
	Swaps: 0
	File system inputs: 0
	File system outputs: 1032
	Socket messages sent: 0
	Socket messages received: 0
	Signals delivered: 0
	Page size (bytes): 4096
	Exit status: 1
Traceback (most recent call last):
  File "/project/lgagliardi/tuy/qchem/las-uscc-noci/working/polyene/c6_631g_gradsign.py", line 620, in <module>
    mol_results, ref_energy, las_energy = batch_test(mol_conf, nosi_tests)
  File "/project/lgagliardi/tuy/qchem/las-uscc-noci/working/polyene/c6_631g_gradsign.py", line 320, in batch_test
    result = test(mol_config, test_config, las, mol, mf)
  File "/project/lgagliardi/tuy/qchem/las-uscc-noci/working/polyene/c6_631g_gradsign.py", line 279, in test
    result['las_uscc_noci_eng'], result['las_uscc_noci_vec'], result['min_ci_eng'] = nci_test(a_idxs_selected, i_idxs_selected, g_sel, test_config, mol_config, mol,las, mc_uscc, mf)
  File "/project/lgagliardi/tuy/qchem/las-uscc-noci/working/polyene/c6_631g_gradsign.py", line 135, in nci_test
    psi.x[psi.nconstr + i] = sign * amplitude # not sure about the + - of the sign, try both
UnboundLocalError: local variable 'amplitude' referenced before assignment
Command exited with non-zero status 1
	Command being timed: "python c6_631g_gradsign.py -2.0"
	User time (seconds): 681.09
	System time (seconds): 9.21
	Percent of CPU this job got: 2072%
	Elapsed (wall clock) time (h:mm:ss or m:ss): 0:33.31
	Average shared text size (kbytes): 0
	Average unshared data size (kbytes): 0
	Average stack size (kbytes): 0
	Average total size (kbytes): 0
	Maximum resident set size (kbytes): 312048
	Average resident set size (kbytes): 0
	Major (requiring I/O) page faults: 0
	Minor (reclaiming a frame) page faults: 99997
	Voluntary context switches: 53882
	Involuntary context switches: 4823236
	Swaps: 0
	File system inputs: 0
	File system outputs: 1016
	Socket messages sent: 0
	Socket messages received: 0
	Signals delivered: 0
	Page size (bytes): 4096
	Exit status: 1
