Traceback (most recent call last):
  File "/project/lgagliardi/tuy/qchem/las-uscc-noci/working/polyene/c4_631g_gradsign.py", line 620, in <module>
    mol_results, ref_energy, las_energy = batch_test(mol_conf, nosi_tests)
  File "/project/lgagliardi/tuy/qchem/las-uscc-noci/working/polyene/c4_631g_gradsign.py", line 320, in batch_test
    result = test(mol_config, test_config, las, mol, mf)
  File "/project/lgagliardi/tuy/qchem/las-uscc-noci/working/polyene/c4_631g_gradsign.py", line 279, in test
    result['las_uscc_noci_eng'], result['las_uscc_noci_vec'], result['min_ci_eng'] = nci_test(a_idxs_selected, i_idxs_selected, g_sel, test_config, mol_config, mol,las, mc_uscc, mf)
  File "/project/lgagliardi/tuy/qchem/las-uscc-noci/working/polyene/c4_631g_gradsign.py", line 160, in nci_test
    result['amps'] = amps
NameError: name 'result' is not defined
Command exited with non-zero status 1
	Command being timed: "python c4_631g_gradsign.py 0.01"
	User time (seconds): 460.19
	System time (seconds): 6.58
	Percent of CPU this job got: 1961%
	Elapsed (wall clock) time (h:mm:ss or m:ss): 0:23.79
	Average shared text size (kbytes): 0
	Average unshared data size (kbytes): 0
	Average stack size (kbytes): 0
	Average total size (kbytes): 0
	Maximum resident set size (kbytes): 239252
	Average resident set size (kbytes): 0
	Major (requiring I/O) page faults: 0
	Minor (reclaiming a frame) page faults: 67665
	Voluntary context switches: 29317
	Involuntary context switches: 3515253
	Swaps: 0
	File system inputs: 0
	File system outputs: 256
	Socket messages sent: 0
	Socket messages received: 0
	Signals delivered: 0
	Page size (bytes): 4096
	Exit status: 1
Traceback (most recent call last):
  File "/project/lgagliardi/tuy/qchem/las-uscc-noci/working/polyene/c4_631g_gradsign.py", line 620, in <module>
    mol_results, ref_energy, las_energy = batch_test(mol_conf, nosi_tests)
  File "/project/lgagliardi/tuy/qchem/las-uscc-noci/working/polyene/c4_631g_gradsign.py", line 320, in batch_test
    result = test(mol_config, test_config, las, mol, mf)
  File "/project/lgagliardi/tuy/qchem/las-uscc-noci/working/polyene/c4_631g_gradsign.py", line 279, in test
    result['las_uscc_noci_eng'], result['las_uscc_noci_vec'], result['min_ci_eng'] = nci_test(a_idxs_selected, i_idxs_selected, g_sel, test_config, mol_config, mol,las, mc_uscc, mf)
  File "/project/lgagliardi/tuy/qchem/las-uscc-noci/working/polyene/c4_631g_gradsign.py", line 135, in nci_test
    psi.x[psi.nconstr + i] = sign * amplitude # not sure about the + - of the sign, try both
UnboundLocalError: local variable 'amplitude' referenced before assignment
Command exited with non-zero status 1
	Command being timed: "python c4_631g_gradsign.py 0.05"
	User time (seconds): 505.23
	System time (seconds): 6.88
	Percent of CPU this job got: 2030%
	Elapsed (wall clock) time (h:mm:ss or m:ss): 0:25.22
	Average shared text size (kbytes): 0
	Average unshared data size (kbytes): 0
	Average stack size (kbytes): 0
	Average total size (kbytes): 0
	Maximum resident set size (kbytes): 235092
	Average resident set size (kbytes): 0
	Major (requiring I/O) page faults: 0
	Minor (reclaiming a frame) page faults: 71374
	Voluntary context switches: 30315
	Involuntary context switches: 4066431
	Swaps: 0
	File system inputs: 0
	File system outputs: 256
	Socket messages sent: 0
	Socket messages received: 0
	Signals delivered: 0
	Page size (bytes): 4096
	Exit status: 1
Traceback (most recent call last):
  File "/project/lgagliardi/tuy/qchem/las-uscc-noci/working/polyene/c4_631g_gradsign.py", line 620, in <module>
    mol_results, ref_energy, las_energy = batch_test(mol_conf, nosi_tests)
  File "/project/lgagliardi/tuy/qchem/las-uscc-noci/working/polyene/c4_631g_gradsign.py", line 320, in batch_test
    result = test(mol_config, test_config, las, mol, mf)
  File "/project/lgagliardi/tuy/qchem/las-uscc-noci/working/polyene/c4_631g_gradsign.py", line 279, in test
    result['las_uscc_noci_eng'], result['las_uscc_noci_vec'], result['min_ci_eng'] = nci_test(a_idxs_selected, i_idxs_selected, g_sel, test_config, mol_config, mol,las, mc_uscc, mf)
  File "/project/lgagliardi/tuy/qchem/las-uscc-noci/working/polyene/c4_631g_gradsign.py", line 160, in nci_test
    result['amps'] = amps
NameError: name 'result' is not defined
Command exited with non-zero status 1
	Command being timed: "python c4_631g_gradsign.py 0.1"
	User time (seconds): 484.05
	System time (seconds): 6.77
	Percent of CPU this job got: 2012%
	Elapsed (wall clock) time (h:mm:ss or m:ss): 0:24.38
	Average shared text size (kbytes): 0
	Average unshared data size (kbytes): 0
	Average stack size (kbytes): 0
	Average total size (kbytes): 0
	Maximum resident set size (kbytes): 241344
	Average resident set size (kbytes): 0
	Major (requiring I/O) page faults: 0
	Minor (reclaiming a frame) page faults: 73840
	Voluntary context switches: 28448
	Involuntary context switches: 4420554
	Swaps: 0
	File system inputs: 0
	File system outputs: 256
	Socket messages sent: 0
	Socket messages received: 0
	Signals delivered: 0
	Page size (bytes): 4096
	Exit status: 1
Traceback (most recent call last):
  File "/project/lgagliardi/tuy/qchem/las-uscc-noci/working/polyene/c4_631g_gradsign.py", line 620, in <module>
    mol_results, ref_energy, las_energy = batch_test(mol_conf, nosi_tests)
  File "/project/lgagliardi/tuy/qchem/las-uscc-noci/working/polyene/c4_631g_gradsign.py", line 320, in batch_test
    result = test(mol_config, test_config, las, mol, mf)
  File "/project/lgagliardi/tuy/qchem/las-uscc-noci/working/polyene/c4_631g_gradsign.py", line 279, in test
    result['las_uscc_noci_eng'], result['las_uscc_noci_vec'], result['min_ci_eng'] = nci_test(a_idxs_selected, i_idxs_selected, g_sel, test_config, mol_config, mol,las, mc_uscc, mf)
  File "/project/lgagliardi/tuy/qchem/las-uscc-noci/working/polyene/c4_631g_gradsign.py", line 160, in nci_test
    result['amps'] = amps
NameError: name 'result' is not defined
Command exited with non-zero status 1
	Command being timed: "python c4_631g_gradsign.py 0.25"
	User time (seconds): 390.72
	System time (seconds): 5.90
	Percent of CPU this job got: 2072%
	Elapsed (wall clock) time (h:mm:ss or m:ss): 0:19.14
	Average shared text size (kbytes): 0
	Average unshared data size (kbytes): 0
	Average stack size (kbytes): 0
	Average total size (kbytes): 0
	Maximum resident set size (kbytes): 195716
	Average resident set size (kbytes): 0
	Major (requiring I/O) page faults: 0
	Minor (reclaiming a frame) page faults: 64791
	Voluntary context switches: 23802
	Involuntary context switches: 4181956
	Swaps: 0
	File system inputs: 0
	File system outputs: 256
	Socket messages sent: 0
	Socket messages received: 0
	Signals delivered: 0
	Page size (bytes): 4096
	Exit status: 1
Traceback (most recent call last):
  File "/project/lgagliardi/tuy/qchem/las-uscc-noci/working/polyene/c4_631g_gradsign.py", line 620, in <module>
    mol_results, ref_energy, las_energy = batch_test(mol_conf, nosi_tests)
  File "/project/lgagliardi/tuy/qchem/las-uscc-noci/working/polyene/c4_631g_gradsign.py", line 320, in batch_test
    result = test(mol_config, test_config, las, mol, mf)
  File "/project/lgagliardi/tuy/qchem/las-uscc-noci/working/polyene/c4_631g_gradsign.py", line 279, in test
    result['las_uscc_noci_eng'], result['las_uscc_noci_vec'], result['min_ci_eng'] = nci_test(a_idxs_selected, i_idxs_selected, g_sel, test_config, mol_config, mol,las, mc_uscc, mf)
  File "/project/lgagliardi/tuy/qchem/las-uscc-noci/working/polyene/c4_631g_gradsign.py", line 135, in nci_test
    psi.x[psi.nconstr + i] = sign * amplitude # not sure about the + - of the sign, try both
UnboundLocalError: local variable 'amplitude' referenced before assignment
Command exited with non-zero status 1
	Command being timed: "python c4_631g_gradsign.py 0.5"
	User time (seconds): 548.57
	System time (seconds): 7.30
	Percent of CPU this job got: 1964%
	Elapsed (wall clock) time (h:mm:ss or m:ss): 0:28.29
	Average shared text size (kbytes): 0
	Average unshared data size (kbytes): 0
	Average stack size (kbytes): 0
	Average total size (kbytes): 0
	Maximum resident set size (kbytes): 236908
	Average resident set size (kbytes): 0
	Major (requiring I/O) page faults: 0
	Minor (reclaiming a frame) page faults: 77452
	Voluntary context switches: 33209
	Involuntary context switches: 4231105
	Swaps: 0
	File system inputs: 0
	File system outputs: 256
	Socket messages sent: 0
	Socket messages received: 0
	Signals delivered: 0
	Page size (bytes): 4096
	Exit status: 1
Traceback (most recent call last):
  File "/project/lgagliardi/tuy/qchem/las-uscc-noci/working/polyene/c4_631g_gradsign.py", line 620, in <module>
    mol_results, ref_energy, las_energy = batch_test(mol_conf, nosi_tests)
  File "/project/lgagliardi/tuy/qchem/las-uscc-noci/working/polyene/c4_631g_gradsign.py", line 320, in batch_test
    result = test(mol_config, test_config, las, mol, mf)
  File "/project/lgagliardi/tuy/qchem/las-uscc-noci/working/polyene/c4_631g_gradsign.py", line 279, in test
    result['las_uscc_noci_eng'], result['las_uscc_noci_vec'], result['min_ci_eng'] = nci_test(a_idxs_selected, i_idxs_selected, g_sel, test_config, mol_config, mol,las, mc_uscc, mf)
  File "/project/lgagliardi/tuy/qchem/las-uscc-noci/working/polyene/c4_631g_gradsign.py", line 160, in nci_test
    result['amps'] = amps
NameError: name 'result' is not defined
Command exited with non-zero status 1
	Command being timed: "python c4_631g_gradsign.py 1.0"
	User time (seconds): 399.65
	System time (seconds): 5.89
	Percent of CPU this job got: 1999%
	Elapsed (wall clock) time (h:mm:ss or m:ss): 0:20.28
	Average shared text size (kbytes): 0
	Average unshared data size (kbytes): 0
	Average stack size (kbytes): 0
	Average total size (kbytes): 0
	Maximum resident set size (kbytes): 239496
	Average resident set size (kbytes): 0
	Major (requiring I/O) page faults: 0
	Minor (reclaiming a frame) page faults: 67555
	Voluntary context switches: 22787
	Involuntary context switches: 4440408
	Swaps: 0
	File system inputs: 0
	File system outputs: 256
	Socket messages sent: 0
	Socket messages received: 0
	Signals delivered: 0
	Page size (bytes): 4096
	Exit status: 1
Traceback (most recent call last):
  File "/project/lgagliardi/tuy/qchem/las-uscc-noci/working/polyene/c4_631g_gradsign.py", line 620, in <module>
    mol_results, ref_energy, las_energy = batch_test(mol_conf, nosi_tests)
  File "/project/lgagliardi/tuy/qchem/las-uscc-noci/working/polyene/c4_631g_gradsign.py", line 320, in batch_test
    result = test(mol_config, test_config, las, mol, mf)
  File "/project/lgagliardi/tuy/qchem/las-uscc-noci/working/polyene/c4_631g_gradsign.py", line 279, in test
    result['las_uscc_noci_eng'], result['las_uscc_noci_vec'], result['min_ci_eng'] = nci_test(a_idxs_selected, i_idxs_selected, g_sel, test_config, mol_config, mol,las, mc_uscc, mf)
  File "/project/lgagliardi/tuy/qchem/las-uscc-noci/working/polyene/c4_631g_gradsign.py", line 135, in nci_test
    psi.x[psi.nconstr + i] = sign * amplitude # not sure about the + - of the sign, try both
UnboundLocalError: local variable 'amplitude' referenced before assignment
Command exited with non-zero status 1
	Command being timed: "python c4_631g_gradsign.py 2.0"
	User time (seconds): 516.33
	System time (seconds): 7.58
	Percent of CPU this job got: 2028%
	Elapsed (wall clock) time (h:mm:ss or m:ss): 0:25.82
	Average shared text size (kbytes): 0
	Average unshared data size (kbytes): 0
	Average stack size (kbytes): 0
	Average total size (kbytes): 0
	Maximum resident set size (kbytes): 239544
	Average resident set size (kbytes): 0
	Major (requiring I/O) page faults: 0
	Minor (reclaiming a frame) page faults: 74788
	Voluntary context switches: 30995
	Involuntary context switches: 5315764
	Swaps: 0
	File system inputs: 0
	File system outputs: 256
	Socket messages sent: 0
	Socket messages received: 0
	Signals delivered: 0
	Page size (bytes): 4096
	Exit status: 1
