Traceback (most recent call last):
  File "/home/tuy/repo/las-uscc-noci/working/sept/stilbene-001/stilbene-001_energy_comparison.py", line 521, in main
    calc.write_results_markdown(results, threshold, max_cycle, filename)
  File "/home/tuy/repo/las-uscc-noci/working/sept/stilbene-001/stilbene-001_energy_comparison.py", line 488, in write_results_markdown
    with open(filepath, 'w') as f:
FileNotFoundError: [Errno 2] No such file or directory: '/home/jinx/repo/qchem/las-uscc-noci-bot/working/sept/stilbene-001/STILBENE001_ENERGY_COMPARISON_t0.001_c10_631g.md'
Traceback (most recent call last):
  File "/home/tuy/repo/las-uscc-noci/working/sept/stilbene-001/stilbene-001_energy_comparison.py", line 521, in main
    calc.write_results_markdown(results, threshold, max_cycle, filename)
  File "/home/tuy/repo/las-uscc-noci/working/sept/stilbene-001/stilbene-001_energy_comparison.py", line 488, in write_results_markdown
    with open(filepath, 'w') as f:
FileNotFoundError: [Errno 2] No such file or directory: '/home/jinx/repo/qchem/las-uscc-noci-bot/working/sept/stilbene-001/STILBENE001_ENERGY_COMPARISON_t0.001_c50_631g.md'
Traceback (most recent call last):
  File "/home/tuy/repo/las-uscc-noci/working/sept/stilbene-001/stilbene-001_energy_comparison.py", line 521, in main
    calc.write_results_markdown(results, threshold, max_cycle, filename)
  File "/home/tuy/repo/las-uscc-noci/working/sept/stilbene-001/stilbene-001_energy_comparison.py", line 488, in write_results_markdown
    with open(filepath, 'w') as f:
FileNotFoundError: [Errno 2] No such file or directory: '/home/jinx/repo/qchem/las-uscc-noci-bot/working/sept/stilbene-001/STILBENE001_ENERGY_COMPARISON_t0.01_c10_631g.md'
Traceback (most recent call last):
  File "/home/tuy/repo/las-uscc-noci/working/sept/stilbene-001/stilbene-001_energy_comparison.py", line 521, in main
    calc.write_results_markdown(results, threshold, max_cycle, filename)
  File "/home/tuy/repo/las-uscc-noci/working/sept/stilbene-001/stilbene-001_energy_comparison.py", line 488, in write_results_markdown
    with open(filepath, 'w') as f:
FileNotFoundError: [Errno 2] No such file or directory: '/home/jinx/repo/qchem/las-uscc-noci-bot/working/sept/stilbene-001/STILBENE001_ENERGY_COMPARISON_t0.01_c50_631g.md'
