#INFO: **** input file is /project/lgagliardi/tuy/qchem/las-uscc-noci/working/stilbene/stil-180.py ****
# test the distribution of the nearest neighbor excitations

import numpy as np
import pyscf
from pyscf import gto, scf, lib, mcscf
from mrh.my_pyscf.mcscf.lasscf_o0 import LASSCF
from mrh.exploratory.unitary_cc import lasuccsd
from mrh.exploratory.unitary_cc.uccsd_sym0 import get_uccsd_op
from mrh.exploratory.citools import grad, lasci_ominus1
from mrh.exploratory.citools import fockspace


from typing import Iterable, Union
from typing import Dict, List, Any, TypedDict
import copy
import pickle
from enum import Enum
from scipy.linalg import eigh
from scipy import optimize
import sys

VERBOSE = 0
if len(sys.argv) > 1:
    try:
        AMPLITUDE = float(sys.argv[1])
        print(f"Using AMPLITUDE argument: {AMPLITUDE}")
    except ValueError:
        print("Invalid AMPLITUDE argument, using default value 1.")
        AMPLITUDE = 1
else:
    AMPLITUDE = 1

def flatten(seq: Iterable) -> list:
    result = []
    for item in seq:
        if isinstance(item, (list, tuple, np.ndarray)):
            result.extend(flatten(item))
        else:
            result.append(item)
    return result


def cilas2f(lasci, norb_f, nelec_f):
    ''' nelec (na, nb)'''
    ci_f = []
    for i, ci in enumerate(lasci):
        ci_f.append(fockspace.hilbert2fock(ci, norb_f[i], nelec_f[i])[0])
    return ci_f

class MolConfig(TypedDict):
    # basic
    name : str
    xyz: str
    basis: str
    ncas: List[int]
    nelecas: List[int]
    spinsub: List[int]
    frag_atom_list: Any  # Can be List or Tuple depending on usage
    frag_spin_orb: Any
    adj: List[List[int]]

class TestConfig(TypedDict):
    epsilon: float
    # nearest neighbor parameters
    nn: bool
    # non-orthogonal configuration interaction parameters
    init_method: str # 'random' or 'uscc_opt' or 'load x'
    # max_nx: int  # max number of excitations per configuration
    # min_nc: int
    # test choices
    grad_test: bool
    noci_test: bool  
    frozen: str

def get_Sij(psi_i, psi_j, h):
    """Compute the overlap Sij = <psi_i|psi_j>."""
    ucj, _ = psi_j.hc_x(psi_j.x, h)[1:3]
    uci, _ = psi_i.hc_x(psi_i.x, h)[1:3]
    ucj, uci = ucj.ravel(), uci.ravel()
    Sij = uci.conj().dot(ucj)
    return Sij


def get_Sij_Hij(psi_i, psi_j, h):
    ucj, hucj = psi_j.hc_x (psi_j.x, h)[1:3]
    uci, huci = psi_i.hc_x (psi_i.x, h)[1:3]
    ucj, hucj = ucj.ravel (), hucj.ravel ()
    uci = uci.ravel ()
    Sij = uci.conj ().dot (ucj)
    Hij = uci.conj ().dot (hucj)
    return Sij, Hij


def arr_split(arr, n):
    """Split an array into n nearly equal parts."""
    k, m = divmod(len(arr), n)
    return list(arr[i * k + min(i, m):(i + 1) * k + min(i + 1, m)] for i in range(n))

def print_matrix(mat):
    for row in mat:
        print("  ".join(f"{x:.17f}" for x in row))

def zip_excitations(a_idxs, i_idxs):
    excitations = []
    for a, i in zip(a_idxs, i_idxs):
        excitations.append((tuple(i), tuple(a[::-1])))
    return excitations

def print_excitations(a_idxs, i_idxs):
    excitations = zip_excitations(a_idxs, i_idxs)
    for excitation in excitations:
        print([[int(x) for x in flatten(excitation)]])


def nci_test(a_idxs_selected, i_idxs_selected, test_config, mol_config, mol,las, mc_uscc, mf):

    nc = len(a_idxs_selected) + 1
    # we create ci for each excitation
    if VERBOSE >= 1:
        print("Number of CIs: ", nc)

    h1eff,e_core= mc_uscc.get_h1eff(mc_uscc.mo_coeff)
    h2eff = mc_uscc.get_h2eff()

    las_ucc_trial_cis = []
    
    min_ci_eng = 99999.9
    for i in range(nc):
        if( i == nc -1):
            amplitude = 0 # the last one is the reference state
        else:
            amplitude = AMPLITUDE # we should try different amplitudes

        mc_uscc_ci = mcscf.CASCI(mf, sum(mol_config['ncas']), sum(mol_config['nelecas']))
        mc_uscc_ci.mo_coeff = las.mo_coeff
        mc_uscc_ci.fcisolver = lasuccsd.FCISolver_USCC(mol, a_idxs_selected, i_idxs_selected)
        mc_uscc_ci.fcisolver.norb_f = mol_config['ncas']
        fci = mc_uscc_ci.fcisolver
        las_ci0_f = cilas2f(las.ci, mol_config['ncas'], mol_config['nelecas'])

        norb = sum(mol_config['ncas']) # not sure about this
        nelec = sum(mol_config['nelecas']) # not sure about this
        norb_f = getattr (fci, 'norb_f', [norb])
        psi =  getattr (fci, 'psi', fci.build_psi (las_ci0_f, norb, norb_f, nelec, frozen=test_config['frozen']))
        
        if i < nc - 1:
            psi.x[psi.nconstr + i] = amplitude

        energy = psi.energy_tot(psi.x, [e_core, h1eff, h2eff])
        if energy < min_ci_eng:
            min_ci_eng = energy

        las_ucc_trial_cis.append(psi)
        
    
    S = np.zeros((nc, nc), dtype=np.complex128)
    H = np.zeros((nc, nc), dtype=np.complex128)
    h = [e_core, h1eff, h2eff]


    # Build S matrix incrementally, discarding linearly dependent CIs
    selected_indices = []
    S_inc = np.zeros((0, 0), dtype=np.complex128)
    threshold = 1e5  # You can adjust this threshold as needed

    for idx, psi in enumerate(las_ucc_trial_cis):
        # Build S matrix for current selection + this CI
        n_sel = len(selected_indices)
        S_new = np.zeros((n_sel + 1, n_sel + 1), dtype=np.complex128)
        # Fill previous block
        if n_sel > 0:
            S_new[:n_sel, :n_sel] = S_inc
            for j, jidx in enumerate(selected_indices):
                S_new[n_sel, j] = get_Sij(psi, las_ucc_trial_cis[jidx], h)
                S_new[j, n_sel] = get_Sij(las_ucc_trial_cis[jidx], psi, h)
        # Diagonal element
        S_new[n_sel, n_sel] = get_Sij(psi, psi, h)
        # Check condition number
        cond = np.linalg.cond(S_new)
        if cond < threshold:
            selected_indices.append(idx)
            S_inc = S_new
        else:
            if VERBOSE >= 1:
                print(f"Discarding CI {idx} due to linear dependence (cond={cond:.2e})")

    # Now, only keep selected CIs for S and H
    nc_sel = len(selected_indices)
    S = np.zeros((nc_sel, nc_sel), dtype=np.complex128)
    H = np.zeros((nc_sel, nc_sel), dtype=np.complex128)
    for i, idx_i in enumerate(selected_indices):
        for j, idx_j in enumerate(selected_indices):
            S[i, j], H[i, j] = get_Sij_Hij(las_ucc_trial_cis[idx_i], las_ucc_trial_cis[idx_j], h)

    if VERBOSE >= 0:
        print(f"Selected {nc_sel} CIs out of {nc} total CIs")
        print("Condition number of S matrix: ", np.linalg.cond(S))

    if VERBOSE >= 1:
        print("S matrix:")
        print_matrix(S)
        print("H matrix:")
        print_matrix(H)

    # print("min_ci_eng: ", min_ci_eng)
    eigvals, eigvecs = eigh(H, S)
    return eigvals[0], eigvecs[0], min_ci_eng   # Take the lowest eigenvalue as the energy



def test(mol_config, test_config,las, mol, mf):
    result = {}

    all_g, g_sel, a_idxs_selected_all, i_idxs_selected_all = grad.get_grad_exact(las, test_config['epsilon'])

    # if test_config['grad_test']:
    #     result['all_g'] = all_g
    result['all_g'] = all_g
    result['g_sel'] = g_sel

    a_idxs_selected_nn = []
    i_idxs_selected_nn = []
    
    nn_g = []
    if(test_config['nn']):
        nn_g, a_idxs_selected_nn, i_idxs_selected_nn = get_nn_excitations(a_idxs_selected_all, i_idxs_selected_all, all_g, mol_config)
        if test_config['grad_test']:
            result['nn_g'] = nn_g

    result['tot_excitation_count'] = len(a_idxs_selected_all)
    result['excitation_count_nn'] = len(a_idxs_selected_nn)

    #Computing energy through the LAS-UCC kernel using selected excitations
    #==========================================================================================
    
    a_idxs_selected = None
    i_idxs_selected = None

    if test_config['nn']:
        a_idxs_selected = a_idxs_selected_nn
        i_idxs_selected = i_idxs_selected_nn
    else:
        a_idxs_selected = a_idxs_selected_all
        i_idxs_selected = i_idxs_selected_all
    
    if VERBOSE >= 2:
        print("All selected excitations:")
        print_excitations(a_idxs_selected, i_idxs_selected)

    mc_uscc = mcscf.CASCI(mf, sum(mol_config['ncas']), sum(mol_config['nelecas']))
    mc_uscc.mo_coeff = las.mo_coeff
    mc_uscc.fcisolver = lasuccsd.FCISolver_USCC(mol, a_idxs_selected, i_idxs_selected)
    mc_uscc.fcisolver.norb_f = mol_config['ncas'] # number of orbitals in each fragment
    # easily hit the maximal memory limit
    mc_uscc.fcisolver.frozen = test_config['frozen'] if 'frozen' in test_config else None  
    mc_uscc.kernel(ci0 = cilas2f(las.ci, mol_config['ncas'], mol_config['nelecas']))
    if not mc_uscc.converged:
        print('Warning: kernel hasn\'t converged')
    
    if VERBOSE >= 1:
        print("MC-USCC amplitudes: ", mc_uscc.fcisolver.psi.x)

    result['las_uscc_eng'] =  mc_uscc.e_tot 
   
    if test_config['noci_test']:
        result['las_uscc_noci_eng'], result['las_uscc_noci_vec'], result['min_ci_eng'] = nci_test(a_idxs_selected, i_idxs_selected, test_config, mol_config, mol,las, mc_uscc, mf)
    
    return result
   



def batch_test(mol_config, test_configs):
    results = []

    # Initializing the molecule with RHF
    #===================================
    symmetry = None
    charge = None
    spin = None
    if 'symmetry' in mol_config:
        symmetry = mol_config['symmetry']
    if 'charge' in mol_config:
        charge = mol_config['charge']
    if 'spin' in mol_config:
        spin = mol_config['spin']

    mol = gto.M(atom=mol_config['xyz'], basis=mol_config['basis'], symmetry = symmetry,
        charge = charge, spin = spin, verbose=4, output=mol_config['output'])
    if 'HF' in mol_config and mol_config['HF'] == 'ROHF':
        mf = scf.ROHF(mol).run()
    else:
        mf = scf.RHF(mol).run()

    # Running LASSCF
    #===================================
    las = LASSCF(mf, mol_config['ncas'], mol_config['nelecas'], spin_sub=mol_config['spinsub'], ouput=None)
    mo_loc = las.localize_init_guess(mol_config['frag_atom_list'], mf.mo_coeff)
    las.kernel(mo_loc)
    
    ref = mcscf.CASCI(mf, sum(mol_config['ncas']), sum(mol_config['nelecas']))
    ref.mo_coeff = las.mo_coeff
    ref.kernel() 

    for test_config in test_configs:
        
        result = test(mol_config, test_config, las, mol, mf)
        results.append(result)
    
    return results, ref.e_tot, las.e_tot



def empty_adj(n):
    return [[0 for _ in range(n)] for _ in range(n)]

def circle_adj(n):
    return [[1 if abs(i - j) == 1 or abs(i - j) == n-1 else 0 for j in range(n)] for i in range(n)]


if __name__ == "__main__":


    data_dir = '../geom'

    with open(data_dir + '/h4.xyz', 'r', encoding='utf-8') as f:
        h4xyz = f.read()

    with open(data_dir + '/h6.xyz', 'r', encoding='utf-8') as f:
        h6xyz = f.read()

    with open(data_dir + '/h8.xyz', 'r', encoding='utf-8') as f:
        h8xyz = f.read()

    with open(data_dir + '/h10.xyz', 'r', encoding='utf-8') as f:
        h10xyz = f.read()


    with open(data_dir + '/c4.xyz', 'r', encoding='utf-8') as f:
        c4xyz = f.read()

    with open(data_dir + '/c6.xyz', 'r', encoding='utf-8') as f:
        c6xyz = f.read()

    with open(data_dir + '/c8.xyz', 'r', encoding='utf-8') as f:
        c8xyz = f.read()

    with open(data_dir + '/c10.xyz', 'r', encoding='utf-8') as f:
        c10xyz = f.read()

    with open(data_dir + '/stil-001.xyz', 'r', encoding='utf-8') as f:
        stil001xyz = f.read()

    with open(data_dir + '/stil-60.xyz', 'r', encoding='utf-8') as f:
        stil60xyz = f.read()

    with open(data_dir + '/stil-90.xyz', 'r', encoding='utf-8') as f:
        stil90xyz = f.read()

    with open(data_dir + '/stil-120.xyz', 'r', encoding='utf-8') as f:
        stil120xyz = f.read()

    with open(data_dir + '/stil-180.xyz', 'r', encoding='utf-8') as f:
        stil180xyz = f.read()       


    # with open(data_dir + '/kremer/kremer-geometry.xyz', 'r', encoding='utf-8') as f:
    #     kremer_xyz = f.read()

    # kremer_basis = {
    #     "Cr": "def2-tzvp",
    #     "O": "def2-svp",
    #     "N": "def2-svp",
    #     "C": "def2-svp",
    #     "H": "def2-svp",
    # }

    # kremer_def2 : MolConfig = {
    #     'name' : 'kremer_def2',
    #     'HF' : 'ROHF',
    #     'xyz' : kremer_xyz,
    #     'basis' : kremer_basis,
    #     'symmetry' : False,
    #     'charge' : 3,
    #     'spin' : 6,
    #     'ncas': [3,3],
    #     'nelecas': [[3,0],[0,3]],
    #     'spinsub': [4,4],
    #     'frag_atom_list': [[0],[1]]
    # }

    h4_sto3g : MolConfig = {
        'name': 'H4_STO3G',
        'xyz': h4xyz,
        'basis': 'sto-3g',
        'ncas': [2, 2],
        'nelecas': [2, 2],
        'spinsub': [1, 1],
        'frag_atom_list': ((0, 1), (2, 3)),
        'output': 'h4_sto3g.out',
    }


    stil_631g_001 : MolConfig = {
        'name': 'STIL_631G_001',
        'xyz': stil001xyz,
        'basis': '631g',
        'ncas': [4,2,4],
        'nelecas': [4,2,4],
        'spinsub': [1, 1, 1],
        'frag_atom_list': [ [1,2,3,4,5,6,15,16,17,18,19] , [0,7, 14,20] , [8,9,10,11,12,13, 21,22,23,24,25] ],
        'frag_spin_orb': {
            0: (0, 1, 2, 3,10,11,12,13),
            1: (4,5,14,15),
            2: (6,7,8,9,16,17,18,19)
        },
        'adj': empty_adj(3),
        'output' : 'stil_631g_001.out',
    }

    stil_631g_60 : MolConfig = {
        'name': 'STIL_631G_60',
        'xyz': stil60xyz,
        'basis': '631g',
        'ncas': [4,2,4],
        'nelecas': [4,2,4],
        'spinsub': [1, 1, 1],
        'frag_atom_list': [ [1,2,3,4,5,6,15,16,17,18,19] , [0,7, 14,20] , [8,9,10,11,12,13, 21,22,23,24,25] ],
        'frag_spin_orb': {
            0: (0, 1, 2, 3,10,11,12,13),
            1: (4,5,14,15),
            2: (6,7,8,9,16,17,18,19)
        },
        'adj': empty_adj(3),
        'output' : 'stil_631g_60.out',
    }

    stil_631g_90 : MolConfig = {
        'name': 'STIL_631G_90',
        'xyz': stil90xyz,
        'basis': '631g',
        'ncas': [4,2,4],
        'nelecas': [4,2,4],
        'spinsub': [1, 1, 1],
        'frag_atom_list': [ [1,2,3,4,5,6,15,16,17,18,19] , [0,7, 14,20] , [8,9,10,11,12,13, 21,22,23,24,25] ],
        'frag_spin_orb': {
            0: (0, 1, 2, 3,10,11,12,13),
            1: (4,5,14,15),
            2: (6,7,8,9,16,17,18,19)
        },
        'adj': empty_adj(3),
        'output' : 'stil_631g_90.out',
    }

    stil_631g_120 : MolConfig = {
        'name': 'STIL_631G_120',
        'xyz': stil120xyz,
        'basis': '631g',
        'ncas': [4,2,4],
        'nelecas': [4,2,4],
        'spinsub': [1, 1, 1],
        'frag_atom_list': [ [1,2,3,4,5,6,15,16,17,18,19] , [0,7, 14,20] , [8,9,10,11,12,13, 21,22,23,24,25] ],
        'frag_spin_orb': {
            0: (0, 1, 2, 3,10,11,12,13),
            1: (4,5,14,15),
            2: (6,7,8,9,16,17,18,19)
        },
        'adj': empty_adj(3),
        'output' : 'stil_631g_120.out',
    }


    stil_631g_180 : MolConfig = {
        'name': 'STIL_631G_180',
        'xyz': stil180xyz,
        'basis': '631g',
        'ncas': [4,2,4],
        'nelecas': [4,2,4],
        'spinsub': [1, 1, 1],
        'frag_atom_list': [ [1,2,3,4,5,6,15,16,17,18,19] , [0,7, 14,20] , [8,9,10,11,12,13, 21,22,23,24,25] ],
        'frag_spin_orb': {
            0: (0, 1, 2, 3,10,11,12,13),
            1: (4,5,14,15),
            2: (6,7,8,9,16,17,18,19)
        },
        'adj': empty_adj(3),
        'output' : 'stil_631g_180.out',
    }

    # This c4 is too small, and I observed numericall error, that H and S have all identical
    # entries however the NOCI energy is lower 
    c4_631g : MolConfig = {
        'name': 'C4_631G',
        'xyz': c4xyz,
        'basis': '631g',
        'ncas': [2,2],
        'nelecas': [2,2],
        'spinsub': [1,1],
        'frag_atom_list':  [[0,2], [3,1]],
        'frag_spin_orb': {
            0: (0,1,4,5),
            1: (2,3,6,7),
        },
        'adj': circle_adj(2), # not sure about this
        'output': 'c4_631g.out',
    }

    c6_631 : MolConfig = {
        'name': 'C6_631G',
        'xyz': c6xyz,
        'basis': '631g',
        'ncas': [2,2,2],
        'nelecas': [2,2,2],
        'spinsub': [1,1,1],
        'frag_atom_list': [[0,2], [10,11], [3,1]], # not sure about this
        'frag_spin_orb': {
            0: (0,1,6,7),
            1: (2,3,8,9),
            2: (4,5,10,11),
        },
        'adj': circle_adj(3),
        'output': 'c6_631g.out',
    }


    c8_631 : MolConfig = {
        'name': 'C8_631G',
        'xyz': c8xyz,
        'basis': '631g',
        'ncas': [2,2,2,2],
        'nelecas': [2,2,2,2],
        'spinsub': [1,1,1,1],
        'frag_atom_list': [[0,2], [10,12], [13,11], [3,1]], 
        'frag_spin_orb': {
            0: (0,1,8,9),
            1: (2,3,10,11),
            2: (4,5,12,13),
            3: (6,7,14,15),
        },
        'adj': circle_adj(3),
        'output': 'c8_631g.out',
    }


    c10_631g : MolConfig = {
        'name': 'C10_631G',
        'xyz': c10xyz,
        'basis': '631g',
        'ncas': [2,2,2,2,2],
        'nelecas': [2,2,2,2,2],
        'spinsub': [1,1,1,1,1],
        'frag_atom_list': [[0,2], [10,12], [18,19], [13,11], [3,1]],
        'frag_spin_orb': {
            0: (0,1,10,11),
            1: (2,3,12,13),
            2: (4,5,14,15),
            3: (6,7,16,17),
            4: (8,9,18,19)
        },
        'adj': circle_adj(5),
        'output': 'c10_631g.out',
    }

    mol_configs = [stil_631g_180]
    # mol_configs = [h4_sto3g]



    nosi_test_01 : TestConfig = {
        'epsilon': 0.01,
        'nn': False,
        'init_method': 'uscc_opt',
        'frozen': 'CI',
        'grad_test': False,
        'noci_test': True
    }
        
    # noci_test_001 = copy.deepcopy(noci_test_01)
    # noci_test_001['epsilon'] = 0.001

    # noci_test_0001 = copy.deepcopy(noci_test_01)
    # noci_test_0001['epsilon'] = 0.0001

    # eps = np.array([0.00792607, 0.00486175, 0.003190716, 0.00247079])
    eps = np.array([0.00792607])

    nosi_tests = []
    for thre in eps:
        nosi_test = copy.deepcopy(nosi_test_01)
        nosi_test['epsilon'] = thre
        nosi_tests.append(nosi_test)


    for mol_conf in mol_configs:
        print(f"Molecule {mol_conf['name']}: ")
        mol_results, ref_energy, las_energy = batch_test(mol_conf, nosi_tests)
        # mol_results, ref_energy, las_energy = batch_test(mol_conf, [])
        print(f"CASCI energy: {ref_energy:.17f}")
        print(f"LASSCF energy: {las_energy:.17f}")
        for result in mol_results:
            print(f"Total excitations: {len(result['all_g'])}")
            print(f"Selected excitations: {len(result['g_sel'])}")
            
            # print(f"NN excitations: {result['excitation_count_nn']}")

            if 'las_uscc_eng' in result:
                print(f"LAS-USCCSD-VQE energy: {result['las_uscc_eng']:.17f}")
            if 'las_uscc_noci_eng' in result:
                print(f"LAS-USCCSD-NOSI energy: {result['las_uscc_noci_eng']:.17f}")
            # if 'tot_g' in result:
            #     print(f"Total gradient norm: {np.linalg.norm(result['tot_g']):.17f}")
            # if 'nn_g' in result:
            #     print(f"NN gradient norm: {np.linalg.norm(result['nn_g']):.17f}")
            if 'las_uscc_noci_vec' in result:
                print("NOSI vector: ", result['las_uscc_noci_vec'])
            if 'min_ci_eng' in result:
                print(f"Minimum State energy: {result['min_ci_eng']:.17f}")
            print("\n")
        
        print("\n\n")
#INFO: ******************** input file end ********************


System: uname_result(system='Linux', node='midway3-0556.rcc.local', release='4.18.0-305.3.1.el8.x86_64', version='#1 SMP Tue Jun 1 16:14:33 UTC 2021', machine='x86_64')  Threads 16
Python 3.9.19 | packaged by conda-forge | (main, Mar 20 2024, 12:50:21) 
[GCC 12.3.0]
numpy 2.0.2  scipy 1.13.1  h5py 3.14.0
Date: Tue Nov  4 10:30:06 2025
PySCF version 2.9.0
PySCF path  /home/tuy/repo/.venv/lib/python3.9/site-packages/pyscf
mrh path  /home/tuy/repo/mrh
GIT ORIG_HEAD b98c29c0816fd226852111a125e579215dc0ac5e
GIT HEAD (branch master) b49e04f5f5ffc1c27967a615ccab8ecdf1806538

[CONFIG] conf_file None
[INPUT] verbose = 4
[INPUT] num. atoms = 26
[INPUT] num. electrons = 96
[INPUT] charge = 0
[INPUT] spin (= nelec alpha-beta = 2S) = 0
[INPUT] symmetry False subgroup None
[INPUT] Mole.unit = angstrom
[INPUT] Symbol           X                Y                Z      unit          X                Y                Z       unit  Magmom
[INPUT]  1 C      0.495107800000  -0.452686820000  -0.000068000000 AA    0.935618144136  -0.855454110000  -0.000128501376 Bohr   0.0
[INPUT]  2 C      1.922556230000  -0.189148920000  -0.000060000000 AA    3.633104733776  -0.357439655557  -0.000113383567 Bohr   0.0
[INPUT]  3 C      2.469574020000   1.100647560000  -0.000073000000 AA    4.666818542141   2.079922448071  -0.000137950007 Bohr   0.0
[INPUT]  4 C      3.837261470000   1.292543480000  -0.000060000000 AA    7.251373246646   2.442553181292  -0.000113383567 Bohr   0.0
[INPUT]  5 C      4.702162130000   0.204993920000  -0.000040000000 AA    8.885798619001   0.387382366001  -0.000075589045 Bohr   0.0
[INPUT]  6 C      4.180931330000  -1.079174570000  -0.000038000000 AA    7.900815159314  -2.039344377895  -0.000071809593 Bohr   0.0
[INPUT]  7 C      2.810417880000  -1.270885490000  -0.000055000000 AA    5.310920088781  -2.401625511784  -0.000103934937 Bohr   0.0
[INPUT]  8 C     -0.495108800000   0.452684820000   0.000434000000 AA   -0.935620033862   0.855450330548   0.000820141138 Bohr   0.0
[INPUT]  9 C     -1.922557230000   0.189148920000   0.000229000000 AA   -3.633106623502   0.357439655557   0.000432747283 Bohr   0.0
[INPUT] 10 C     -2.469575020000  -1.100647560000   0.000169000000 AA   -4.666820431867  -2.079922448071   0.000319363715 Bohr   0.0
[INPUT] 11 C     -3.837261470000  -1.292543480000  -0.000066000000 AA   -7.251373246646  -2.442553181292  -0.000124721924 Bohr   0.0
[INPUT] 12 C     -4.702161130000  -0.204992920000  -0.000230000000 AA   -8.885796729275  -0.387380476275  -0.000434637009 Bohr   0.0
[INPUT] 13 C     -4.180931330000   1.079174570000  -0.000153000000 AA   -7.900815159314   2.039344377895  -0.000289128097 Bohr   0.0
[INPUT] 14 C     -2.810417880000   1.270886490000   0.000085000000 AA   -5.310920088781   2.401627401510   0.000160626721 Bohr   0.0
[INPUT] 15 H      0.235195910000  -1.507693400000   0.000121000000 AA    0.444455855518  -2.849127605814   0.000228656861 Bohr   0.0
[INPUT] 16 H      1.814400280000   1.962668220000  -0.000103000000 AA    3.428719609534   3.708905409188  -0.000194641791 Bohr   0.0
[INPUT] 17 H      4.236442310000   2.299259080000  -0.000066000000 AA    8.005715708420   4.344969950619  -0.000124721924 Bohr   0.0
[INPUT] 18 H      5.773326700000   0.360670860000  -0.000022000000 AA   10.910006290639   0.681569146511  -0.000041573975 Bohr   0.0
[INPUT] 19 H      4.844371070000  -1.934910230000  -0.000030000000 AA    9.154534568066  -3.656450410319  -0.000056691784 Bohr   0.0
[INPUT] 20 H      2.406135040000  -2.276877090000  -0.000063000000 AA    4.546936244319  -4.302674119397  -0.000119052746 Bohr   0.0
[INPUT] 21 H     -0.235194910000   1.507690400000   0.000065000000 AA   -0.444453965792   2.849121936636   0.000122832198 Bohr   0.0
[INPUT] 22 H     -1.814398280000  -1.962667220000   0.000310000000 AA   -3.428715830082  -3.708903519461   0.000585815099 Bohr   0.0
[INPUT] 23 H     -4.236443310000  -2.299258080000  -0.000106000000 AA   -8.005717598146  -4.344968060893  -0.000200310969 Bohr   0.0
[INPUT] 24 H     -5.773325700000  -0.360668860000  -0.000411000000 AA  -10.910004400913  -0.681565367059  -0.000776677437 Bohr   0.0
[INPUT] 25 H     -4.844371070000   1.934910230000  -0.000283000000 AA   -9.154534568066   3.656450410319  -0.000534792493 Bohr   0.0
[INPUT] 26 H     -2.406135040000   2.276877090000   0.000140000000 AA   -4.546936244319   4.302674119397   0.000264561657 Bohr   0.0

nuclear repulsion = 735.601288552494
number of shells = 94
number of NR pGTOs = 356
number of NR cGTOs = 150
basis = 631g
ecp = {}
CPU time:         1.86


******** <class 'pyscf.scf.hf.RHF'> ********
method = RHF
initial guess = minao
damping factor = 0
level_shift factor = 0
DIIS = <class 'pyscf.scf.diis.CDIIS'>
diis_start_cycle = 1
diis_space = 8
diis_damp = 0
SCF conv_tol = 1e-09
SCF conv_tol_grad = None
SCF max_cycles = 50
direct_scf = True
direct_scf_tol = 1e-13
chkfile to save SCF result = /scratch/local/jobs/39127994/tmp2o_gx0i4
max_memory 4000 MB (current use 93 MB)
Set gradient conv threshold to 3.16228e-05
Initial guess from minao.
init E= -541.655007459961
  HOMO = -0.178095470374165  LUMO = -0.0151312561226805
cycle= 1 E= -536.823485992269  delta_E= 4.83  |g|= 0.543  |ddm|= 5.05
  HOMO = -0.286097953216312  LUMO = 0.0515707808192537
cycle= 2 E= -536.942552242897  delta_E= -0.119  |g|= 0.144  |ddm|= 1.28
  HOMO = -0.26001941408113  LUMO = 0.0858569040006626
cycle= 3 E= -536.950934840683  delta_E= -0.00838  |g|= 0.0452  |ddm|= 0.411
  HOMO = -0.271684873042075  LUMO = 0.0768155172748069
cycle= 4 E= -536.951611833468  delta_E= -0.000677  |g|= 0.0115  |ddm|= 0.0842
  HOMO = -0.271493062804306  LUMO = 0.0778089227311205
cycle= 5 E= -536.95165903219  delta_E= -4.72e-05  |g|= 0.00326  |ddm|= 0.0185
  HOMO = -0.271532226033627  LUMO = 0.0782734678718997
cycle= 6 E= -536.951665004132  delta_E= -5.97e-06  |g|= 0.000687  |ddm|= 0.0069
  HOMO = -0.271621775201974  LUMO = 0.0784056444550242
cycle= 7 E= -536.951665485428  delta_E= -4.81e-07  |g|= 0.000251  |ddm|= 0.00191
  HOMO = -0.271677137563023  LUMO = 0.0784222556096272
cycle= 8 E= -536.951665543587  delta_E= -5.82e-08  |g|= 8.33e-05  |ddm|= 0.0006
  HOMO = -0.271689139219702  LUMO = 0.0784309460460945
cycle= 9 E= -536.95166555187  delta_E= -8.28e-09  |g|= 3.71e-05  |ddm|= 0.000241
  HOMO = -0.271690761479111  LUMO = 0.0784307439780877
cycle= 10 E= -536.951665553369  delta_E= -1.5e-09  |g|= 1.94e-05  |ddm|= 9.52e-05
  HOMO = -0.271692779625517  LUMO = 0.0784279404180754
cycle= 11 E= -536.951665553858  delta_E= -4.9e-10  |g|= 5.8e-06  |ddm|= 7.19e-05
  HOMO = -0.271692360925792  LUMO = 0.0784276330690719
Extra cycle  E= -536.951665553885  delta_E= -2.68e-11  |g|= 3.46e-06  |ddm|= 1.37e-05
converged SCF energy = -536.951665553885

******** LASSCF flags ********
CAS (5e+5e, 10o), ncore = 43, nvir = 97
Divided into 3 LAS spaces
LAS 0 : (2e+2e, 4o)
LAS 1 : (1e+1e, 2o)
LAS 2 : (2e+2e, 4o)
nroots = 1
max_cycle_macro = 50
max_cycle_micro = 5
conv_tol_grad = 0.0001
max_memory 4000 MB (current use 780 MB)
fragment 0 FCI solver flags:
******** <class 'mrh.my_pyscf.mcscf.addons.get_h1e_zipped_fcisolver.<locals>.FCISolver'> ********
max. cycles = 100
conv_tol = 1e-10
davidson only = False
linear dependence = 1e-14
level shift = 0.001
max iter space = 12
max_memory 4000 MB
nroots = 1
pspace_size = 200
spin = 0
State-average over 1 states with weights [1.0]
fragment 1 FCI solver flags:
******** <class 'mrh.my_pyscf.mcscf.addons.get_h1e_zipped_fcisolver.<locals>.FCISolver'> ********
max. cycles = 100
conv_tol = 1e-10
davidson only = False
linear dependence = 1e-14
level shift = 0.001
max iter space = 12
max_memory 4000 MB
nroots = 1
pspace_size = 200
spin = 0
State-average over 1 states with weights [1.0]
fragment 2 FCI solver flags:
******** <class 'mrh.my_pyscf.mcscf.addons.get_h1e_zipped_fcisolver.<locals>.FCISolver'> ********
max. cycles = 100
conv_tol = 1e-10
davidson only = False
linear dependence = 1e-14
level shift = 0.001
max iter space = 12
max_memory 4000 MB
nroots = 1
pspace_size = 200
spin = 0
State-average over 1 states with weights [1.0]
LASCI subspace 0 with no orbsym information
LASCI subspace 1 with no orbsym information
LASCI subspace 2 with no orbsym information
LASCI subspace CI energies: [np.float64(-3.0700889115803562), np.float64(-1.2064224303993836), np.float64(-3.0700844603456288)]
LASCI macro 0 : E = -536.955616795563 ; |g_int| = 0.304024786997763 ; |g_ci| = 0.00056749937921386 ; |g_x| = 0
LASCI micro 1 : |x_orb| = 0.269890491507906 ; |x_ci| = 0.026529556949028
LASCI micro 2 : |x_orb| = 0.268151624146699 ; |x_ci| = 0.00442715524561433
LASCI micro 3 : |x_orb| = 0.320435180240862 ; |x_ci| = 0.0237375176482214
LASCI micro 4 : |x_orb| = 0.32447084763253 ; |x_ci| = 0.0237346071843063
LASCI micro 5 : |x_orb| = 0.327027019845198 ; |x_ci| = 0.029100815506835
LASCI subspace 0 with no orbsym information
LASCI subspace 1 with no orbsym information
LASCI subspace 2 with no orbsym information
LASCI subspace CI energies: [np.float64(-3.080742577356053), np.float64(-1.2388581789598252), np.float64(-3.0807416422351457)]
LASCI macro 1 : E = -537.019995709514 ; |g_int| = 0.151596018524797 ; |g_ci| = 0.000163482495235855 ; |g_x| = 0
LASCI micro 1 : |x_orb| = 0.232582011106305 ; |x_ci| = 0.0147078488085322
LASCI micro 2 : |x_orb| = 0.237530133196381 ; |x_ci| = 0.0020790181468048
LASCI micro 3 : |x_orb| = 0.2786875458922 ; |x_ci| = 0.0129516107341884
LASCI micro 4 : |x_orb| = 0.2812155820458 ; |x_ci| = 0.0096862073713824
LASCI micro 5 : |x_orb| = 0.280142654799096 ; |x_ci| = 0.00692856089395012
LASCI subspace 0 with no orbsym information
LASCI subspace 1 with no orbsym information
LASCI subspace 2 with no orbsym information
LASCI subspace CI energies: [np.float64(-3.0816880337824704), np.float64(-1.2431399292582035), np.float64(-3.0816886038806697)]
LASCI macro 2 : E = -537.038077017967 ; |g_int| = 0.078083231531399 ; |g_ci| = 9.35690372918715e-05 ; |g_x| = 0
LASCI micro 1 : |x_orb| = 0.392908235639873 ; |x_ci| = 0.00916885736455846
LASCI micro 2 : |x_orb| = 0.410159510641886 ; |x_ci| = 0.0129578901747764
LASCI micro 3 : |x_orb| = 0.411758926593084 ; |x_ci| = 0.0136635141471426
LASCI micro 4 : |x_orb| = 0.492625488700628 ; |x_ci| = 0.0290162200668948
LASCI micro 5 : |x_orb| = 0.49292973403038 ; |x_ci| = 0.029052055071431
LASCI subspace 0 with no orbsym information
LASCI subspace 1 with no orbsym information
LASCI subspace 2 with no orbsym information
LASCI subspace CI energies: [np.float64(-3.085635558613011), np.float64(-1.2367788218553013), np.float64(-3.08563607918647)]
LASCI macro 3 : E = -537.051559395834 ; |g_int| = 0.0386759045104603 ; |g_ci| = 1.2932924941268e-05 ; |g_x| = 0
LASCI micro 1 : |x_orb| = 0.170984418145184 ; |x_ci| = 0.00391808146159315
LASCI micro 2 : |x_orb| = 0.172453848924131 ; |x_ci| = 0.0044834607819902
LASCI micro 3 : |x_orb| = 0.19106191672128 ; |x_ci| = 0.006072769261783
LASCI micro 4 : |x_orb| = 0.195736697115441 ; |x_ci| = 0.00230484810282178
LASCI micro 5 : |x_orb| = 0.210495295815803 ; |x_ci| = 0.00606494524706476
LASCI subspace 0 with no orbsym information
LASCI subspace 1 with no orbsym information
LASCI subspace 2 with no orbsym information
LASCI subspace CI energies: [np.float64(-3.0869219330958195), np.float64(-1.2339037107068966), np.float64(-3.086922248409584)]
LASCI macro 4 : E = -537.054578110035 ; |g_int| = 0.0191479503859497 ; |g_ci| = 4.0536134975707e-05 ; |g_x| = 0
LASCI micro 1 : |x_orb| = 0.110200203771262 ; |x_ci| = 0.00359158867479579
LASCI micro 2 : |x_orb| = 0.123828164614072 ; |x_ci| = 0.00711490509924241
LASCI micro 3 : |x_orb| = 0.238307684278773 ; |x_ci| = 0.00866352476550218
LASCI micro 4 : |x_orb| = 0.262811735500129 ; |x_ci| = 0.0129098504692784
LASCI micro 5 : |x_orb| = 1.92065826286825 ; |x_ci| = 0.0492880888184239
Unstable microiteration aborted: ||x(n)|| > 10*||x(0)||
LASCI subspace 0 with no orbsym information
LASCI subspace 1 with no orbsym information
LASCI subspace 2 with no orbsym information
LASCI subspace CI energies: [np.float64(-3.0941775098298923), np.float64(-1.2319614687600755), np.float64(-3.0941774767821935)]
LASCI macro 5 : E = -537.055830096778 ; |g_int| = 0.00752063587104756 ; |g_ci| = 9.5982758878287e-06 ; |g_x| = 0
LASCI micro 1 : |x_orb| = 0.649977864399756 ; |x_ci| = 0.0167273750132239
LASCI micro 2 : |x_orb| = 1.79974996765353 ; |x_ci| = 0.0812800867680448
LASCI micro 3 : |x_orb| = 1.17236533053173 ; |x_ci| = 0.0256862938126288
LASCI micro 4 : |x_orb| = 0.904895940014222 ; |x_ci| = 0.00588917009643504
LASCI micro 5 : |x_orb| = 0.600722079237122 ; |x_ci| = 0.0108924148196389
LASCI subspace 0 with no orbsym information
LASCI subspace 1 with no orbsym information
LASCI subspace 2 with no orbsym information
LASCI subspace CI energies: [np.float64(-3.0830739263933085), np.float64(-1.237446188447619), np.float64(-3.0830743865817265)]
LASCI macro 6 : E = -537.054901920739 ; |g_int| = 0.00639063026742632 ; |g_ci| = 6.95096117129829e-05 ; |g_x| = 0
LASCI micro 1 : |x_orb| = 0.0429029467624638 ; |x_ci| = 0.00136072824770187
LASCI micro 2 : |x_orb| = 0.0596146661125323 ; |x_ci| = 0.00392972945861447
LASCI micro 3 : |x_orb| = 0.122741899539995 ; |x_ci| = 0.00512535100096323
LASCI micro 4 : |x_orb| = 0.138873947784561 ; |x_ci| = 0.00743972857841925
LASCI micro 5 : |x_orb| = 0.25943034402572 ; |x_ci| = 0.00737831032853875
LASCI subspace 0 with no orbsym information
LASCI subspace 1 with no orbsym information
LASCI subspace 2 with no orbsym information
LASCI subspace CI energies: [np.float64(-3.0893167365682315), np.float64(-1.2387685784838032), np.float64(-3.0893170552644396)]
LASCI macro 7 : E = -537.0548488252 ; |g_int| = 0.00862636425184216 ; |g_ci| = 0.00010043564058438 ; |g_x| = 0
LASCI micro 1 : |x_orb| = 0.0144586246422857 ; |x_ci| = 0.00102315252845927
LASCI micro 2 : |x_orb| = 0.0145733469151818 ; |x_ci| = 0.000474205118099408
LASCI micro 3 : |x_orb| = 0.0160192320085407 ; |x_ci| = 0.000945049324278163
LASCI micro 4 : |x_orb| = 0.0169434422652232 ; |x_ci| = 0.000713850705006207
LASCI micro 5 : |x_orb| = 0.0169889487269769 ; |x_ci| = 0.000857396993132821
LASCI subspace 0 with no orbsym information
LASCI subspace 1 with no orbsym information
LASCI subspace 2 with no orbsym information
LASCI subspace CI energies: [np.float64(-3.0890509302748743), np.float64(-1.2368296339046785), np.float64(-3.0890511594506282)]
LASCI macro 8 : E = -537.054903962778 ; |g_int| = 0.0047392993903777 ; |g_ci| = 2.06544435890473e-05 ; |g_x| = 0
LASCI micro 1 : |x_orb| = 0.00774387188088215 ; |x_ci| = 0.000527410444339856
LASCI micro 2 : |x_orb| = 0.00776374040136553 ; |x_ci| = 0.000251737743652603
LASCI micro 3 : |x_orb| = 0.00887990744997829 ; |x_ci| = 0.000532614986088202
LASCI micro 4 : |x_orb| = 0.00892581071261638 ; |x_ci| = 0.000365193521740982
LASCI micro 5 : |x_orb| = 0.00917535406557318 ; |x_ci| = 0.000486081847101035
LASCI subspace 0 with no orbsym information
LASCI subspace 1 with no orbsym information
LASCI subspace 2 with no orbsym information
LASCI subspace CI energies: [np.float64(-3.0891728169017307), np.float64(-1.2367054327916214), np.float64(-3.0891730904519448)]
LASCI macro 9 : E = -537.054919571409 ; |g_int| = 0.00257623202861513 ; |g_ci| = 1.25595801536595e-05 ; |g_x| = 0
LASCI micro 1 : |x_orb| = 0.0048833964671405 ; |x_ci| = 0.000335814277791818
LASCI micro 2 : |x_orb| = 0.00486240520063184 ; |x_ci| = 0.000153186993189799
LASCI micro 3 : |x_orb| = 0.00688331332482553 ; |x_ci| = 0.000403144403366942
LASCI micro 4 : |x_orb| = 0.00672965559123011 ; |x_ci| = 0.000367461119869674
LASCI micro 5 : |x_orb| = 0.00927696242876296 ; |x_ci| = 0.000606646653279099
LASCI subspace 0 with no orbsym information
LASCI subspace 1 with no orbsym information
LASCI subspace 2 with no orbsym information
LASCI subspace CI energies: [np.float64(-3.0893381243503537), np.float64(-1.2365521342731218), np.float64(-3.089338413479153)]
LASCI macro 10 : E = -537.054924716856 ; |g_int| = 0.00130884590423508 ; |g_ci| = 1.47085730922529e-05 ; |g_x| = 0
LASCI micro 1 : |x_orb| = 0.00642325584146133 ; |x_ci| = 0.000325443419228185
LASCI micro 2 : |x_orb| = 0.00646304277531576 ; |x_ci| = 0.000341843467893762
LASCI micro 3 : |x_orb| = 0.0266667233509785 ; |x_ci| = 0.00104393559336518
LASCI micro 4 : |x_orb| = 0.0535481083241364 ; |x_ci| = 0.00297332339494184
LASCI micro 5 : |x_orb| = 0.128176271174679 ; |x_ci| = 0.00553442112026024
Unstable microiteration aborted: ||x(n)|| > 10*||x(0)||
LASCI subspace 0 with no orbsym information
LASCI subspace 1 with no orbsym information
LASCI subspace 2 with no orbsym information
LASCI subspace CI energies: [np.float64(-3.090945970776274), np.float64(-1.236459095903968), np.float64(-3.0909459984183325)]
LASCI macro 11 : E = -537.054934479864 ; |g_int| = 0.000984125543689612 ; |g_ci| = 3.46749654900469e-05 ; |g_x| = 0
LASCI micro 1 : |x_orb| = 0.165939721874329 ; |x_ci| = 0.00318828320777274
LASCI micro 2 : |x_orb| = 0.131139294103601 ; |x_ci| = 0.00389847772014147
LASCI micro 3 : |x_orb| = 0.0713406262145386 ; |x_ci| = 0.00119032108997713
LASCI micro 4 : |x_orb| = 0.0706269836158641 ; |x_ci| = 0.00100121306753602
LASCI micro 5 : |x_orb| = 0.0539718221662592 ; |x_ci| = 0.00076967331075483
LASCI subspace 0 with no orbsym information
LASCI subspace 1 with no orbsym information
LASCI subspace 2 with no orbsym information
LASCI subspace CI energies: [np.float64(-3.089258759400595), np.float64(-1.2367191711215961), np.float64(-3.0892591814897603)]
LASCI macro 12 : E = -537.054925345687 ; |g_int| = 0.000946324961093307 ; |g_ci| = 9.30584172684844e-06 ; |g_x| = 0
LASCI micro 1 : |x_orb| = 0.00949106626753356 ; |x_ci| = 0.00038217381198389
LASCI micro 2 : |x_orb| = 0.0125649181570716 ; |x_ci| = 0.000835038325879381
LASCI micro 3 : |x_orb| = 1.7663639848056 ; |x_ci| = 0.0482237917300431
Unstable microiteration aborted: ||x(n)|| > 10*||x(0)||
LASCI subspace 0 with no orbsym information
LASCI subspace 1 with no orbsym information
LASCI subspace 2 with no orbsym information
LASCI subspace CI energies: [np.float64(-3.0897089479633677), np.float64(-1.2367466265823845), np.float64(-3.089709332997102)]
LASCI macro 13 : E = -537.054927123988 ; |g_int| = 0.000963416149289074 ; |g_ci| = 5.50417028028737e-06 ; |g_x| = 0
LASCI micro 1 : |x_orb| = 0.018459967578486 ; |x_ci| = 0.000437163997828683
LASCI micro 2 : |x_orb| = 0.0565821103182107 ; |x_ci| = 0.00263934420571216
LASCI micro 3 : |x_orb| = 0.0286775036434266 ; |x_ci| = 0.000617451542239228
LASCI micro 4 : |x_orb| = 0.0285060773134089 ; |x_ci| = 0.000576854689699946
LASCI micro 5 : |x_orb| = 0.0248564791088036 ; |x_ci| = 0.000446538109550918
LASCI subspace 0 with no orbsym information
LASCI subspace 1 with no orbsym information
LASCI subspace 2 with no orbsym information
LASCI subspace CI energies: [np.float64(-3.0889326645845507), np.float64(-1.2367048448041973), np.float64(-3.0889331232746304)]
LASCI macro 14 : E = -537.054924861473 ; |g_int| = 0.000502063205354818 ; |g_ci| = 5.24550054118151e-06 ; |g_x| = 0
LASCI micro 1 : |x_orb| = 0.00636474385003762 ; |x_ci| = 0.000205952063495293
LASCI micro 2 : |x_orb| = 0.0226196702691769 ; |x_ci| = 0.00153920601231776
LASCI micro 3 : |x_orb| = 0.0141297471779785 ; |x_ci| = 0.000345203438251902
LASCI micro 4 : |x_orb| = 0.0139734862888499 ; |x_ci| = 0.000383259764183433
LASCI micro 5 : |x_orb| = 0.0121533936875842 ; |x_ci| = 0.000305405205765371
LASCI subspace 0 with no orbsym information
LASCI subspace 1 with no orbsym information
LASCI subspace 2 with no orbsym information
LASCI subspace CI energies: [np.float64(-3.088552692740855), np.float64(-1.2365690875689435), np.float64(-3.088553029399089)]
LASCI macro 15 : E = -537.054924304346 ; |g_int| = 0.000328751967136835 ; |g_ci| = 3.88576759402419e-06 ; |g_x| = 0
LASCI micro 1 : |x_orb| = 0.00211011485741915 ; |x_ci| = 9.72456482150146e-05
LASCI micro 2 : |x_orb| = 0.0025182872245565 ; |x_ci| = 0.000181027420159335
LASCI micro 3 : |x_orb| = 0.434108726383916 ; |x_ci| = 0.012945643503204
Unstable microiteration aborted: ||x(n)|| > 10*||x(0)||
LASCI subspace 0 with no orbsym information
LASCI subspace 1 with no orbsym information
LASCI subspace 2 with no orbsym information
LASCI subspace CI energies: [np.float64(-3.088626926568893), np.float64(-1.2365358121006613), np.float64(-3.0886271634504676)]
LASCI macro 16 : E = -537.054924427544 ; |g_int| = 0.000294319289990961 ; |g_ci| = 1.40014023212376e-06 ; |g_x| = 0
LASCI micro 1 : |x_orb| = 0.00355286606484981 ; |x_ci| = 0.00010781158583694
LASCI micro 2 : |x_orb| = 0.0146600243867253 ; |x_ci| = 0.000981960304144989
LASCI micro 3 : |x_orb| = 0.00844438447256315 ; |x_ci| = 0.000184142026155527
LASCI micro 4 : |x_orb| = 0.00841826827316067 ; |x_ci| = 0.000200480841659381
LASCI micro 5 : |x_orb| = 0.00729832415016705 ; |x_ci| = 0.000157623964462391
LASCI subspace 0 with no orbsym information
LASCI subspace 1 with no orbsym information
LASCI subspace 2 with no orbsym information
LASCI subspace CI energies: [np.float64(-3.0884158960529655), np.float64(-1.2365122711770888), np.float64(-3.0884162357471343)]
LASCI macro 17 : E = -537.054924229986 ; |g_int| = 0.000187728213853654 ; |g_ci| = 1.84099248970391e-06 ; |g_x| = 0
LASCI subspace 0 with no orbsym information
LASCI subspace 1 with no orbsym information
LASCI subspace 2 with no orbsym information
LASCI subspace CI energies: [np.float64(-3.0884198867599526), np.float64(-1.2364695080176946), np.float64(-3.0884202542049692)]
LASCI macro 18 : E = -537.05492424913 ; |g_int| = 0.00010103027915905 ; |g_ci| = 5.88557522584515e-07 ; |g_x| = 0
LASCI subspace 0 with no orbsym information
LASCI subspace 1 with no orbsym information
LASCI subspace 2 with no orbsym information
LASCI subspace CI energies: [np.float64(-3.0884338113341925), np.float64(-1.236476308702378), np.float64(-3.088434169119683)]
LASCI macro 19 : E = -537.054924259951 ; |g_int| = 6.87519834845843e-05 ; |g_ci| = 2.46255842404337e-07 ; |g_x| = 0
LASCI converged after 20 cycles
LASCI E = -537.054924259951 ; |g_int| = 6.87519834845843e-05 ; |g_ci| = 2.46255842404337e-07 ; |g_ext| = 0
Fragment 0 natural orbitals
Natural occ [1.94216772 1.93968116 0.06065981 0.05749132]
Natural orbital (expansion on AOs) in CAS space
               #1        #2        #3        #4       
0 C 1s          -0.00001  -0.00000  -0.00000  -0.00001
0 C 2s           0.00001  -0.00000  -0.00000   0.00003
0 C 3s          -0.00002   0.00006   0.00008   0.00015
0 C 2px         -0.00001  -0.00000  -0.00000  -0.00002
0 C 2py          0.00000  -0.00000   0.00000   0.00001
0 C 2pz         -0.03790  -0.00233  -0.00434  -0.08118
0 C 3px          0.00004   0.00001  -0.00002   0.00004
0 C 3py         -0.00001   0.00006   0.00006   0.00005
0 C 3pz          0.00629   0.00879  -0.00740  -0.17971
1 C 1s           0.00000   0.00000   0.00000   0.00000
1 C 2s          -0.00000   0.00000   0.00000  -0.00000
1 C 3s          -0.00002  -0.00003  -0.00001  -0.00005
1 C 2px          0.00000  -0.00000   0.00000   0.00001
1 C 2py         -0.00001   0.00000   0.00000   0.00001
1 C 2pz         -0.34105  -0.04120   0.02255   0.48803
1 C 3px          0.00002   0.00003   0.00003   0.00008
1 C 3py          0.00002  -0.00003  -0.00004   0.00001
1 C 3pz         -0.26791  -0.03502   0.02089   0.45959
2 C 1s           0.00000   0.00000   0.00000   0.00000
2 C 2s          -0.00000  -0.00000  -0.00000   0.00000
2 C 3s          -0.00002   0.00000   0.00000  -0.00003
2 C 2px          0.00000   0.00000   0.00001   0.00000
2 C 2py         -0.00000  -0.00001  -0.00001  -0.00000
2 C 2pz         -0.13951  -0.30119  -0.39436  -0.21116
2 C 3px         -0.00000  -0.00002  -0.00002  -0.00002
2 C 3py          0.00001  -0.00002  -0.00002   0.00002
2 C 3pz         -0.11125  -0.24572  -0.34492  -0.20415
3 C 1s          -0.00000   0.00000  -0.00000   0.00000
3 C 2s           0.00000  -0.00000   0.00000  -0.00000
3 C 3s           0.00001   0.00001   0.00002   0.00002
3 C 2px         -0.00000   0.00000  -0.00001   0.00000
3 C 2py          0.00000  -0.00000   0.00000  -0.00000
3 C 2pz          0.17337  -0.25768   0.35646  -0.21097
3 C 3px         -0.00000  -0.00001  -0.00002  -0.00001
3 C 3py         -0.00000   0.00000   0.00001  -0.00001
3 C 3pz          0.14405  -0.21138   0.33433  -0.18322
4 C 1s           0.00000   0.00000  -0.00000   0.00000
4 C 2s          -0.00000  -0.00000   0.00000  -0.00000
4 C 3s          -0.00000  -0.00000  -0.00000  -0.00002
4 C 2px         -0.00000  -0.00000  -0.00000  -0.00001
4 C 2py          0.00000   0.00000  -0.00000   0.00000
4 C 2pz          0.29984   0.04277   0.02755   0.39673
4 C 3px         -0.00000   0.00000   0.00000   0.00000
4 C 3py         -0.00000   0.00000   0.00001   0.00001
4 C 3pz          0.25308   0.03615   0.02802   0.36538
5 C 1s          -0.00000  -0.00000   0.00000   0.00000
5 C 2s           0.00000   0.00000  -0.00000  -0.00000
5 C 3s           0.00000   0.00001   0.00000   0.00000
5 C 2px         -0.00000  -0.00001   0.00001   0.00001
5 C 2py          0.00000   0.00000  -0.00000   0.00000
5 C 2pz          0.10519   0.29673  -0.38682  -0.17147
5 C 3px         -0.00000  -0.00001   0.00001   0.00001
5 C 3py         -0.00000   0.00001   0.00001   0.00001
5 C 3pz          0.09073   0.24201  -0.35791  -0.14501
6 C 1s          -0.00000   0.00000  -0.00000  -0.00000
6 C 2s           0.00000  -0.00000   0.00000   0.00000
6 C 3s           0.00001  -0.00002  -0.00002  -0.00000
6 C 2px         -0.00000  -0.00000  -0.00000  -0.00000
6 C 2py          0.00000  -0.00000  -0.00000   0.00000
6 C 2pz         -0.21366   0.25581   0.36729  -0.25946
6 C 3px         -0.00001  -0.00000   0.00001   0.00000
6 C 3py          0.00000  -0.00001  -0.00002  -0.00002
6 C 3pz         -0.17731   0.20993   0.32430  -0.24207
7 C 1s          -0.00001  -0.00000   0.00000   0.00001
7 C 2s           0.00002   0.00000   0.00000  -0.00003
7 C 3s           0.00008  -0.00000  -0.00004   0.00003
7 C 2px          0.00003   0.00000  -0.00000  -0.00004
7 C 2py         -0.00002   0.00000   0.00000   0.00003
7 C 2pz          0.05146   0.00684   0.00418  -0.03497
7 C 3px          0.00001  -0.00007  -0.00005  -0.00009
7 C 3py         -0.00006   0.00001   0.00004  -0.00004
7 C 3pz          0.05973  -0.00084   0.00229  -0.00675
8 C 1s           0.00000   0.00000   0.00000  -0.00000
8 C 2s          -0.00001   0.00000  -0.00000   0.00000
8 C 3s          -0.00003  -0.00003  -0.00001  -0.00005
8 C 2px         -0.00002  -0.00000  -0.00000   0.00001
8 C 2py         -0.00000   0.00000   0.00000  -0.00000
8 C 2pz          0.00584   0.00060  -0.00016   0.01322
8 C 3px         -0.00003  -0.00004  -0.00002  -0.00009
8 C 3py          0.00003  -0.00003  -0.00004   0.00002
8 C 3pz          0.00221   0.00484   0.00050   0.01094
9 C 1s           0.00000   0.00000  -0.00000  -0.00000
9 C 2s          -0.00000   0.00000   0.00000   0.00000
9 C 3s           0.00000  -0.00003  -0.00003  -0.00001
9 C 2px          0.00000  -0.00000   0.00000  -0.00000
9 C 2py          0.00000   0.00000   0.00000   0.00000
9 C 2pz         -0.01243  -0.00134   0.00026   0.01267
9 C 3px          0.00002   0.00001  -0.00000   0.00003
9 C 3py          0.00001  -0.00002  -0.00002  -0.00001
9 C 3pz         -0.01364  -0.00303  -0.00043   0.01094
10 C 1s          0.00000   0.00000   0.00000   0.00000
10 C 2s         -0.00000  -0.00000  -0.00000  -0.00000
10 C 3s          0.00001   0.00001   0.00000   0.00002
10 C 2px        -0.00000   0.00000  -0.00000   0.00000
10 C 2py         0.00000  -0.00000  -0.00000   0.00000
10 C 2pz        -0.00210  -0.00037   0.00013  -0.00290
10 C 3px         0.00001   0.00000  -0.00000   0.00001
10 C 3py        -0.00000   0.00001   0.00001   0.00000
10 C 3pz        -0.00255  -0.00002   0.00059  -0.00263
11 C 1s          0.00000   0.00000   0.00000  -0.00000
11 C 2s         -0.00000   0.00000   0.00000   0.00000
11 C 3s         -0.00000  -0.00001  -0.00000  -0.00001
11 C 2px        -0.00000  -0.00000   0.00000   0.00000
11 C 2py        -0.00000   0.00000   0.00000  -0.00000
11 C 2pz         0.00822   0.00101  -0.00073  -0.00824
11 C 3px        -0.00001  -0.00000  -0.00000  -0.00001
11 C 3py        -0.00001   0.00000   0.00000  -0.00001
11 C 3pz         0.01160   0.00110  -0.00113  -0.00903
12 C 1s          0.00000   0.00000   0.00000  -0.00000
12 C 2s         -0.00000   0.00000   0.00000   0.00000
12 C 3s          0.00001   0.00000  -0.00000   0.00003
12 C 2px        -0.00000  -0.00000   0.00000   0.00000
12 C 2py        -0.00000  -0.00000  -0.00000  -0.00000
12 C 2pz        -0.00216  -0.00017   0.00034  -0.00299
12 C 3px        -0.00000  -0.00000  -0.00000   0.00001
12 C 3py        -0.00001   0.00000   0.00000  -0.00001
12 C 3pz        -0.00186   0.00026   0.00062  -0.00251
13 C 1s         -0.00000  -0.00000   0.00000   0.00000
13 C 2s          0.00000   0.00000  -0.00000  -0.00000
13 C 3s         -0.00002   0.00000   0.00002  -0.00005
13 C 2px         0.00001   0.00000   0.00000  -0.00001
13 C 2py        -0.00000  -0.00000  -0.00000   0.00000
13 C 2pz        -0.01273  -0.00145   0.00018   0.01004
13 C 3px         0.00000   0.00001   0.00000   0.00000
13 C 3py         0.00001   0.00001  -0.00000   0.00004
13 C 3pz        -0.01550  -0.00324  -0.00014   0.00897
14 H 1s          0.00000   0.00000  -0.00000  -0.00001
14 H 2s          0.00001   0.00003   0.00002  -0.00001
15 H 1s         -0.00000  -0.00000  -0.00000   0.00000
15 H 2s         -0.00001  -0.00000   0.00000  -0.00001
16 H 1s          0.00000   0.00000   0.00000   0.00000
16 H 2s          0.00000  -0.00000   0.00000   0.00001
17 H 1s         -0.00000  -0.00000  -0.00000   0.00000
17 H 2s         -0.00000  -0.00000  -0.00000  -0.00000
18 H 1s          0.00000  -0.00000   0.00000   0.00000
18 H 2s         -0.00000   0.00000   0.00000   0.00001
19 H 1s         -0.00000  -0.00000   0.00000   0.00000
19 H 2s         -0.00000  -0.00001  -0.00000  -0.00001
20 H 1s         -0.00001   0.00000   0.00000   0.00000
20 H 2s          0.00002   0.00001  -0.00001   0.00003
21 H 1s         -0.00000   0.00000   0.00000  -0.00000
21 H 2s          0.00000  -0.00001  -0.00001  -0.00002
22 H 1s          0.00000   0.00000   0.00000  -0.00000
22 H 2s          0.00000   0.00000   0.00000   0.00000
23 H 1s         -0.00000  -0.00000   0.00000  -0.00000
23 H 2s         -0.00000  -0.00000   0.00000  -0.00000
24 H 1s          0.00000   0.00000  -0.00000  -0.00000
24 H 2s          0.00000  -0.00000  -0.00000   0.00000
25 H 1s          0.00000  -0.00000  -0.00000  -0.00000
25 H 2s         -0.00000  -0.00001  -0.00000  -0.00002
Fragment 1 natural orbitals
Natural occ [1.92571782 0.07428218]
Natural orbital (expansion on AOs) in CAS space
               #1        #2       
0 C 1s          -0.00010  -0.00009
0 C 2s           0.00023   0.00018
0 C 3s           0.00015   0.00150
0 C 2px         -0.00015  -0.00017
0 C 2py          0.00008   0.00006
0 C 2pz         -0.39418  -0.58891
0 C 3px         -0.00007   0.00002
0 C 3py          0.00003   0.00048
0 C 3pz         -0.29751  -0.42518
1 C 1s           0.00000   0.00003
1 C 2s          -0.00000  -0.00005
1 C 3s          -0.00002  -0.00033
1 C 2px         -0.00001   0.00012
1 C 2py         -0.00000   0.00002
1 C 2pz         -0.02830   0.06457
1 C 3px         -0.00004   0.00067
1 C 3py         -0.00002  -0.00013
1 C 3pz          0.02338   0.15344
2 C 1s           0.00000  -0.00000
2 C 2s          -0.00001   0.00002
2 C 3s           0.00001  -0.00007
2 C 2px          0.00001  -0.00001
2 C 2py          0.00001  -0.00000
2 C 2pz          0.04709   0.03875
2 C 3px          0.00001  -0.00019
2 C 3py         -0.00002   0.00007
2 C 3pz          0.04116   0.01748
3 C 1s          -0.00000   0.00000
3 C 2s           0.00000  -0.00000
3 C 3s          -0.00001   0.00012
3 C 2px         -0.00001   0.00001
3 C 2py         -0.00000  -0.00000
3 C 2pz          0.01053  -0.02321
3 C 3px         -0.00001  -0.00004
3 C 3py          0.00001  -0.00002
3 C 3pz          0.01066  -0.03038
4 C 1s           0.00000   0.00000
4 C 2s          -0.00000   0.00001
4 C 3s           0.00001  -0.00008
4 C 2px          0.00000  -0.00000
4 C 2py          0.00000   0.00000
4 C 2pz         -0.02049  -0.01357
4 C 3px         -0.00001   0.00005
4 C 3py          0.00001   0.00003
4 C 3pz         -0.03135  -0.00427
5 C 1s          -0.00000   0.00000
5 C 2s           0.00000  -0.00001
5 C 3s          -0.00003   0.00013
5 C 2px         -0.00000   0.00001
5 C 2py         -0.00000   0.00000
5 C 2pz          0.00896  -0.01982
5 C 3px          0.00002  -0.00002
5 C 3py         -0.00000   0.00007
5 C 3pz          0.00536  -0.03091
6 C 1s          -0.00000  -0.00001
6 C 2s          -0.00000   0.00004
6 C 3s           0.00003  -0.00029
6 C 2px          0.00000  -0.00002
6 C 2py          0.00000   0.00001
6 C 2pz          0.04591   0.05068
6 C 3px          0.00003  -0.00005
6 C 3py          0.00002  -0.00023
6 C 3pz          0.04885   0.03339
7 C 1s           0.00003  -0.00001
7 C 2s          -0.00010  -0.00004
7 C 3s          -0.00001  -0.00024
7 C 2px          0.00001  -0.00009
7 C 2py         -0.00008   0.00018
7 C 2pz         -0.39418   0.58891
7 C 3px         -0.00008  -0.00047
7 C 3py         -0.00003   0.00016
7 C 3pz         -0.29751   0.42518
8 C 1s           0.00000   0.00001
8 C 2s          -0.00000  -0.00002
8 C 3s          -0.00005  -0.00009
8 C 2px         -0.00001  -0.00004
8 C 2py          0.00001  -0.00001
8 C 2pz         -0.02830  -0.06457
8 C 3px         -0.00011  -0.00025
8 C 3py         -0.00005  -0.00005
8 C 3pz          0.02338  -0.15344
9 C 1s           0.00000  -0.00000
9 C 2s          -0.00000   0.00002
9 C 3s          -0.00006  -0.00007
9 C 2px         -0.00001   0.00002
9 C 2py         -0.00000   0.00001
9 C 2pz          0.04709  -0.03875
9 C 3px          0.00001   0.00006
9 C 3py         -0.00005  -0.00008
9 C 3pz          0.04116  -0.01748
10 C 1s         -0.00000   0.00000
10 C 2s          0.00000  -0.00000
10 C 3s          0.00003   0.00002
10 C 2px         0.00000  -0.00001
10 C 2py         0.00000  -0.00000
10 C 2pz         0.01053   0.02321
10 C 3px        -0.00000  -0.00001
10 C 3py         0.00002   0.00001
10 C 3pz         0.01066   0.03038
11 C 1s          0.00000   0.00000
11 C 2s          0.00000   0.00000
11 C 3s         -0.00001  -0.00004
11 C 2px         0.00000  -0.00000
11 C 2py         0.00000  -0.00000
11 C 2pz        -0.02049   0.01357
11 C 3px        -0.00000  -0.00001
11 C 3py         0.00000  -0.00002
11 C 3pz        -0.03135   0.00427
12 C 1s          0.00000   0.00000
12 C 2s         -0.00000   0.00000
12 C 3s          0.00001  -0.00001
12 C 2px        -0.00001  -0.00001
12 C 2py        -0.00000  -0.00000
12 C 2pz         0.00896   0.01982
12 C 3px         0.00000  -0.00004
12 C 3py         0.00000  -0.00003
12 C 3pz         0.00536   0.03091
13 C 1s         -0.00000   0.00000
13 C 2s          0.00001   0.00001
13 C 3s          0.00000  -0.00006
13 C 2px         0.00001   0.00002
13 C 2py        -0.00000  -0.00000
13 C 2pz         0.04591  -0.05068
13 C 3px         0.00002  -0.00004
13 C 3py         0.00002   0.00009
13 C 3pz         0.04885  -0.03339
14 H 1s          0.00002  -0.00012
14 H 2s         -0.00001  -0.00011
15 H 1s         -0.00000   0.00000
15 H 2s          0.00002  -0.00005
16 H 1s         -0.00000   0.00000
16 H 2s         -0.00000   0.00000
17 H 1s          0.00000  -0.00000
17 H 2s          0.00000  -0.00002
18 H 1s         -0.00000   0.00001
18 H 2s          0.00000   0.00002
19 H 1s         -0.00000   0.00001
19 H 2s          0.00001  -0.00006
20 H 1s         -0.00003  -0.00006
20 H 2s         -0.00005  -0.00002
21 H 1s         -0.00000   0.00001
21 H 2s         -0.00003  -0.00003
22 H 1s          0.00000   0.00000
22 H 2s          0.00000   0.00000
23 H 1s         -0.00000  -0.00000
23 H 2s         -0.00000  -0.00000
24 H 1s          0.00000   0.00000
24 H 2s         -0.00000   0.00000
25 H 1s          0.00000   0.00001
25 H 2s         -0.00002  -0.00004
Fragment 2 natural orbitals
Natural occ [1.94216774 1.93968124 0.06065973 0.05749129]
Natural orbital (expansion on AOs) in CAS space
               #1        #2        #3        #4       
0 C 1s           0.00000   0.00000   0.00000  -0.00000
0 C 2s          -0.00001  -0.00000  -0.00000   0.00002
0 C 3s          -0.00007   0.00002   0.00003  -0.00022
0 C 2px          0.00002   0.00000   0.00000  -0.00002
0 C 2py         -0.00001   0.00000   0.00000   0.00002
0 C 2pz          0.05146   0.00684   0.00418  -0.03497
0 C 3px          0.00001  -0.00008  -0.00006  -0.00004
0 C 3py         -0.00005   0.00002   0.00003  -0.00011
0 C 3pz          0.05973  -0.00084   0.00229  -0.00675
1 C 1s          -0.00000  -0.00000  -0.00000  -0.00000
1 C 2s           0.00000   0.00000   0.00000  -0.00000
1 C 3s           0.00003   0.00003   0.00001   0.00007
1 C 2px         -0.00001  -0.00000  -0.00000  -0.00000
1 C 2py         -0.00000   0.00000   0.00000  -0.00000
1 C 2pz          0.00584   0.00060  -0.00016   0.01322
1 C 3px         -0.00003  -0.00004  -0.00002  -0.00012
1 C 3py          0.00002  -0.00004  -0.00004   0.00002
1 C 3pz          0.00221   0.00484   0.00050   0.01094
2 C 1s          -0.00000  -0.00000   0.00000   0.00000
2 C 2s           0.00000  -0.00000  -0.00000  -0.00000
2 C 3s           0.00000   0.00003   0.00003   0.00001
2 C 2px         -0.00000  -0.00000   0.00000   0.00000
2 C 2py          0.00000   0.00000   0.00000   0.00000
2 C 2pz         -0.01243  -0.00134   0.00026   0.01267
2 C 3px          0.00002   0.00000  -0.00000   0.00004
2 C 3py          0.00001  -0.00003  -0.00002  -0.00001
2 C 3pz         -0.01364  -0.00303  -0.00043   0.01094
3 C 1s          -0.00000  -0.00000  -0.00000  -0.00000
3 C 2s           0.00000   0.00000   0.00000   0.00000
3 C 3s          -0.00001  -0.00001  -0.00000  -0.00003
3 C 2px         -0.00000  -0.00000  -0.00000  -0.00000
3 C 2py         -0.00000  -0.00000  -0.00000   0.00000
3 C 2pz         -0.00210  -0.00037   0.00013  -0.00290
3 C 3px          0.00001  -0.00000  -0.00000   0.00001
3 C 3py         -0.00000   0.00001   0.00001   0.00001
3 C 3pz         -0.00255  -0.00002   0.00059  -0.00263
4 C 1s          -0.00000  -0.00000  -0.00000  -0.00000
4 C 2s           0.00000  -0.00000  -0.00000  -0.00000
4 C 3s           0.00000   0.00001   0.00000   0.00002
4 C 2px         -0.00000  -0.00000  -0.00000   0.00000
4 C 2py          0.00000   0.00000   0.00000   0.00000
4 C 2pz          0.00822   0.00101  -0.00073  -0.00824
4 C 3px         -0.00000  -0.00000  -0.00000  -0.00001
4 C 3py         -0.00000   0.00000   0.00000  -0.00001
4 C 3pz          0.01160   0.00110  -0.00113  -0.00903
5 C 1s          -0.00000  -0.00000  -0.00000   0.00000
5 C 2s           0.00000  -0.00000  -0.00000   0.00000
5 C 3s          -0.00001  -0.00000   0.00001  -0.00003
5 C 2px         -0.00000  -0.00000  -0.00000   0.00000
5 C 2py         -0.00000  -0.00000  -0.00000  -0.00000
5 C 2pz         -0.00216  -0.00017   0.00034  -0.00299
5 C 3px         -0.00000  -0.00000  -0.00000   0.00001
5 C 3py         -0.00000   0.00000   0.00000  -0.00001
5 C 3pz         -0.00186   0.00026   0.00062  -0.00251
6 C 1s           0.00000   0.00000   0.00000  -0.00000
6 C 2s          -0.00000  -0.00000   0.00000  -0.00000
6 C 3s           0.00001  -0.00001  -0.00002   0.00006
6 C 2px          0.00000   0.00000   0.00000  -0.00000
6 C 2py         -0.00000  -0.00000  -0.00000   0.00000
6 C 2pz         -0.01273  -0.00145   0.00018   0.01004
6 C 3px          0.00000   0.00001   0.00000   0.00002
6 C 3py          0.00001   0.00000  -0.00000   0.00004
6 C 3pz         -0.01550  -0.00324  -0.00014   0.00897
7 C 1s           0.00000   0.00000   0.00000   0.00000
7 C 2s          -0.00001   0.00001   0.00001  -0.00001
7 C 3s          -0.00000  -0.00008  -0.00007   0.00010
7 C 2px         -0.00000  -0.00000   0.00000  -0.00000
7 C 2py         -0.00001  -0.00000   0.00000  -0.00001
7 C 2pz         -0.03790  -0.00233  -0.00434  -0.08118
7 C 3px          0.00004   0.00000  -0.00002   0.00009
7 C 3py         -0.00002   0.00008   0.00007  -0.00000
7 C 3pz          0.00629   0.00879  -0.00740  -0.17971
8 C 1s          -0.00000  -0.00000   0.00000   0.00000
8 C 2s           0.00001  -0.00000  -0.00000  -0.00001
8 C 3s           0.00003   0.00004   0.00001  -0.00001
8 C 2px          0.00007   0.00001  -0.00000  -0.00008
8 C 2py         -0.00000   0.00000  -0.00000   0.00001
8 C 2pz         -0.34105  -0.04119   0.02254   0.48803
8 C 3px          0.00007   0.00004   0.00003  -0.00005
8 C 3py          0.00004  -0.00004  -0.00006  -0.00001
8 C 3pz         -0.26791  -0.03502   0.02087   0.45959
9 C 1s           0.00000   0.00000   0.00000   0.00000
9 C 2s          -0.00000  -0.00000  -0.00000  -0.00000
9 C 3s           0.00003  -0.00001  -0.00002  -0.00000
9 C 2px          0.00002   0.00005   0.00007   0.00004
9 C 2py         -0.00001  -0.00001  -0.00001  -0.00000
9 C 2pz         -0.13952  -0.30118  -0.39436  -0.21117
9 C 3px          0.00002   0.00002   0.00003   0.00002
9 C 3py          0.00002  -0.00002  -0.00002   0.00000
9 C 3pz         -0.11126  -0.24571  -0.34492  -0.20416
10 C 1s          0.00000  -0.00000   0.00000  -0.00000
10 C 2s         -0.00000   0.00000  -0.00000   0.00000
10 C 3s         -0.00001  -0.00002  -0.00002  -0.00001
10 C 2px        -0.00003   0.00004  -0.00006   0.00004
10 C 2py         0.00000  -0.00001   0.00001  -0.00000
10 C 2pz         0.17337  -0.25768   0.35647  -0.21096
10 C 3px        -0.00002   0.00002  -0.00007   0.00003
10 C 3py        -0.00001  -0.00000   0.00001  -0.00001
10 C 3pz         0.14405  -0.21138   0.33433  -0.18321
11 C 1s         -0.00000  -0.00000  -0.00000  -0.00000
11 C 2s          0.00000  -0.00000   0.00000  -0.00000
11 C 3s          0.00001   0.00000   0.00001   0.00002
11 C 2px        -0.00005  -0.00001  -0.00000  -0.00007
11 C 2py         0.00000   0.00000  -0.00000   0.00001
11 C 2pz         0.29984   0.04276   0.02754   0.39673
11 C 3px        -0.00004  -0.00000   0.00000  -0.00006
11 C 3py        -0.00000   0.00001   0.00001   0.00001
11 C 3pz         0.25308   0.03614   0.02801   0.36538
12 C 1s         -0.00000  -0.00000   0.00000  -0.00000
12 C 2s         -0.00000   0.00000  -0.00000  -0.00000
12 C 3s         -0.00000  -0.00001  -0.00002   0.00000
12 C 2px        -0.00002  -0.00005   0.00007   0.00003
12 C 2py         0.00000   0.00000  -0.00000  -0.00000
12 C 2pz         0.10520   0.29673  -0.38682  -0.17148
12 C 3px        -0.00002  -0.00005   0.00006   0.00003
12 C 3py        -0.00000   0.00001   0.00001   0.00001
12 C 3pz         0.09073   0.24200  -0.35790  -0.14502
13 C 1s          0.00000  -0.00000  -0.00000  -0.00000
13 C 2s         -0.00000   0.00000   0.00000  -0.00000
13 C 3s         -0.00002   0.00003   0.00005   0.00001
13 C 2px         0.00003  -0.00004  -0.00006   0.00005
13 C 2py         0.00000   0.00000  -0.00000  -0.00000
13 C 2pz        -0.21366   0.25581   0.36729  -0.25945
13 C 3px         0.00002  -0.00003  -0.00005   0.00006
13 C 3py         0.00000  -0.00002  -0.00003  -0.00002
13 C 3pz        -0.17730   0.20993   0.32431  -0.24206
14 H 1s         -0.00000  -0.00000  -0.00000   0.00001
14 H 2s         -0.00002   0.00000   0.00000  -0.00001
15 H 1s          0.00000  -0.00000  -0.00000   0.00000
15 H 2s         -0.00001   0.00001   0.00001   0.00002
16 H 1s         -0.00000  -0.00000  -0.00000  -0.00000
16 H 2s         -0.00000  -0.00000  -0.00000  -0.00000
17 H 1s          0.00000  -0.00000  -0.00000   0.00000
17 H 2s          0.00000   0.00000  -0.00000   0.00000
18 H 1s         -0.00000  -0.00000   0.00000   0.00000
18 H 2s         -0.00000   0.00000   0.00000  -0.00000
19 H 1s         -0.00000   0.00000  -0.00000  -0.00000
19 H 2s          0.00000   0.00000   0.00000   0.00002
20 H 1s         -0.00001  -0.00000   0.00000   0.00001
20 H 2s         -0.00000  -0.00004  -0.00003  -0.00003
21 H 1s         -0.00000   0.00000   0.00000  -0.00000
21 H 2s          0.00001  -0.00000   0.00000   0.00001
22 H 1s         -0.00000   0.00000   0.00000  -0.00000
22 H 2s         -0.00000   0.00000  -0.00000  -0.00000
23 H 1s          0.00000  -0.00000   0.00000   0.00000
23 H 2s          0.00000   0.00000   0.00000   0.00000
24 H 1s         -0.00000  -0.00000   0.00000  -0.00000
24 H 2s          0.00000  -0.00000  -0.00000  -0.00000
25 H 1s         -0.00000  -0.00000  -0.00000  -0.00000
25 H 2s          0.00000   0.00001   0.00001   0.00001
LASCI energy = -537.054924259951

******** CASCI flags ********
CAS (5e+5e, 10o), ncore = 43, nvir = 97
natorb = False
canonicalization = True
sorting_mo_energy = False
max_memory 4000 (MB)
******** <class 'pyscf.fci.direct_spin1.FCISolver'> ********
max. cycles = 200
conv_tol = 1e-08
davidson only = False
linear dependence = 1e-12
level shift = 0.001
max iter space = 12
max_memory 4000 MB
nroots = 1
pspace_size = 400
spin = None
Density matrix diagonal elements [1.93382059 1.9370212  0.06328893 0.06596542 1.90833173 0.09147602
 1.93382055 1.93702133 0.06328882 0.06596542]
CASCI converged
CASCI E = -537.062259758546  E(CI) = -11.4060573959601  S^2 = 0.0000000

******** CASCI flags ********
CAS (5e+5e, 10o), ncore = 43, nvir = 97
natorb = False
canonicalization = True
sorting_mo_energy = False
max_memory 4000 (MB)
******** <class 'mrh.exploratory.unitary_cc.lasuccsd.FCISolver_USCC'> ********
max. cycles = 100
conv_tol = 1e-10
davidson only = False
linear dependence = 1e-14
level shift = 0.001
max iter space = 12
max_memory 4000 MB
nroots = 1
pspace_size = 400
spin = None
LASCI object has 57 degrees of freedom
iteration 0, E = -537.058603, |x| = 1.206456e-01, |g| = 7.345729e-02
iteration 1, E = -537.060258, |x| = 9.238025e-02, |g| = 6.252796e-03
iteration 2, E = -537.060273, |x| = 9.398635e-02, |g| = 3.706097e-03
iteration 3, E = -537.060275, |x| = 9.504528e-02, |g| = 2.550697e-03
iteration 4, E = -537.060277, |x| = 9.493930e-02, |g| = 5.842291e-04
iteration 5, E = -537.060277, |x| = 9.479848e-02, |g| = 1.696804e-04
iteration 6, E = -537.060277, |x| = 9.483336e-02, |g| = 7.355240e-05
iteration 7, E = -537.060277, |x| = 9.484159e-02, |g| = 4.392517e-05
iteration 8, E = -537.060277, |x| = 9.483484e-02, |g| = 6.899270e-06
iteration 9, E = -537.060277, |x| = 9.483485e-02, |g| = 5.341535e-06
iteration 10, E = -537.060277, |x| = 9.483516e-02, |g| = 1.619548e-06
Fragment 0 local quantum numbers
<N>,<Sz>,<S^2> = 4.000054, -0.000000, 0.003033
Fragment 1 local quantum numbers
<N>,<Sz>,<S^2> = 1.999893, 0.000000, 0.005953
Fragment 2 local quantum numbers
<N>,<Sz>,<S^2> = 4.000053, -0.000000, 0.003021
Whole system quantum numbers
<N>,<Sz>,<S^2> = 10.000000, 0.000000, 0.000189
Density matrix diagonal elements [1.93864181 1.93891909 0.06142736 0.06106561 1.91759653 0.08229683
 1.93866353 1.93891525 0.06143073 0.06104326]
CASCI converged
CASCI E = -537.060276628150  E(CI) = -11.4040742655640  S^2 = 0.0001893
