ERROR: Unable to locate a modulefile for 'cmake/4.3'
Loading gcc/10.2.0
  ERROR: gcc/10.2.0 cannot be loaded due to a conflict.
    HINT: Might try "module unload gcc" first.

Loading mpich/3.4.3+gcc-10.2.0
  ERROR: Load of requirement 'gcc/10.2.0' failed
WARN: Even tempered Gaussians are generated as DF auxbasis for  Fe
WARN: LASSIS max_cycle_macro is deprecated. Set cisolver_attr_charge_hops['max_cycle'] in the future
lassis_4frag_s13.py:59: FutureWarning: Most MC-PDFT and MC-DCFT modules have been moved to pyscf-forge (github.com/pyscf/pyscf-forge) and will be removed from mrh soon.
  from mrh.my_pyscf import mcpdft
	Command being timed: "python lassis_4frag_s13.py"
	User time (seconds): 501177.97
	System time (seconds): 711.27
	Percent of CPU this job got: 2246%
	Elapsed (wall clock) time (h:mm:ss or m:ss): 6:12:16
	Average shared text size (kbytes): 0
	Average unshared data size (kbytes): 0
	Average stack size (kbytes): 0
	Average total size (kbytes): 0
	Maximum resident set size (kbytes): 10259196
	Average resident set size (kbytes): 0
	Major (requiring I/O) page faults: 0
	Minor (reclaiming a frame) page faults: 31063423
	Voluntary context switches: 1216721
	Involuntary context switches: 1702076
	Swaps: 0
	File system inputs: 0
	File system outputs: 868248
	Socket messages sent: 0
	Socket messages received: 0
	Signals delivered: 0
	Page size (bytes): 4096
	Exit status: 0
