ERROR: Unable to locate a modulefile for 'cmake/4.3'
Loading gcc/10.2.0
  ERROR: gcc/10.2.0 cannot be loaded due to a conflict.
    HINT: Might try "module unload gcc" first.

Loading mpich/3.4.3+gcc-10.2.0
  ERROR: Load of requirement 'gcc/10.2.0' failed
Traceback (most recent call last):
  File "lassis_4frag.py", line 4, in <module>
    from gpu4mrh import patch_pyscf
ModuleNotFoundError: No module named 'gpu4mrh'
Command exited with non-zero status 1
	Command being timed: "python lassis_4frag.py"
	User time (seconds): 0.54
	System time (seconds): 0.15
	Percent of CPU this job got: 94%
	Elapsed (wall clock) time (h:mm:ss or m:ss): 0:00.74
	Average shared text size (kbytes): 0
	Average unshared data size (kbytes): 0
	Average stack size (kbytes): 0
	Average total size (kbytes): 0
	Maximum resident set size (kbytes): 94224
	Average resident set size (kbytes): 0
	Major (requiring I/O) page faults: 0
	Minor (reclaiming a frame) page faults: 27787
	Voluntary context switches: 2403
	Involuntary context switches: 1
	Swaps: 0
	File system inputs: 0
	File system outputs: 8
	Socket messages sent: 0
	Socket messages received: 0
	Signals delivered: 0
	Page size (bytes): 4096
	Exit status: 1
